Archive member included to satisfy reference by file (symbol)

C:/ST/STM32CubeIDE_1.19.0/STM32CubeIDE/plugins/com.st.stm32cube.ide.mcu.externaltools.gnu-tools-for-stm32.13.3.rel1.win32_1.0.0.202411081344/tools/bin/../lib/gcc/arm-none-eabi/13.3.1/../../../../arm-none-eabi/lib/thumb/v7e-m+fp/hard\libc_nano.a(libc_a-exit.o)
                              C:/ST/STM32CubeIDE_1.19.0/STM32CubeIDE/plugins/com.st.stm32cube.ide.mcu.externaltools.gnu-tools-for-stm32.13.3.rel1.win32_1.0.0.202411081344/tools/bin/../lib/gcc/arm-none-eabi/13.3.1/../../../../arm-none-eabi/lib/thumb/v7e-m+fp/hard/crt0.o (exit)
C:/ST/STM32CubeIDE_1.19.0/STM32CubeIDE/plugins/com.st.stm32cube.ide.mcu.externaltools.gnu-tools-for-stm32.13.3.rel1.win32_1.0.0.202411081344/tools/bin/../lib/gcc/arm-none-eabi/13.3.1/../../../../arm-none-eabi/lib/thumb/v7e-m+fp/hard\libc_nano.a(libc_a-findfp.o)
                              C:/ST/STM32CubeIDE_1.19.0/STM32CubeIDE/plugins/com.st.stm32cube.ide.mcu.externaltools.gnu-tools-for-stm32.13.3.rel1.win32_1.0.0.202411081344/tools/bin/../lib/gcc/arm-none-eabi/13.3.1/../../../../arm-none-eabi/lib/thumb/v7e-m+fp/hard\libc_nano.a(libc_a-exit.o) (__stdio_exit_handler)
C:/ST/STM32CubeIDE_1.19.0/STM32CubeIDE/plugins/com.st.stm32cube.ide.mcu.externaltools.gnu-tools-for-stm32.13.3.rel1.win32_1.0.0.202411081344/tools/bin/../lib/gcc/arm-none-eabi/13.3.1/../../../../arm-none-eabi/lib/thumb/v7e-m+fp/hard\libc_nano.a(libc_a-fwalk.o)
                              C:/ST/STM32CubeIDE_1.19.0/STM32CubeIDE/plugins/com.st.stm32cube.ide.mcu.externaltools.gnu-tools-for-stm32.13.3.rel1.win32_1.0.0.202411081344/tools/bin/../lib/gcc/arm-none-eabi/13.3.1/../../../../arm-none-eabi/lib/thumb/v7e-m+fp/hard\libc_nano.a(libc_a-findfp.o) (_fwalk_sglue)
C:/ST/STM32CubeIDE_1.19.0/STM32CubeIDE/plugins/com.st.stm32cube.ide.mcu.externaltools.gnu-tools-for-stm32.13.3.rel1.win32_1.0.0.202411081344/tools/bin/../lib/gcc/arm-none-eabi/13.3.1/../../../../arm-none-eabi/lib/thumb/v7e-m+fp/hard\libc_nano.a(libc_a-stdio.o)
                              C:/ST/STM32CubeIDE_1.19.0/STM32CubeIDE/plugins/com.st.stm32cube.ide.mcu.externaltools.gnu-tools-for-stm32.13.3.rel1.win32_1.0.0.202411081344/tools/bin/../lib/gcc/arm-none-eabi/13.3.1/../../../../arm-none-eabi/lib/thumb/v7e-m+fp/hard\libc_nano.a(libc_a-findfp.o) (__sread)
C:/ST/STM32CubeIDE_1.19.0/STM32CubeIDE/plugins/com.st.stm32cube.ide.mcu.externaltools.gnu-tools-for-stm32.13.3.rel1.win32_1.0.0.202411081344/tools/bin/../lib/gcc/arm-none-eabi/13.3.1/../../../../arm-none-eabi/lib/thumb/v7e-m+fp/hard\libc_nano.a(libc_a-memset.o)
                              C:/ST/STM32CubeIDE_1.19.0/STM32CubeIDE/plugins/com.st.stm32cube.ide.mcu.externaltools.gnu-tools-for-stm32.13.3.rel1.win32_1.0.0.202411081344/tools/bin/../lib/gcc/arm-none-eabi/13.3.1/../../../../arm-none-eabi/lib/thumb/v7e-m+fp/hard/crt0.o (memset)
C:/ST/STM32CubeIDE_1.19.0/STM32CubeIDE/plugins/com.st.stm32cube.ide.mcu.externaltools.gnu-tools-for-stm32.13.3.rel1.win32_1.0.0.202411081344/tools/bin/../lib/gcc/arm-none-eabi/13.3.1/../../../../arm-none-eabi/lib/thumb/v7e-m+fp/hard\libc_nano.a(libc_a-closer.o)
                              C:/ST/STM32CubeIDE_1.19.0/STM32CubeIDE/plugins/com.st.stm32cube.ide.mcu.externaltools.gnu-tools-for-stm32.13.3.rel1.win32_1.0.0.202411081344/tools/bin/../lib/gcc/arm-none-eabi/13.3.1/../../../../arm-none-eabi/lib/thumb/v7e-m+fp/hard\libc_nano.a(libc_a-stdio.o) (_close_r)
C:/ST/STM32CubeIDE_1.19.0/STM32CubeIDE/plugins/com.st.stm32cube.ide.mcu.externaltools.gnu-tools-for-stm32.13.3.rel1.win32_1.0.0.202411081344/tools/bin/../lib/gcc/arm-none-eabi/13.3.1/../../../../arm-none-eabi/lib/thumb/v7e-m+fp/hard\libc_nano.a(libc_a-reent.o)
                              C:/ST/STM32CubeIDE_1.19.0/STM32CubeIDE/plugins/com.st.stm32cube.ide.mcu.externaltools.gnu-tools-for-stm32.13.3.rel1.win32_1.0.0.202411081344/tools/bin/../lib/gcc/arm-none-eabi/13.3.1/../../../../arm-none-eabi/lib/thumb/v7e-m+fp/hard\libc_nano.a(libc_a-closer.o) (errno)
C:/ST/STM32CubeIDE_1.19.0/STM32CubeIDE/plugins/com.st.stm32cube.ide.mcu.externaltools.gnu-tools-for-stm32.13.3.rel1.win32_1.0.0.202411081344/tools/bin/../lib/gcc/arm-none-eabi/13.3.1/../../../../arm-none-eabi/lib/thumb/v7e-m+fp/hard\libc_nano.a(libc_a-impure.o)
                              C:/ST/STM32CubeIDE_1.19.0/STM32CubeIDE/plugins/com.st.stm32cube.ide.mcu.externaltools.gnu-tools-for-stm32.13.3.rel1.win32_1.0.0.202411081344/tools/bin/../lib/gcc/arm-none-eabi/13.3.1/../../../../arm-none-eabi/lib/thumb/v7e-m+fp/hard\libc_nano.a(libc_a-reent.o) (_impure_ptr)
C:/ST/STM32CubeIDE_1.19.0/STM32CubeIDE/plugins/com.st.stm32cube.ide.mcu.externaltools.gnu-tools-for-stm32.13.3.rel1.win32_1.0.0.202411081344/tools/bin/../lib/gcc/arm-none-eabi/13.3.1/../../../../arm-none-eabi/lib/thumb/v7e-m+fp/hard\libc_nano.a(libc_a-lseekr.o)
[...]
Memory Configuration

Name             Origin             Length             Attributes
RAM              0x20000000         0x00018000         xrw
RAM2             0x10000000         0x00008000         xrw
FLASH            0x08000000         0x00100000         xr
*default*        0x00000000         0xffffffff

Linker script and memory map

LOAD C:/ST/STM32CubeIDE_1.19.0/STM32CubeIDE/plugins/com.st.stm32cube.ide.mcu.externaltools.gnu-tools-for-stm32.13.3.rel1.win32_1.0.0.202411081344/tools/bin/../lib/gcc/arm-none-eabi/13.3.1/thumb/v7e-m+fp/hard/crti.o
LOAD C:/ST/STM32CubeIDE_1.19.0/STM32CubeIDE/plugins/com.st.stm32cube.ide.mcu.externaltools.gnu-tools-for-stm32.13.3.rel1.win32_1.0.0.202411081344/tools/bin/../lib/gcc/arm-none-eabi/13.3.1/thumb/v7e-m+fp/hard/crtbegin.o
LOAD C:/ST/STM32CubeIDE_1.19.0/STM32CubeIDE/plugins/com.st.stm32cube.ide.mcu.externaltools.gnu-tools-for-stm32.13.3.rel1.win32_1.0.0.202411081344/tools/bin/../lib/gcc/arm-none-eabi/13.3.1/../../../../arm-none-eabi/lib/thumb/v7e-m+fp/hard/crt0.o
LOAD ./Core/Src/main.o
LOAD ./Core/Src/stm32l4xx_hal_msp.o
LOAD ./Core/Src/stm32l4xx_it.o
LOAD ./Core/Src/syscalls.o
LOAD ./Core/Src/sysmem.o
LOAD ./Core/Src/system_stm32l4xx.o
LOAD ./Core/Startup/startup_stm32l476rgtx.o
LOAD ./Drivers/STM32L4xx_HAL_Driver/Src/stm32l4xx_hal.o
LOAD ./Drivers/STM32L4xx_HAL_Driver/Src/stm32l4xx_hal_cortex.o
LOAD ./Drivers/STM32L4xx_HAL_Driver/Src/stm32l4xx_hal_dma.o
LOAD ./Drivers/STM32L4xx_HAL_Driver/Src/stm32l4xx_hal_dma_ex.o
LOAD ./Drivers/STM32L4xx_HAL_Driver/Src/stm32l4xx_hal_exti.o
LOAD ./Drivers/STM32L4xx_HAL_Driver/Src/stm32l4xx_hal_flash.o
LOAD ./Drivers/STM32L4xx_HAL_Driver/Src/stm32l4xx_hal_flash_ex.o
LOAD ./Drivers/STM32L4xx_HAL_Driver/Src/stm32l4xx_hal_flash_ramfunc.o
LOAD ./Drivers/STM32L4xx_HAL_Driver/Src/stm32l4xx_hal_gpio.o
LOAD ./Drivers/STM32L4xx_HAL_Driver/Src/stm32l4xx_hal_i2c.o
LOAD ./Drivers/STM32L4xx_HAL_Driver/Src/stm32l4xx_hal_i2c_ex.o
LOAD ./Drivers/STM32L4xx_HAL_Driver/Src/stm32l4xx_hal_pwr.o
LOAD ./Drivers/STM32L4xx_HAL_Driver/Src/stm32l4xx_hal_pwr_ex.o
LOAD ./Drivers/STM32L4xx_HAL_Driver/Src/stm32l4xx_hal_rcc.o
LOAD ./Drivers/STM32L4xx_HAL_Driver/Src/stm32l4xx_hal_rcc_ex.o
START GROUP
LOAD C:/ST/STM32CubeIDE_1.19.0/STM32CubeIDE/plugins/com.st.stm32cube.ide.mcu.externaltools.gnu-tools-for-stm32.13.3.rel1.win32_1.0.0.202411081344/tools/bin/../lib/gcc/arm-none-eabi/13.3.1/../../../../arm-none-eabi/lib/thumb/v7e-m+fp/hard\libc_nano.a
LOAD C:/ST/STM32CubeIDE_1.19.0/STM32CubeIDE/plugins/com.st.stm32cube.ide.mcu.externaltools.gnu-tools-for-stm32.13.3.rel1.win32_1.0.0.202411081344/tools/bin/../lib/gcc/arm-none-eabi/13.3.1/../../../../arm-none-eabi/lib/thumb/v7e-m+fp/hard\libm.a
END GROUP
START GROUP
LOAD C:/ST/STM32CubeIDE_1.19.0/STM32CubeIDE/plugins/com.st.stm32cube.ide.mcu.externaltools.gnu-tools-for-stm32.13.3.rel1.win32_1.0.0.202411081344/tools/bin/../lib/gcc/arm-none-eabi/13.3.1/thumb/v7e-m+fp/hard\libgcc.a
LOAD C:/ST/STM32CubeIDE_1.19.0/STM32CubeIDE/plugins/com.st.stm32cube.ide.mcu.externaltools.gnu-tools-for-stm32.13.3.rel1.win32_1.0.0.202411081344/tools/bin/../lib/gcc/arm-none-eabi/13.3.1/../../../../arm-none-eabi/lib/thumb/v7e-m+fp/hard\libc_nano.a
END GROUP
START GROUP
LOAD C:/ST/STM32CubeIDE_1.19.0/STM32CubeIDE/plugins/com.st.stm32cube.ide.mcu.externaltools.gnu-tools-for-stm32.13.3.rel1.win32_1.0.0.202411081344/tools/bin/../lib/gcc/arm-none-eabi/13.3.1/thumb/v7e-m+fp/hard\libgcc.a
LOAD C:/ST/STM32CubeIDE_1.19.0/STM32CubeIDE/plugins/com.st.stm32cube.ide.mcu.externaltools.gnu-tools-for-stm32.13.3.rel1.win32_1.0.0.202411081344/tools/bin/../lib/gcc/arm-none-eabi/13.3.1/../../../../arm-none-eabi/lib/thumb/v7e-m+fp/hard\libc_nano.a
LOAD C:/ST/STM32CubeIDE_1.19.0/STM32CubeIDE/plugins/com.st.stm32cube.ide.mcu.externaltools.gnu-tools-for-stm32.13.3.rel1.win32_1.0.0.202411081344/tools/bin/../lib/gcc/arm-none-eabi/13.3.1/../../../../arm-none-eabi/lib/thumb/v7e-m+fp/hard\libnosys.a
END GROUP
START GROUP
LOAD C:/ST/STM32CubeIDE_1.19.0/STM32CubeIDE/plugins/com.st.stm32cube.ide.mcu.externaltools.gnu-tools-for-stm32.13.3.rel1.win32_1.0.0.202411081344/tools/bin/../lib/gcc/arm-none-eabi/13.3.1/thumb/v7e-m+fp/hard\libgcc.a
LOAD C:/ST/STM32CubeIDE_1.19.0/STM32CubeIDE/plugins/com.st.stm32cube.ide.mcu.externaltools.gnu-tools-for-stm32.13.3.rel1.win32_1.0.0.202411081344/tools/bin/../lib/gcc/arm-none-eabi/13.3.1/../../../../arm-none-eabi/lib/thumb/v7e-m+fp/hard\libc_nano.a
LOAD C:/ST/STM32CubeIDE_1.19.0/STM32CubeIDE/plugins/com.st.stm32cube.ide.mcu.externaltools.gnu-tools-for-stm32.13.3.rel1.win32_1.0.0.202411081344/tools/bin/../lib/gcc/arm-none-eabi/13.3.1/../../../../arm-none-eabi/lib/thumb/v7e-m+fp/hard\libnosys.a
END GROUP
LOAD C:/ST/STM32CubeIDE_1.19.0/STM32CubeIDE/plugins/com.st.stm32cube.ide.mcu.externaltools.gnu-tools-for-stm32.13.3.rel1.win32_1.0.0.202411081344/tools/bin/../lib/gcc/arm-none-eabi/13.3.1/thumb/v7e-m+fp/hard/crtend.o
LOAD C:/ST/STM32CubeIDE_1.19.0/STM32CubeIDE/plugins/com.st.stm32cube.ide.mcu.externaltools.gnu-tools-for-stm32.13.3.rel1.win32_1.0.0.202411081344/tools/bin/../lib/gcc/arm-none-eabi/13.3.1/thumb/v7e-m+fp/hard/crtn.o
                0x20018000                        _estack = (ORIGIN (RAM) + LENGTH (RAM))
                0x00000200                        _Min_Heap_Size = 0x200
                0x00000400                        _Min_Stack_Size = 0x400

.isr_vector     0x08000000      0x188
                0x08000000                        . = ALIGN (0x4)
 *(.isr_vector)
 .isr_vector    0x08000000      0x188 ./Core/Startup/startup_stm32l476rgtx.o
                0x08000000                g_pfnVectors
                0x08000188                        . = ALIGN (0x4)

.text           0x08000188     0x12cc
                0x08000188                        . = ALIGN (0x4)
 *(.text)
 .text          0x08000188       0x40 C:/ST/STM32CubeIDE_1.19.0/STM32CubeIDE/plugins/com.st.stm32cube.ide.mcu.externaltools.gnu-tools-for-stm32.13.3.rel1.win32_1.0.0.202411081344/tools/bin/../lib/gcc/arm-none-eabi/13.3.1/thumb/v7e-m+fp/hard/crtbegin.o
 .text          0x080001c8       0x10 C:/ST/STM32CubeIDE_1.19.0/STM32CubeIDE/plugins/com.st.stm32cube.ide.mcu.externaltools.gnu-tools-for-stm32.13.3.rel1.win32_1.0.0.202411081344/tools/bin/../lib/gcc/arm-none-eabi/13.3.1/../../../../arm-none-eabi/lib/thumb/v7e-m+fp/hard\libc_nano.a(libc_a-strlen.o)
                0x080001c8                strlen
 *(.text*)
 .text.ITM_SendChar
                0x080001d8       0x4e ./Core/Src/main.o
 *fill*         0x08000226        0x2 
 .text.main     0x08000228       0x58 ./Core/Src/main.o
                0x08000228                main
 .text.SystemClock_Config
                0x08000280       0xa2 ./Core/Src/main.o
                0x08000280                SystemClock_Config
 *fill*         0x08000322        0x2 
 .text.MX_GPIO_Init
                0x08000324       0x30 ./Core/Src/main.o
 .text.Error_Handler
                0x08000354        0xc ./Core/Src/main.o
                0x08000354                Error_Handler
 .text.HAL_MspInit
                0x08000360       0x48 ./Core/Src/stm32l4xx_hal_msp.o
                0x08000360                HAL_MspInit
 .text.NMI_Handler
                0x080003a8        0x8 ./Core/Src/stm32l4xx_it.o
                0x080003a8                NMI_Handler
 .text.HardFault_Handler
                0x080003b0        0x8 ./Core/Src/stm32l4xx_it.o
                0x080003b0                HardFault_Handler
 .text.MemManage_Handler
                0x080003b8        0x8 ./Core/Src/stm32l4xx_it.o
                0x080003b8                MemManage_Handler
 .text.BusFault_Handler
                0x080003c0        0x8 ./Core/Src/stm32l4xx_it.o
                0x080003c0                BusFault_Handler
 .text.UsageFault_Handler
                0x080003c8        0x8 ./Core/Src/stm32l4xx_it.o
                0x080003c8                UsageFault_Handler
 .text.SVC_Handler
                0x080003d0        0xe ./Core/Src/stm32l4xx_it.o
                0x080003d0                SVC_Handler
 .text.DebugMon_Handler
                0x080003de        0xe ./Core/Src/stm32l4xx_it.o
                0x080003de                DebugMon_Handler
 .text.PendSV_Handler
                0x080003ec        0xe ./Core/Src/stm32l4xx_it.o
                0x080003ec                PendSV_Handler
 .text.SysTick_Handler
                0x080003fa        0xc ./Core/Src/stm32l4xx_it.o
                0x080003fa                SysTick_Handler
 *fill*         0x08000406        0x2 
 .text.SystemInit
                0x08000408       0x24 ./Core/Src/system_stm32l4xx.o
                0x08000408                SystemInit
 .text.Reset_Handler
                0x0800042c       0x50 ./Core/Startup/startup_stm32l476rgtx.o
                0x0800042c                Reset_Handler
 .text.Default_Handler
                0x0800047c        0x2 ./Core/Startup/startup_stm32l476rgtx.o
                0x0800047c                RTC_Alarm_IRQHandler
                0x0800047c                EXTI2_IRQHandler
                0x0800047c                TIM8_TRG_COM_IRQHandler
                0x0800047c                TIM8_CC_IRQHandler
                0x0800047c                TIM1_CC_IRQHandler
                0x0800047c                TSC_IRQHandler
                0x0800047c                TAMP_STAMP_IRQHandler
                0x0800047c                EXTI3_IRQHandler
                0x0800047c                LPTIM2_IRQHandler
                0x0800047c                DFSDM1_FLT1_IRQHandler
                0x0800047c                I2C3_ER_IRQHandler
                0x0800047c                DFSDM1_FLT2_IRQHandler
                0x0800047c                EXTI0_IRQHandler
                0x0800047c                I2C2_EV_IRQHandler
                0x0800047c                CAN1_RX0_IRQHandler
                0x0800047c                FPU_IRQHandler
                0x0800047c                TIM1_UP_TIM16_IRQHandler
                0x0800047c                ADC1_2_IRQHandler
                0x0800047c                SPI1_IRQHandler
                0x0800047c                TIM6_DAC_IRQHandler
                0x0800047c                TIM8_UP_IRQHandler
                0x0800047c                DMA2_Channel2_IRQHandler
                0x0800047c                DMA1_Channel4_IRQHandler
                0x0800047c                SAI2_IRQHandler
                0x0800047c                DFSDM1_FLT3_IRQHandler
                0x0800047c                USART3_IRQHandler
                0x0800047c                DMA1_Channel7_IRQHandler
                0x0800047c                CAN1_RX1_IRQHandler
                0x0800047c                LCD_IRQHandler
                0x0800047c                UART5_IRQHandler
                0x0800047c                ADC3_IRQHandler
                0x0800047c                TIM4_IRQHandler
                0x0800047c                DMA2_Channel1_IRQHandler
                0x0800047c                QUADSPI_IRQHandler
                0x0800047c                I2C1_EV_IRQHandler
                0x0800047c                DMA1_Channel6_IRQHandler
                0x0800047c                UART4_IRQHandler
                0x0800047c                DMA2_Channel4_IRQHandler
                0x0800047c                TIM3_IRQHandler
                0x0800047c                RCC_IRQHandler
                0x0800047c                DMA1_Channel1_IRQHandler
                0x0800047c                Default_Handler
                0x0800047c                DMA2_Channel7_IRQHandler
                0x0800047c                EXTI15_10_IRQHandler
                0x0800047c                TIM7_IRQHandler
                0x0800047c                SDMMC1_IRQHandler
                0x0800047c                TIM5_IRQHandler
                0x0800047c                I2C3_EV_IRQHandler
                0x0800047c                EXTI9_5_IRQHandler
                0x0800047c                RTC_WKUP_IRQHandler
                0x0800047c                PVD_PVM_IRQHandler
                0x0800047c                SPI2_IRQHandler
                0x0800047c                CAN1_TX_IRQHandler
                0x0800047c                DMA2_Channel5_IRQHandler
                0x0800047c                DMA1_Channel5_IRQHandler
                0x0800047c                EXTI4_IRQHandler
                0x0800047c                RNG_IRQHandler
                0x0800047c                TIM1_TRG_COM_TIM17_IRQHandler
                0x0800047c                DMA1_Channel3_IRQHandler
                0x0800047c                COMP_IRQHandler
                0x0800047c                WWDG_IRQHandler
                0x0800047c                LPUART1_IRQHandler
                0x0800047c                DMA2_Channel6_IRQHandler
                0x0800047c                TIM2_IRQHandler
                0x0800047c                EXTI1_IRQHandler
                0x0800047c                USART2_IRQHandler
                0x0800047c                DFSDM1_FLT0_IRQHandler
                0x0800047c                I2C2_ER_IRQHandler
                0x0800047c                DMA1_Channel2_IRQHandler
                0x0800047c                TIM8_BRK_IRQHandler
                0x0800047c                CAN1_SCE_IRQHandler
                0x0800047c                FLASH_IRQHandler
                0x0800047c                USART1_IRQHandler
                0x0800047c                OTG_FS_IRQHandler
                0x0800047c                SPI3_IRQHandler
                0x0800047c                I2C1_ER_IRQHandler
                0x0800047c                FMC_IRQHandler
                0x0800047c                SWPMI1_IRQHandler
                0x0800047c                LPTIM1_IRQHandler
                0x0800047c                SAI1_IRQHandler
                0x0800047c                DMA2_Channel3_IRQHandler
                0x0800047c                TIM1_BRK_TIM15_IRQHandler
 *fill*         0x0800047e        0x2 
 .text.HAL_Init
                0x08000480       0x40 ./Drivers/STM32L4xx_HAL_Driver/Src/stm32l4xx_hal.o
                0x08000480                HAL_Init
 .text.HAL_InitTick
                0x080004c0       0x78 ./Drivers/STM32L4xx_HAL_Driver/Src/stm32l4xx_hal.o
                0x080004c0                HAL_InitTick
 .text.HAL_IncTick
                0x08000538       0x28 ./Drivers/STM32L4xx_HAL_Driver/Src/stm32l4xx_hal.o
                0x08000538                HAL_IncTick
 .text.HAL_GetTick
                0x08000560       0x18 ./Drivers/STM32L4xx_HAL_Driver/Src/stm32l4xx_hal.o
                0x08000560                HAL_GetTick
 .text.HAL_Delay
                0x08000578       0x48 ./Drivers/STM32L4xx_HAL_Driver/Src/stm32l4xx_hal.o
                0x08000578                HAL_Delay
 .text.__NVIC_SetPriorityGrouping
                0x080005c0       0x48 ./Drivers/STM32L4xx_HAL_Driver/Src/stm32l4xx_hal_cortex.o
 .text.__NVIC_GetPriorityGrouping
                0x08000608       0x1c ./Drivers/STM32L4xx_HAL_Driver/Src/stm32l4xx_hal_cortex.o
 .text.__NVIC_SetPriority
                0x08000624       0x54 ./Drivers/STM32L4xx_HAL_Driver/Src/stm32l4xx_hal_cortex.o
 .text.NVIC_EncodePriority
                0x08000678       0x66 ./Drivers/STM32L4xx_HAL_Driver/Src/stm32l4xx_hal_cortex.o
 *fill*         0x080006de        0x2 
 .text.SysTick_Config
                0x080006e0       0x44 ./Drivers/STM32L4xx_HAL_Driver/Src/stm32l4xx_hal_cortex.o
 .text.HAL_NVIC_SetPriorityGrouping
                0x08000724       0x16 ./Drivers/STM32L4xx_HAL_Driver/Src/stm32l4xx_hal_cortex.o
                0x08000724                HAL_NVIC_SetPriorityGrouping
 .text.HAL_NVIC_SetPriority
                0x0800073a       0x38 ./Drivers/STM32L4xx_HAL_Driver/Src/stm32l4xx_hal_cortex.o
                0x0800073a                HAL_NVIC_SetPriority
 .text.HAL_SYSTICK_Config
                0x08000772       0x18 ./Drivers/STM32L4xx_HAL_Driver/Src/stm32l4xx_hal_cortex.o
                0x08000772                HAL_SYSTICK_Config
 *fill*         0x0800078a        0x2 
 .text.HAL_PWREx_GetVoltageRange
                0x0800078c       0x1c ./Drivers/STM32L4xx_HAL_Driver/Src/stm32l4xx_hal_pwr_ex.o
                0x0800078c                HAL_PWREx_GetVoltageRange
 .text.HAL_PWREx_ControlVoltageScaling
                0x080007a8       0xac ./Drivers/STM32L4xx_HAL_Driver/Src/stm32l4xx_hal_pwr_ex.o
                0x080007a8                HAL_PWREx_ControlVoltageScaling
 .text.HAL_RCC_OscConfig
                0x08000854      0x7b8 ./Drivers/STM32L4xx_HAL_Driver/Src/stm32l4xx_hal_rcc.o
                0x08000854                HAL_RCC_OscConfig
 .text.HAL_RCC_ClockConfig
                0x0800100c      0x200 ./Drivers/STM32L4xx_HAL_Driver/Src/stm32l4xx_hal_rcc.o
                0x0800100c                HAL_RCC_ClockConfig
 .text.HAL_RCC_GetSysClockFreq
                0x0800120c      0x118 ./Drivers/STM32L4xx_HAL_Driver/Src/stm32l4xx_hal_rcc.o
                0x0800120c                HAL_RCC_GetSysClockFreq
 .text.RCC_SetFlashLatencyFromMSIRange
                0x08001324       0xc0 ./Drivers/STM32L4xx_HAL_Driver/Src/stm32l4xx_hal_rcc.o
 .text.memset   0x080013e4       0x10 C:/ST/STM32CubeIDE_1.19.0/STM32CubeIDE/plugins/com.st.stm32cube.ide.mcu.externaltools.gnu-tools-for-stm32.13.3.rel1.win32_1.0.0.202411081344/tools/bin/../lib/gcc/arm-none-eabi/13.3.1/../../../../arm-none-eabi/lib/thumb/v7e-m+fp/hard\libc_nano.a(libc_a-memset.o)
                0x080013e4                memset
 .text.__libc_init_array
                0x080013f4       0x48 C:/ST/STM32CubeIDE_1.19.0/STM32CubeIDE/plugins/com.st.stm32cube.ide.mcu.externaltools.gnu-tools-for-stm32.13.3.rel1.win32_1.0.0.202411081344/tools/bin/../lib/gcc/arm-none-eabi/13.3.1/../../../../arm-none-eabi/lib/thumb/v7e-m+fp/hard\libc_nano.a(libc_a-init.o)
                0x080013f4                __libc_init_array
 *(.glue_7)
 .glue_7        0x0800143c        0x0 linker stubs
 *(.glue_7t)
 .glue_7t       0x0800143c        0x0 linker stubs
 *(.eh_frame)
 .eh_frame      0x0800143c        0x0 C:/ST/STM32CubeIDE_1.19.0/STM32CubeIDE/plugins/com.st.stm32cube.ide.mcu.externaltools.gnu-tools-for-stm32.13.3.rel1.win32_1.0.0.202411081344/tools/bin/../lib/gcc/arm-none-eabi/13.3.1/thumb/v7e-m+fp/hard/crtbegin.o
 *(.init)
 .init          0x0800143c        0x4 C:/ST/STM32CubeIDE_1.19.0/STM32CubeIDE/plugins/com.st.stm32cube.ide.mcu.externaltools.gnu-tools-for-stm32.13.3.rel1.win32_1.0.0.202411081344/tools/bin/../lib/gcc/arm-none-eabi/13.3.1/thumb/v7e-m+fp/hard/crti.o
                0x0800143c                _init
 .init          0x08001440        0x8 C:/ST/STM32CubeIDE_1.19.0/STM32CubeIDE/plugins/com.st.stm32cube.ide.mcu.externaltools.gnu-tools-for-stm32.13.3.rel1.win32_1.0.0.202411081344/tools/bin/../lib/gcc/arm-none-eabi/13.3.1/thumb/v7e-m+fp/hard/crtn.o
 *(.fini)
 .fini          0x08001448        0x4 C:/ST/STM32CubeIDE_1.19.0/STM32CubeIDE/plugins/com.st.stm32cube.ide.mcu.externaltools.gnu-tools-for-stm32.13.3.rel1.win32_1.0.0.202411081344/tools/bin/../lib/gcc/arm-none-eabi/13.3.1/thumb/v7e-m+fp/hard/crti.o
                0x08001448                _fini
 .fini          0x0800144c        0x8 C:/ST/STM32CubeIDE_1.19.0/STM32CubeIDE/plugins/com.st.stm32cube.ide.mcu.externaltools.gnu-tools-for-stm32.13.3.rel1.win32_1.0.0.202411081344/tools/bin/../lib/gcc/arm-none-eabi/13.3.1/thumb/v7e-m+fp/hard/crtn.o
                0x08001454                        . = ALIGN (0x4)
                0x08001454                        _etext = .

.vfp11_veneer   0x08001454        0x0
 .vfp11_veneer  0x08001454        0x0 linker stubs

.v4_bx          0x08001454        0x0
 .v4_bx         0x08001454        0x0 linker stubs

.iplt           0x08001454        0x0
 .iplt          0x08001454        0x0 C:/ST/STM32CubeIDE_1.19.0/STM32CubeIDE/plugins/com.st.stm32cube.ide.mcu.externaltools.gnu-tools-for-stm32.13.3.rel1.win32_1.0.0.202411081344/tools/bin/../lib/gcc/arm-none-eabi/13.3.1/thumb/v7e-m+fp/hard/crtbegin.o

.rodata         0x08001454       0x48
                0x08001454                        . = ALIGN (0x4)
 *(.rodata)
 .rodata        0x08001454        0x6 ./Core/Src/main.o
 *(.rodata*)
 *fill*         0x0800145a        0x2 
 .rodata.AHBPrescTable
                0x0800145c       0x10 ./Core/Src/system_stm32l4xx.o
                0x0800145c                AHBPrescTable
 .rodata.MSIRangeTable
                0x0800146c       0x30 ./Core/Src/system_stm32l4xx.o
                0x0800146c                MSIRangeTable
                0x0800149c                        . = ALIGN (0x4)

.ARM.extab      0x0800149c        0x0
                0x0800149c                        . = ALIGN (0x4)
 *(.ARM.extab* .gnu.linkonce.armextab.*)
                0x0800149c                        . = ALIGN (0x4)

.ARM            0x0800149c        0x8
                0x0800149c                        . = ALIGN (0x4)
                0x0800149c                        __exidx_start = .
 *(.ARM.exidx*)
 .ARM.exidx     0x0800149c        0x8 C:/ST/STM32CubeIDE_1.19.0/STM32CubeIDE/plugins/com.st.stm32cube.ide.mcu.externaltools.gnu-tools-for-stm32.13.3.rel1.win32_1.0.0.202411081344/tools/bin/../lib/gcc/arm-none-eabi/13.3.1/../../../../arm-none-eabi/lib/thumb/v7e-m+fp/hard\libc_nano.a(libc_a-strlen.o)
                0x080014a4                        __exidx_end = .
                0x080014a4                        . = ALIGN (0x4)

.preinit_array  0x080014a4        0x0
                0x080014a4                        . = ALIGN (0x4)
                0x080014a4                        PROVIDE (__preinit_array_start = .)
 *(.preinit_array*)
                0x080014a4                        PROVIDE (__preinit_array_end = .)
                0x080014a4                        . = ALIGN (0x4)

.init_array     0x080014a4        0x4
                0x080014a4                        . = ALIGN (0x4)
                0x080014a4                        PROVIDE (__init_array_start = .)
 *(SORT_BY_NAME(.init_array.*))
 *(.init_array*)
 .init_array    0x080014a4        0x4 C:/ST/STM32CubeIDE_1.19.0/STM32CubeIDE/plugins/com.st.stm32cube.ide.mcu.externaltools.gnu-tools-for-stm32.13.3.rel1.win32_1.0.0.202411081344/tools/bin/../lib/gcc/arm-none-eabi/13.3.1/thumb/v7e-m+fp/hard/crtbegin.o
                0x080014a8                        PROVIDE (__init_array_end = .)
                0x080014a8                        . = ALIGN (0x4)

.fini_array     0x080014a8        0x4
                0x080014a8                        . = ALIGN (0x4)
                [!provide]                        PROVIDE (__fini_array_start = .)
 *(SORT_BY_NAME(.fini_array.*))
 *(.fini_array*)
 .fini_array    0x080014a8        0x4 C:/ST/STM32CubeIDE_1.19.0/STM32CubeIDE/plugins/com.st.stm32cube.ide.mcu.externaltools.gnu-tools-for-stm32.13.3.rel1.win32_1.0.0.202411081344/tools/bin/../lib/gcc/arm-none-eabi/13.3.1/thumb/v7e-m+fp/hard/crtbegin.o
                [!provide]                        PROVIDE (__fini_array_end = .)
                0x080014ac                        . = ALIGN (0x4)
                0x080014ac                        _sidata = LOADADDR (.data)

.rel.dyn        0x080014ac        0x0
 .rel.iplt      0x080014ac        0x0 C:/ST/STM32CubeIDE_1.19.0/STM32CubeIDE/plugins/com.st.stm32cube.ide.mcu.externaltools.gnu-tools-for-stm32.13.3.rel1.win32_1.0.0.202411081344/tools/bin/../lib/gcc/arm-none-eabi/13.3.1/thumb/v7e-m+fp/hard/crtbegin.o

.data           0x20000000        0xc load address 0x080014ac
                0x20000000                        . = ALIGN (0x4)
                0x20000000                        _sdata = .
 *(.data)
 *(.data*)
 .data.SystemCoreClock
                0x20000000        0x4 ./Core/Src/system_stm32l4xx.o
                0x20000000                SystemCoreClock
 .data.uwTickPrio
                0x20000004        0x4 ./Drivers/STM32L4xx_HAL_Driver/Src/stm32l4xx_hal.o
                0x20000004                uwTickPrio
 .data.uwTickFreq
                0x20000008        0x1 ./Drivers/STM32L4xx_HAL_Driver/Src/stm32l4xx_hal.o
                0x20000008                uwTickFreq
 *(.RamFunc)
 *(.RamFunc*)
                0x2000000c                        . = ALIGN (0x4)
 *fill*         0x20000009        0x3 
                0x2000000c                        _edata = .

.igot.plt       0x2000000c        0x0 load address 0x080014b8
 .igot.plt      0x2000000c        0x0 C:/ST/STM32CubeIDE_1.19.0/STM32CubeIDE/plugins/com.st.stm32cube.ide.mcu.externaltools.gnu-tools-for-stm32.13.3.rel1.win32_1.0.0.202411081344/tools/bin/../lib/gcc/arm-none-eabi/13.3.1/thumb/v7e-m+fp/hard/crtbegin.o
                0x2000000c                        . = ALIGN (0x4)

.bss            0x2000000c       0x20 load address 0x080014b8
                0x2000000c                        _sbss = .
                0x2000000c                        __bss_start__ = _sbss
 *(.bss)
 .bss           0x2000000c       0x1c C:/ST/STM32CubeIDE_1.19.0/STM32CubeIDE/plugins/com.st.stm32cube.ide.mcu.externaltools.gnu-tools-for-stm32.13.3.rel1.win32_1.0.0.202411081344/tools/bin/../lib/gcc/arm-none-eabi/13.3.1/thumb/v7e-m+fp/hard/crtbegin.o
 *(.bss*)
 .bss.uwTick    0x20000028        0x4 ./Drivers/STM32L4xx_HAL_Driver/Src/stm32l4xx_hal.o
                0x20000028                uwTick
 *(COMMON)
                0x2000002c                        . = ALIGN (0x4)
                0x2000002c                        _ebss = .
                0x2000002c                        __bss_end__ = _ebss

._user_heap_stack
                0x2000002c      0x604 load address 0x080014b8
                0x20000030                        . = ALIGN (0x8)
 *fill*         0x2000002c        0x4 
                [!provide]                        PROVIDE (end = .)
                0x20000030                        PROVIDE (_end = .)
                0x20000230                        . = (. + _Min_Heap_Size)
 *fill*         0x20000030      0x200 
                0x20000630                        . = (. + _Min_Stack_Size)
 *fill*         0x20000230      0x400 
                0x20000630                        . = ALIGN (0x8)

/DISCARD/
 libc.a(*)
 libm.a(*)
 libgcc.a(*)

.ARM.attributes
                0x00000000       0x30
 *(.ARM.attributes)
 .ARM.attributes
                0x00000000       0x22 C:/ST/STM32CubeIDE_1.19.0/STM32CubeIDE/plugins/com.st.stm32cube.ide.mcu.externaltools.gnu-tools-for-stm32.13.3.rel1.win32_1.0.0.202411081344/tools/bin/../lib/gcc/arm-none-eabi/13.3.1/thumb/v7e-m+fp/hard/crti.o
 .ARM.attributes
                0x00000022       0x34 C:/ST/STM32CubeIDE_1.19.0/STM32CubeIDE/plugins/com.st.stm32cube.ide.mcu.externaltools.gnu-tools-for-stm32.13.3.rel1.win32_1.0.0.202411081344/tools/bin/../lib/gcc/arm-none-eabi/13.3.1/thumb/v7e-m+fp/hard/crtbegin.o
 .ARM.attributes
                0x00000056       0x34 ./Core/Src/main.o
 .ARM.attributes
                0x0000008a       0x34 ./Core/Src/stm32l4xx_hal_msp.o
 .ARM.attributes
                0x000000be       0x34 ./Core/Src/stm32l4xx_it.o
 .ARM.attributes
                0x000000f2       0x34 ./Core/Src/system_stm32l4xx.o
 .ARM.attributes
                0x00000126       0x21 ./Core/Startup/startup_stm32l476rgtx.o
 .ARM.attributes
                0x00000147       0x34 ./Drivers/STM32L4xx_HAL_Driver/Src/stm32l4xx_hal.o
 .ARM.attributes
                0x0000017b       0x34 ./Drivers/STM32L4xx_HAL_Driver/Src/stm32l4xx_hal_cortex.o
 .ARM.attributes
                0x000001af       0x34 ./Drivers/STM32L4xx_HAL_Driver/Src/stm32l4xx_hal_pwr_ex.o
 .ARM.attributes
                0x000001e3       0x34 ./Drivers/STM32L4xx_HAL_Driver/Src/stm32l4xx_hal_rcc.o
 .ARM.attributes
                0x00000217       0x34 C:/ST/STM32CubeIDE_1.19.0/STM32CubeIDE/plugins/com.st.stm32cube.ide.mcu.externaltools.gnu-tools-for-stm32.13.3.rel1.win32_1.0.0.202411081344/tools/bin/../lib/gcc/arm-none-eabi/13.3.1/../../../../arm-none-eabi/lib/thumb/v7e-m+fp/hard\libc_nano.a(libc_a-memset.o)
 .ARM.attributes
                0x0000024b       0x34 C:/ST/STM32CubeIDE_1.19.0/STM32CubeIDE/plugins/com.st.stm32cube.ide.mcu.externaltools.gnu-tools-for-stm32.13.3.rel1.win32_1.0.0.202411081344/tools/bin/../lib/gcc/arm-none-eabi/13.3.1/../../../../arm-none-eabi/lib/thumb/v7e-m+fp/hard\libc_nano.a(libc_a-init.o)
 .ARM.attributes
                0x0000027f       0x17 C:/ST/STM32CubeIDE_1.19.0/STM32CubeIDE/plugins/com.st.stm32cube.ide.mcu.externaltools.gnu-tools-for-stm32.13.3.rel1.win32_1.0.0.202411081344/tools/bin/../lib/gcc/arm-none-eabi/13.3.1/../../../../arm-none-eabi/lib/thumb/v7e-m+fp/hard\libc_nano.a(libc_a-strlen.o)
 .ARM.attributes
                0x00000296       0x22 C:/ST/STM32CubeIDE_1.19.0/STM32CubeIDE/plugins/com.st.stm32cube.ide.mcu.externaltools.gnu-tools-for-stm32.13.3.rel1.win32_1.0.0.202411081344/tools/bin/../lib/gcc/arm-none-eabi/13.3.1/thumb/v7e-m+fp/hard/crtn.o
OUTPUT(45-display-characters-in-debugging.elf elf32-littlearm)
LOAD linker stubs
LOAD C:/ST/STM32CubeIDE_1.19.0/STM32CubeIDE/plugins/com.st.stm32cube.ide.mcu.externaltools.gnu-tools-for-stm32.13.3.rel1.win32_1.0.0.202411081344/tools/bin/../lib/gcc/arm-none-eabi/13.3.1/../../../../arm-none-eabi/lib/thumb/v7e-m+fp/hard\libc.a
LOAD C:/ST/STM32CubeIDE_1.19.0/STM32CubeIDE/plugins/com.st.stm32cube.ide.mcu.externaltools.gnu-tools-for-stm32.13.3.rel1.win32_1.0.0.202411081344/tools/bin/../lib/gcc/arm-none-eabi/13.3.1/../../../../arm-none-eabi/lib/thumb/v7e-m+fp/hard\libm.a
LOAD C:/ST/STM32CubeIDE_1.19.0/STM32CubeIDE/plugins/com.st.stm32cube.ide.mcu.externaltools.gnu-tools-for-stm32.13.3.rel1.win32_1.0.0.202411081344/tools/bin/../lib/gcc/arm-none-eabi/13.3.1/thumb/v7e-m+fp/hard\libgcc.a

.debug_info     0x00000000     0x42ab
 .debug_info    0x00000000      0x838 ./Core/Src/main.o
 .debug_info    0x00000838      0x301 ./Core/Src/stm32l4xx_hal_msp.o
 .debug_info    0x00000b39      0x157 ./Core/Src/stm32l4xx_it.o
 .debug_info    0x00000c90      0x5e2 ./Core/Src/system_stm32l4xx.o
 .debug_info    0x00001272       0x30 ./Core/Startup/startup_stm32l476rgtx.o
 .debug_info    0x000012a2      0xc4d ./Drivers/STM32L4xx_HAL_Driver/Src/stm32l4xx_hal.o
 .debug_info    0x00001eef      0xdad ./Drivers/STM32L4xx_HAL_Driver/Src/stm32l4xx_hal_cortex.o
 .debug_info    0x00002c9c      0x9ca ./Drivers/STM32L4xx_HAL_Driver/Src/stm32l4xx_hal_pwr_ex.o
 .debug_info    0x00003666      0xc45 ./Drivers/STM32L4xx_HAL_Driver/Src/stm32l4xx_hal_rcc.o

.debug_abbrev   0x00000000      0xf94
 .debug_abbrev  0x00000000      0x29c ./Core/Src/main.o
 .debug_abbrev  0x0000029c       0xdd ./Core/Src/stm32l4xx_hal_msp.o
 .debug_abbrev  0x00000379       0xac ./Core/Src/stm32l4xx_it.o
 .debug_abbrev  0x00000425      0x117 ./Core/Src/system_stm32l4xx.o
 .debug_abbrev  0x0000053c       0x24 ./Core/Startup/startup_stm32l476rgtx.o
 .debug_abbrev  0x00000560      0x243 ./Drivers/STM32L4xx_HAL_Driver/Src/stm32l4xx_hal.o
 .debug_abbrev  0x000007a3      0x31c ./Drivers/STM32L4xx_HAL_Driver/Src/stm32l4xx_hal_cortex.o
 .debug_abbrev  0x00000abf      0x1f9 ./Drivers/STM32L4xx_HAL_Driver/Src/stm32l4xx_hal_pwr_ex.o
 .debug_abbrev  0x00000cb8      0x2dc ./Drivers/STM32L4xx_HAL_Driver/Src/stm32l4xx_hal_rcc.o

.debug_aranges  0x00000000      0x558
 .debug_aranges
                0x00000000       0x40 ./Core/Src/main.o
 .debug_aranges
                0x00000040       0x20 ./Core/Src/stm32l4xx_hal_msp.o
 .debug_aranges
                0x00000060       0x60 ./Core/Src/stm32l4xx_it.o
 .debug_aranges
                0x000000c0       0x28 ./Core/Src/system_stm32l4xx.o
 .debug_aranges
                0x000000e8       0x28 ./Core/Startup/startup_stm32l476rgtx.o
 .debug_aranges
                0x00000110      0x130 ./Drivers/STM32L4xx_HAL_Driver/Src/stm32l4xx_hal.o
 .debug_aranges
                0x00000240      0x128 ./Drivers/STM32L4xx_HAL_Driver/Src/stm32l4xx_hal_cortex.o
 .debug_aranges
                0x00000368      0x160 ./Drivers/STM32L4xx_HAL_Driver/Src/stm32l4xx_hal_pwr_ex.o
 .debug_aranges
                0x000004c8       0x90 ./Drivers/STM32L4xx_HAL_Driver/Src/stm32l4xx_hal_rcc.o

.debug_rnglists
                0x00000000      0x3e4
 .debug_rnglists
                0x00000000       0x2c ./Core/Src/main.o
 .debug_rnglists
                0x0000002c       0x13 ./Core/Src/stm32l4xx_hal_msp.o
 .debug_rnglists
                0x0000003f       0x43 ./Core/Src/stm32l4xx_it.o
 .debug_rnglists
                0x00000082       0x1a ./Core/Src/system_stm32l4xx.o
 .debug_rnglists
                0x0000009c       0x19 ./Core/Startup/startup_stm32l476rgtx.o
 .debug_rnglists
                0x000000b5       0xdf ./Drivers/STM32L4xx_HAL_Driver/Src/stm32l4xx_hal.o
 .debug_rnglists
                0x00000194       0xda ./Drivers/STM32L4xx_HAL_Driver/Src/stm32l4xx_hal_cortex.o
 .debug_rnglists
                0x0000026e      0x109 ./Drivers/STM32L4xx_HAL_Driver/Src/stm32l4xx_hal_pwr_ex.o
 .debug_rnglists
                0x00000377       0x6d ./Drivers/STM32L4xx_HAL_Driver/Src/stm32l4xx_hal_rcc.o

.debug_macro    0x00000000    0x24c26
 .debug_macro   0x00000000      0x27f ./Core/Src/main.o
 .debug_macro   0x0000027f      0xad8 ./Core/Src/main.o
 .debug_macro   0x00000d57      0x19b ./Core/Src/main.o
 .debug_macro   0x00000ef2       0x2e ./Core/Src/main.o
 .debug_macro   0x00000f20       0x28 ./Core/Src/main.o
 .debug_macro   0x00000f48       0x22 ./Core/Src/main.o
 .debug_macro   0x00000f6a       0x8e ./Core/Src/main.o
 .debug_macro   0x00000ff8       0x51 ./Core/Src/main.o
 .debug_macro   0x00001049      0x103 ./Core/Src/main.o
 .debug_macro   0x0000114c       0x6a ./Core/Src/main.o
 .debug_macro   0x000011b6      0x1df ./Core/Src/main.o
 .debug_macro   0x00001395       0x1c ./Core/Src/main.o
 .debug_macro   0x000013b1       0x22 ./Core/Src/main.o
 .debug_macro   0x000013d3       0xfb ./Core/Src/main.o
 .debug_macro   0x000014ce     0x1011 ./Core/Src/main.o
 .debug_macro   0x000024df      0x11f ./Core/Src/main.o
 .debug_macro   0x000025fe    0x1a192 ./Core/Src/main.o
 .debug_macro   0x0001c790       0x6d ./Core/Src/main.o
 .debug_macro   0x0001c7fd     0x38fb ./Core/Src/main.o
 .debug_macro   0x000200f8      0x190 ./Core/Src/main.o
 .debug_macro   0x00020288       0x5c ./Core/Src/main.o
 .debug_macro   0x000202e4     0x159e ./Core/Src/main.o
 .debug_macro   0x00021882      0x5a5 ./Core/Src/main.o
 .debug_macro   0x00021e27      0x1b9 ./Core/Src/main.o
 .debug_macro   0x00021fe0      0x18b ./Core/Src/main.o
 .debug_macro   0x0002216b      0x2c4 ./Core/Src/main.o
 .debug_macro   0x0002242f      0x27a ./Core/Src/main.o
 .debug_macro   0x000226a9      0x23d ./Core/Src/main.o
 .debug_macro   0x000228e6      0x241 ./Core/Src/main.o
 .debug_macro   0x00022b27      0x37c ./Core/Src/main.o
 .debug_macro   0x00022ea3       0xd6 ./Core/Src/main.o
 .debug_macro   0x00022f79      0x122 ./Core/Src/main.o
 .debug_macro   0x0002309b      0x3ef ./Core/Src/main.o
 .debug_macro   0x0002348a      0x330 ./Core/Src/main.o
 .debug_macro   0x000237ba       0x61 ./Core/Src/main.o
 .debug_macro   0x0002381b       0x2a ./Core/Src/main.o
 .debug_macro   0x00023845       0x43 ./Core/Src/main.o
 .debug_macro   0x00023888       0x34 ./Core/Src/main.o
 .debug_macro   0x000238bc      0x370 ./Core/Src/main.o
 .debug_macro   0x00023c2c       0x16 ./Core/Src/main.o
 .debug_macro   0x00023c42       0x4a ./Core/Src/main.o
 .debug_macro   0x00023c8c       0x34 ./Core/Src/main.o
 .debug_macro   0x00023cc0       0x10 ./Core/Src/main.o
 .debug_macro   0x00023cd0       0x58 ./Core/Src/main.o
 .debug_macro   0x00023d28       0x8e ./Core/Src/main.o
 .debug_macro   0x00023db6       0x1c ./Core/Src/main.o
 .debug_macro   0x00023dd2      0x185 ./Core/Src/main.o
 .debug_macro   0x00023f57       0x10 ./Core/Src/main.o
 .debug_macro   0x00023f67       0x3c ./Core/Src/main.o
 .debug_macro   0x00023fa3       0x20 ./Core/Src/main.o
 .debug_macro   0x00023fc3      0x1b1 ./Core/Src/stm32l4xx_hal_msp.o
 .debug_macro   0x00024174      0x1bb ./Core/Src/stm32l4xx_it.o
 .debug_macro   0x0002432f      0x1a7 ./Core/Src/system_stm32l4xx.o
 .debug_macro   0x000244d6      0x1f5 ./Drivers/STM32L4xx_HAL_Driver/Src/stm32l4xx_hal.o
 .debug_macro   0x000246cb      0x1a7 ./Drivers/STM32L4xx_HAL_Driver/Src/stm32l4xx_hal_cortex.o
 .debug_macro   0x00024872      0x1cb ./Drivers/STM32L4xx_HAL_Driver/Src/stm32l4xx_hal_pwr_ex.o
 .debug_macro   0x00024a3d      0x1e9 ./Drivers/STM32L4xx_HAL_Driver/Src/stm32l4xx_hal_rcc.o

.debug_line     0x00000000     0x54dd
 .debug_line    0x00000000      0x95c ./Core/Src/main.o
 .debug_line    0x0000095c      0x6f9 ./Core/Src/stm32l4xx_hal_msp.o
 .debug_line    0x00001055      0x7a8 ./Core/Src/stm32l4xx_it.o
 .debug_line    0x000017fd      0x797 ./Core/Src/system_stm32l4xx.o
 .debug_line    0x00001f94       0x7a ./Core/Startup/startup_stm32l476rgtx.o
 .debug_line    0x0000200e      0xb00 ./Drivers/STM32L4xx_HAL_Driver/Src/stm32l4xx_hal.o
 .debug_line    0x00002b0e      0xc9a ./Drivers/STM32L4xx_HAL_Driver/Src/stm32l4xx_hal_cortex.o
 .debug_line    0x000037a8      0xce1 ./Drivers/STM32L4xx_HAL_Driver/Src/stm32l4xx_hal_pwr_ex.o
 .debug_line    0x00004489     0x1054 ./Drivers/STM32L4xx_HAL_Driver/Src/stm32l4xx_hal_rcc.o

.debug_str      0x00000000    0xe2d50
 .debug_str     0x00000000    0xe2d50 ./Core/Src/main.o
                              0xe1668 (size before relaxing)
 .debug_str     0x000e2d50    0xde1e8 ./Core/Src/stm32l4xx_hal_msp.o
 .debug_str     0x000e2d50    0xde121 ./Core/Src/stm32l4xx_it.o
 .debug_str     0x000e2d50    0xde29d ./Core/Src/system_stm32l4xx.o
 .debug_str     0x000e2d50       0x7a ./Core/Startup/startup_stm32l476rgtx.o
 .debug_str     0x000e2d50    0xdeeb1 ./Drivers/STM32L4xx_HAL_Driver/Src/stm32l4xx_hal.o
 .debug_str     0x000e2d50    0xdeb16 ./Drivers/STM32L4xx_HAL_Driver/Src/stm32l4xx_hal_cortex.o
 .debug_str     0x000e2d50    0xde7f8 ./Drivers/STM32L4xx_HAL_Driver/Src/stm32l4xx_hal_pwr_ex.o
 .debug_str     0x000e2d50    0xde8e3 ./Drivers/STM32L4xx_HAL_Driver/Src/stm32l4xx_hal_rcc.o

.comment        0x00000000       0x43
 .comment       0x00000000       0x43 ./Core/Src/main.o
                                 0x44 (size before relaxing)
 .comment       0x00000043       0x44 ./Core/Src/stm32l4xx_hal_msp.o
 .comment       0x00000043       0x44 ./Core/Src/stm32l4xx_it.o
 .comment       0x00000043       0x44 ./Core/Src/system_stm32l4xx.o
 .comment       0x00000043       0x44 ./Drivers/STM32L4xx_HAL_Driver/Src/stm32l4xx_hal.o
 .comment       0x00000043       0x44 ./Drivers/STM32L4xx_HAL_Driver/Src/stm32l4xx_hal_cortex.o
 .comment       0x00000043       0x44 ./Drivers/STM32L4xx_HAL_Driver/Src/stm32l4xx_hal_pwr_ex.o
 .comment       0x00000043       0x44 ./Drivers/STM32L4xx_HAL_Driver/Src/stm32l4xx_hal_rcc.o

.debug_frame    0x00000000     0x13bc
 .debug_frame   0x00000000       0xbc ./Core/Src/main.o
 .debug_frame   0x000000bc       0x38 ./Core/Src/stm32l4xx_hal_msp.o
 .debug_frame   0x000000f4      0x104 ./Core/Src/stm32l4xx_it.o
 .debug_frame   0x000001f8       0x58 ./Core/Src/system_stm32l4xx.o
 .debug_frame   0x00000250      0x498 ./Drivers/STM32L4xx_HAL_Driver/Src/stm32l4xx_hal.o
 .debug_frame   0x000006e8      0x4e8 ./Drivers/STM32L4xx_HAL_Driver/Src/stm32l4xx_hal_cortex.o
 .debug_frame   0x00000bd0      0x584 ./Drivers/STM32L4xx_HAL_Driver/Src/stm32l4xx_hal_pwr_ex.o
 .debug_frame   0x00001154      0x21c ./Drivers/STM32L4xx_HAL_Driver/Src/stm32l4xx_hal_rcc.o
 .debug_frame   0x00001370       0x20 C:/ST/STM32CubeIDE_1.19.0/STM32CubeIDE/plugins/com.st.stm32cube.ide.mcu.externaltools.gnu-tools-for-stm32.13.3.rel1.win32_1.0.0.202411081344/tools/bin/../lib/gcc/arm-none-eabi/13.3.1/../../../../arm-none-eabi/lib/thumb/v7e-m+fp/hard\libc_nano.a(libc_a-memset.o)
 .debug_frame   0x00001390       0x2c C:/ST/STM32CubeIDE_1.19.0/STM32CubeIDE/plugins/com.st.stm32cube.ide.mcu.externaltools.gnu-tools-for-stm32.13.3.rel1.win32_1.0.0.202411081344/tools/bin/../lib/gcc/arm-none-eabi/13.3.1/../../../../arm-none-eabi/lib/thumb/v7e-m+fp/hard\libc_nano.a(libc_a-init.o)

.debug_line_str
                0x00000000       0x5e
 .debug_line_str
                0x00000000       0x5e ./Core/Startup/startup_stm32l476rgtx.o
