../Core/Src/main.c:616:6:StartDefaultTask	1
../Core/Src/main.c:230:6:SevenSegmentTask	8
../Core/Src/main.c:190:6:LCDTask	5
../Core/Src/main.c:82:6:HAL_GPIO_EXTI_Callback	2
../Core/Src/main.c:92:6:READ_EEPROM	1
../Core/Src/main.c:101:6:WRITE_EEPROM	2
../Core/Src/main.c:134:6:EEPROMTask	2
../Core/Src/main.c:278:6:ProcessDisplayNumber	4
../Core/Src/main.c:297:6:HAL_TIM_PeriodElapsedCallback	3
../Core/Src/main.c:407:6:SystemClock_Config	4
../Core/Src/main.c:314:5:main	7
../Core/Src/main.c:631:6:Error_Handler	1
