../Core/Src/main.c:617:6:StartDefaultTask	8	static
../Core/Src/main.c:230:6:SevenSegmentTask	32	static
../Core/Src/main.c:190:6:LCDTask	24	static
../Core/Src/main.c:82:6:HAL_GPIO_EXTI_Callback	0	static
../Core/Src/main.c:92:6:READ_EEPROM	40	static
../Core/Src/main.c:101:6:WRITE_EEPROM	88	static
../Core/Src/main.c:134:6:EEPROMTask	32	static
../Core/Src/main.c:278:6:ProcessDisplayNumber	16	static
../Core/Src/main.c:297:6:HAL_TIM_PeriodElapsedCallback	8	static
../Core/Src/main.c:408:6:SystemClock_Config	96	static,ignoring_inline_asm
../Core/Src/main.c:314:5:main	48	static,ignoring_inline_asm
../Core/Src/main.c:632:6:Error_Handler	0	static,ignoring_inline_asm
