2025-11-27 01:02:01,746 [ERROR] LogOutputStream:75 - [STDERR_REDIRECT] 
2025-11-27 22:13:27,459 [INFO] Activator:176 - 


2025-11-27 22:13:27,475 [INFO] Activator:177 - !SESSION log4j initialized
2025-11-27 22:13:35,920 [INFO] LogOutputStream:77 - [STDOUT_REDIRECT] 
2025-11-27 22:13:49,955 [INFO] ApplicationProperties:184 - Using Application install path: C:\ST\STM32CubeIDE_1.19.0\STM32CubeIDE\plugins\com.st.stm32cube.common.mx_6.15.0.202507011659
2025-11-27 22:13:49,974 [INFO] DbMcusXml:78 - Set database path to: C:\ST\STM32CubeIDE_1.19.0\STM32CubeIDE\plugins\com.st.stm32cube.common.mx_6.15.0.202507011659\\db\/mcu/
2025-11-27 22:13:49,974 [INFO] ApiDb:274 - Set plugin database path to: C:\ST\STM32CubeIDE_1.19.0\STM32CubeIDE\plugins\com.st.stm32cube.common.mx_6.15.0.202507011659\\db\/plugins/boardmanager/
2025-11-27 22:13:49,974 [WARN] ApiDb:259 - Overriding images path with different value:  => C:\ST\STM32CubeIDE_1.19.0\STM32CubeIDE\plugins\com.st.stm32cube.common.mx_6.15.0.202507011659\\db\/plugins/mcufinder/images/
2025-11-27 22:13:50,013 [INFO] ApiDb:250 - Set database path to: C:\Users\user\.stmcufinder\plugins\mcufinder//mcu/
2025-11-27 22:13:50,018 [INFO] DbMcusAds:125 - Set database path to: C:\Users\user\.stmcufinder\plugins\mcufinder//mcu/
2025-11-27 22:13:50,046 [INFO] CrossReferenceDbSqlite:203 - Set database path to: C:\Users\user\.stmcufinder\plugins\mcufinder//mcu/cs/
2025-11-27 22:13:50,173 [INFO] RulesReader:64 - Compatibility file has been processed (317 Rules)
2025-11-27 22:13:50,296 [INFO] DbMcusXml:78 - Set database path to: C:\ST\STM32CubeIDE_1.19.0\STM32CubeIDE\plugins\com.st.stm32cube.common.mx_6.15.0.202507011659\\db\/mcu/
2025-11-27 22:13:50,296 [INFO] ApiDb:274 - Set plugin database path to: C:\ST\STM32CubeIDE_1.19.0\STM32CubeIDE\plugins\com.st.stm32cube.common.mx_6.15.0.202507011659\\db\/plugins/boardmanager/
2025-11-27 22:13:50,296 [INFO] ApiDb:261 - Set plugin images path to: C:\ST\STM32CubeIDE_1.19.0\STM32CubeIDE\plugins\com.st.stm32cube.common.mx_6.15.0.202507011659\\db\/plugins/mcufinder/images/
2025-11-27 22:13:50,298 [WARN] DbFile:41 - Overriding database path with different value: C:\Users\user\.stmcufinder\plugins\mcufinder/ => C:\Users\user\.stmcufinder\plugins\mcufinder
2025-11-27 22:13:50,298 [INFO] ApiDb:250 - Set database path to: C:\Users\user\.stmcufinder\plugins\mcufinder//mcu/
2025-11-27 22:13:50,298 [WARN] DbFile:41 - Overriding database path with different value: C:\Users\user\.stmcufinder\plugins\mcufinder/ => C:\Users\user\.stmcufinder\plugins\mcufinder
2025-11-27 22:13:50,298 [INFO] DbMcusAds:125 - Set database path to: C:\Users\user\.stmcufinder\plugins\mcufinder//mcu/
2025-11-27 22:13:50,298 [WARN] DbFile:41 - Overriding database path with different value: C:\Users\user\.stmcufinder\plugins\mcufinder/ => C:\Users\user\.stmcufinder\plugins\mcufinder
2025-11-27 22:13:50,298 [WARN] DbFile:41 - Overriding database path with different value: C:\Users\user\.stmcufinder\plugins\mcufinder/ => C:\Users\user\.stmcufinder\plugins\mcufinder
2025-11-27 22:13:50,298 [INFO] CrossReferenceDbSqlite:203 - Set database path to: C:\Users\user\.stmcufinder\plugins\mcufinder//mcu/cs/
2025-11-27 22:13:50,388 [INFO] MainPanel:274 - HeapMemory: 268435456
2025-11-27 22:13:50,514 [INFO] DbMcusXml:78 - Set database path to: C:\ST\STM32CubeIDE_1.19.0\STM32CubeIDE\plugins\com.st.stm32cube.common.mx_6.15.0.202507011659\\db\/mcu/
2025-11-27 22:13:50,514 [INFO] ApiDb:274 - Set plugin database path to: C:\ST\STM32CubeIDE_1.19.0\STM32CubeIDE\plugins\com.st.stm32cube.common.mx_6.15.0.202507011659\\db\/plugins/boardmanager/
2025-11-27 22:13:50,514 [INFO] ApiDb:261 - Set plugin images path to: C:\ST\STM32CubeIDE_1.19.0\STM32CubeIDE\plugins\com.st.stm32cube.common.mx_6.15.0.202507011659\\db\/plugins/mcufinder/images/
2025-11-27 22:13:50,514 [WARN] DbFile:41 - Overriding database path with different value: C:\Users\user\.stmcufinder\plugins\mcufinder/ => C:\Users\user\.stmcufinder\plugins\mcufinder
2025-11-27 22:13:50,515 [INFO] ApiDb:250 - Set database path to: C:\Users\user\.stmcufinder\plugins\mcufinder//mcu/
2025-11-27 22:13:50,515 [WARN] DbFile:41 - Overriding database path with different value: C:\Users\user\.stmcufinder\plugins\mcufinder/ => C:\Users\user\.stmcufinder\plugins\mcufinder
2025-11-27 22:13:50,515 [INFO] DbMcusAds:125 - Set database path to: C:\Users\user\.stmcufinder\plugins\mcufinder//mcu/
2025-11-27 22:13:50,515 [WARN] DbFile:41 - Overriding database path with different value: C:\Users\user\.stmcufinder\plugins\mcufinder/ => C:\Users\user\.stmcufinder\plugins\mcufinder
2025-11-27 22:13:50,515 [WARN] DbFile:41 - Overriding database path with different value: C:\Users\user\.stmcufinder\plugins\mcufinder/ => C:\Users\user\.stmcufinder\plugins\mcufinder
2025-11-27 22:13:50,515 [INFO] CrossReferenceDbSqlite:203 - Set database path to: C:\Users\user\.stmcufinder\plugins\mcufinder//mcu/cs/
2025-11-27 22:13:50,532 [INFO] ApplicationProperties:184 - Using Application install path: C:\ST\STM32CubeIDE_1.19.0\STM32CubeIDE\plugins\com.st.stm32cube.common.mx_6.15.0.202507011659
2025-11-27 22:13:50,533 [INFO] PluginManage:196 - Search for loadable plugins [exclusion list=, ]
2025-11-27 22:13:50,535 [INFO] PluginManage:310 - Check plugin analytics
2025-11-27 22:13:50,790 [INFO] AnalyticsPlugin:253 - Accepted Software Licenses: 
2025-11-27 22:13:50,791 [INFO] AnalyticsPlugin:255 - Accepted CMSIS Pack Licenses: 
2025-11-27 22:13:50,791 [INFO] AnalyticsPlugin:257 - Accepted Firmware Licenses: FW.L4.1.18.0
2025-11-27 22:13:50,796 [INFO] PluginManage:359 - Loaded plugin analytics (category:tool,tabindex:-1)
2025-11-27 22:13:50,797 [INFO] PluginManage:310 - Check plugin cadmodel
2025-11-27 22:13:50,805 [INFO] CADModel:105 - Init CAD model plugin
2025-11-27 22:13:50,805 [INFO] PluginManage:359 - Loaded plugin cadmodel (category:power,tabindex:5)
2025-11-27 22:13:50,805 [INFO] PluginManage:310 - Check plugin clock
2025-11-27 22:13:50,818 [INFO] PluginManage:359 - Loaded plugin clock (category:base,tabindex:2)
2025-11-27 22:13:50,818 [INFO] PluginManage:310 - Check plugin ddr
2025-11-27 22:13:50,821 [INFO] PluginManage:359 - Loaded plugin ddr (category:tool,tabindex:6)
2025-11-27 22:13:50,822 [INFO] PluginManage:310 - Check plugin filemanager
2025-11-27 22:13:50,987 [INFO] PluginManage:359 - Loaded plugin filemanager (category:base,tabindex:10)
2025-11-27 22:13:50,987 [INFO] PluginManage:310 - Check plugin ipmanager
2025-11-27 22:13:50,993 [INFO] PluginManage:359 - Loaded plugin ipmanager (category:base,tabindex:5)
2025-11-27 22:13:50,994 [INFO] PluginManage:310 - Check plugin lpbam
2025-11-27 22:13:51,003 [INFO] PluginManage:359 - Loaded plugin lpbam (category:base,tabindex:0)
2025-11-27 22:13:51,003 [INFO] PluginManage:310 - Check plugin memorymap
2025-11-27 22:13:51,026 [INFO] PluginManage:359 - Loaded plugin memorymap (category:base,tabindex:4)
2025-11-27 22:13:51,026 [INFO] PluginManage:310 - Check plugin pinoutandconfiguration
2025-11-27 22:13:51,035 [INFO] PluginManage:359 - Loaded plugin pinoutandconfiguration (category:base,tabindex:1)
2025-11-27 22:13:51,035 [INFO] PluginManage:310 - Check plugin pinoutconfig
2025-11-27 22:13:51,119 [WARN] SupportedApi:132 - Cannot load RTOS API schema: s4s-elt-must-match.1: The content of 'definitions' must match (annotation?, (simpleType | complexType)?, (unique | key | keyref)*)). A problem was found starting at: attribute.
2025-11-27 22:13:51,292 [INFO] PluginManage:359 - Loaded plugin pinoutconfig (category:base,tabindex:0)
2025-11-27 22:13:51,293 [INFO] PluginManage:310 - Check plugin power
2025-11-27 22:13:51,305 [INFO] PluginManage:359 - Loaded plugin power (category:power,tabindex:4)
2025-11-27 22:13:51,306 [INFO] PluginManage:310 - Check plugin projectmanager
2025-11-27 22:13:51,320 [INFO] PluginManage:359 - Loaded plugin projectmanager (category:projectmanager,tabindex:4)
2025-11-27 22:13:51,320 [INFO] PluginManage:310 - Check plugin rif
2025-11-27 22:13:51,331 [INFO] PluginManage:359 - Loaded plugin rif (category:base,tabindex:3)
2025-11-27 22:13:51,331 [INFO] PluginManage:310 - Check plugin thirdparty
2025-11-27 22:13:51,666 [WARN] IntegrityCheckThread:84 - waiting for thirdparty lock release [integrity check]
2025-11-27 22:13:51,667 [INFO] PluginManage:359 - Loaded plugin thirdparty (category:base,tabindex:-1)
2025-11-27 22:13:51,667 [INFO] IntegrityCheckThread:86 - entering critical section [integrity check]
2025-11-27 22:13:51,667 [INFO] PluginManage:310 - Check plugin tools
2025-11-27 22:13:51,667 [INFO] ThirdPartyUpdaterWithRetryManager:70 - Updater plugin not ready yet. [1/15]
2025-11-27 22:13:51,671 [INFO] PluginManage:359 - Loaded plugin tools (category:base,tabindex:7)
2025-11-27 22:13:51,671 [INFO] PluginManage:310 - Check plugin tutovideos
2025-11-27 22:13:51,894 [INFO] PluginManage:359 - Loaded plugin tutovideos (category:base,tabindex:-1)
2025-11-27 22:13:51,894 [INFO] PluginManage:310 - Check plugin updater
2025-11-27 22:13:51,914 [INFO] PluginManage:359 - Loaded plugin updater (category:base,tabindex:12)
2025-11-27 22:13:51,914 [INFO] PluginManage:310 - Check plugin userauth
2025-11-27 22:13:51,919 [INFO] UserAuth:118 - Init User Auth plugin
2025-11-27 22:13:51,920 [INFO] PluginManage:359 - Loaded plugin userauth (category:base,tabindex:14)
2025-11-27 22:13:51,920 [INFO] PluginManage:283 - PluginManage : Loaded plugins [18]
2025-11-27 22:13:52,126 [INFO] PinOutPanel:1589 - setPackage(No Configuration,No Configuration)
2025-11-27 22:13:52,204 [INFO] CADModel:165 - CPN selected for project level
2025-11-27 22:13:52,204 [INFO] CADModel:114 - Register for checkConnection events
2025-11-27 22:13:52,226 [INFO] IPUIPlugin:80 - create IPUIPlugin
2025-11-27 22:13:52,226 [INFO] PluginManager:220 - loadIPPluginJar : add adc
2025-11-27 22:13:52,229 [INFO] IPUIPlugin:80 - create IPUIPlugin
2025-11-27 22:13:52,229 [INFO] PluginManager:220 - loadIPPluginJar : add aes
2025-11-27 22:13:52,231 [INFO] IPUIPlugin:80 - create IPUIPlugin
2025-11-27 22:13:52,233 [INFO] PluginManager:220 - loadIPPluginJar : add can
2025-11-27 22:13:52,235 [INFO] IPUIPlugin:80 - create IPUIPlugin
2025-11-27 22:13:52,235 [INFO] PluginManager:220 - loadIPPluginJar : add comp
2025-11-27 22:13:52,238 [INFO] IPUIPlugin:80 - create IPUIPlugin
2025-11-27 22:13:52,238 [INFO] PluginManager:220 - loadIPPluginJar : add cryp
2025-11-27 22:13:52,241 [INFO] IPUIPlugin:80 - create IPUIPlugin
2025-11-27 22:13:52,242 [INFO] PluginManager:220 - loadIPPluginJar : add ddr_ctrl_phy
2025-11-27 22:13:52,244 [INFO] IPUIPlugin:80 - create IPUIPlugin
2025-11-27 22:13:52,244 [INFO] PluginManager:220 - loadIPPluginJar : add dfsdm
2025-11-27 22:13:52,248 [INFO] IPUIPlugin:80 - create IPUIPlugin
2025-11-27 22:13:52,248 [INFO] PluginManager:220 - loadIPPluginJar : add dma
2025-11-27 22:13:52,253 [INFO] IPUIPlugin:80 - create IPUIPlugin
2025-11-27 22:13:52,253 [INFO] PluginManager:220 - loadIPPluginJar : add dma3
2025-11-27 22:13:52,257 [INFO] IPUIPlugin:80 - create IPUIPlugin
2025-11-27 22:13:52,257 [INFO] PluginManager:220 - loadIPPluginJar : add extmemmanager
2025-11-27 22:13:52,259 [INFO] IPUIPlugin:80 - create IPUIPlugin
2025-11-27 22:13:52,259 [INFO] PluginManager:220 - loadIPPluginJar : add fatfs
2025-11-27 22:13:52,265 [INFO] IPUIPlugin:80 - create IPUIPlugin
2025-11-27 22:13:52,265 [INFO] PluginManager:220 - loadIPPluginJar : add fmc
2025-11-27 22:13:52,272 [INFO] IPUIPlugin:80 - create IPUIPlugin
2025-11-27 22:13:52,272 [INFO] PluginManager:220 - loadIPPluginJar : add freertos
2025-11-27 22:13:52,273 [INFO] IPUIPlugin:80 - create IPUIPlugin
2025-11-27 22:13:52,273 [INFO] PluginManager:220 - loadIPPluginJar : add genericplugin
2025-11-27 22:13:52,277 [INFO] IPUIPlugin:80 - create IPUIPlugin
2025-11-27 22:13:52,277 [INFO] PluginManager:220 - loadIPPluginJar : add gfxmmu
2025-11-27 22:13:52,281 [INFO] IPUIPlugin:80 - create IPUIPlugin
2025-11-27 22:13:52,282 [INFO] PluginManager:220 - loadIPPluginJar : add gic
2025-11-27 22:13:52,285 [INFO] IPUIPlugin:80 - create IPUIPlugin
2025-11-27 22:13:52,285 [INFO] PluginManager:220 - loadIPPluginJar : add gpio
2025-11-27 22:13:52,288 [INFO] IPUIPlugin:80 - create IPUIPlugin
2025-11-27 22:13:52,288 [INFO] PluginManager:220 - loadIPPluginJar : add gtzc
2025-11-27 22:13:52,291 [INFO] IPUIPlugin:80 - create IPUIPlugin
2025-11-27 22:13:52,291 [INFO] PluginManager:220 - loadIPPluginJar : add hash
2025-11-27 22:13:52,294 [INFO] IPUIPlugin:80 - create IPUIPlugin
2025-11-27 22:13:52,295 [INFO] PluginManager:220 - loadIPPluginJar : add i2c
2025-11-27 22:13:52,297 [INFO] IPUIPlugin:80 - create IPUIPlugin
2025-11-27 22:13:52,297 [INFO] PluginManager:220 - loadIPPluginJar : add i2s
2025-11-27 22:13:52,300 [INFO] IPUIPlugin:80 - create IPUIPlugin
2025-11-27 22:13:52,300 [INFO] PluginManager:220 - loadIPPluginJar : add i3c
2025-11-27 22:13:52,304 [INFO] IPUIPlugin:80 - create IPUIPlugin
2025-11-27 22:13:52,304 [INFO] PluginManager:220 - loadIPPluginJar : add ipddr
2025-11-27 22:13:52,310 [INFO] IPUIPlugin:80 - create IPUIPlugin
2025-11-27 22:13:52,310 [INFO] PluginManager:220 - loadIPPluginJar : add linkedlist
2025-11-27 22:13:52,315 [INFO] IPUIPlugin:80 - create IPUIPlugin
2025-11-27 22:13:52,316 [INFO] PluginManager:220 - loadIPPluginJar : add lorawan
2025-11-27 22:13:52,319 [INFO] IPUIPlugin:80 - create IPUIPlugin
2025-11-27 22:13:52,319 [INFO] PluginManager:220 - loadIPPluginJar : add ltdc
2025-11-27 22:13:52,324 [INFO] IPUIPlugin:80 - create IPUIPlugin
2025-11-27 22:13:52,324 [INFO] PluginManager:220 - loadIPPluginJar : add mdma
2025-11-27 22:13:52,328 [INFO] IPUIPlugin:80 - create IPUIPlugin
2025-11-27 22:13:52,328 [INFO] PluginManager:220 - loadIPPluginJar : add nvic
2025-11-27 22:13:52,333 [INFO] IPUIPlugin:80 - create IPUIPlugin
2025-11-27 22:13:52,333 [INFO] PluginManager:220 - loadIPPluginJar : add opamp
2025-11-27 22:13:52,336 [INFO] IPUIPlugin:80 - create IPUIPlugin
2025-11-27 22:13:52,336 [INFO] PluginManager:220 - loadIPPluginJar : add openamp
2025-11-27 22:13:52,340 [INFO] IPUIPlugin:80 - create IPUIPlugin
2025-11-27 22:13:52,340 [INFO] PluginManager:220 - loadIPPluginJar : add pdm2pcm
2025-11-27 22:13:52,344 [INFO] IPUIPlugin:80 - create IPUIPlugin
2025-11-27 22:13:52,347 [INFO] PluginManager:220 - loadIPPluginJar : add plateformsettings
2025-11-27 22:13:52,349 [INFO] IPUIPlugin:80 - create IPUIPlugin
2025-11-27 22:13:52,349 [INFO] PluginManager:220 - loadIPPluginJar : add quadspi
2025-11-27 22:13:52,353 [INFO] IPUIPlugin:80 - create IPUIPlugin
2025-11-27 22:13:52,354 [INFO] PluginManager:220 - loadIPPluginJar : add radio
2025-11-27 22:13:52,360 [INFO] IPUIPlugin:80 - create IPUIPlugin
2025-11-27 22:13:52,360 [INFO] PluginManager:220 - loadIPPluginJar : add resmgrutility
2025-11-27 22:13:52,365 [INFO] IPUIPlugin:80 - create IPUIPlugin
2025-11-27 22:13:52,365 [INFO] PluginManager:220 - loadIPPluginJar : add sai
2025-11-27 22:13:52,368 [INFO] IPUIPlugin:80 - create IPUIPlugin
2025-11-27 22:13:52,368 [INFO] PluginManager:220 - loadIPPluginJar : add spi
2025-11-27 22:13:52,374 [INFO] IPUIPlugin:80 - create IPUIPlugin
2025-11-27 22:13:52,374 [INFO] PluginManager:220 - loadIPPluginJar : add stm32_wpan
2025-11-27 22:13:52,376 [INFO] IPUIPlugin:80 - create IPUIPlugin
2025-11-27 22:13:52,376 [INFO] PluginManager:220 - loadIPPluginJar : add tim
2025-11-27 22:13:52,380 [INFO] IPUIPlugin:80 - create IPUIPlugin
2025-11-27 22:13:52,380 [INFO] PluginManager:220 - loadIPPluginJar : add touchsensing
2025-11-27 22:13:52,382 [INFO] IPUIPlugin:80 - create IPUIPlugin
2025-11-27 22:13:52,382 [INFO] PluginManager:220 - loadIPPluginJar : add tracer_emb
2025-11-27 22:13:52,385 [INFO] IPUIPlugin:80 - create IPUIPlugin
2025-11-27 22:13:52,385 [INFO] PluginManager:220 - loadIPPluginJar : add ts
2025-11-27 22:13:52,387 [INFO] IPUIPlugin:80 - create IPUIPlugin
2025-11-27 22:13:52,387 [INFO] PluginManager:220 - loadIPPluginJar : add tsc
2025-11-27 22:13:52,390 [INFO] IPUIPlugin:80 - create IPUIPlugin
2025-11-27 22:13:52,390 [INFO] PluginManager:220 - loadIPPluginJar : add ucpd
2025-11-27 22:13:52,393 [INFO] IPUIPlugin:80 - create IPUIPlugin
2025-11-27 22:13:52,393 [INFO] PluginManager:220 - loadIPPluginJar : add usart
2025-11-27 22:13:52,397 [INFO] IPUIPlugin:80 - create IPUIPlugin
2025-11-27 22:13:52,397 [INFO] PluginManager:220 - loadIPPluginJar : add usbx
2025-11-27 22:13:52,533 [FATAL] Updater:351 - Updater called before beeing initialized
2025-11-27 22:13:52,576 [INFO] RulesReader:64 - Compatibility file has been processed (317 Rules)
2025-11-27 22:13:52,593 [INFO] RulesReader:64 - Compatibility file has been processed (317 Rules)
2025-11-27 22:13:52,608 [INFO] CADModel:165 - CPN selected for project level
2025-11-27 22:13:52,608 [INFO] CADModel:114 - Register for checkConnection events
2025-11-27 22:13:52,608 [FATAL] Updater:351 - Updater called before beeing initialized
2025-11-27 22:13:52,608 [ERROR] CADModel:125 - Updater not yet initialized, retry later 
2025-11-27 22:13:52,832 [FATAL] Updater:351 - Updater called before beeing initialized
2025-11-27 22:13:52,835 [INFO] CADModel:165 - CPN selected for project level
2025-11-27 22:13:52,835 [INFO] CADModel:114 - Register for checkConnection events
2025-11-27 22:13:52,835 [FATAL] Updater:351 - Updater called before beeing initialized
2025-11-27 22:13:52,835 [ERROR] CADModel:125 - Updater not yet initialized, retry later 
2025-11-27 22:13:52,839 [FATAL] Updater:351 - Updater called before beeing initialized
2025-11-27 22:13:53,032 [FATAL] Updater:351 - Updater called before beeing initialized
2025-11-27 22:13:53,037 [INFO] DbMcusAds:53 - JSON generation date=Mon Nov 10 18:43:00 CST 2025 (1762771380761)
2025-11-27 22:13:53,037 [FATAL] Updater:351 - Updater called before beeing initialized
2025-11-27 22:13:53,178 [WARN] DetailPanel:346 - Failed to get advertising image, set to default
2025-11-27 22:13:53,276 [FATAL] Updater:351 - Updater called before beeing initialized
2025-11-27 22:13:53,278 [FATAL] Updater:351 - Updater called before beeing initialized
2025-11-27 22:13:53,278 [FATAL] Updater:351 - Updater called before beeing initialized
2025-11-27 22:13:53,279 [WARN] DetailPanel:346 - Failed to get advertising image, set to default
2025-11-27 22:13:53,279 [FATAL] Updater:351 - Updater called before beeing initialized
2025-11-27 22:13:53,347 [ERROR] Updater:1198 - MainUpdater not yet initialized. External WinMGr cannot be set.
2025-11-27 22:13:53,350 [INFO] Updater:1134 - Updater Version found : 6.15.0
2025-11-27 22:13:53,367 [INFO] ApplicationProperties:184 - Using Application install path: C:\ST\STM32CubeIDE_1.19.0\STM32CubeIDE\plugins\com.st.stm32cube.common.mx_6.15.0.202507011659
2025-11-27 22:13:54,668 [INFO] ThirdPartyUpdaterWithRetryManager:70 - Updater plugin not ready yet. [2/15]
2025-11-27 22:13:54,969 [ERROR] LogOutputStream:75 - [STDERR_REDIRECT] Nov 27, 2025 10:13:54 PM java.util.prefs.WindowsPreferences <init>
2025-11-27 22:13:54,971 [ERROR] LogOutputStream:75 - [STDERR_REDIRECT] WARNING: Could not open/create prefs root node Software\JavaSoft\Prefs at root 0xffffffff80000002. Windows RegCreateKeyEx(...) returned error code 5.
2025-11-27 22:13:54,971 [ERROR] LogOutputStream:75 - [STDERR_REDIRECT] 
2025-11-27 22:13:55,406 [INFO] MainUpdater:2872 - connection check result : 10
2025-11-27 22:13:55,407 [INFO] MainUpdater:289 - Updater Check For Update Now.
2025-11-27 22:13:55,407 [INFO] MicroXplorer:498 - Change Database Version : DB.6.0.150
2025-11-27 22:13:55,429 [INFO] McuFinderGlobals:63 - Set McuFinder mode to 2 (CubeIDE integrated)
2025-11-27 22:13:55,429 [INFO] UserAuth:171 - activating auth plugin
2025-11-27 22:13:55,433 [INFO] UserAuth:487 - Internet connection configuration mode: 1
2025-11-27 22:13:55,581 [INFO] JxBrowserEngine:152 - Initiate JxBrowser Engine with user profile folder
2025-11-27 22:13:55,703 [INFO] CheckServerUpdateThread:120 - End of CheckServer Thread
2025-11-27 22:13:57,631 [INFO] WebApp:169 - Instantiating new browser for Auth
2025-11-27 22:13:58,141 [WARN] PackLoader:240 - Cannot read IP mode file for STMicroelectronics.FP-SNS-MOTENVWB1.1.4.0
2025-11-27 22:13:58,148 [WARN] PackLoader:240 - Cannot read IP mode file for STMicroelectronics.FP-ATR-ASTRA1.2.0.2
2025-11-27 22:13:58,198 [WARN] PackLoader:240 - Cannot read IP mode file for STMicroelectronics.X-CUBE-SMBUS.2.1.0
2025-11-27 22:13:58,215 [WARN] PackLoader:240 - Cannot read IP mode file for STMicroelectronics.X-CUBE-ST60.1.0.0
2025-11-27 22:13:58,283 [WARN] PackLoader:240 - Cannot read IP mode file for STMicroelectronics.X-CUBE-AZRTOS-F7.1.1.0
2025-11-27 22:13:58,304 [WARN] PackLoader:240 - Cannot read IP mode file for STMicroelectronics.FP-SNS-MOTENV1.5.1.0
2025-11-27 22:13:58,318 [WARN] PackLoader:240 - Cannot read IP mode file for WES.I-CUBE-Cesium.1.4.0
2025-11-27 22:13:58,358 [WARN] PackLoader:240 - Cannot read IP mode file for Infineon.AIROC-Wi-Fi-Bluetooth-STM32.1.7.1
2025-11-27 22:13:58,396 [WARN] PackLoader:240 - Cannot read IP mode file for STMicroelectronics.X-CUBE-AZRTOS-H7.3.4.0
2025-11-27 22:13:58,411 [WARN] PackLoader:240 - Cannot read IP mode file for STMicroelectronics.X-CUBE-DISPLAY.3.0.0
2025-11-27 22:13:58,428 [WARN] PackLoader:240 - Cannot read IP mode file for STMicroelectronics.X-CUBE-NFC10.1.0.0
2025-11-27 22:13:58,434 [WARN] PackLoader:240 - Cannot read IP mode file for STMicroelectronics.X-CUBE-ST60.1.1.0
2025-11-27 22:13:58,441 [WARN] PackLoader:240 - Cannot read IP mode file for emotas.I-CUBE-CANOPEN.1.3.0
2025-11-27 22:13:58,447 [WARN] PackLoader:240 - Cannot read IP mode file for STMicroelectronics.X-CUBE-GNSS1.7.1.0
2025-11-27 22:13:58,455 [WARN] PackLoader:240 - Cannot read IP mode file for STMicroelectronics.FP-SNS-STBOX1.2.1.0
2025-11-27 22:13:58,462 [WARN] PackLoader:240 - Cannot read IP mode file for STMicroelectronics.FP-SNS-SMARTAG2.1.2.0
2025-11-27 22:13:58,467 [WARN] PackLoader:240 - Cannot read IP mode file for STMicroelectronics.FP-SNS-FLIGHT1.5.1.0
2025-11-27 22:13:58,478 [INFO] LogOutputStream:77 - [STDOUT_REDIRECT] 1 : Invalid condition id : UX_CORESTACK_Condition cause : null
2025-11-27 22:13:58,479 [INFO] LogOutputStream:77 - [STDOUT_REDIRECT] 1 : Invalid condition id : UX_CORESTACK_Condition cause : null
2025-11-27 22:13:58,481 [INFO] LogOutputStream:77 - [STDOUT_REDIRECT] 1 : Invalid condition id : UX_CORESTACK_Condition cause : null
2025-11-27 22:13:58,482 [INFO] LogOutputStream:77 - [STDOUT_REDIRECT] 1 : Invalid condition id : UX_CORESTACK_Condition cause : null
2025-11-27 22:13:58,485 [INFO] LogOutputStream:77 - [STDOUT_REDIRECT] 1 : Invalid condition id : UX_CORESTACK_Condition cause : null
2025-11-27 22:13:58,488 [WARN] PackLoader:240 - Cannot read IP mode file for STMicroelectronics.X-CUBE-AZRTOS-WL.2.0.0
2025-11-27 22:13:58,492 [WARN] PackLoader:240 - Cannot read IP mode file for STMicroelectronics.FP-SNS-MOTENV1.5.0.0
2025-11-27 22:13:58,511 [WARN] PackLoader:240 - Cannot read IP mode file for STMicroelectronics.X-CUBE-AZRTOS-H7RS.1.2.0
2025-11-27 22:13:58,521 [WARN] PackLoader:240 - Cannot read IP mode file for STMicroelectronics.X-CUBE-BLE2.3.3.0
2025-11-27 22:13:58,558 [WARN] PackLoader:240 - Cannot read IP mode file for STMicroelectronics.X-CUBE-NFC9.1.0.0
2025-11-27 22:13:58,568 [WARN] PackLoader:240 - Cannot read IP mode file for wolfSSL.I-CUBE-wolfSSL.5.8.2
2025-11-27 22:13:58,573 [WARN] PackLoader:240 - Cannot read IP mode file for STMicroelectronics.X-CUBE-BLE1.7.1.0
2025-11-27 22:13:58,576 [WARN] PackLoader:240 - Cannot read IP mode file for wolfSSL.I-CUBE-wolfMQTT.1.19.2
2025-11-27 22:13:58,583 [WARN] PackLoader:240 - Cannot read IP mode file for STMicroelectronics.X-CUBE-FREERTOS.1.4.0
2025-11-27 22:13:58,592 [WARN] PackLoader:240 - Cannot read IP mode file for STMicroelectronics.X-CUBE-EEPRMA1.5.2.0
2025-11-27 22:13:58,602 [WARN] PackLoader:240 - Cannot read IP mode file for STMicroelectronics.X-CUBE-ST67W61.1.1.0
2025-11-27 22:13:58,675 [WARN] PackLoader:240 - Cannot read IP mode file for STMicroelectronics.X-CUBE-MEMS1.12.0.0
2025-11-27 22:13:58,913 [WARN] PackLoader:240 - Cannot read IP mode file for STMicroelectronics.X-CUBE-AZRTOS-G0.1.1.0
2025-11-27 22:13:58,923 [WARN] PackLoader:240 - Cannot read IP mode file for STMicroelectronics.X-CUBE-SAFEA1.1.2.2
2025-11-27 22:13:58,932 [WARN] PackLoader:240 - Cannot read IP mode file for STMicroelectronics.X-CUBE-NFC4.3.0.0
2025-11-27 22:13:58,943 [WARN] PackLoader:240 - Cannot read IP mode file for EmbeddedOffice.I-CUBE-FS-RTOS.1.0.1
2025-11-27 22:13:58,943 [WARN] PackLoader:240 - Cannot read IP mode file for STMicroelectronics.X-CUBE-WB05N.2.0.0
2025-11-27 22:13:58,957 [WARN] PackLoader:240 - Cannot read IP mode file for wolfSSL.I-CUBE-wolfTPM.3.8.0
2025-11-27 22:13:58,974 [WARN] PackLoader:240 - Cannot read IP mode file for STMicroelectronics.X-CUBE-TCPP.4.2.0
2025-11-27 22:13:58,983 [WARN] PackLoader:240 - Cannot read IP mode file for RealThread.X-CUBE-RT-Thread_Nano.4.1.1
2025-11-27 22:13:58,989 [WARN] PackLoader:240 - Cannot read IP mode file for STMicroelectronics.FP-ATR-SIGFOX1.3.2.0
2025-11-27 22:13:58,997 [WARN] PackLoader:240 - Cannot read IP mode file for ITTIA_DB.I-CUBE-ITTIADB.8.9.0
2025-11-27 22:13:59,005 [WARN] PackLoader:240 - Cannot read IP mode file for STMicroelectronics.X-CUBE-ST67W61.1.0.0
2025-11-27 22:13:59,015 [WARN] PackLoader:240 - Cannot read IP mode file for STMicroelectronics.X-CUBE-AI.10.2.0
2025-11-27 22:13:59,038 [WARN] PackLoader:240 - Cannot read IP mode file for SEGGER.I-CUBE-embOS.1.3.1
2025-11-27 22:13:59,094 [WARN] PackLoader:240 - Cannot read IP mode file for STMicroelectronics.X-CUBE-ALGOBUILD.1.4.0
2025-11-27 22:13:59,137 [WARN] PackLoader:240 - Cannot read IP mode file for STMicroelectronics.X-CUBE-MEMS1.11.3.0
2025-11-27 22:13:59,290 [WARN] PackLoader:240 - Cannot read IP mode file for STMicroelectronics.X-CUBE-PM33A1.1.0.0
2025-11-27 22:13:59,308 [WARN] PackLoader:240 - Cannot read IP mode file for STMicroelectronics.X-CUBE-AZRTOS-F4.1.1.0
2025-11-27 22:13:59,313 [WARN] PackLoader:240 - Cannot read IP mode file for Avnet-IotConnect.X-CUBE-IoTC-DA16k-PMOD.1.0.0
2025-11-27 22:13:59,317 [WARN] PackLoader:240 - Cannot read IP mode file for STMicroelectronics.X-CUBE-ISPU.2.1.0
2025-11-27 22:13:59,326 [WARN] PackLoader:240 - Cannot read IP mode file for STMicroelectronics.X-CUBE-IPS.3.2.0
2025-11-27 22:13:59,343 [WARN] PackLoader:240 - Cannot read IP mode file for STMicroelectronics.X-CUBE-NFC12.1.0.0
2025-11-27 22:13:59,362 [WARN] PackLoader:240 - Cannot read IP mode file for STMicroelectronics.X-CUBE-AZRTOS-L5.2.0.0
2025-11-27 22:13:59,372 [WARN] PackLoader:240 - Cannot read IP mode file for STMicroelectronics.X-CUBE-NFC6.3.1.0
2025-11-27 22:13:59,379 [WARN] PackLoader:240 - Cannot read IP mode file for STMicroelectronics.X-CUBE-FREERTOS.1.3.1
2025-11-27 22:13:59,388 [WARN] PackLoader:240 - Cannot read IP mode file for STMicroelectronics.X-CUBE-TOUCHGFX.4.26.0
2025-11-27 22:13:59,397 [WARN] PackLoader:240 - Cannot read IP mode file for STMicroelectronics.FP-SNS-STAIOTCFT.1.0.0
2025-11-27 22:13:59,402 [WARN] PackLoader:240 - Cannot read IP mode file for STMicroelectronics.X-CUBE-DPower.1.3.0
2025-11-27 22:13:59,418 [WARN] ConditionMgr:438 - getConditionDescription Invalid condition id : LAN8742 Phy interface Condition cause : null
2025-11-27 22:13:59,418 [WARN] PackLoader:240 - Cannot read IP mode file for STMicroelectronics.X-CUBE-AZRTOS-L4.2.0.0
2025-11-27 22:13:59,420 [WARN] ConditionMgr:1044 - genDependencies : Invalid condition id : LAN8742 Phy interface Condition cause : null
2025-11-27 22:13:59,420 [WARN] ConditionMgr:1044 - genDependencies : Invalid condition id : LAN8742 Phy interface Condition cause : null
2025-11-27 22:13:59,421 [WARN] ConditionMgr:1044 - genDependencies : Invalid condition id : LAN8742 Phy interface Condition cause : null
2025-11-27 22:13:59,429 [WARN] PackLoader:240 - Cannot read IP mode file for STMicroelectronics.X-CUBE-SFXS2LP1.4.0.0
2025-11-27 22:13:59,441 [WARN] PackLoader:240 - Cannot read IP mode file for STMicroelectronics.X-CUBE-BLEMGR.4.1.0
2025-11-27 22:13:59,460 [WARN] ConditionMgr:438 - getConditionDescription Invalid condition id : UX DEVICE CLASS RTOS Condition cause : null
2025-11-27 22:13:59,460 [WARN] ConditionMgr:438 - getConditionDescription Invalid condition id : UX DEVICE CLASS RTOS Condition cause : null
2025-11-27 22:13:59,462 [WARN] PackLoader:240 - Cannot read IP mode file for STMicroelectronics.X-CUBE-AZRTOS-WB.2.0.0
2025-11-27 22:13:59,462 [WARN] ConditionMgr:1044 - genDependencies : Invalid condition id : UX DEVICE CLASS RTOS Condition cause : null
2025-11-27 22:13:59,462 [WARN] ConditionMgr:1044 - genDependencies : Invalid condition id : UX DEVICE CLASS RTOS Condition cause : null
2025-11-27 22:13:59,463 [WARN] ConditionMgr:1044 - genDependencies : Invalid condition id : UX DEVICE CLASS RTOS Condition cause : null
2025-11-27 22:13:59,463 [WARN] ConditionMgr:1044 - genDependencies : Invalid condition id : UX DEVICE CLASS RTOS Condition cause : null
2025-11-27 22:13:59,463 [WARN] ConditionMgr:1044 - genDependencies : Invalid condition id : UX DEVICE CLASS RTOS Condition cause : null
2025-11-27 22:13:59,467 [WARN] PackLoader:240 - Cannot read IP mode file for STMicroelectronics.X-CUBE-GNSS1.7.0.1
2025-11-27 22:13:59,473 [WARN] PackLoader:240 - Cannot read IP mode file for STMicroelectronics.X-CUBE-TOUCHGFX.4.25.0
2025-11-27 22:13:59,478 [WARN] ConditionMgr:438 - getConditionDescription Invalid condition id : Cortex-A Device cause : null
2025-11-27 22:13:59,489 [WARN] ConditionMgr:1044 - genDependencies : Invalid condition id : Cortex-A Device cause : null
2025-11-27 22:13:59,489 [WARN] ConditionMgr:1044 - genDependencies : Invalid condition id : Cortex-A Device cause : null
2025-11-27 22:13:59,489 [WARN] ConditionMgr:1044 - genDependencies : Invalid condition id : Cortex-A Device cause : null
2025-11-27 22:13:59,499 [WARN] PackLoader:240 - Cannot read IP mode file for STMicroelectronics.X-CUBE-SUBG2.5.0.0
2025-11-27 22:13:59,519 [WARN] PackLoader:240 - Cannot read IP mode file for STMicroelectronics.X-CUBE-AZRTOS-H7RS.1.1.0
2025-11-27 22:13:59,541 [WARN] PackLoader:240 - Cannot read IP mode file for Cesanta.I-CUBE-Mongoose.7.13.0
2025-11-27 22:13:59,575 [WARN] PackLoader:240 - Cannot read IP mode file for STMicroelectronics.X-CUBE-AZRTOS-G4.2.0.0
2025-11-27 22:13:59,605 [WARN] PackLoader:240 - Cannot read IP mode file for wolfSSL.I-CUBE-wolfSSH.1.4.20
2025-11-27 22:13:59,615 [WARN] PackLoader:240 - Cannot read IP mode file for STMicroelectronics.X-CUBE-NFC7.2.0.0
2025-11-27 22:13:59,643 [WARN] PackLoader:240 - Cannot read IP mode file for STMicroelectronics.X-CUBE-IPS.3.1.0
2025-11-27 22:13:59,658 [WARN] PackLoader:240 - Cannot read IP mode file for STMicroelectronics.X-CUBE-ALS.1.0.2
2025-11-27 22:13:59,666 [WARN] PackLoader:240 - Cannot read IP mode file for STMicroelectronics.X-CUBE-STSE01.1.0.0
2025-11-27 22:13:59,680 [WARN] PackLoader:240 - Cannot read IP mode file for STMicroelectronics.X-CUBE-TOF1.3.4.3
2025-11-27 22:13:59,723 [INFO] ThirdParty:978 - Integrity check success = true
2025-11-27 22:13:59,723 [INFO] IntegrityCheckThread:100 - exiting critical section [integrity check]
2025-11-27 22:13:59,723 [INFO] IntegrityCheckThread:103 - End integrity checks thread
2025-11-27 22:14:00,260 [INFO] WebApp:463 - Apply proxy settings
2025-11-27 22:14:00,261 [INFO] WebApp:548 - Chromium requires no authentication
2025-11-27 22:14:00,306 [INFO] WebApp:491 - Direct internet connection detected
2025-11-27 22:14:00,406 [INFO] WebApp:900 - Register for checkConnection events
2025-11-27 22:14:00,408 [INFO] WebApp:463 - Apply proxy settings
2025-11-27 22:14:00,408 [INFO] WebApp:548 - Chromium requires no authentication
2025-11-27 22:14:00,408 [INFO] WebApp:491 - Direct internet connection detected
2025-11-27 22:14:00,723 [INFO] WebApp:191 - Connection restablished
2025-11-27 22:14:00,731 [INFO] WebApp:225 - Starting web application
2025-11-27 22:14:00,731 [INFO] WebApp:593 - Web application path used C:\ST\STM32CubeIDE_1.19.0\STM32CubeIDE\plugins\com.st.stm32cube.common.mx_6.15.0.202507011659\db\plugins\mcufinder\reactClient1\index.html
