2025-11-28 00:12:44,618 [ERROR] ConfigurationRetriever:142 - IOException on connection: Connect timed out
2025-11-28 01:56:59,686 [ERROR] LogOutputStream:75 - [STDERR_REDIRECT] 
2025-11-28 22:05:36,475 [INFO] Activator:176 - 


2025-11-28 22:05:36,485 [INFO] Activator:177 - !SESSION log4j initialized
2025-11-28 22:05:44,770 [INFO] LogOutputStream:77 - [STDOUT_REDIRECT] 
2025-11-28 22:06:00,562 [INFO] ApplicationProperties:184 - Using Application install path: C:\ST\STM32CubeIDE_1.19.0\STM32CubeIDE\plugins\com.st.stm32cube.common.mx_6.15.0.202507011659
2025-11-28 22:06:00,585 [INFO] DbMcusXml:78 - Set database path to: C:\ST\STM32CubeIDE_1.19.0\STM32CubeIDE\plugins\com.st.stm32cube.common.mx_6.15.0.202507011659\\db\/mcu/
2025-11-28 22:06:00,585 [INFO] ApiDb:274 - Set plugin database path to: C:\ST\STM32CubeIDE_1.19.0\STM32CubeIDE\plugins\com.st.stm32cube.common.mx_6.15.0.202507011659\\db\/plugins/boardmanager/
2025-11-28 22:06:00,585 [WARN] ApiDb:259 - Overriding images path with different value:  => C:\ST\STM32CubeIDE_1.19.0\STM32CubeIDE\plugins\com.st.stm32cube.common.mx_6.15.0.202507011659\\db\/plugins/mcufinder/images/
2025-11-28 22:06:00,585 [INFO] ApiDb:250 - Set database path to: C:\Users\user\.stmcufinder\plugins\mcufinder//mcu/
2025-11-28 22:06:00,585 [INFO] DbMcusAds:125 - Set database path to: C:\Users\user\.stmcufinder\plugins\mcufinder//mcu/
2025-11-28 22:06:00,601 [INFO] CrossReferenceDbSqlite:203 - Set database path to: C:\Users\user\.stmcufinder\plugins\mcufinder//mcu/cs/
2025-11-28 22:06:00,743 [INFO] RulesReader:64 - Compatibility file has been processed (317 Rules)
2025-11-28 22:06:00,883 [INFO] DbMcusXml:78 - Set database path to: C:\ST\STM32CubeIDE_1.19.0\STM32CubeIDE\plugins\com.st.stm32cube.common.mx_6.15.0.202507011659\\db\/mcu/
2025-11-28 22:06:00,883 [INFO] ApiDb:274 - Set plugin database path to: C:\ST\STM32CubeIDE_1.19.0\STM32CubeIDE\plugins\com.st.stm32cube.common.mx_6.15.0.202507011659\\db\/plugins/boardmanager/
2025-11-28 22:06:00,883 [INFO] ApiDb:261 - Set plugin images path to: C:\ST\STM32CubeIDE_1.19.0\STM32CubeIDE\plugins\com.st.stm32cube.common.mx_6.15.0.202507011659\\db\/plugins/mcufinder/images/
2025-11-28 22:06:00,883 [WARN] DbFile:41 - Overriding database path with different value: C:\Users\user\.stmcufinder\plugins\mcufinder/ => C:\Users\user\.stmcufinder\plugins\mcufinder
2025-11-28 22:06:00,883 [INFO] ApiDb:250 - Set database path to: C:\Users\user\.stmcufinder\plugins\mcufinder//mcu/
2025-11-28 22:06:00,883 [WARN] DbFile:41 - Overriding database path with different value: C:\Users\user\.stmcufinder\plugins\mcufinder/ => C:\Users\user\.stmcufinder\plugins\mcufinder
2025-11-28 22:06:00,883 [INFO] DbMcusAds:125 - Set database path to: C:\Users\user\.stmcufinder\plugins\mcufinder//mcu/
2025-11-28 22:06:00,883 [WARN] DbFile:41 - Overriding database path with different value: C:\Users\user\.stmcufinder\plugins\mcufinder/ => C:\Users\user\.stmcufinder\plugins\mcufinder
2025-11-28 22:06:00,883 [WARN] DbFile:41 - Overriding database path with different value: C:\Users\user\.stmcufinder\plugins\mcufinder/ => C:\Users\user\.stmcufinder\plugins\mcufinder
2025-11-28 22:06:00,883 [INFO] CrossReferenceDbSqlite:203 - Set database path to: C:\Users\user\.stmcufinder\plugins\mcufinder//mcu/cs/
2025-11-28 22:06:00,959 [INFO] MainPanel:274 - HeapMemory: 272629760
2025-11-28 22:06:01,082 [INFO] DbMcusXml:78 - Set database path to: C:\ST\STM32CubeIDE_1.19.0\STM32CubeIDE\plugins\com.st.stm32cube.common.mx_6.15.0.202507011659\\db\/mcu/
2025-11-28 22:06:01,082 [INFO] ApiDb:274 - Set plugin database path to: C:\ST\STM32CubeIDE_1.19.0\STM32CubeIDE\plugins\com.st.stm32cube.common.mx_6.15.0.202507011659\\db\/plugins/boardmanager/
2025-11-28 22:06:01,082 [INFO] ApiDb:261 - Set plugin images path to: C:\ST\STM32CubeIDE_1.19.0\STM32CubeIDE\plugins\com.st.stm32cube.common.mx_6.15.0.202507011659\\db\/plugins/mcufinder/images/
2025-11-28 22:06:01,082 [WARN] DbFile:41 - Overriding database path with different value: C:\Users\user\.stmcufinder\plugins\mcufinder/ => C:\Users\user\.stmcufinder\plugins\mcufinder
2025-11-28 22:06:01,082 [INFO] ApiDb:250 - Set database path to: C:\Users\user\.stmcufinder\plugins\mcufinder//mcu/
2025-11-28 22:06:01,082 [WARN] DbFile:41 - Overriding database path with different value: C:\Users\user\.stmcufinder\plugins\mcufinder/ => C:\Users\user\.stmcufinder\plugins\mcufinder
2025-11-28 22:06:01,082 [INFO] DbMcusAds:125 - Set database path to: C:\Users\user\.stmcufinder\plugins\mcufinder//mcu/
2025-11-28 22:06:01,082 [WARN] DbFile:41 - Overriding database path with different value: C:\Users\user\.stmcufinder\plugins\mcufinder/ => C:\Users\user\.stmcufinder\plugins\mcufinder
2025-11-28 22:06:01,082 [WARN] DbFile:41 - Overriding database path with different value: C:\Users\user\.stmcufinder\plugins\mcufinder/ => C:\Users\user\.stmcufinder\plugins\mcufinder
2025-11-28 22:06:01,082 [INFO] CrossReferenceDbSqlite:203 - Set database path to: C:\Users\user\.stmcufinder\plugins\mcufinder//mcu/cs/
2025-11-28 22:06:01,108 [INFO] ApplicationProperties:184 - Using Application install path: C:\ST\STM32CubeIDE_1.19.0\STM32CubeIDE\plugins\com.st.stm32cube.common.mx_6.15.0.202507011659
2025-11-28 22:06:01,110 [INFO] PluginManage:196 - Search for loadable plugins [exclusion list=, ]
2025-11-28 22:06:01,110 [INFO] PluginManage:310 - Check plugin analytics
2025-11-28 22:06:01,326 [INFO] AnalyticsPlugin:253 - Accepted Software Licenses: 
2025-11-28 22:06:01,326 [INFO] AnalyticsPlugin:255 - Accepted CMSIS Pack Licenses: 
2025-11-28 22:06:01,326 [INFO] AnalyticsPlugin:257 - Accepted Firmware Licenses: FW.L4.1.18.0
2025-11-28 22:06:01,328 [INFO] PluginManage:359 - Loaded plugin analytics (category:tool,tabindex:-1)
2025-11-28 22:06:01,328 [INFO] PluginManage:310 - Check plugin cadmodel
2025-11-28 22:06:01,328 [INFO] CADModel:105 - Init CAD model plugin
2025-11-28 22:06:01,328 [INFO] PluginManage:359 - Loaded plugin cadmodel (category:power,tabindex:5)
2025-11-28 22:06:01,328 [INFO] PluginManage:310 - Check plugin clock
2025-11-28 22:06:01,344 [INFO] PluginManage:359 - Loaded plugin clock (category:base,tabindex:2)
2025-11-28 22:06:01,344 [INFO] PluginManage:310 - Check plugin ddr
2025-11-28 22:06:01,344 [INFO] PluginManage:359 - Loaded plugin ddr (category:tool,tabindex:6)
2025-11-28 22:06:01,344 [INFO] PluginManage:310 - Check plugin filemanager
2025-11-28 22:06:01,490 [INFO] PluginManage:359 - Loaded plugin filemanager (category:base,tabindex:10)
2025-11-28 22:06:01,490 [INFO] PluginManage:310 - Check plugin ipmanager
2025-11-28 22:06:01,498 [INFO] PluginManage:359 - Loaded plugin ipmanager (category:base,tabindex:5)
2025-11-28 22:06:01,498 [INFO] PluginManage:310 - Check plugin lpbam
2025-11-28 22:06:01,503 [INFO] PluginManage:359 - Loaded plugin lpbam (category:base,tabindex:0)
2025-11-28 22:06:01,503 [INFO] PluginManage:310 - Check plugin memorymap
2025-11-28 22:06:01,519 [INFO] PluginManage:359 - Loaded plugin memorymap (category:base,tabindex:4)
2025-11-28 22:06:01,519 [INFO] PluginManage:310 - Check plugin pinoutandconfiguration
2025-11-28 22:06:01,523 [INFO] PluginManage:359 - Loaded plugin pinoutandconfiguration (category:base,tabindex:1)
2025-11-28 22:06:01,523 [INFO] PluginManage:310 - Check plugin pinoutconfig
2025-11-28 22:06:01,598 [WARN] SupportedApi:132 - Cannot load RTOS API schema: s4s-elt-must-match.1: The content of 'definitions' must match (annotation?, (simpleType | complexType)?, (unique | key | keyref)*)). A problem was found starting at: attribute.
2025-11-28 22:06:01,787 [INFO] PluginManage:359 - Loaded plugin pinoutconfig (category:base,tabindex:0)
2025-11-28 22:06:01,787 [INFO] PluginManage:310 - Check plugin power
2025-11-28 22:06:01,803 [INFO] PluginManage:359 - Loaded plugin power (category:power,tabindex:4)
2025-11-28 22:06:01,803 [INFO] PluginManage:310 - Check plugin projectmanager
2025-11-28 22:06:01,819 [INFO] PluginManage:359 - Loaded plugin projectmanager (category:projectmanager,tabindex:4)
2025-11-28 22:06:01,819 [INFO] PluginManage:310 - Check plugin rif
2025-11-28 22:06:01,836 [INFO] PluginManage:359 - Loaded plugin rif (category:base,tabindex:3)
2025-11-28 22:06:01,836 [INFO] PluginManage:310 - Check plugin thirdparty
2025-11-28 22:06:01,994 [WARN] IntegrityCheckThread:84 - waiting for thirdparty lock release [integrity check]
2025-11-28 22:06:01,994 [INFO] IntegrityCheckThread:86 - entering critical section [integrity check]
2025-11-28 22:06:01,994 [INFO] ThirdPartyUpdaterWithRetryManager:70 - Updater plugin not ready yet. [1/15]
2025-11-28 22:06:01,994 [INFO] PluginManage:359 - Loaded plugin thirdparty (category:base,tabindex:-1)
2025-11-28 22:06:01,994 [INFO] PluginManage:310 - Check plugin tools
2025-11-28 22:06:01,994 [INFO] PluginManage:359 - Loaded plugin tools (category:base,tabindex:7)
2025-11-28 22:06:01,994 [INFO] PluginManage:310 - Check plugin tutovideos
2025-11-28 22:06:02,231 [INFO] PluginManage:359 - Loaded plugin tutovideos (category:base,tabindex:-1)
2025-11-28 22:06:02,231 [INFO] PluginManage:310 - Check plugin updater
2025-11-28 22:06:02,263 [INFO] PluginManage:359 - Loaded plugin updater (category:base,tabindex:12)
2025-11-28 22:06:02,263 [INFO] PluginManage:310 - Check plugin userauth
2025-11-28 22:06:02,263 [INFO] UserAuth:118 - Init User Auth plugin
2025-11-28 22:06:02,263 [INFO] PluginManage:359 - Loaded plugin userauth (category:base,tabindex:14)
2025-11-28 22:06:02,263 [INFO] PluginManage:283 - PluginManage : Loaded plugins [18]
2025-11-28 22:06:02,470 [INFO] PinOutPanel:1589 - setPackage(No Configuration,No Configuration)
2025-11-28 22:06:02,561 [INFO] CADModel:165 - CPN selected for project level
2025-11-28 22:06:02,561 [INFO] CADModel:114 - Register for checkConnection events
2025-11-28 22:06:02,582 [INFO] IPUIPlugin:80 - create IPUIPlugin
2025-11-28 22:06:02,582 [INFO] PluginManager:220 - loadIPPluginJar : add adc
2025-11-28 22:06:02,582 [INFO] IPUIPlugin:80 - create IPUIPlugin
2025-11-28 22:06:02,582 [INFO] PluginManager:220 - loadIPPluginJar : add aes
2025-11-28 22:06:02,582 [INFO] IPUIPlugin:80 - create IPUIPlugin
2025-11-28 22:06:02,582 [INFO] PluginManager:220 - loadIPPluginJar : add can
2025-11-28 22:06:02,582 [INFO] IPUIPlugin:80 - create IPUIPlugin
2025-11-28 22:06:02,582 [INFO] PluginManager:220 - loadIPPluginJar : add comp
2025-11-28 22:06:02,582 [INFO] IPUIPlugin:80 - create IPUIPlugin
2025-11-28 22:06:02,582 [INFO] PluginManager:220 - loadIPPluginJar : add cryp
2025-11-28 22:06:02,598 [INFO] IPUIPlugin:80 - create IPUIPlugin
2025-11-28 22:06:02,598 [INFO] PluginManager:220 - loadIPPluginJar : add ddr_ctrl_phy
2025-11-28 22:06:02,598 [INFO] IPUIPlugin:80 - create IPUIPlugin
2025-11-28 22:06:02,598 [INFO] PluginManager:220 - loadIPPluginJar : add dfsdm
2025-11-28 22:06:02,608 [INFO] IPUIPlugin:80 - create IPUIPlugin
2025-11-28 22:06:02,608 [INFO] PluginManager:220 - loadIPPluginJar : add dma
2025-11-28 22:06:02,608 [INFO] IPUIPlugin:80 - create IPUIPlugin
2025-11-28 22:06:02,608 [INFO] PluginManager:220 - loadIPPluginJar : add dma3
2025-11-28 22:06:02,614 [INFO] IPUIPlugin:80 - create IPUIPlugin
2025-11-28 22:06:02,614 [INFO] PluginManager:220 - loadIPPluginJar : add extmemmanager
2025-11-28 22:06:02,614 [INFO] IPUIPlugin:80 - create IPUIPlugin
2025-11-28 22:06:02,614 [INFO] PluginManager:220 - loadIPPluginJar : add fatfs
2025-11-28 22:06:02,619 [INFO] IPUIPlugin:80 - create IPUIPlugin
2025-11-28 22:06:02,619 [INFO] PluginManager:220 - loadIPPluginJar : add fmc
2025-11-28 22:06:02,619 [INFO] IPUIPlugin:80 - create IPUIPlugin
2025-11-28 22:06:02,619 [INFO] PluginManager:220 - loadIPPluginJar : add freertos
2025-11-28 22:06:02,630 [INFO] IPUIPlugin:80 - create IPUIPlugin
2025-11-28 22:06:02,630 [INFO] PluginManager:220 - loadIPPluginJar : add genericplugin
2025-11-28 22:06:02,630 [INFO] IPUIPlugin:80 - create IPUIPlugin
2025-11-28 22:06:02,630 [INFO] PluginManager:220 - loadIPPluginJar : add gfxmmu
2025-11-28 22:06:02,646 [INFO] IPUIPlugin:80 - create IPUIPlugin
2025-11-28 22:06:02,646 [INFO] PluginManager:220 - loadIPPluginJar : add gic
2025-11-28 22:06:02,646 [INFO] IPUIPlugin:80 - create IPUIPlugin
2025-11-28 22:06:02,646 [INFO] PluginManager:220 - loadIPPluginJar : add gpio
2025-11-28 22:06:02,646 [INFO] IPUIPlugin:80 - create IPUIPlugin
2025-11-28 22:06:02,646 [INFO] PluginManager:220 - loadIPPluginJar : add gtzc
2025-11-28 22:06:02,646 [INFO] IPUIPlugin:80 - create IPUIPlugin
2025-11-28 22:06:02,646 [INFO] PluginManager:220 - loadIPPluginJar : add hash
2025-11-28 22:06:02,646 [INFO] IPUIPlugin:80 - create IPUIPlugin
2025-11-28 22:06:02,646 [INFO] PluginManager:220 - loadIPPluginJar : add i2c
2025-11-28 22:06:02,661 [INFO] IPUIPlugin:80 - create IPUIPlugin
2025-11-28 22:06:02,661 [INFO] PluginManager:220 - loadIPPluginJar : add i2s
2025-11-28 22:06:02,661 [INFO] IPUIPlugin:80 - create IPUIPlugin
2025-11-28 22:06:02,661 [INFO] PluginManager:220 - loadIPPluginJar : add i3c
2025-11-28 22:06:02,661 [INFO] IPUIPlugin:80 - create IPUIPlugin
2025-11-28 22:06:02,661 [INFO] PluginManager:220 - loadIPPluginJar : add ipddr
2025-11-28 22:06:02,661 [INFO] IPUIPlugin:80 - create IPUIPlugin
2025-11-28 22:06:02,661 [INFO] PluginManager:220 - loadIPPluginJar : add linkedlist
2025-11-28 22:06:02,677 [INFO] IPUIPlugin:80 - create IPUIPlugin
2025-11-28 22:06:02,677 [INFO] PluginManager:220 - loadIPPluginJar : add lorawan
2025-11-28 22:06:02,677 [INFO] IPUIPlugin:80 - create IPUIPlugin
2025-11-28 22:06:02,677 [INFO] PluginManager:220 - loadIPPluginJar : add ltdc
2025-11-28 22:06:02,677 [INFO] IPUIPlugin:80 - create IPUIPlugin
2025-11-28 22:06:02,677 [INFO] PluginManager:220 - loadIPPluginJar : add mdma
2025-11-28 22:06:02,694 [INFO] IPUIPlugin:80 - create IPUIPlugin
2025-11-28 22:06:02,694 [INFO] PluginManager:220 - loadIPPluginJar : add nvic
2025-11-28 22:06:02,694 [INFO] IPUIPlugin:80 - create IPUIPlugin
2025-11-28 22:06:02,694 [INFO] PluginManager:220 - loadIPPluginJar : add opamp
2025-11-28 22:06:02,694 [INFO] IPUIPlugin:80 - create IPUIPlugin
2025-11-28 22:06:02,694 [INFO] PluginManager:220 - loadIPPluginJar : add openamp
2025-11-28 22:06:02,694 [INFO] IPUIPlugin:80 - create IPUIPlugin
2025-11-28 22:06:02,694 [INFO] PluginManager:220 - loadIPPluginJar : add pdm2pcm
2025-11-28 22:06:02,709 [INFO] IPUIPlugin:80 - create IPUIPlugin
2025-11-28 22:06:02,711 [INFO] PluginManager:220 - loadIPPluginJar : add plateformsettings
2025-11-28 22:06:02,713 [INFO] IPUIPlugin:80 - create IPUIPlugin
2025-11-28 22:06:02,713 [INFO] PluginManager:220 - loadIPPluginJar : add quadspi
2025-11-28 22:06:02,713 [INFO] IPUIPlugin:80 - create IPUIPlugin
2025-11-28 22:06:02,713 [INFO] PluginManager:220 - loadIPPluginJar : add radio
2025-11-28 22:06:02,713 [INFO] IPUIPlugin:80 - create IPUIPlugin
2025-11-28 22:06:02,713 [INFO] PluginManager:220 - loadIPPluginJar : add resmgrutility
2025-11-28 22:06:02,713 [INFO] IPUIPlugin:80 - create IPUIPlugin
2025-11-28 22:06:02,713 [INFO] PluginManager:220 - loadIPPluginJar : add sai
2025-11-28 22:06:02,724 [INFO] IPUIPlugin:80 - create IPUIPlugin
2025-11-28 22:06:02,724 [INFO] PluginManager:220 - loadIPPluginJar : add spi
2025-11-28 22:06:02,730 [INFO] IPUIPlugin:80 - create IPUIPlugin
2025-11-28 22:06:02,730 [INFO] PluginManager:220 - loadIPPluginJar : add stm32_wpan
2025-11-28 22:06:02,732 [INFO] IPUIPlugin:80 - create IPUIPlugin
2025-11-28 22:06:02,732 [INFO] PluginManager:220 - loadIPPluginJar : add tim
2025-11-28 22:06:02,732 [INFO] IPUIPlugin:80 - create IPUIPlugin
2025-11-28 22:06:02,732 [INFO] PluginManager:220 - loadIPPluginJar : add touchsensing
2025-11-28 22:06:02,740 [INFO] IPUIPlugin:80 - create IPUIPlugin
2025-11-28 22:06:02,740 [INFO] PluginManager:220 - loadIPPluginJar : add tracer_emb
2025-11-28 22:06:02,740 [INFO] IPUIPlugin:80 - create IPUIPlugin
2025-11-28 22:06:02,740 [INFO] PluginManager:220 - loadIPPluginJar : add ts
2025-11-28 22:06:02,745 [INFO] IPUIPlugin:80 - create IPUIPlugin
2025-11-28 22:06:02,745 [INFO] PluginManager:220 - loadIPPluginJar : add tsc
2025-11-28 22:06:02,747 [INFO] IPUIPlugin:80 - create IPUIPlugin
2025-11-28 22:06:02,747 [INFO] PluginManager:220 - loadIPPluginJar : add ucpd
2025-11-28 22:06:02,747 [INFO] IPUIPlugin:80 - create IPUIPlugin
2025-11-28 22:06:02,747 [INFO] PluginManager:220 - loadIPPluginJar : add usart
2025-11-28 22:06:02,756 [INFO] IPUIPlugin:80 - create IPUIPlugin
2025-11-28 22:06:02,756 [INFO] PluginManager:220 - loadIPPluginJar : add usbx
2025-11-28 22:06:02,882 [FATAL] Updater:351 - Updater called before beeing initialized
2025-11-28 22:06:02,904 [INFO] RulesReader:64 - Compatibility file has been processed (317 Rules)
2025-11-28 22:06:02,916 [INFO] RulesReader:64 - Compatibility file has been processed (317 Rules)
2025-11-28 22:06:02,932 [INFO] CADModel:165 - CPN selected for project level
2025-11-28 22:06:02,932 [INFO] CADModel:114 - Register for checkConnection events
2025-11-28 22:06:02,932 [FATAL] Updater:351 - Updater called before beeing initialized
2025-11-28 22:06:02,932 [ERROR] CADModel:125 - Updater not yet initialized, retry later 
2025-11-28 22:06:03,112 [FATAL] Updater:351 - Updater called before beeing initialized
2025-11-28 22:06:03,118 [INFO] CADModel:165 - CPN selected for project level
2025-11-28 22:06:03,118 [INFO] CADModel:114 - Register for checkConnection events
2025-11-28 22:06:03,118 [FATAL] Updater:351 - Updater called before beeing initialized
2025-11-28 22:06:03,118 [ERROR] CADModel:125 - Updater not yet initialized, retry later 
2025-11-28 22:06:03,118 [FATAL] Updater:351 - Updater called before beeing initialized
2025-11-28 22:06:03,260 [FATAL] Updater:351 - Updater called before beeing initialized
2025-11-28 22:06:03,276 [INFO] DbMcusAds:53 - JSON generation date=Mon Nov 10 18:43:00 CST 2025 (1762771380761)
2025-11-28 22:06:03,276 [FATAL] Updater:351 - Updater called before beeing initialized
2025-11-28 22:06:03,340 [WARN] DetailPanel:346 - Failed to get advertising image, set to default
2025-11-28 22:06:03,419 [FATAL] Updater:351 - Updater called before beeing initialized
2025-11-28 22:06:03,419 [FATAL] Updater:351 - Updater called before beeing initialized
2025-11-28 22:06:03,419 [FATAL] Updater:351 - Updater called before beeing initialized
2025-11-28 22:06:03,419 [WARN] DetailPanel:346 - Failed to get advertising image, set to default
2025-11-28 22:06:03,419 [FATAL] Updater:351 - Updater called before beeing initialized
2025-11-28 22:06:03,454 [ERROR] Updater:1198 - MainUpdater not yet initialized. External WinMGr cannot be set.
2025-11-28 22:06:03,467 [INFO] Updater:1134 - Updater Version found : 6.15.0
2025-11-28 22:06:03,483 [INFO] ApplicationProperties:184 - Using Application install path: C:\ST\STM32CubeIDE_1.19.0\STM32CubeIDE\plugins\com.st.stm32cube.common.mx_6.15.0.202507011659
2025-11-28 22:06:05,000 [INFO] ThirdPartyUpdaterWithRetryManager:70 - Updater plugin not ready yet. [2/15]
2025-11-28 22:06:05,084 [ERROR] LogOutputStream:75 - [STDERR_REDIRECT] Nov 28, 2025 10:06:05 PM java.util.prefs.WindowsPreferences <init>
2025-11-28 22:06:05,086 [ERROR] LogOutputStream:75 - [STDERR_REDIRECT] WARNING: Could not open/create prefs root node Software\JavaSoft\Prefs at root 0xffffffff80000002. Windows RegCreateKeyEx(...) returned error code 5.
2025-11-28 22:06:05,086 [ERROR] LogOutputStream:75 - [STDERR_REDIRECT] 
2025-11-28 22:06:05,504 [INFO] MainUpdater:2872 - connection check result : 10
2025-11-28 22:06:05,507 [INFO] MainUpdater:289 - Updater Check For Update Now.
2025-11-28 22:06:05,507 [INFO] MicroXplorer:498 - Change Database Version : DB.6.0.150
2025-11-28 22:06:05,516 [INFO] McuFinderGlobals:63 - Set McuFinder mode to 2 (CubeIDE integrated)
2025-11-28 22:06:05,516 [INFO] UserAuth:171 - activating auth plugin
2025-11-28 22:06:05,526 [INFO] UserAuth:487 - Internet connection configuration mode: 1
2025-11-28 22:06:05,578 [INFO] JxBrowserEngine:152 - Initiate JxBrowser Engine with user profile folder
2025-11-28 22:06:05,753 [INFO] CheckServerUpdateThread:120 - End of CheckServer Thread
2025-11-28 22:06:07,556 [INFO] WebApp:169 - Instantiating new browser for Auth
2025-11-28 22:06:08,315 [WARN] PackLoader:240 - Cannot read IP mode file for STMicroelectronics.FP-SNS-MOTENVWB1.1.4.0
2025-11-28 22:06:08,322 [WARN] PackLoader:240 - Cannot read IP mode file for STMicroelectronics.FP-ATR-ASTRA1.2.0.2
2025-11-28 22:06:08,337 [WARN] PackLoader:240 - Cannot read IP mode file for STMicroelectronics.X-CUBE-SMBUS.2.1.0
2025-11-28 22:06:08,337 [WARN] PackLoader:240 - Cannot read IP mode file for STMicroelectronics.X-CUBE-ST60.1.0.0
2025-11-28 22:06:08,395 [WARN] PackLoader:240 - Cannot read IP mode file for STMicroelectronics.X-CUBE-AZRTOS-F7.1.1.0
2025-11-28 22:06:08,407 [WARN] PackLoader:240 - Cannot read IP mode file for STMicroelectronics.FP-SNS-MOTENV1.5.1.0
2025-11-28 22:06:08,424 [WARN] PackLoader:240 - Cannot read IP mode file for WES.I-CUBE-Cesium.1.4.0
2025-11-28 22:06:08,452 [WARN] PackLoader:240 - Cannot read IP mode file for Infineon.AIROC-Wi-Fi-Bluetooth-STM32.1.7.1
2025-11-28 22:06:08,484 [WARN] PackLoader:240 - Cannot read IP mode file for STMicroelectronics.X-CUBE-AZRTOS-H7.3.4.0
2025-11-28 22:06:08,500 [WARN] PackLoader:240 - Cannot read IP mode file for STMicroelectronics.X-CUBE-DISPLAY.3.0.0
2025-11-28 22:06:08,520 [WARN] PackLoader:240 - Cannot read IP mode file for STMicroelectronics.X-CUBE-NFC10.1.0.0
2025-11-28 22:06:08,525 [WARN] PackLoader:240 - Cannot read IP mode file for STMicroelectronics.X-CUBE-ST60.1.1.0
2025-11-28 22:06:08,525 [WARN] PackLoader:240 - Cannot read IP mode file for emotas.I-CUBE-CANOPEN.1.3.0
2025-11-28 22:06:08,536 [WARN] PackLoader:240 - Cannot read IP mode file for STMicroelectronics.X-CUBE-GNSS1.7.1.0
2025-11-28 22:06:08,536 [WARN] PackLoader:240 - Cannot read IP mode file for STMicroelectronics.FP-SNS-STBOX1.2.1.0
2025-11-28 22:06:08,558 [WARN] PackLoader:240 - Cannot read IP mode file for STMicroelectronics.FP-SNS-SMARTAG2.1.2.0
2025-11-28 22:06:08,560 [WARN] PackLoader:240 - Cannot read IP mode file for STMicroelectronics.FP-SNS-FLIGHT1.5.1.0
2025-11-28 22:06:08,572 [INFO] LogOutputStream:77 - [STDOUT_REDIRECT] 1 : Invalid condition id : UX_CORESTACK_Condition cause : null
2025-11-28 22:06:08,572 [INFO] LogOutputStream:77 - [STDOUT_REDIRECT] 1 : Invalid condition id : UX_CORESTACK_Condition cause : null
2025-11-28 22:06:08,572 [INFO] LogOutputStream:77 - [STDOUT_REDIRECT] 1 : Invalid condition id : UX_CORESTACK_Condition cause : null
2025-11-28 22:06:08,572 [INFO] LogOutputStream:77 - [STDOUT_REDIRECT] 1 : Invalid condition id : UX_CORESTACK_Condition cause : null
2025-11-28 22:06:08,572 [INFO] LogOutputStream:77 - [STDOUT_REDIRECT] 1 : Invalid condition id : UX_CORESTACK_Condition cause : null
2025-11-28 22:06:08,572 [WARN] PackLoader:240 - Cannot read IP mode file for STMicroelectronics.X-CUBE-AZRTOS-WL.2.0.0
2025-11-28 22:06:08,587 [WARN] PackLoader:240 - Cannot read IP mode file for STMicroelectronics.FP-SNS-MOTENV1.5.0.0
2025-11-28 22:06:08,610 [WARN] PackLoader:240 - Cannot read IP mode file for STMicroelectronics.X-CUBE-AZRTOS-H7RS.1.2.0
2025-11-28 22:06:08,618 [WARN] PackLoader:240 - Cannot read IP mode file for STMicroelectronics.X-CUBE-BLE2.3.3.0
2025-11-28 22:06:08,650 [WARN] PackLoader:240 - Cannot read IP mode file for STMicroelectronics.X-CUBE-NFC9.1.0.0
2025-11-28 22:06:08,666 [WARN] PackLoader:240 - Cannot read IP mode file for wolfSSL.I-CUBE-wolfSSL.5.8.2
2025-11-28 22:06:08,678 [WARN] PackLoader:240 - Cannot read IP mode file for STMicroelectronics.X-CUBE-BLE1.7.1.0
2025-11-28 22:06:08,681 [WARN] PackLoader:240 - Cannot read IP mode file for wolfSSL.I-CUBE-wolfMQTT.1.19.2
2025-11-28 22:06:08,681 [WARN] PackLoader:240 - Cannot read IP mode file for STMicroelectronics.X-CUBE-FREERTOS.1.4.0
2025-11-28 22:06:08,697 [WARN] PackLoader:240 - Cannot read IP mode file for STMicroelectronics.X-CUBE-EEPRMA1.5.2.0
2025-11-28 22:06:08,742 [WARN] PackLoader:240 - Cannot read IP mode file for STMicroelectronics.X-CUBE-ST67W61.1.1.0
2025-11-28 22:06:08,792 [WARN] PackLoader:240 - Cannot read IP mode file for STMicroelectronics.X-CUBE-MEMS1.12.0.0
2025-11-28 22:06:08,918 [WARN] PackLoader:240 - Cannot read IP mode file for STMicroelectronics.X-CUBE-AZRTOS-G0.1.1.0
2025-11-28 22:06:08,944 [WARN] PackLoader:240 - Cannot read IP mode file for STMicroelectronics.X-CUBE-SAFEA1.1.2.2
2025-11-28 22:06:08,950 [WARN] PackLoader:240 - Cannot read IP mode file for STMicroelectronics.X-CUBE-NFC4.3.0.0
2025-11-28 22:06:08,950 [WARN] PackLoader:240 - Cannot read IP mode file for EmbeddedOffice.I-CUBE-FS-RTOS.1.0.1
2025-11-28 22:06:08,966 [WARN] PackLoader:240 - Cannot read IP mode file for STMicroelectronics.X-CUBE-WB05N.2.0.0
2025-11-28 22:06:08,966 [WARN] PackLoader:240 - Cannot read IP mode file for wolfSSL.I-CUBE-wolfTPM.3.8.0
2025-11-28 22:06:08,966 [WARN] PackLoader:240 - Cannot read IP mode file for STMicroelectronics.X-CUBE-TCPP.4.2.0
2025-11-28 22:06:08,981 [WARN] PackLoader:240 - Cannot read IP mode file for RealThread.X-CUBE-RT-Thread_Nano.4.1.1
2025-11-28 22:06:08,981 [WARN] PackLoader:240 - Cannot read IP mode file for STMicroelectronics.FP-ATR-SIGFOX1.3.2.0
2025-11-28 22:06:08,997 [WARN] PackLoader:240 - Cannot read IP mode file for ITTIA_DB.I-CUBE-ITTIADB.8.9.0
2025-11-28 22:06:08,997 [WARN] PackLoader:240 - Cannot read IP mode file for STMicroelectronics.X-CUBE-ST67W61.1.0.0
2025-11-28 22:06:09,015 [WARN] PackLoader:240 - Cannot read IP mode file for STMicroelectronics.X-CUBE-AI.10.2.0
2025-11-28 22:06:09,029 [WARN] PackLoader:240 - Cannot read IP mode file for SEGGER.I-CUBE-embOS.1.3.1
2025-11-28 22:06:09,077 [WARN] PackLoader:240 - Cannot read IP mode file for STMicroelectronics.X-CUBE-ALGOBUILD.1.4.0
2025-11-28 22:06:09,124 [WARN] PackLoader:240 - Cannot read IP mode file for STMicroelectronics.X-CUBE-MEMS1.11.3.0
2025-11-28 22:06:09,269 [WARN] PackLoader:240 - Cannot read IP mode file for STMicroelectronics.X-CUBE-PM33A1.1.0.0
2025-11-28 22:06:09,282 [WARN] PackLoader:240 - Cannot read IP mode file for STMicroelectronics.X-CUBE-AZRTOS-F4.1.1.0
2025-11-28 22:06:09,282 [WARN] PackLoader:240 - Cannot read IP mode file for Avnet-IotConnect.X-CUBE-IoTC-DA16k-PMOD.1.0.0
2025-11-28 22:06:09,282 [WARN] PackLoader:240 - Cannot read IP mode file for STMicroelectronics.X-CUBE-ISPU.2.1.0
2025-11-28 22:06:09,298 [WARN] PackLoader:240 - Cannot read IP mode file for STMicroelectronics.X-CUBE-IPS.3.2.0
2025-11-28 22:06:09,314 [WARN] PackLoader:240 - Cannot read IP mode file for STMicroelectronics.X-CUBE-NFC12.1.0.0
2025-11-28 22:06:09,352 [WARN] PackLoader:240 - Cannot read IP mode file for STMicroelectronics.X-CUBE-AZRTOS-L5.2.0.0
2025-11-28 22:06:09,362 [WARN] PackLoader:240 - Cannot read IP mode file for STMicroelectronics.X-CUBE-NFC6.3.1.0
2025-11-28 22:06:09,370 [WARN] PackLoader:240 - Cannot read IP mode file for STMicroelectronics.X-CUBE-FREERTOS.1.3.1
2025-11-28 22:06:09,380 [WARN] PackLoader:240 - Cannot read IP mode file for STMicroelectronics.X-CUBE-TOUCHGFX.4.26.0
2025-11-28 22:06:09,386 [WARN] PackLoader:240 - Cannot read IP mode file for STMicroelectronics.FP-SNS-STAIOTCFT.1.0.0
2025-11-28 22:06:09,392 [WARN] PackLoader:240 - Cannot read IP mode file for STMicroelectronics.X-CUBE-DPower.1.3.0
2025-11-28 22:06:09,425 [WARN] ConditionMgr:438 - getConditionDescription Invalid condition id : LAN8742 Phy interface Condition cause : null
2025-11-28 22:06:09,425 [WARN] PackLoader:240 - Cannot read IP mode file for STMicroelectronics.X-CUBE-AZRTOS-L4.2.0.0
2025-11-28 22:06:09,425 [WARN] ConditionMgr:1044 - genDependencies : Invalid condition id : LAN8742 Phy interface Condition cause : null
2025-11-28 22:06:09,425 [WARN] ConditionMgr:1044 - genDependencies : Invalid condition id : LAN8742 Phy interface Condition cause : null
2025-11-28 22:06:09,425 [WARN] ConditionMgr:1044 - genDependencies : Invalid condition id : LAN8742 Phy interface Condition cause : null
2025-11-28 22:06:09,443 [WARN] PackLoader:240 - Cannot read IP mode file for STMicroelectronics.X-CUBE-SFXS2LP1.4.0.0
2025-11-28 22:06:09,456 [WARN] PackLoader:240 - Cannot read IP mode file for STMicroelectronics.X-CUBE-BLEMGR.4.1.0
2025-11-28 22:06:09,473 [WARN] ConditionMgr:438 - getConditionDescription Invalid condition id : UX DEVICE CLASS RTOS Condition cause : null
2025-11-28 22:06:09,473 [WARN] ConditionMgr:438 - getConditionDescription Invalid condition id : UX DEVICE CLASS RTOS Condition cause : null
2025-11-28 22:06:09,473 [WARN] PackLoader:240 - Cannot read IP mode file for STMicroelectronics.X-CUBE-AZRTOS-WB.2.0.0
2025-11-28 22:06:09,473 [WARN] ConditionMgr:1044 - genDependencies : Invalid condition id : UX DEVICE CLASS RTOS Condition cause : null
2025-11-28 22:06:09,473 [WARN] ConditionMgr:1044 - genDependencies : Invalid condition id : UX DEVICE CLASS RTOS Condition cause : null
2025-11-28 22:06:09,473 [WARN] ConditionMgr:1044 - genDependencies : Invalid condition id : UX DEVICE CLASS RTOS Condition cause : null
2025-11-28 22:06:09,473 [WARN] ConditionMgr:1044 - genDependencies : Invalid condition id : UX DEVICE CLASS RTOS Condition cause : null
2025-11-28 22:06:09,473 [WARN] ConditionMgr:1044 - genDependencies : Invalid condition id : UX DEVICE CLASS RTOS Condition cause : null
2025-11-28 22:06:09,488 [WARN] PackLoader:240 - Cannot read IP mode file for STMicroelectronics.X-CUBE-GNSS1.7.0.1
2025-11-28 22:06:09,504 [WARN] PackLoader:240 - Cannot read IP mode file for STMicroelectronics.X-CUBE-TOUCHGFX.4.25.0
2025-11-28 22:06:09,519 [WARN] ConditionMgr:438 - getConditionDescription Invalid condition id : Cortex-A Device cause : null
2025-11-28 22:06:09,545 [WARN] ConditionMgr:1044 - genDependencies : Invalid condition id : Cortex-A Device cause : null
2025-11-28 22:06:09,545 [WARN] ConditionMgr:1044 - genDependencies : Invalid condition id : Cortex-A Device cause : null
2025-11-28 22:06:09,546 [WARN] ConditionMgr:1044 - genDependencies : Invalid condition id : Cortex-A Device cause : null
2025-11-28 22:06:09,572 [WARN] PackLoader:240 - Cannot read IP mode file for STMicroelectronics.X-CUBE-SUBG2.5.0.0
2025-11-28 22:06:09,604 [WARN] PackLoader:240 - Cannot read IP mode file for STMicroelectronics.X-CUBE-AZRTOS-H7RS.1.1.0
2025-11-28 22:06:09,604 [INFO] WebApp:463 - Apply proxy settings
2025-11-28 22:06:09,604 [INFO] WebApp:548 - Chromium requires no authentication
2025-11-28 22:06:09,614 [WARN] PackLoader:240 - Cannot read IP mode file for Cesanta.I-CUBE-Mongoose.7.13.0
2025-11-28 22:06:09,640 [WARN] PackLoader:240 - Cannot read IP mode file for STMicroelectronics.X-CUBE-AZRTOS-G4.2.0.0
2025-11-28 22:06:09,656 [WARN] PackLoader:240 - Cannot read IP mode file for wolfSSL.I-CUBE-wolfSSH.1.4.20
2025-11-28 22:06:09,656 [WARN] PackLoader:240 - Cannot read IP mode file for STMicroelectronics.X-CUBE-NFC7.2.0.0
2025-11-28 22:06:09,686 [WARN] PackLoader:240 - Cannot read IP mode file for STMicroelectronics.X-CUBE-IPS.3.1.0
2025-11-28 22:06:09,701 [WARN] PackLoader:240 - Cannot read IP mode file for STMicroelectronics.X-CUBE-ALS.1.0.2
2025-11-28 22:06:09,706 [INFO] WebApp:491 - Direct internet connection detected
2025-11-28 22:06:09,706 [WARN] PackLoader:240 - Cannot read IP mode file for STMicroelectronics.X-CUBE-STSE01.1.0.0
2025-11-28 22:06:09,741 [WARN] PackLoader:240 - Cannot read IP mode file for STMicroelectronics.X-CUBE-TOF1.3.4.3
2025-11-28 22:06:09,753 [INFO] ThirdParty:978 - Integrity check success = true
2025-11-28 22:06:09,753 [INFO] IntegrityCheckThread:100 - exiting critical section [integrity check]
2025-11-28 22:06:09,753 [INFO] IntegrityCheckThread:103 - End integrity checks thread
2025-11-28 22:06:09,939 [INFO] WebApp:900 - Register for checkConnection events
2025-11-28 22:06:09,939 [INFO] WebApp:463 - Apply proxy settings
2025-11-28 22:06:09,939 [INFO] WebApp:548 - Chromium requires no authentication
2025-11-28 22:06:09,939 [INFO] WebApp:491 - Direct internet connection detected
2025-11-28 22:06:10,038 [INFO] WebApp:191 - Connection restablished
2025-11-28 22:06:10,374 [INFO] WebApp:225 - Starting web application
2025-11-28 22:06:10,374 [INFO] WebApp:593 - Web application path used C:\ST\STM32CubeIDE_1.19.0\STM32CubeIDE\plugins\com.st.stm32cube.common.mx_6.15.0.202507011659\db\plugins\mcufinder\reactClient1\index.html
2025-11-28 23:35:29,737 [ERROR] LogOutputStream:75 - [STDERR_REDIRECT] 
