2025-11-18 21:49:11,965 [INFO] Activator:176 - 


2025-11-18 21:49:11,970 [INFO] Activator:177 - !SESSION log4j initialized
2025-11-18 21:49:19,334 [INFO] LogOutputStream:77 - [STDOUT_REDIRECT] 
2025-11-18 21:49:19,892 [ERROR] ConfigurationRetriever:142 - IOException on connection: sw-center.st.com
2025-11-18 21:49:19,892 [ERROR] ConfigurationRetriever:142 - IOException on connection: sw-center.st.com
2025-11-18 21:49:19,893 [ERROR] ConfigurationRetriever:142 - IOException on connection: sw-center.st.com
2025-11-18 21:49:34,420 [INFO] ApplicationProperties:184 - Using Application install path: C:\ST\STM32CubeIDE_1.19.0\STM32CubeIDE\plugins\com.st.stm32cube.common.mx_6.15.0.202507011659
2025-11-18 21:49:34,437 [INFO] DbMcusXml:78 - Set database path to: C:\ST\STM32CubeIDE_1.19.0\STM32CubeIDE\plugins\com.st.stm32cube.common.mx_6.15.0.202507011659\\db\/mcu/
2025-11-18 21:49:34,438 [INFO] ApiDb:274 - Set plugin database path to: C:\ST\STM32CubeIDE_1.19.0\STM32CubeIDE\plugins\com.st.stm32cube.common.mx_6.15.0.202507011659\\db\/plugins/boardmanager/
2025-11-18 21:49:34,438 [WARN] ApiDb:259 - Overriding images path with different value:  => C:\ST\STM32CubeIDE_1.19.0\STM32CubeIDE\plugins\com.st.stm32cube.common.mx_6.15.0.202507011659\\db\/plugins/mcufinder/images/
2025-11-18 21:49:34,446 [INFO] ApiDb:250 - Set database path to: C:\Users\user\.stmcufinder\plugins\mcufinder//mcu/
2025-11-18 21:49:34,447 [INFO] DbMcusAds:125 - Set database path to: C:\Users\user\.stmcufinder\plugins\mcufinder//mcu/
2025-11-18 21:49:34,455 [INFO] CrossReferenceDbSqlite:203 - Set database path to: C:\Users\user\.stmcufinder\plugins\mcufinder//mcu/cs/
2025-11-18 21:49:34,553 [INFO] RulesReader:64 - Compatibility file has been processed (317 Rules)
2025-11-18 21:49:34,651 [INFO] DbMcusXml:78 - Set database path to: C:\ST\STM32CubeIDE_1.19.0\STM32CubeIDE\plugins\com.st.stm32cube.common.mx_6.15.0.202507011659\\db\/mcu/
2025-11-18 21:49:34,651 [INFO] ApiDb:274 - Set plugin database path to: C:\ST\STM32CubeIDE_1.19.0\STM32CubeIDE\plugins\com.st.stm32cube.common.mx_6.15.0.202507011659\\db\/plugins/boardmanager/
2025-11-18 21:49:34,651 [INFO] ApiDb:261 - Set plugin images path to: C:\ST\STM32CubeIDE_1.19.0\STM32CubeIDE\plugins\com.st.stm32cube.common.mx_6.15.0.202507011659\\db\/plugins/mcufinder/images/
2025-11-18 21:49:34,652 [WARN] DbFile:41 - Overriding database path with different value: C:\Users\user\.stmcufinder\plugins\mcufinder/ => C:\Users\user\.stmcufinder\plugins\mcufinder
2025-11-18 21:49:34,652 [INFO] ApiDb:250 - Set database path to: C:\Users\user\.stmcufinder\plugins\mcufinder//mcu/
2025-11-18 21:49:34,652 [WARN] DbFile:41 - Overriding database path with different value: C:\Users\user\.stmcufinder\plugins\mcufinder/ => C:\Users\user\.stmcufinder\plugins\mcufinder
2025-11-18 21:49:34,652 [INFO] DbMcusAds:125 - Set database path to: C:\Users\user\.stmcufinder\plugins\mcufinder//mcu/
2025-11-18 21:49:34,652 [WARN] DbFile:41 - Overriding database path with different value: C:\Users\user\.stmcufinder\plugins\mcufinder/ => C:\Users\user\.stmcufinder\plugins\mcufinder
2025-11-18 21:49:34,652 [WARN] DbFile:41 - Overriding database path with different value: C:\Users\user\.stmcufinder\plugins\mcufinder/ => C:\Users\user\.stmcufinder\plugins\mcufinder
2025-11-18 21:49:34,652 [INFO] CrossReferenceDbSqlite:203 - Set database path to: C:\Users\user\.stmcufinder\plugins\mcufinder//mcu/cs/
2025-11-18 21:49:34,725 [INFO] MainPanel:274 - HeapMemory: 268435456
2025-11-18 21:49:34,843 [INFO] DbMcusXml:78 - Set database path to: C:\ST\STM32CubeIDE_1.19.0\STM32CubeIDE\plugins\com.st.stm32cube.common.mx_6.15.0.202507011659\\db\/mcu/
2025-11-18 21:49:34,843 [INFO] ApiDb:274 - Set plugin database path to: C:\ST\STM32CubeIDE_1.19.0\STM32CubeIDE\plugins\com.st.stm32cube.common.mx_6.15.0.202507011659\\db\/plugins/boardmanager/
2025-11-18 21:49:34,843 [INFO] ApiDb:261 - Set plugin images path to: C:\ST\STM32CubeIDE_1.19.0\STM32CubeIDE\plugins\com.st.stm32cube.common.mx_6.15.0.202507011659\\db\/plugins/mcufinder/images/
2025-11-18 21:49:34,844 [WARN] DbFile:41 - Overriding database path with different value: C:\Users\user\.stmcufinder\plugins\mcufinder/ => C:\Users\user\.stmcufinder\plugins\mcufinder
2025-11-18 21:49:34,844 [INFO] ApiDb:250 - Set database path to: C:\Users\user\.stmcufinder\plugins\mcufinder//mcu/
2025-11-18 21:49:34,844 [WARN] DbFile:41 - Overriding database path with different value: C:\Users\user\.stmcufinder\plugins\mcufinder/ => C:\Users\user\.stmcufinder\plugins\mcufinder
2025-11-18 21:49:34,844 [INFO] DbMcusAds:125 - Set database path to: C:\Users\user\.stmcufinder\plugins\mcufinder//mcu/
2025-11-18 21:49:34,844 [WARN] DbFile:41 - Overriding database path with different value: C:\Users\user\.stmcufinder\plugins\mcufinder/ => C:\Users\user\.stmcufinder\plugins\mcufinder
2025-11-18 21:49:34,844 [WARN] DbFile:41 - Overriding database path with different value: C:\Users\user\.stmcufinder\plugins\mcufinder/ => C:\Users\user\.stmcufinder\plugins\mcufinder
2025-11-18 21:49:34,844 [INFO] CrossReferenceDbSqlite:203 - Set database path to: C:\Users\user\.stmcufinder\plugins\mcufinder//mcu/cs/
2025-11-18 21:49:34,869 [INFO] ApplicationProperties:184 - Using Application install path: C:\ST\STM32CubeIDE_1.19.0\STM32CubeIDE\plugins\com.st.stm32cube.common.mx_6.15.0.202507011659
2025-11-18 21:49:34,870 [INFO] PluginManage:196 - Search for loadable plugins [exclusion list=, ]
2025-11-18 21:49:34,872 [INFO] PluginManage:310 - Check plugin analytics
2025-11-18 21:49:35,086 [INFO] AnalyticsPlugin:253 - Accepted Software Licenses: 
2025-11-18 21:49:35,086 [INFO] AnalyticsPlugin:255 - Accepted CMSIS Pack Licenses: 
2025-11-18 21:49:35,086 [INFO] AnalyticsPlugin:257 - Accepted Firmware Licenses: FW.L4.1.18.0
2025-11-18 21:49:35,091 [INFO] PluginManage:359 - Loaded plugin analytics (category:tool,tabindex:-1)
2025-11-18 21:49:35,092 [INFO] PluginManage:310 - Check plugin cadmodel
2025-11-18 21:49:35,101 [ERROR] ConfigurationRetriever:142 - IOException on connection: sw-center.st.com
2025-11-18 21:49:35,102 [ERROR] ConfigurationRetriever:142 - IOException on connection: sw-center.st.com
2025-11-18 21:49:35,102 [ERROR] ConfigurationRetriever:142 - IOException on connection: sw-center.st.com
2025-11-18 21:49:35,103 [INFO] CADModel:105 - Init CAD model plugin
2025-11-18 21:49:35,104 [INFO] PluginManage:359 - Loaded plugin cadmodel (category:power,tabindex:5)
2025-11-18 21:49:35,104 [INFO] PluginManage:310 - Check plugin clock
2025-11-18 21:49:35,118 [INFO] PluginManage:359 - Loaded plugin clock (category:base,tabindex:2)
2025-11-18 21:49:35,118 [INFO] PluginManage:310 - Check plugin ddr
2025-11-18 21:49:35,121 [INFO] PluginManage:359 - Loaded plugin ddr (category:tool,tabindex:6)
2025-11-18 21:49:35,121 [INFO] PluginManage:310 - Check plugin filemanager
2025-11-18 21:49:35,306 [INFO] PluginManage:359 - Loaded plugin filemanager (category:base,tabindex:10)
2025-11-18 21:49:35,306 [INFO] PluginManage:310 - Check plugin ipmanager
2025-11-18 21:49:35,313 [INFO] PluginManage:359 - Loaded plugin ipmanager (category:base,tabindex:5)
2025-11-18 21:49:35,313 [INFO] PluginManage:310 - Check plugin lpbam
2025-11-18 21:49:35,322 [INFO] PluginManage:359 - Loaded plugin lpbam (category:base,tabindex:0)
2025-11-18 21:49:35,322 [INFO] PluginManage:310 - Check plugin memorymap
2025-11-18 21:49:35,340 [INFO] PluginManage:359 - Loaded plugin memorymap (category:base,tabindex:4)
2025-11-18 21:49:35,340 [INFO] PluginManage:310 - Check plugin pinoutandconfiguration
2025-11-18 21:49:35,349 [INFO] PluginManage:359 - Loaded plugin pinoutandconfiguration (category:base,tabindex:1)
2025-11-18 21:49:35,350 [INFO] PluginManage:310 - Check plugin pinoutconfig
2025-11-18 21:49:35,419 [WARN] SupportedApi:132 - Cannot load RTOS API schema: s4s-elt-must-match.1: The content of 'definitions' must match (annotation?, (simpleType | complexType)?, (unique | key | keyref)*)). A problem was found starting at: attribute.
2025-11-18 21:49:35,533 [INFO] PluginManage:359 - Loaded plugin pinoutconfig (category:base,tabindex:0)
2025-11-18 21:49:35,533 [INFO] PluginManage:310 - Check plugin power
2025-11-18 21:49:35,543 [INFO] PluginManage:359 - Loaded plugin power (category:power,tabindex:4)
2025-11-18 21:49:35,543 [INFO] PluginManage:310 - Check plugin projectmanager
2025-11-18 21:49:35,556 [INFO] PluginManage:359 - Loaded plugin projectmanager (category:projectmanager,tabindex:4)
2025-11-18 21:49:35,556 [INFO] PluginManage:310 - Check plugin rif
2025-11-18 21:49:35,576 [INFO] PluginManage:359 - Loaded plugin rif (category:base,tabindex:3)
2025-11-18 21:49:35,576 [INFO] PluginManage:310 - Check plugin thirdparty
2025-11-18 21:49:35,770 [WARN] IntegrityCheckThread:84 - waiting for thirdparty lock release [integrity check]
2025-11-18 21:49:35,771 [INFO] IntegrityCheckThread:86 - entering critical section [integrity check]
2025-11-18 21:49:35,771 [INFO] ThirdPartyUpdaterWithRetryManager:70 - Updater plugin not ready yet. [1/15]
2025-11-18 21:49:35,771 [INFO] PluginManage:359 - Loaded plugin thirdparty (category:base,tabindex:-1)
2025-11-18 21:49:35,771 [INFO] PluginManage:310 - Check plugin tools
2025-11-18 21:49:35,775 [INFO] PluginManage:359 - Loaded plugin tools (category:base,tabindex:7)
2025-11-18 21:49:35,775 [INFO] PluginManage:310 - Check plugin tutovideos
2025-11-18 21:49:35,967 [INFO] PluginManage:359 - Loaded plugin tutovideos (category:base,tabindex:-1)
2025-11-18 21:49:35,967 [INFO] PluginManage:310 - Check plugin updater
2025-11-18 21:49:35,985 [INFO] PluginManage:359 - Loaded plugin updater (category:base,tabindex:12)
2025-11-18 21:49:35,985 [INFO] PluginManage:310 - Check plugin userauth
2025-11-18 21:49:35,988 [INFO] UserAuth:118 - Init User Auth plugin
2025-11-18 21:49:35,988 [INFO] PluginManage:359 - Loaded plugin userauth (category:base,tabindex:14)
2025-11-18 21:49:35,989 [INFO] PluginManage:283 - PluginManage : Loaded plugins [18]
2025-11-18 21:49:36,154 [INFO] PinOutPanel:1589 - setPackage(No Configuration,No Configuration)
2025-11-18 21:49:36,223 [INFO] CADModel:165 - CPN selected for project level
2025-11-18 21:49:36,223 [INFO] CADModel:114 - Register for checkConnection events
2025-11-18 21:49:36,245 [INFO] IPUIPlugin:80 - create IPUIPlugin
2025-11-18 21:49:36,245 [INFO] PluginManager:220 - loadIPPluginJar : add adc
2025-11-18 21:49:36,249 [INFO] IPUIPlugin:80 - create IPUIPlugin
2025-11-18 21:49:36,249 [INFO] PluginManager:220 - loadIPPluginJar : add aes
2025-11-18 21:49:36,252 [INFO] IPUIPlugin:80 - create IPUIPlugin
2025-11-18 21:49:36,252 [INFO] PluginManager:220 - loadIPPluginJar : add can
2025-11-18 21:49:36,253 [INFO] IPUIPlugin:80 - create IPUIPlugin
2025-11-18 21:49:36,254 [INFO] PluginManager:220 - loadIPPluginJar : add comp
2025-11-18 21:49:36,256 [INFO] IPUIPlugin:80 - create IPUIPlugin
2025-11-18 21:49:36,256 [INFO] PluginManager:220 - loadIPPluginJar : add cryp
2025-11-18 21:49:36,260 [INFO] IPUIPlugin:80 - create IPUIPlugin
2025-11-18 21:49:36,260 [INFO] PluginManager:220 - loadIPPluginJar : add ddr_ctrl_phy
2025-11-18 21:49:36,262 [INFO] IPUIPlugin:80 - create IPUIPlugin
2025-11-18 21:49:36,263 [INFO] PluginManager:220 - loadIPPluginJar : add dfsdm
2025-11-18 21:49:36,267 [INFO] IPUIPlugin:80 - create IPUIPlugin
2025-11-18 21:49:36,267 [INFO] PluginManager:220 - loadIPPluginJar : add dma
2025-11-18 21:49:36,269 [INFO] IPUIPlugin:80 - create IPUIPlugin
2025-11-18 21:49:36,269 [INFO] PluginManager:220 - loadIPPluginJar : add dma3
2025-11-18 21:49:36,272 [INFO] IPUIPlugin:80 - create IPUIPlugin
2025-11-18 21:49:36,272 [INFO] PluginManager:220 - loadIPPluginJar : add extmemmanager
2025-11-18 21:49:36,275 [INFO] IPUIPlugin:80 - create IPUIPlugin
2025-11-18 21:49:36,275 [INFO] PluginManager:220 - loadIPPluginJar : add fatfs
2025-11-18 21:49:36,278 [INFO] IPUIPlugin:80 - create IPUIPlugin
2025-11-18 21:49:36,279 [INFO] PluginManager:220 - loadIPPluginJar : add fmc
2025-11-18 21:49:36,285 [INFO] IPUIPlugin:80 - create IPUIPlugin
2025-11-18 21:49:36,285 [INFO] PluginManager:220 - loadIPPluginJar : add freertos
2025-11-18 21:49:36,287 [INFO] IPUIPlugin:80 - create IPUIPlugin
2025-11-18 21:49:36,287 [INFO] PluginManager:220 - loadIPPluginJar : add genericplugin
2025-11-18 21:49:36,290 [INFO] IPUIPlugin:80 - create IPUIPlugin
2025-11-18 21:49:36,290 [INFO] PluginManager:220 - loadIPPluginJar : add gfxmmu
2025-11-18 21:49:36,294 [INFO] IPUIPlugin:80 - create IPUIPlugin
2025-11-18 21:49:36,294 [INFO] PluginManager:220 - loadIPPluginJar : add gic
2025-11-18 21:49:36,298 [INFO] IPUIPlugin:80 - create IPUIPlugin
2025-11-18 21:49:36,298 [INFO] PluginManager:220 - loadIPPluginJar : add gpio
2025-11-18 21:49:36,302 [INFO] IPUIPlugin:80 - create IPUIPlugin
2025-11-18 21:49:36,302 [INFO] PluginManager:220 - loadIPPluginJar : add gtzc
2025-11-18 21:49:36,304 [INFO] IPUIPlugin:80 - create IPUIPlugin
2025-11-18 21:49:36,304 [INFO] PluginManager:220 - loadIPPluginJar : add hash
2025-11-18 21:49:36,307 [INFO] IPUIPlugin:80 - create IPUIPlugin
2025-11-18 21:49:36,307 [INFO] PluginManager:220 - loadIPPluginJar : add i2c
2025-11-18 21:49:36,309 [INFO] IPUIPlugin:80 - create IPUIPlugin
2025-11-18 21:49:36,309 [INFO] PluginManager:220 - loadIPPluginJar : add i2s
2025-11-18 21:49:36,312 [INFO] IPUIPlugin:80 - create IPUIPlugin
2025-11-18 21:49:36,312 [INFO] PluginManager:220 - loadIPPluginJar : add i3c
2025-11-18 21:49:36,314 [INFO] IPUIPlugin:80 - create IPUIPlugin
2025-11-18 21:49:36,315 [INFO] PluginManager:220 - loadIPPluginJar : add ipddr
2025-11-18 21:49:36,320 [INFO] IPUIPlugin:80 - create IPUIPlugin
2025-11-18 21:49:36,320 [INFO] PluginManager:220 - loadIPPluginJar : add linkedlist
2025-11-18 21:49:36,322 [INFO] IPUIPlugin:80 - create IPUIPlugin
2025-11-18 21:49:36,323 [INFO] PluginManager:220 - loadIPPluginJar : add lorawan
2025-11-18 21:49:36,325 [INFO] IPUIPlugin:80 - create IPUIPlugin
2025-11-18 21:49:36,325 [INFO] PluginManager:220 - loadIPPluginJar : add ltdc
2025-11-18 21:49:36,330 [INFO] IPUIPlugin:80 - create IPUIPlugin
2025-11-18 21:49:36,330 [INFO] PluginManager:220 - loadIPPluginJar : add mdma
2025-11-18 21:49:36,333 [INFO] IPUIPlugin:80 - create IPUIPlugin
2025-11-18 21:49:36,333 [INFO] PluginManager:220 - loadIPPluginJar : add nvic
2025-11-18 21:49:36,336 [INFO] IPUIPlugin:80 - create IPUIPlugin
2025-11-18 21:49:36,336 [INFO] PluginManager:220 - loadIPPluginJar : add opamp
2025-11-18 21:49:36,338 [INFO] IPUIPlugin:80 - create IPUIPlugin
2025-11-18 21:49:36,339 [INFO] PluginManager:220 - loadIPPluginJar : add openamp
2025-11-18 21:49:36,341 [INFO] IPUIPlugin:80 - create IPUIPlugin
2025-11-18 21:49:36,341 [INFO] PluginManager:220 - loadIPPluginJar : add pdm2pcm
2025-11-18 21:49:36,346 [INFO] IPUIPlugin:80 - create IPUIPlugin
2025-11-18 21:49:36,348 [INFO] PluginManager:220 - loadIPPluginJar : add plateformsettings
2025-11-18 21:49:36,350 [INFO] IPUIPlugin:80 - create IPUIPlugin
2025-11-18 21:49:36,350 [INFO] PluginManager:220 - loadIPPluginJar : add quadspi
2025-11-18 21:49:36,352 [INFO] IPUIPlugin:80 - create IPUIPlugin
2025-11-18 21:49:36,352 [INFO] PluginManager:220 - loadIPPluginJar : add radio
2025-11-18 21:49:36,356 [INFO] IPUIPlugin:80 - create IPUIPlugin
2025-11-18 21:49:36,356 [INFO] PluginManager:220 - loadIPPluginJar : add resmgrutility
2025-11-18 21:49:36,359 [INFO] IPUIPlugin:80 - create IPUIPlugin
2025-11-18 21:49:36,359 [INFO] PluginManager:220 - loadIPPluginJar : add sai
2025-11-18 21:49:36,363 [INFO] IPUIPlugin:80 - create IPUIPlugin
2025-11-18 21:49:36,363 [INFO] PluginManager:220 - loadIPPluginJar : add spi
2025-11-18 21:49:36,368 [INFO] IPUIPlugin:80 - create IPUIPlugin
2025-11-18 21:49:36,368 [INFO] PluginManager:220 - loadIPPluginJar : add stm32_wpan
2025-11-18 21:49:36,370 [INFO] IPUIPlugin:80 - create IPUIPlugin
2025-11-18 21:49:36,370 [INFO] PluginManager:220 - loadIPPluginJar : add tim
2025-11-18 21:49:36,374 [INFO] IPUIPlugin:80 - create IPUIPlugin
2025-11-18 21:49:36,374 [INFO] PluginManager:220 - loadIPPluginJar : add touchsensing
2025-11-18 21:49:36,375 [INFO] IPUIPlugin:80 - create IPUIPlugin
2025-11-18 21:49:36,376 [INFO] PluginManager:220 - loadIPPluginJar : add tracer_emb
2025-11-18 21:49:36,377 [INFO] IPUIPlugin:80 - create IPUIPlugin
2025-11-18 21:49:36,378 [INFO] PluginManager:220 - loadIPPluginJar : add ts
2025-11-18 21:49:36,379 [INFO] IPUIPlugin:80 - create IPUIPlugin
2025-11-18 21:49:36,379 [INFO] PluginManager:220 - loadIPPluginJar : add tsc
2025-11-18 21:49:36,381 [INFO] IPUIPlugin:80 - create IPUIPlugin
2025-11-18 21:49:36,381 [INFO] PluginManager:220 - loadIPPluginJar : add ucpd
2025-11-18 21:49:36,384 [INFO] IPUIPlugin:80 - create IPUIPlugin
2025-11-18 21:49:36,384 [INFO] PluginManager:220 - loadIPPluginJar : add usart
2025-11-18 21:49:36,387 [INFO] IPUIPlugin:80 - create IPUIPlugin
2025-11-18 21:49:36,387 [INFO] PluginManager:220 - loadIPPluginJar : add usbx
2025-11-18 21:49:36,500 [FATAL] Updater:351 - Updater called before beeing initialized
2025-11-18 21:49:36,523 [INFO] RulesReader:64 - Compatibility file has been processed (317 Rules)
2025-11-18 21:49:36,535 [INFO] RulesReader:64 - Compatibility file has been processed (317 Rules)
2025-11-18 21:49:36,546 [INFO] CADModel:165 - CPN selected for project level
2025-11-18 21:49:36,546 [INFO] CADModel:114 - Register for checkConnection events
2025-11-18 21:49:36,546 [FATAL] Updater:351 - Updater called before beeing initialized
2025-11-18 21:49:36,547 [ERROR] CADModel:125 - Updater not yet initialized, retry later 
2025-11-18 21:49:36,697 [FATAL] Updater:351 - Updater called before beeing initialized
2025-11-18 21:49:36,698 [INFO] CADModel:165 - CPN selected for project level
2025-11-18 21:49:36,699 [INFO] CADModel:114 - Register for checkConnection events
2025-11-18 21:49:36,699 [FATAL] Updater:351 - Updater called before beeing initialized
2025-11-18 21:49:36,699 [ERROR] CADModel:125 - Updater not yet initialized, retry later 
2025-11-18 21:49:36,701 [FATAL] Updater:351 - Updater called before beeing initialized
2025-11-18 21:49:36,804 [FATAL] Updater:351 - Updater called before beeing initialized
2025-11-18 21:49:36,817 [INFO] DbMcusAds:53 - JSON generation date=Mon Nov 10 18:43:01 CST 2025 (1762771381096)
2025-11-18 21:49:36,817 [FATAL] Updater:351 - Updater called before beeing initialized
2025-11-18 21:49:36,869 [WARN] DetailPanel:346 - Failed to get advertising image, set to default
2025-11-18 21:49:36,939 [FATAL] Updater:351 - Updater called before beeing initialized
2025-11-18 21:49:36,940 [FATAL] Updater:351 - Updater called before beeing initialized
2025-11-18 21:49:36,940 [FATAL] Updater:351 - Updater called before beeing initialized
2025-11-18 21:49:36,940 [WARN] DetailPanel:346 - Failed to get advertising image, set to default
2025-11-18 21:49:36,941 [FATAL] Updater:351 - Updater called before beeing initialized
2025-11-18 21:49:36,982 [ERROR] Updater:1198 - MainUpdater not yet initialized. External WinMGr cannot be set.
2025-11-18 21:49:36,984 [INFO] Updater:1134 - Updater Version found : 6.15.0
2025-11-18 21:49:36,998 [INFO] ApplicationProperties:184 - Using Application install path: C:\ST\STM32CubeIDE_1.19.0\STM32CubeIDE\plugins\com.st.stm32cube.common.mx_6.15.0.202507011659
2025-11-18 21:49:38,573 [ERROR] LogOutputStream:75 - [STDERR_REDIRECT] Nov 18, 2025 9:49:38 PM java.util.prefs.WindowsPreferences <init>
2025-11-18 21:49:38,574 [ERROR] LogOutputStream:75 - [STDERR_REDIRECT] WARNING: Could not open/create prefs root node Software\JavaSoft\Prefs at root 0xffffffff80000002. Windows RegCreateKeyEx(...) returned error code 5.
2025-11-18 21:49:38,574 [ERROR] LogOutputStream:75 - [STDERR_REDIRECT] 
2025-11-18 21:49:38,772 [INFO] ThirdPartyUpdaterWithRetryManager:70 - Updater plugin not ready yet. [2/15]
2025-11-18 21:49:38,837 [INFO] MainUpdater:2872 - connection check result : 22
2025-11-18 21:49:38,837 [INFO] MainUpdater:289 - Updater Check For Update Now.
2025-11-18 21:49:38,838 [INFO] MicroXplorer:498 - Change Database Version : DB.6.0.150
2025-11-18 21:49:38,853 [INFO] McuFinderGlobals:63 - Set McuFinder mode to 2 (CubeIDE integrated)
2025-11-18 21:49:38,853 [INFO] UserAuth:171 - activating auth plugin
2025-11-18 21:49:38,856 [INFO] UserAuth:487 - Internet connection configuration mode: 2
2025-11-18 21:49:38,869 [INFO] UserAuth:487 - Internet connection configuration mode: 2
2025-11-18 21:49:39,024 [INFO] CheckServerUpdateThread:120 - End of CheckServer Thread
2025-11-18 21:49:41,999 [WARN] PackLoader:240 - Cannot read IP mode file for STMicroelectronics.FP-SNS-MOTENVWB1.1.4.0
2025-11-18 21:49:42,006 [WARN] PackLoader:240 - Cannot read IP mode file for STMicroelectronics.FP-ATR-ASTRA1.2.0.2
2025-11-18 21:49:42,011 [WARN] PackLoader:240 - Cannot read IP mode file for STMicroelectronics.X-CUBE-SMBUS.2.1.0
2025-11-18 21:49:42,015 [WARN] PackLoader:240 - Cannot read IP mode file for STMicroelectronics.X-CUBE-ST60.1.0.0
2025-11-18 21:49:42,037 [WARN] PackLoader:240 - Cannot read IP mode file for STMicroelectronics.X-CUBE-AZRTOS-F7.1.1.0
2025-11-18 21:49:42,045 [WARN] PackLoader:240 - Cannot read IP mode file for STMicroelectronics.FP-SNS-MOTENV1.5.1.0
2025-11-18 21:49:42,054 [WARN] PackLoader:240 - Cannot read IP mode file for WES.I-CUBE-Cesium.1.4.0
2025-11-18 21:49:42,075 [WARN] PackLoader:240 - Cannot read IP mode file for Infineon.AIROC-Wi-Fi-Bluetooth-STM32.1.7.1
2025-11-18 21:49:42,102 [WARN] PackLoader:240 - Cannot read IP mode file for STMicroelectronics.X-CUBE-AZRTOS-H7.3.4.0
2025-11-18 21:49:42,112 [WARN] PackLoader:240 - Cannot read IP mode file for STMicroelectronics.X-CUBE-DISPLAY.3.0.0
2025-11-18 21:49:42,126 [WARN] PackLoader:240 - Cannot read IP mode file for STMicroelectronics.X-CUBE-NFC10.1.0.0
2025-11-18 21:49:42,133 [WARN] PackLoader:240 - Cannot read IP mode file for STMicroelectronics.X-CUBE-ST60.1.1.0
2025-11-18 21:49:42,138 [WARN] PackLoader:240 - Cannot read IP mode file for emotas.I-CUBE-CANOPEN.1.3.0
2025-11-18 21:49:42,143 [WARN] PackLoader:240 - Cannot read IP mode file for STMicroelectronics.X-CUBE-GNSS1.7.1.0
2025-11-18 21:49:42,149 [WARN] PackLoader:240 - Cannot read IP mode file for STMicroelectronics.FP-SNS-STBOX1.2.1.0
2025-11-18 21:49:42,154 [WARN] PackLoader:240 - Cannot read IP mode file for STMicroelectronics.FP-SNS-SMARTAG2.1.2.0
2025-11-18 21:49:42,157 [WARN] PackLoader:240 - Cannot read IP mode file for STMicroelectronics.FP-SNS-FLIGHT1.5.1.0
2025-11-18 21:49:42,165 [INFO] LogOutputStream:77 - [STDOUT_REDIRECT] 1 : Invalid condition id : UX_CORESTACK_Condition cause : null
2025-11-18 21:49:42,166 [INFO] LogOutputStream:77 - [STDOUT_REDIRECT] 1 : Invalid condition id : UX_CORESTACK_Condition cause : null
2025-11-18 21:49:42,167 [INFO] LogOutputStream:77 - [STDOUT_REDIRECT] 1 : Invalid condition id : UX_CORESTACK_Condition cause : null
2025-11-18 21:49:42,168 [INFO] LogOutputStream:77 - [STDOUT_REDIRECT] 1 : Invalid condition id : UX_CORESTACK_Condition cause : null
2025-11-18 21:49:42,169 [INFO] LogOutputStream:77 - [STDOUT_REDIRECT] 1 : Invalid condition id : UX_CORESTACK_Condition cause : null
2025-11-18 21:49:42,171 [WARN] PackLoader:240 - Cannot read IP mode file for STMicroelectronics.X-CUBE-AZRTOS-WL.2.0.0
2025-11-18 21:49:42,175 [WARN] PackLoader:240 - Cannot read IP mode file for STMicroelectronics.FP-SNS-MOTENV1.5.0.0
2025-11-18 21:49:42,180 [WARN] PackLoader:240 - Cannot read IP mode file for STMicroelectronics.X-CUBE-BLE2.3.3.0
2025-11-18 21:49:42,200 [WARN] PackLoader:240 - Cannot read IP mode file for STMicroelectronics.X-CUBE-NFC9.1.0.0
2025-11-18 21:49:42,205 [WARN] PackLoader:240 - Cannot read IP mode file for wolfSSL.I-CUBE-wolfSSL.5.8.2
2025-11-18 21:49:42,209 [WARN] PackLoader:240 - Cannot read IP mode file for STMicroelectronics.X-CUBE-BLE1.7.1.0
2025-11-18 21:49:42,212 [WARN] PackLoader:240 - Cannot read IP mode file for wolfSSL.I-CUBE-wolfMQTT.1.19.2
2025-11-18 21:49:42,216 [WARN] PackLoader:240 - Cannot read IP mode file for STMicroelectronics.X-CUBE-EEPRMA1.5.2.0
2025-11-18 21:49:42,222 [WARN] PackLoader:240 - Cannot read IP mode file for STMicroelectronics.X-CUBE-ST67W61.1.1.0
2025-11-18 21:49:42,233 [WARN] PackLoader:240 - Cannot read IP mode file for STMicroelectronics.X-CUBE-AZRTOS-G0.1.1.0
2025-11-18 21:49:42,245 [WARN] PackLoader:240 - Cannot read IP mode file for STMicroelectronics.X-CUBE-SAFEA1.1.2.2
2025-11-18 21:49:42,251 [WARN] PackLoader:240 - Cannot read IP mode file for STMicroelectronics.X-CUBE-NFC4.3.0.0
2025-11-18 21:49:42,258 [WARN] PackLoader:240 - Cannot read IP mode file for EmbeddedOffice.I-CUBE-FS-RTOS.1.0.1
2025-11-18 21:49:42,263 [WARN] PackLoader:240 - Cannot read IP mode file for STMicroelectronics.X-CUBE-WB05N.2.0.0
2025-11-18 21:49:42,266 [WARN] PackLoader:240 - Cannot read IP mode file for wolfSSL.I-CUBE-wolfTPM.3.8.0
2025-11-18 21:49:42,271 [WARN] PackLoader:240 - Cannot read IP mode file for STMicroelectronics.X-CUBE-TCPP.4.2.0
2025-11-18 21:49:42,301 [WARN] PackLoader:240 - Cannot read IP mode file for RealThread.X-CUBE-RT-Thread_Nano.4.1.1
2025-11-18 21:49:42,307 [WARN] PackLoader:240 - Cannot read IP mode file for STMicroelectronics.FP-ATR-SIGFOX1.3.2.0
2025-11-18 21:49:42,312 [WARN] PackLoader:240 - Cannot read IP mode file for ITTIA_DB.I-CUBE-ITTIADB.8.9.0
2025-11-18 21:49:42,320 [WARN] PackLoader:240 - Cannot read IP mode file for STMicroelectronics.X-CUBE-ST67W61.1.0.0
2025-11-18 21:49:42,324 [WARN] PackLoader:240 - Cannot read IP mode file for STMicroelectronics.X-CUBE-AI.10.2.0
2025-11-18 21:49:42,347 [WARN] PackLoader:240 - Cannot read IP mode file for SEGGER.I-CUBE-embOS.1.3.1
2025-11-18 21:49:42,374 [WARN] PackLoader:240 - Cannot read IP mode file for STMicroelectronics.X-CUBE-ALGOBUILD.1.4.0
2025-11-18 21:49:42,403 [WARN] PackLoader:240 - Cannot read IP mode file for STMicroelectronics.X-CUBE-MEMS1.11.3.0
2025-11-18 21:49:42,497 [WARN] PackLoader:240 - Cannot read IP mode file for STMicroelectronics.X-CUBE-PM33A1.1.0.0
2025-11-18 21:49:42,508 [WARN] PackLoader:240 - Cannot read IP mode file for STMicroelectronics.X-CUBE-AZRTOS-F4.1.1.0
2025-11-18 21:49:42,512 [WARN] PackLoader:240 - Cannot read IP mode file for Avnet-IotConnect.X-CUBE-IoTC-DA16k-PMOD.1.0.0
2025-11-18 21:49:42,515 [WARN] PackLoader:240 - Cannot read IP mode file for STMicroelectronics.X-CUBE-ISPU.2.1.0
2025-11-18 21:49:42,523 [WARN] PackLoader:240 - Cannot read IP mode file for STMicroelectronics.X-CUBE-IPS.3.2.0
2025-11-18 21:49:42,532 [WARN] PackLoader:240 - Cannot read IP mode file for STMicroelectronics.X-CUBE-NFC12.1.0.0
2025-11-18 21:49:42,543 [WARN] PackLoader:240 - Cannot read IP mode file for STMicroelectronics.X-CUBE-AZRTOS-L5.2.0.0
2025-11-18 21:49:42,549 [WARN] PackLoader:240 - Cannot read IP mode file for STMicroelectronics.X-CUBE-NFC6.3.1.0
2025-11-18 21:49:42,558 [WARN] PackLoader:240 - Cannot read IP mode file for STMicroelectronics.X-CUBE-FREERTOS.1.3.1
2025-11-18 21:49:42,564 [WARN] PackLoader:240 - Cannot read IP mode file for STMicroelectronics.X-CUBE-TOUCHGFX.4.26.0
2025-11-18 21:49:42,568 [WARN] PackLoader:240 - Cannot read IP mode file for STMicroelectronics.FP-SNS-STAIOTCFT.1.0.0
2025-11-18 21:49:42,572 [WARN] PackLoader:240 - Cannot read IP mode file for STMicroelectronics.X-CUBE-DPower.1.3.0
2025-11-18 21:49:42,583 [WARN] ConditionMgr:438 - getConditionDescription Invalid condition id : LAN8742 Phy interface Condition cause : null
2025-11-18 21:49:42,583 [WARN] PackLoader:240 - Cannot read IP mode file for STMicroelectronics.X-CUBE-AZRTOS-L4.2.0.0
2025-11-18 21:49:42,584 [WARN] ConditionMgr:1044 - genDependencies : Invalid condition id : LAN8742 Phy interface Condition cause : null
2025-11-18 21:49:42,584 [WARN] ConditionMgr:1044 - genDependencies : Invalid condition id : LAN8742 Phy interface Condition cause : null
2025-11-18 21:49:42,585 [WARN] ConditionMgr:1044 - genDependencies : Invalid condition id : LAN8742 Phy interface Condition cause : null
2025-11-18 21:49:42,590 [WARN] PackLoader:240 - Cannot read IP mode file for STMicroelectronics.X-CUBE-SFXS2LP1.4.0.0
2025-11-18 21:49:42,597 [WARN] PackLoader:240 - Cannot read IP mode file for STMicroelectronics.X-CUBE-BLEMGR.4.1.0
2025-11-18 21:49:42,607 [WARN] ConditionMgr:438 - getConditionDescription Invalid condition id : UX DEVICE CLASS RTOS Condition cause : null
2025-11-18 21:49:42,607 [WARN] ConditionMgr:438 - getConditionDescription Invalid condition id : UX DEVICE CLASS RTOS Condition cause : null
2025-11-18 21:49:42,608 [WARN] PackLoader:240 - Cannot read IP mode file for STMicroelectronics.X-CUBE-AZRTOS-WB.2.0.0
2025-11-18 21:49:42,609 [WARN] ConditionMgr:1044 - genDependencies : Invalid condition id : UX DEVICE CLASS RTOS Condition cause : null
2025-11-18 21:49:42,609 [WARN] ConditionMgr:1044 - genDependencies : Invalid condition id : UX DEVICE CLASS RTOS Condition cause : null
2025-11-18 21:49:42,609 [WARN] ConditionMgr:1044 - genDependencies : Invalid condition id : UX DEVICE CLASS RTOS Condition cause : null
2025-11-18 21:49:42,609 [WARN] ConditionMgr:1044 - genDependencies : Invalid condition id : UX DEVICE CLASS RTOS Condition cause : null
2025-11-18 21:49:42,609 [WARN] ConditionMgr:1044 - genDependencies : Invalid condition id : UX DEVICE CLASS RTOS Condition cause : null
2025-11-18 21:49:42,613 [WARN] PackLoader:240 - Cannot read IP mode file for STMicroelectronics.X-CUBE-GNSS1.7.0.1
2025-11-18 21:49:42,616 [WARN] PackLoader:240 - Cannot read IP mode file for STMicroelectronics.X-CUBE-TOUCHGFX.4.25.0
2025-11-18 21:49:42,619 [WARN] ConditionMgr:438 - getConditionDescription Invalid condition id : Cortex-A Device cause : null
2025-11-18 21:49:42,624 [WARN] ConditionMgr:1044 - genDependencies : Invalid condition id : Cortex-A Device cause : null
2025-11-18 21:49:42,625 [WARN] ConditionMgr:1044 - genDependencies : Invalid condition id : Cortex-A Device cause : null
2025-11-18 21:49:42,625 [WARN] ConditionMgr:1044 - genDependencies : Invalid condition id : Cortex-A Device cause : null
2025-11-18 21:49:42,631 [WARN] PackLoader:240 - Cannot read IP mode file for STMicroelectronics.X-CUBE-SUBG2.5.0.0
2025-11-18 21:49:42,644 [WARN] PackLoader:240 - Cannot read IP mode file for STMicroelectronics.X-CUBE-AZRTOS-H7RS.1.1.0
2025-11-18 21:49:42,649 [WARN] PackLoader:240 - Cannot read IP mode file for Cesanta.I-CUBE-Mongoose.7.13.0
2025-11-18 21:49:42,658 [WARN] PackLoader:240 - Cannot read IP mode file for STMicroelectronics.X-CUBE-AZRTOS-G4.2.0.0
2025-11-18 21:49:42,662 [WARN] PackLoader:240 - Cannot read IP mode file for wolfSSL.I-CUBE-wolfSSH.1.4.20
2025-11-18 21:49:42,666 [WARN] PackLoader:240 - Cannot read IP mode file for STMicroelectronics.X-CUBE-NFC7.2.0.0
2025-11-18 21:49:42,674 [WARN] PackLoader:240 - Cannot read IP mode file for STMicroelectronics.X-CUBE-IPS.3.1.0
2025-11-18 21:49:42,682 [WARN] PackLoader:240 - Cannot read IP mode file for STMicroelectronics.X-CUBE-ALS.1.0.2
2025-11-18 21:49:42,686 [WARN] PackLoader:240 - Cannot read IP mode file for STMicroelectronics.X-CUBE-STSE01.1.0.0
2025-11-18 21:49:42,694 [WARN] PackLoader:240 - Cannot read IP mode file for STMicroelectronics.X-CUBE-TOF1.3.4.3
2025-11-18 21:49:42,702 [INFO] ThirdParty:978 - Integrity check success = true
2025-11-18 21:49:42,702 [INFO] IntegrityCheckThread:100 - exiting critical section [integrity check]
2025-11-18 21:49:42,702 [INFO] IntegrityCheckThread:103 - End integrity checks thread
