2025-12-22 21:45:01,423 [INFO] Activator:176 - 


2025-12-22 21:45:01,427 [INFO] Activator:177 - !SESSION log4j initialized
2025-12-22 21:45:09,483 [INFO] LogOutputStream:77 - [STDOUT_REDIRECT] 
2025-12-22 21:45:25,869 [INFO] ApplicationProperties:184 - Using Application install path: C:\ST\STM32CubeIDE_1.19.0\STM32CubeIDE\plugins\com.st.stm32cube.common.mx_6.15.0.202507011659
2025-12-22 21:45:25,888 [INFO] DbMcusXml:78 - Set database path to: C:\ST\STM32CubeIDE_1.19.0\STM32CubeIDE\plugins\com.st.stm32cube.common.mx_6.15.0.202507011659\\db\/mcu/
2025-12-22 21:45:25,888 [INFO] ApiDb:274 - Set plugin database path to: C:\ST\STM32CubeIDE_1.19.0\STM32CubeIDE\plugins\com.st.stm32cube.common.mx_6.15.0.202507011659\\db\/plugins/boardmanager/
2025-12-22 21:45:25,888 [WARN] ApiDb:259 - Overriding images path with different value:  => C:\ST\STM32CubeIDE_1.19.0\STM32CubeIDE\plugins\com.st.stm32cube.common.mx_6.15.0.202507011659\\db\/plugins/mcufinder/images/
2025-12-22 21:45:25,895 [INFO] ApiDb:250 - Set database path to: C:\Users\user\.stmcufinder\plugins\mcufinder//mcu/
2025-12-22 21:45:25,896 [INFO] DbMcusAds:125 - Set database path to: C:\Users\user\.stmcufinder\plugins\mcufinder//mcu/
2025-12-22 21:45:25,904 [INFO] CrossReferenceDbSqlite:203 - Set database path to: C:\Users\user\.stmcufinder\plugins\mcufinder//mcu/cs/
2025-12-22 21:45:26,002 [INFO] RulesReader:64 - Compatibility file has been processed (317 Rules)
2025-12-22 21:45:26,094 [INFO] DbMcusXml:78 - Set database path to: C:\ST\STM32CubeIDE_1.19.0\STM32CubeIDE\plugins\com.st.stm32cube.common.mx_6.15.0.202507011659\\db\/mcu/
2025-12-22 21:45:26,094 [INFO] ApiDb:274 - Set plugin database path to: C:\ST\STM32CubeIDE_1.19.0\STM32CubeIDE\plugins\com.st.stm32cube.common.mx_6.15.0.202507011659\\db\/plugins/boardmanager/
2025-12-22 21:45:26,094 [INFO] ApiDb:261 - Set plugin images path to: C:\ST\STM32CubeIDE_1.19.0\STM32CubeIDE\plugins\com.st.stm32cube.common.mx_6.15.0.202507011659\\db\/plugins/mcufinder/images/
2025-12-22 21:45:26,094 [WARN] DbFile:41 - Overriding database path with different value: C:\Users\user\.stmcufinder\plugins\mcufinder/ => C:\Users\user\.stmcufinder\plugins\mcufinder
2025-12-22 21:45:26,095 [INFO] ApiDb:250 - Set database path to: C:\Users\user\.stmcufinder\plugins\mcufinder//mcu/
2025-12-22 21:45:26,095 [WARN] DbFile:41 - Overriding database path with different value: C:\Users\user\.stmcufinder\plugins\mcufinder/ => C:\Users\user\.stmcufinder\plugins\mcufinder
2025-12-22 21:45:26,095 [INFO] DbMcusAds:125 - Set database path to: C:\Users\user\.stmcufinder\plugins\mcufinder//mcu/
2025-12-22 21:45:26,095 [WARN] DbFile:41 - Overriding database path with different value: C:\Users\user\.stmcufinder\plugins\mcufinder/ => C:\Users\user\.stmcufinder\plugins\mcufinder
2025-12-22 21:45:26,095 [WARN] DbFile:41 - Overriding database path with different value: C:\Users\user\.stmcufinder\plugins\mcufinder/ => C:\Users\user\.stmcufinder\plugins\mcufinder
2025-12-22 21:45:26,095 [INFO] CrossReferenceDbSqlite:203 - Set database path to: C:\Users\user\.stmcufinder\plugins\mcufinder//mcu/cs/
2025-12-22 21:45:26,161 [INFO] MainPanel:274 - HeapMemory: 272629760
2025-12-22 21:45:26,277 [INFO] DbMcusXml:78 - Set database path to: C:\ST\STM32CubeIDE_1.19.0\STM32CubeIDE\plugins\com.st.stm32cube.common.mx_6.15.0.202507011659\\db\/mcu/
2025-12-22 21:45:26,277 [INFO] ApiDb:274 - Set plugin database path to: C:\ST\STM32CubeIDE_1.19.0\STM32CubeIDE\plugins\com.st.stm32cube.common.mx_6.15.0.202507011659\\db\/plugins/boardmanager/
2025-12-22 21:45:26,277 [INFO] ApiDb:261 - Set plugin images path to: C:\ST\STM32CubeIDE_1.19.0\STM32CubeIDE\plugins\com.st.stm32cube.common.mx_6.15.0.202507011659\\db\/plugins/mcufinder/images/
2025-12-22 21:45:26,277 [WARN] DbFile:41 - Overriding database path with different value: C:\Users\user\.stmcufinder\plugins\mcufinder/ => C:\Users\user\.stmcufinder\plugins\mcufinder
2025-12-22 21:45:26,277 [INFO] ApiDb:250 - Set database path to: C:\Users\user\.stmcufinder\plugins\mcufinder//mcu/
2025-12-22 21:45:26,277 [WARN] DbFile:41 - Overriding database path with different value: C:\Users\user\.stmcufinder\plugins\mcufinder/ => C:\Users\user\.stmcufinder\plugins\mcufinder
2025-12-22 21:45:26,277 [INFO] DbMcusAds:125 - Set database path to: C:\Users\user\.stmcufinder\plugins\mcufinder//mcu/
2025-12-22 21:45:26,277 [WARN] DbFile:41 - Overriding database path with different value: C:\Users\user\.stmcufinder\plugins\mcufinder/ => C:\Users\user\.stmcufinder\plugins\mcufinder
2025-12-22 21:45:26,277 [WARN] DbFile:41 - Overriding database path with different value: C:\Users\user\.stmcufinder\plugins\mcufinder/ => C:\Users\user\.stmcufinder\plugins\mcufinder
2025-12-22 21:45:26,278 [INFO] CrossReferenceDbSqlite:203 - Set database path to: C:\Users\user\.stmcufinder\plugins\mcufinder//mcu/cs/
2025-12-22 21:45:26,293 [INFO] ApplicationProperties:184 - Using Application install path: C:\ST\STM32CubeIDE_1.19.0\STM32CubeIDE\plugins\com.st.stm32cube.common.mx_6.15.0.202507011659
2025-12-22 21:45:26,294 [INFO] PluginManage:196 - Search for loadable plugins [exclusion list=, ]
2025-12-22 21:45:26,295 [INFO] PluginManage:310 - Check plugin analytics
2025-12-22 21:45:26,475 [INFO] AnalyticsPlugin:253 - Accepted Software Licenses: 
2025-12-22 21:45:26,476 [INFO] AnalyticsPlugin:255 - Accepted CMSIS Pack Licenses: 
2025-12-22 21:45:26,476 [INFO] AnalyticsPlugin:257 - Accepted Firmware Licenses: FW.L4.1.18.0
2025-12-22 21:45:26,480 [INFO] PluginManage:359 - Loaded plugin analytics (category:tool,tabindex:-1)
2025-12-22 21:45:26,480 [INFO] PluginManage:310 - Check plugin cadmodel
2025-12-22 21:45:26,489 [INFO] CADModel:105 - Init CAD model plugin
2025-12-22 21:45:26,489 [INFO] PluginManage:359 - Loaded plugin cadmodel (category:power,tabindex:5)
2025-12-22 21:45:26,489 [INFO] PluginManage:310 - Check plugin clock
2025-12-22 21:45:26,501 [INFO] PluginManage:359 - Loaded plugin clock (category:base,tabindex:2)
2025-12-22 21:45:26,501 [INFO] PluginManage:310 - Check plugin ddr
2025-12-22 21:45:26,503 [INFO] PluginManage:359 - Loaded plugin ddr (category:tool,tabindex:6)
2025-12-22 21:45:26,503 [INFO] PluginManage:310 - Check plugin filemanager
2025-12-22 21:45:26,639 [INFO] PluginManage:359 - Loaded plugin filemanager (category:base,tabindex:10)
2025-12-22 21:45:26,639 [INFO] PluginManage:310 - Check plugin ipmanager
2025-12-22 21:45:26,645 [INFO] PluginManage:359 - Loaded plugin ipmanager (category:base,tabindex:5)
2025-12-22 21:45:26,645 [INFO] PluginManage:310 - Check plugin lpbam
2025-12-22 21:45:26,652 [INFO] PluginManage:359 - Loaded plugin lpbam (category:base,tabindex:0)
2025-12-22 21:45:26,653 [INFO] PluginManage:310 - Check plugin memorymap
2025-12-22 21:45:26,667 [INFO] PluginManage:359 - Loaded plugin memorymap (category:base,tabindex:4)
2025-12-22 21:45:26,667 [INFO] PluginManage:310 - Check plugin pinoutandconfiguration
2025-12-22 21:45:26,675 [INFO] PluginManage:359 - Loaded plugin pinoutandconfiguration (category:base,tabindex:1)
2025-12-22 21:45:26,675 [INFO] PluginManage:310 - Check plugin pinoutconfig
2025-12-22 21:45:26,745 [WARN] SupportedApi:132 - Cannot load RTOS API schema: s4s-elt-must-match.1: The content of 'definitions' must match (annotation?, (simpleType | complexType)?, (unique | key | keyref)*)). A problem was found starting at: attribute.
2025-12-22 21:45:26,866 [INFO] PluginManage:359 - Loaded plugin pinoutconfig (category:base,tabindex:0)
2025-12-22 21:45:26,866 [INFO] PluginManage:310 - Check plugin power
2025-12-22 21:45:26,876 [INFO] PluginManage:359 - Loaded plugin power (category:power,tabindex:4)
2025-12-22 21:45:26,876 [INFO] PluginManage:310 - Check plugin projectmanager
2025-12-22 21:45:26,889 [INFO] PluginManage:359 - Loaded plugin projectmanager (category:projectmanager,tabindex:4)
2025-12-22 21:45:26,890 [INFO] PluginManage:310 - Check plugin rif
2025-12-22 21:45:26,899 [INFO] PluginManage:359 - Loaded plugin rif (category:base,tabindex:3)
2025-12-22 21:45:26,900 [INFO] PluginManage:310 - Check plugin thirdparty
2025-12-22 21:45:27,036 [WARN] IntegrityCheckThread:84 - waiting for thirdparty lock release [integrity check]
2025-12-22 21:45:27,036 [INFO] IntegrityCheckThread:86 - entering critical section [integrity check]
2025-12-22 21:45:27,037 [INFO] ThirdPartyUpdaterWithRetryManager:70 - Updater plugin not ready yet. [1/15]
2025-12-22 21:45:27,037 [INFO] PluginManage:359 - Loaded plugin thirdparty (category:base,tabindex:-1)
2025-12-22 21:45:27,037 [INFO] PluginManage:310 - Check plugin tools
2025-12-22 21:45:27,041 [INFO] PluginManage:359 - Loaded plugin tools (category:base,tabindex:7)
2025-12-22 21:45:27,041 [INFO] PluginManage:310 - Check plugin tutovideos
2025-12-22 21:45:27,246 [INFO] PluginManage:359 - Loaded plugin tutovideos (category:base,tabindex:-1)
2025-12-22 21:45:27,246 [INFO] PluginManage:310 - Check plugin updater
2025-12-22 21:45:27,263 [INFO] PluginManage:359 - Loaded plugin updater (category:base,tabindex:12)
2025-12-22 21:45:27,263 [INFO] PluginManage:310 - Check plugin userauth
2025-12-22 21:45:27,267 [INFO] UserAuth:118 - Init User Auth plugin
2025-12-22 21:45:27,267 [INFO] PluginManage:359 - Loaded plugin userauth (category:base,tabindex:14)
2025-12-22 21:45:27,268 [INFO] PluginManage:283 - PluginManage : Loaded plugins [18]
2025-12-22 21:45:27,438 [INFO] PinOutPanel:1589 - setPackage(No Configuration,No Configuration)
2025-12-22 21:45:27,507 [INFO] CADModel:165 - CPN selected for project level
2025-12-22 21:45:27,507 [INFO] CADModel:114 - Register for checkConnection events
2025-12-22 21:45:27,523 [INFO] IPUIPlugin:80 - create IPUIPlugin
2025-12-22 21:45:27,524 [INFO] PluginManager:220 - loadIPPluginJar : add adc
2025-12-22 21:45:27,527 [INFO] IPUIPlugin:80 - create IPUIPlugin
2025-12-22 21:45:27,527 [INFO] PluginManager:220 - loadIPPluginJar : add aes
2025-12-22 21:45:27,529 [INFO] IPUIPlugin:80 - create IPUIPlugin
2025-12-22 21:45:27,529 [INFO] PluginManager:220 - loadIPPluginJar : add can
2025-12-22 21:45:27,531 [INFO] IPUIPlugin:80 - create IPUIPlugin
2025-12-22 21:45:27,531 [INFO] PluginManager:220 - loadIPPluginJar : add comp
2025-12-22 21:45:27,534 [INFO] IPUIPlugin:80 - create IPUIPlugin
2025-12-22 21:45:27,534 [INFO] PluginManager:220 - loadIPPluginJar : add cryp
2025-12-22 21:45:27,537 [INFO] IPUIPlugin:80 - create IPUIPlugin
2025-12-22 21:45:27,538 [INFO] PluginManager:220 - loadIPPluginJar : add ddr_ctrl_phy
2025-12-22 21:45:27,540 [INFO] IPUIPlugin:80 - create IPUIPlugin
2025-12-22 21:45:27,540 [INFO] PluginManager:220 - loadIPPluginJar : add dfsdm
2025-12-22 21:45:27,546 [INFO] IPUIPlugin:80 - create IPUIPlugin
2025-12-22 21:45:27,546 [INFO] PluginManager:220 - loadIPPluginJar : add dma
2025-12-22 21:45:27,548 [INFO] IPUIPlugin:80 - create IPUIPlugin
2025-12-22 21:45:27,548 [INFO] PluginManager:220 - loadIPPluginJar : add dma3
2025-12-22 21:45:27,551 [INFO] IPUIPlugin:80 - create IPUIPlugin
2025-12-22 21:45:27,551 [INFO] PluginManager:220 - loadIPPluginJar : add extmemmanager
2025-12-22 21:45:27,553 [INFO] IPUIPlugin:80 - create IPUIPlugin
2025-12-22 21:45:27,553 [INFO] PluginManager:220 - loadIPPluginJar : add fatfs
2025-12-22 21:45:27,556 [INFO] IPUIPlugin:80 - create IPUIPlugin
2025-12-22 21:45:27,556 [INFO] PluginManager:220 - loadIPPluginJar : add fmc
2025-12-22 21:45:27,563 [INFO] IPUIPlugin:80 - create IPUIPlugin
2025-12-22 21:45:27,563 [INFO] PluginManager:220 - loadIPPluginJar : add freertos
2025-12-22 21:45:27,564 [INFO] IPUIPlugin:80 - create IPUIPlugin
2025-12-22 21:45:27,565 [INFO] PluginManager:220 - loadIPPluginJar : add genericplugin
2025-12-22 21:45:27,567 [INFO] IPUIPlugin:80 - create IPUIPlugin
2025-12-22 21:45:27,567 [INFO] PluginManager:220 - loadIPPluginJar : add gfxmmu
2025-12-22 21:45:27,571 [INFO] IPUIPlugin:80 - create IPUIPlugin
2025-12-22 21:45:27,571 [INFO] PluginManager:220 - loadIPPluginJar : add gic
2025-12-22 21:45:27,574 [INFO] IPUIPlugin:80 - create IPUIPlugin
2025-12-22 21:45:27,575 [INFO] PluginManager:220 - loadIPPluginJar : add gpio
2025-12-22 21:45:27,577 [INFO] IPUIPlugin:80 - create IPUIPlugin
2025-12-22 21:45:27,577 [INFO] PluginManager:220 - loadIPPluginJar : add gtzc
2025-12-22 21:45:27,579 [INFO] IPUIPlugin:80 - create IPUIPlugin
2025-12-22 21:45:27,580 [INFO] PluginManager:220 - loadIPPluginJar : add hash
2025-12-22 21:45:27,582 [INFO] IPUIPlugin:80 - create IPUIPlugin
2025-12-22 21:45:27,582 [INFO] PluginManager:220 - loadIPPluginJar : add i2c
2025-12-22 21:45:27,584 [INFO] IPUIPlugin:80 - create IPUIPlugin
2025-12-22 21:45:27,585 [INFO] PluginManager:220 - loadIPPluginJar : add i2s
2025-12-22 21:45:27,587 [INFO] IPUIPlugin:80 - create IPUIPlugin
2025-12-22 21:45:27,587 [INFO] PluginManager:220 - loadIPPluginJar : add i3c
2025-12-22 21:45:27,590 [INFO] IPUIPlugin:80 - create IPUIPlugin
2025-12-22 21:45:27,590 [INFO] PluginManager:220 - loadIPPluginJar : add ipddr
2025-12-22 21:45:27,595 [INFO] IPUIPlugin:80 - create IPUIPlugin
2025-12-22 21:45:27,596 [INFO] PluginManager:220 - loadIPPluginJar : add linkedlist
2025-12-22 21:45:27,599 [INFO] IPUIPlugin:80 - create IPUIPlugin
2025-12-22 21:45:27,600 [INFO] PluginManager:220 - loadIPPluginJar : add lorawan
2025-12-22 21:45:27,601 [INFO] IPUIPlugin:80 - create IPUIPlugin
2025-12-22 21:45:27,601 [INFO] PluginManager:220 - loadIPPluginJar : add ltdc
2025-12-22 21:45:27,606 [INFO] IPUIPlugin:80 - create IPUIPlugin
2025-12-22 21:45:27,606 [INFO] PluginManager:220 - loadIPPluginJar : add mdma
2025-12-22 21:45:27,609 [INFO] IPUIPlugin:80 - create IPUIPlugin
2025-12-22 21:45:27,609 [INFO] PluginManager:220 - loadIPPluginJar : add nvic
2025-12-22 21:45:27,613 [INFO] IPUIPlugin:80 - create IPUIPlugin
2025-12-22 21:45:27,613 [INFO] PluginManager:220 - loadIPPluginJar : add opamp
2025-12-22 21:45:27,616 [INFO] IPUIPlugin:80 - create IPUIPlugin
2025-12-22 21:45:27,616 [INFO] PluginManager:220 - loadIPPluginJar : add openamp
2025-12-22 21:45:27,620 [INFO] IPUIPlugin:80 - create IPUIPlugin
2025-12-22 21:45:27,620 [INFO] PluginManager:220 - loadIPPluginJar : add pdm2pcm
2025-12-22 21:45:27,625 [INFO] IPUIPlugin:80 - create IPUIPlugin
2025-12-22 21:45:27,627 [INFO] PluginManager:220 - loadIPPluginJar : add plateformsettings
2025-12-22 21:45:27,629 [INFO] IPUIPlugin:80 - create IPUIPlugin
2025-12-22 21:45:27,629 [INFO] PluginManager:220 - loadIPPluginJar : add quadspi
2025-12-22 21:45:27,631 [INFO] IPUIPlugin:80 - create IPUIPlugin
2025-12-22 21:45:27,632 [INFO] PluginManager:220 - loadIPPluginJar : add radio
2025-12-22 21:45:27,635 [INFO] IPUIPlugin:80 - create IPUIPlugin
2025-12-22 21:45:27,636 [INFO] PluginManager:220 - loadIPPluginJar : add resmgrutility
2025-12-22 21:45:27,640 [INFO] IPUIPlugin:80 - create IPUIPlugin
2025-12-22 21:45:27,640 [INFO] PluginManager:220 - loadIPPluginJar : add sai
2025-12-22 21:45:27,642 [INFO] IPUIPlugin:80 - create IPUIPlugin
2025-12-22 21:45:27,642 [INFO] PluginManager:220 - loadIPPluginJar : add spi
2025-12-22 21:45:27,649 [INFO] IPUIPlugin:80 - create IPUIPlugin
2025-12-22 21:45:27,649 [INFO] PluginManager:220 - loadIPPluginJar : add stm32_wpan
2025-12-22 21:45:27,651 [INFO] IPUIPlugin:80 - create IPUIPlugin
2025-12-22 21:45:27,651 [INFO] PluginManager:220 - loadIPPluginJar : add tim
2025-12-22 21:45:27,655 [INFO] IPUIPlugin:80 - create IPUIPlugin
2025-12-22 21:45:27,655 [INFO] PluginManager:220 - loadIPPluginJar : add touchsensing
2025-12-22 21:45:27,657 [INFO] IPUIPlugin:80 - create IPUIPlugin
2025-12-22 21:45:27,657 [INFO] PluginManager:220 - loadIPPluginJar : add tracer_emb
2025-12-22 21:45:27,659 [INFO] IPUIPlugin:80 - create IPUIPlugin
2025-12-22 21:45:27,659 [INFO] PluginManager:220 - loadIPPluginJar : add ts
2025-12-22 21:45:27,661 [INFO] IPUIPlugin:80 - create IPUIPlugin
2025-12-22 21:45:27,661 [INFO] PluginManager:220 - loadIPPluginJar : add tsc
2025-12-22 21:45:27,663 [INFO] IPUIPlugin:80 - create IPUIPlugin
2025-12-22 21:45:27,663 [INFO] PluginManager:220 - loadIPPluginJar : add ucpd
2025-12-22 21:45:27,666 [INFO] IPUIPlugin:80 - create IPUIPlugin
2025-12-22 21:45:27,666 [INFO] PluginManager:220 - loadIPPluginJar : add usart
2025-12-22 21:45:27,669 [INFO] IPUIPlugin:80 - create IPUIPlugin
2025-12-22 21:45:27,669 [INFO] PluginManager:220 - loadIPPluginJar : add usbx
2025-12-22 21:45:27,789 [FATAL] Updater:351 - Updater called before beeing initialized
2025-12-22 21:45:27,821 [INFO] RulesReader:64 - Compatibility file has been processed (317 Rules)
2025-12-22 21:45:27,832 [INFO] RulesReader:64 - Compatibility file has been processed (317 Rules)
2025-12-22 21:45:27,843 [INFO] CADModel:165 - CPN selected for project level
2025-12-22 21:45:27,843 [INFO] CADModel:114 - Register for checkConnection events
2025-12-22 21:45:27,843 [FATAL] Updater:351 - Updater called before beeing initialized
2025-12-22 21:45:27,843 [ERROR] CADModel:125 - Updater not yet initialized, retry later 
2025-12-22 21:45:27,991 [FATAL] Updater:351 - Updater called before beeing initialized
2025-12-22 21:45:27,993 [INFO] CADModel:165 - CPN selected for project level
2025-12-22 21:45:27,993 [INFO] CADModel:114 - Register for checkConnection events
2025-12-22 21:45:27,993 [FATAL] Updater:351 - Updater called before beeing initialized
2025-12-22 21:45:27,993 [ERROR] CADModel:125 - Updater not yet initialized, retry later 
2025-12-22 21:45:27,995 [FATAL] Updater:351 - Updater called before beeing initialized
2025-12-22 21:45:28,101 [FATAL] Updater:351 - Updater called before beeing initialized
2025-12-22 21:45:28,121 [INFO] DbMcusAds:53 - JSON generation date=Tue Dec 16 07:11:46 CST 2025 (1765840306612)
2025-12-22 21:45:28,121 [FATAL] Updater:351 - Updater called before beeing initialized
2025-12-22 21:45:28,171 [WARN] DetailPanel:346 - Failed to get advertising image, set to default
2025-12-22 21:45:28,240 [FATAL] Updater:351 - Updater called before beeing initialized
2025-12-22 21:45:28,241 [FATAL] Updater:351 - Updater called before beeing initialized
2025-12-22 21:45:28,241 [FATAL] Updater:351 - Updater called before beeing initialized
2025-12-22 21:45:28,241 [WARN] DetailPanel:346 - Failed to get advertising image, set to default
2025-12-22 21:45:28,242 [FATAL] Updater:351 - Updater called before beeing initialized
2025-12-22 21:45:28,285 [ERROR] Updater:1198 - MainUpdater not yet initialized. External WinMGr cannot be set.
2025-12-22 21:45:28,287 [INFO] Updater:1134 - Updater Version found : 6.15.0
2025-12-22 21:45:28,302 [INFO] ApplicationProperties:184 - Using Application install path: C:\ST\STM32CubeIDE_1.19.0\STM32CubeIDE\plugins\com.st.stm32cube.common.mx_6.15.0.202507011659
2025-12-22 21:45:29,880 [ERROR] LogOutputStream:75 - [STDERR_REDIRECT] Dec 22, 2025 9:45:29 PM java.util.prefs.WindowsPreferences <init>
2025-12-22 21:45:29,881 [ERROR] LogOutputStream:75 - [STDERR_REDIRECT] WARNING: Could not open/create prefs root node Software\JavaSoft\Prefs at root 0xffffffff80000002. Windows RegCreateKeyEx(...) returned error code 5.
2025-12-22 21:45:29,881 [ERROR] LogOutputStream:75 - [STDERR_REDIRECT] 
2025-12-22 21:45:30,038 [INFO] ThirdPartyUpdaterWithRetryManager:70 - Updater plugin not ready yet. [2/15]
2025-12-22 21:45:30,185 [INFO] MainUpdater:2872 - connection check result : 10
2025-12-22 21:45:30,186 [INFO] MainUpdater:289 - Updater Check For Update Now.
2025-12-22 21:45:30,186 [INFO] MicroXplorer:498 - Change Database Version : DB.6.0.150
2025-12-22 21:45:30,216 [INFO] McuFinderGlobals:63 - Set McuFinder mode to 2 (CubeIDE integrated)
2025-12-22 21:45:30,217 [INFO] UserAuth:487 - Internet connection configuration mode: 1
2025-12-22 21:45:30,264 [INFO] JxBrowserEngine:152 - Initiate JxBrowser Engine with user profile folder
2025-12-22 21:45:30,399 [INFO] CheckServerUpdateThread:120 - End of CheckServer Thread
2025-12-22 21:45:32,257 [INFO] WebApp:169 - Instantiating new browser for Auth
2025-12-22 21:45:33,274 [WARN] PackLoader:240 - Cannot read IP mode file for STMicroelectronics.FP-SNS-MOTENVWB1.1.4.0
2025-12-22 21:45:33,282 [WARN] PackLoader:240 - Cannot read IP mode file for STMicroelectronics.FP-ATR-ASTRA1.2.0.2
2025-12-22 21:45:33,293 [WARN] PackLoader:240 - Cannot read IP mode file for STMicroelectronics.X-CUBE-SMBUS.2.1.0
2025-12-22 21:45:33,300 [WARN] PackLoader:240 - Cannot read IP mode file for STMicroelectronics.X-CUBE-ST60.1.0.0
2025-12-22 21:45:33,343 [WARN] PackLoader:240 - Cannot read IP mode file for STMicroelectronics.X-CUBE-AZRTOS-F7.1.1.0
2025-12-22 21:45:33,352 [WARN] PackLoader:240 - Cannot read IP mode file for STMicroelectronics.FP-SNS-MOTENV1.5.1.0
2025-12-22 21:45:33,371 [WARN] PackLoader:240 - Cannot read IP mode file for WES.I-CUBE-Cesium.1.4.0
2025-12-22 21:45:33,396 [INFO] WebApp:463 - Apply proxy settings
2025-12-22 21:45:33,396 [INFO] WebApp:548 - Chromium requires no authentication
2025-12-22 21:45:33,399 [WARN] PackLoader:240 - Cannot read IP mode file for Infineon.AIROC-Wi-Fi-Bluetooth-STM32.1.7.1
2025-12-22 21:45:33,444 [WARN] PackLoader:240 - Cannot read IP mode file for STMicroelectronics.X-CUBE-AZRTOS-H7.3.4.0
2025-12-22 21:45:33,468 [WARN] PackLoader:240 - Cannot read IP mode file for STMicroelectronics.X-CUBE-DISPLAY.3.0.0
2025-12-22 21:45:33,504 [WARN] PackLoader:240 - Cannot read IP mode file for STMicroelectronics.X-CUBE-NFC10.1.0.0
2025-12-22 21:45:33,506 [INFO] WebApp:491 - Direct internet connection detected
2025-12-22 21:45:33,512 [WARN] PackLoader:240 - Cannot read IP mode file for STMicroelectronics.X-CUBE-ST60.1.1.0
2025-12-22 21:45:33,532 [WARN] PackLoader:240 - Cannot read IP mode file for emotas.I-CUBE-CANOPEN.1.3.0
2025-12-22 21:45:33,542 [WARN] PackLoader:240 - Cannot read IP mode file for STMicroelectronics.X-CUBE-GNSS1.7.1.0
2025-12-22 21:45:33,553 [WARN] PackLoader:240 - Cannot read IP mode file for STMicroelectronics.FP-SNS-STBOX1.2.1.0
2025-12-22 21:45:33,561 [WARN] PackLoader:240 - Cannot read IP mode file for STMicroelectronics.FP-SNS-SMARTAG2.1.2.0
2025-12-22 21:45:33,568 [WARN] PackLoader:240 - Cannot read IP mode file for STMicroelectronics.FP-SNS-FLIGHT1.5.1.0
2025-12-22 21:45:33,581 [INFO] LogOutputStream:77 - [STDOUT_REDIRECT] 1 : Invalid condition id : UX_CORESTACK_Condition cause : null
2025-12-22 21:45:33,582 [INFO] LogOutputStream:77 - [STDOUT_REDIRECT] 1 : Invalid condition id : UX_CORESTACK_Condition cause : null
2025-12-22 21:45:33,583 [INFO] LogOutputStream:77 - [STDOUT_REDIRECT] 1 : Invalid condition id : UX_CORESTACK_Condition cause : null
2025-12-22 21:45:33,584 [INFO] LogOutputStream:77 - [STDOUT_REDIRECT] 1 : Invalid condition id : UX_CORESTACK_Condition cause : null
2025-12-22 21:45:33,585 [INFO] LogOutputStream:77 - [STDOUT_REDIRECT] 1 : Invalid condition id : UX_CORESTACK_Condition cause : null
2025-12-22 21:45:33,587 [WARN] PackLoader:240 - Cannot read IP mode file for STMicroelectronics.X-CUBE-AZRTOS-WL.2.0.0
2025-12-22 21:45:33,594 [WARN] PackLoader:240 - Cannot read IP mode file for STMicroelectronics.FP-SNS-MOTENV1.5.0.0
2025-12-22 21:45:33,616 [WARN] PackLoader:240 - Cannot read IP mode file for STMicroelectronics.X-CUBE-AZRTOS-H7RS.1.2.0
2025-12-22 21:45:33,625 [WARN] PackLoader:240 - Cannot read IP mode file for STMicroelectronics.X-CUBE-BLE2.3.3.0
2025-12-22 21:45:33,654 [WARN] PackLoader:240 - Cannot read IP mode file for STMicroelectronics.X-CUBE-NFC9.1.0.0
2025-12-22 21:45:33,659 [INFO] WebApp:900 - Register for checkConnection events
2025-12-22 21:45:33,660 [INFO] WebApp:463 - Apply proxy settings
2025-12-22 21:45:33,660 [INFO] WebApp:548 - Chromium requires no authentication
2025-12-22 21:45:33,660 [INFO] WebApp:491 - Direct internet connection detected
2025-12-22 21:45:33,662 [WARN] PackLoader:240 - Cannot read IP mode file for wolfSSL.I-CUBE-wolfSSL.5.8.2
2025-12-22 21:45:33,670 [WARN] PackLoader:240 - Cannot read IP mode file for STMicroelectronics.X-CUBE-BLE1.7.1.0
2025-12-22 21:45:33,677 [WARN] PackLoader:240 - Cannot read IP mode file for wolfSSL.I-CUBE-wolfMQTT.1.19.2
2025-12-22 21:45:33,683 [WARN] PackLoader:240 - Cannot read IP mode file for STMicroelectronics.X-CUBE-FREERTOS.1.4.0
2025-12-22 21:45:33,692 [WARN] PackLoader:240 - Cannot read IP mode file for STMicroelectronics.X-CUBE-EEPRMA1.5.2.0
2025-12-22 21:45:33,701 [WARN] PackLoader:240 - Cannot read IP mode file for STMicroelectronics.X-CUBE-ST67W61.1.1.0
2025-12-22 21:45:33,741 [WARN] PackLoader:240 - Cannot read IP mode file for STMicroelectronics.X-CUBE-MEMS1.12.0.0
2025-12-22 21:45:33,775 [INFO] WebApp:191 - Connection restablished
2025-12-22 21:45:33,817 [WARN] PackLoader:240 - Cannot read IP mode file for STMicroelectronics.X-CUBE-AZRTOS-G0.1.1.0
2025-12-22 21:45:33,822 [WARN] PackLoader:240 - Cannot read IP mode file for STMicroelectronics.X-CUBE-SAFEA1.1.2.2
2025-12-22 21:45:33,829 [WARN] PackLoader:240 - Cannot read IP mode file for STMicroelectronics.X-CUBE-NFC4.3.0.0
2025-12-22 21:45:33,836 [WARN] PackLoader:240 - Cannot read IP mode file for EmbeddedOffice.I-CUBE-FS-RTOS.1.0.1
2025-12-22 21:45:33,841 [WARN] PackLoader:240 - Cannot read IP mode file for STMicroelectronics.X-CUBE-WB05N.2.0.0
2025-12-22 21:45:33,847 [WARN] PackLoader:240 - Cannot read IP mode file for wolfSSL.I-CUBE-wolfTPM.3.8.0
2025-12-22 21:45:33,851 [WARN] PackLoader:240 - Cannot read IP mode file for STMicroelectronics.X-CUBE-TCPP.4.2.0
2025-12-22 21:45:33,856 [WARN] PackLoader:240 - Cannot read IP mode file for RealThread.X-CUBE-RT-Thread_Nano.4.1.1
2025-12-22 21:45:33,860 [WARN] PackLoader:240 - Cannot read IP mode file for STMicroelectronics.FP-ATR-SIGFOX1.3.2.0
2025-12-22 21:45:33,866 [WARN] PackLoader:240 - Cannot read IP mode file for ITTIA_DB.I-CUBE-ITTIADB.8.9.0
2025-12-22 21:45:33,874 [WARN] PackLoader:240 - Cannot read IP mode file for STMicroelectronics.X-CUBE-ST67W61.1.0.0
2025-12-22 21:45:33,878 [WARN] PackLoader:240 - Cannot read IP mode file for STMicroelectronics.X-CUBE-AI.10.2.0
2025-12-22 21:45:33,896 [WARN] PackLoader:240 - Cannot read IP mode file for SEGGER.I-CUBE-embOS.1.3.1
2025-12-22 21:45:33,938 [WARN] PackLoader:240 - Cannot read IP mode file for STMicroelectronics.X-CUBE-ALGOBUILD.1.4.0
2025-12-22 21:45:34,019 [WARN] PackLoader:240 - Cannot read IP mode file for STMicroelectronics.X-CUBE-MEMS1.11.3.0
2025-12-22 21:45:34,110 [WARN] PackLoader:240 - Cannot read IP mode file for STMicroelectronics.X-CUBE-PM33A1.1.0.0
2025-12-22 21:45:34,121 [WARN] PackLoader:240 - Cannot read IP mode file for STMicroelectronics.X-CUBE-AZRTOS-F4.1.1.0
2025-12-22 21:45:34,124 [WARN] PackLoader:240 - Cannot read IP mode file for Avnet-IotConnect.X-CUBE-IoTC-DA16k-PMOD.1.0.0
2025-12-22 21:45:34,127 [WARN] PackLoader:240 - Cannot read IP mode file for STMicroelectronics.X-CUBE-ISPU.2.1.0
2025-12-22 21:45:34,136 [WARN] PackLoader:240 - Cannot read IP mode file for STMicroelectronics.X-CUBE-IPS.3.2.0
2025-12-22 21:45:34,144 [WARN] PackLoader:240 - Cannot read IP mode file for STMicroelectronics.X-CUBE-NFC12.1.0.0
2025-12-22 21:45:34,154 [WARN] PackLoader:240 - Cannot read IP mode file for STMicroelectronics.X-CUBE-AZRTOS-L5.2.0.0
2025-12-22 21:45:34,160 [WARN] PackLoader:240 - Cannot read IP mode file for STMicroelectronics.X-CUBE-NFC6.3.1.0
2025-12-22 21:45:34,165 [WARN] PackLoader:240 - Cannot read IP mode file for STMicroelectronics.X-CUBE-FREERTOS.1.3.1
2025-12-22 21:45:34,172 [WARN] PackLoader:240 - Cannot read IP mode file for STMicroelectronics.X-CUBE-TOUCHGFX.4.26.0
2025-12-22 21:45:34,175 [WARN] PackLoader:240 - Cannot read IP mode file for STMicroelectronics.FP-SNS-STAIOTCFT.1.0.0
2025-12-22 21:45:34,179 [WARN] PackLoader:240 - Cannot read IP mode file for STMicroelectronics.X-CUBE-DPower.1.3.0
2025-12-22 21:45:34,191 [WARN] ConditionMgr:438 - getConditionDescription Invalid condition id : LAN8742 Phy interface Condition cause : null
2025-12-22 21:45:34,191 [WARN] PackLoader:240 - Cannot read IP mode file for STMicroelectronics.X-CUBE-AZRTOS-L4.2.0.0
2025-12-22 21:45:34,192 [WARN] ConditionMgr:1044 - genDependencies : Invalid condition id : LAN8742 Phy interface Condition cause : null
2025-12-22 21:45:34,192 [WARN] ConditionMgr:1044 - genDependencies : Invalid condition id : LAN8742 Phy interface Condition cause : null
2025-12-22 21:45:34,192 [WARN] ConditionMgr:1044 - genDependencies : Invalid condition id : LAN8742 Phy interface Condition cause : null
2025-12-22 21:45:34,197 [WARN] PackLoader:240 - Cannot read IP mode file for STMicroelectronics.X-CUBE-SFXS2LP1.4.0.0
2025-12-22 21:45:34,205 [WARN] PackLoader:240 - Cannot read IP mode file for STMicroelectronics.X-CUBE-BLEMGR.4.1.0
2025-12-22 21:45:34,215 [WARN] ConditionMgr:438 - getConditionDescription Invalid condition id : UX DEVICE CLASS RTOS Condition cause : null
2025-12-22 21:45:34,215 [WARN] ConditionMgr:438 - getConditionDescription Invalid condition id : UX DEVICE CLASS RTOS Condition cause : null
2025-12-22 21:45:34,216 [WARN] PackLoader:240 - Cannot read IP mode file for STMicroelectronics.X-CUBE-AZRTOS-WB.2.0.0
2025-12-22 21:45:34,217 [WARN] ConditionMgr:1044 - genDependencies : Invalid condition id : UX DEVICE CLASS RTOS Condition cause : null
2025-12-22 21:45:34,217 [WARN] ConditionMgr:1044 - genDependencies : Invalid condition id : UX DEVICE CLASS RTOS Condition cause : null
2025-12-22 21:45:34,217 [WARN] ConditionMgr:1044 - genDependencies : Invalid condition id : UX DEVICE CLASS RTOS Condition cause : null
2025-12-22 21:45:34,217 [WARN] ConditionMgr:1044 - genDependencies : Invalid condition id : UX DEVICE CLASS RTOS Condition cause : null
2025-12-22 21:45:34,217 [WARN] ConditionMgr:1044 - genDependencies : Invalid condition id : UX DEVICE CLASS RTOS Condition cause : null
2025-12-22 21:45:34,221 [WARN] PackLoader:240 - Cannot read IP mode file for STMicroelectronics.X-CUBE-GNSS1.7.0.1
2025-12-22 21:45:34,223 [WARN] PackLoader:240 - Cannot read IP mode file for STMicroelectronics.X-CUBE-TOUCHGFX.4.25.0
2025-12-22 21:45:34,227 [WARN] ConditionMgr:438 - getConditionDescription Invalid condition id : Cortex-A Device cause : null
2025-12-22 21:45:34,235 [WARN] ConditionMgr:1044 - genDependencies : Invalid condition id : Cortex-A Device cause : null
2025-12-22 21:45:34,235 [WARN] ConditionMgr:1044 - genDependencies : Invalid condition id : Cortex-A Device cause : null
2025-12-22 21:45:34,235 [WARN] ConditionMgr:1044 - genDependencies : Invalid condition id : Cortex-A Device cause : null
2025-12-22 21:45:34,242 [WARN] PackLoader:240 - Cannot read IP mode file for STMicroelectronics.X-CUBE-SUBG2.5.0.0
2025-12-22 21:45:34,256 [WARN] PackLoader:240 - Cannot read IP mode file for STMicroelectronics.X-CUBE-AZRTOS-H7RS.1.1.0
2025-12-22 21:45:34,261 [WARN] PackLoader:240 - Cannot read IP mode file for Cesanta.I-CUBE-Mongoose.7.13.0
2025-12-22 21:45:34,270 [WARN] PackLoader:240 - Cannot read IP mode file for STMicroelectronics.X-CUBE-AZRTOS-G4.2.0.0
2025-12-22 21:45:34,274 [WARN] PackLoader:240 - Cannot read IP mode file for wolfSSL.I-CUBE-wolfSSH.1.4.20
2025-12-22 21:45:34,278 [WARN] PackLoader:240 - Cannot read IP mode file for STMicroelectronics.X-CUBE-NFC7.2.0.0
2025-12-22 21:45:34,286 [WARN] PackLoader:240 - Cannot read IP mode file for STMicroelectronics.X-CUBE-IPS.3.1.0
2025-12-22 21:45:34,293 [WARN] PackLoader:240 - Cannot read IP mode file for STMicroelectronics.X-CUBE-ALS.1.0.2
2025-12-22 21:45:34,299 [WARN] PackLoader:240 - Cannot read IP mode file for STMicroelectronics.X-CUBE-STSE01.1.0.0
2025-12-22 21:45:34,307 [WARN] PackLoader:240 - Cannot read IP mode file for STMicroelectronics.X-CUBE-TOF1.3.4.3
2025-12-22 21:45:34,323 [INFO] ThirdParty:978 - Integrity check success = true
2025-12-22 21:45:34,323 [INFO] IntegrityCheckThread:100 - exiting critical section [integrity check]
2025-12-22 21:45:34,323 [INFO] IntegrityCheckThread:103 - End integrity checks thread
2025-12-22 21:45:34,714 [INFO] WebApp:225 - Starting web application
2025-12-22 21:45:34,714 [INFO] WebApp:593 - Web application path used C:\ST\STM32CubeIDE_1.19.0\STM32CubeIDE\plugins\com.st.stm32cube.common.mx_6.15.0.202507011659\db\plugins\mcufinder\reactClient1\index.html
2025-12-22 21:45:34,833 [INFO] UserAuth:487 - Internet connection configuration mode: 1
