2025-12-10 20:26:27,937 [INFO] Activator:176 - 


2025-12-10 20:26:27,942 [INFO] Activator:177 - !SESSION log4j initialized
2025-12-10 20:26:36,414 [INFO] LogOutputStream:77 - [STDOUT_REDIRECT] 
2025-12-10 20:27:02,233 [INFO] ApplicationProperties:184 - Using Application install path: C:\ST\STM32CubeIDE_1.19.0\STM32CubeIDE\plugins\com.st.stm32cube.common.mx_6.15.0.202507011659
2025-12-10 20:27:02,252 [INFO] DbMcusXml:78 - Set database path to: C:\ST\STM32CubeIDE_1.19.0\STM32CubeIDE\plugins\com.st.stm32cube.common.mx_6.15.0.202507011659\\db\/mcu/
2025-12-10 20:27:02,252 [INFO] ApiDb:274 - Set plugin database path to: C:\ST\STM32CubeIDE_1.19.0\STM32CubeIDE\plugins\com.st.stm32cube.common.mx_6.15.0.202507011659\\db\/plugins/boardmanager/
2025-12-10 20:27:02,252 [WARN] ApiDb:259 - Overriding images path with different value:  => C:\ST\STM32CubeIDE_1.19.0\STM32CubeIDE\plugins\com.st.stm32cube.common.mx_6.15.0.202507011659\\db\/plugins/mcufinder/images/
2025-12-10 20:27:02,270 [INFO] ApiDb:250 - Set database path to: C:\Users\user\.stmcufinder\plugins\mcufinder//mcu/
2025-12-10 20:27:02,271 [INFO] DbMcusAds:125 - Set database path to: C:\Users\user\.stmcufinder\plugins\mcufinder//mcu/
2025-12-10 20:27:02,284 [INFO] CrossReferenceDbSqlite:203 - Set database path to: C:\Users\user\.stmcufinder\plugins\mcufinder//mcu/cs/
2025-12-10 20:27:02,399 [INFO] RulesReader:64 - Compatibility file has been processed (317 Rules)
2025-12-10 20:27:02,524 [INFO] DbMcusXml:78 - Set database path to: C:\ST\STM32CubeIDE_1.19.0\STM32CubeIDE\plugins\com.st.stm32cube.common.mx_6.15.0.202507011659\\db\/mcu/
2025-12-10 20:27:02,524 [INFO] ApiDb:274 - Set plugin database path to: C:\ST\STM32CubeIDE_1.19.0\STM32CubeIDE\plugins\com.st.stm32cube.common.mx_6.15.0.202507011659\\db\/plugins/boardmanager/
2025-12-10 20:27:02,524 [INFO] ApiDb:261 - Set plugin images path to: C:\ST\STM32CubeIDE_1.19.0\STM32CubeIDE\plugins\com.st.stm32cube.common.mx_6.15.0.202507011659\\db\/plugins/mcufinder/images/
2025-12-10 20:27:02,524 [WARN] DbFile:41 - Overriding database path with different value: C:\Users\user\.stmcufinder\plugins\mcufinder/ => C:\Users\user\.stmcufinder\plugins\mcufinder
2025-12-10 20:27:02,525 [INFO] ApiDb:250 - Set database path to: C:\Users\user\.stmcufinder\plugins\mcufinder//mcu/
2025-12-10 20:27:02,525 [WARN] DbFile:41 - Overriding database path with different value: C:\Users\user\.stmcufinder\plugins\mcufinder/ => C:\Users\user\.stmcufinder\plugins\mcufinder
2025-12-10 20:27:02,525 [INFO] DbMcusAds:125 - Set database path to: C:\Users\user\.stmcufinder\plugins\mcufinder//mcu/
2025-12-10 20:27:02,525 [WARN] DbFile:41 - Overriding database path with different value: C:\Users\user\.stmcufinder\plugins\mcufinder/ => C:\Users\user\.stmcufinder\plugins\mcufinder
2025-12-10 20:27:02,525 [WARN] DbFile:41 - Overriding database path with different value: C:\Users\user\.stmcufinder\plugins\mcufinder/ => C:\Users\user\.stmcufinder\plugins\mcufinder
2025-12-10 20:27:02,525 [INFO] CrossReferenceDbSqlite:203 - Set database path to: C:\Users\user\.stmcufinder\plugins\mcufinder//mcu/cs/
2025-12-10 20:27:02,606 [INFO] MainPanel:274 - HeapMemory: 268435456
2025-12-10 20:27:02,772 [INFO] DbMcusXml:78 - Set database path to: C:\ST\STM32CubeIDE_1.19.0\STM32CubeIDE\plugins\com.st.stm32cube.common.mx_6.15.0.202507011659\\db\/mcu/
2025-12-10 20:27:02,772 [INFO] ApiDb:274 - Set plugin database path to: C:\ST\STM32CubeIDE_1.19.0\STM32CubeIDE\plugins\com.st.stm32cube.common.mx_6.15.0.202507011659\\db\/plugins/boardmanager/
2025-12-10 20:27:02,772 [INFO] ApiDb:261 - Set plugin images path to: C:\ST\STM32CubeIDE_1.19.0\STM32CubeIDE\plugins\com.st.stm32cube.common.mx_6.15.0.202507011659\\db\/plugins/mcufinder/images/
2025-12-10 20:27:02,772 [WARN] DbFile:41 - Overriding database path with different value: C:\Users\user\.stmcufinder\plugins\mcufinder/ => C:\Users\user\.stmcufinder\plugins\mcufinder
2025-12-10 20:27:02,772 [INFO] ApiDb:250 - Set database path to: C:\Users\user\.stmcufinder\plugins\mcufinder//mcu/
2025-12-10 20:27:02,773 [WARN] DbFile:41 - Overriding database path with different value: C:\Users\user\.stmcufinder\plugins\mcufinder/ => C:\Users\user\.stmcufinder\plugins\mcufinder
2025-12-10 20:27:02,773 [INFO] DbMcusAds:125 - Set database path to: C:\Users\user\.stmcufinder\plugins\mcufinder//mcu/
2025-12-10 20:27:02,773 [WARN] DbFile:41 - Overriding database path with different value: C:\Users\user\.stmcufinder\plugins\mcufinder/ => C:\Users\user\.stmcufinder\plugins\mcufinder
2025-12-10 20:27:02,773 [WARN] DbFile:41 - Overriding database path with different value: C:\Users\user\.stmcufinder\plugins\mcufinder/ => C:\Users\user\.stmcufinder\plugins\mcufinder
2025-12-10 20:27:02,773 [INFO] CrossReferenceDbSqlite:203 - Set database path to: C:\Users\user\.stmcufinder\plugins\mcufinder//mcu/cs/
2025-12-10 20:27:02,793 [INFO] ApplicationProperties:184 - Using Application install path: C:\ST\STM32CubeIDE_1.19.0\STM32CubeIDE\plugins\com.st.stm32cube.common.mx_6.15.0.202507011659
2025-12-10 20:27:02,794 [INFO] PluginManage:196 - Search for loadable plugins [exclusion list=, ]
2025-12-10 20:27:02,795 [INFO] PluginManage:310 - Check plugin analytics
2025-12-10 20:27:03,027 [INFO] AnalyticsPlugin:253 - Accepted Software Licenses: 
2025-12-10 20:27:03,027 [INFO] AnalyticsPlugin:255 - Accepted CMSIS Pack Licenses: 
2025-12-10 20:27:03,027 [INFO] AnalyticsPlugin:257 - Accepted Firmware Licenses: FW.L4.1.18.0
2025-12-10 20:27:03,033 [INFO] PluginManage:359 - Loaded plugin analytics (category:tool,tabindex:-1)
2025-12-10 20:27:03,033 [INFO] PluginManage:310 - Check plugin cadmodel
2025-12-10 20:27:03,042 [INFO] CADModel:105 - Init CAD model plugin
2025-12-10 20:27:03,042 [INFO] PluginManage:359 - Loaded plugin cadmodel (category:power,tabindex:5)
2025-12-10 20:27:03,042 [INFO] PluginManage:310 - Check plugin clock
2025-12-10 20:27:03,054 [INFO] PluginManage:359 - Loaded plugin clock (category:base,tabindex:2)
2025-12-10 20:27:03,054 [INFO] PluginManage:310 - Check plugin ddr
2025-12-10 20:27:03,057 [INFO] PluginManage:359 - Loaded plugin ddr (category:tool,tabindex:6)
2025-12-10 20:27:03,057 [INFO] PluginManage:310 - Check plugin filemanager
2025-12-10 20:27:03,230 [INFO] PluginManage:359 - Loaded plugin filemanager (category:base,tabindex:10)
2025-12-10 20:27:03,230 [INFO] PluginManage:310 - Check plugin ipmanager
2025-12-10 20:27:03,236 [INFO] PluginManage:359 - Loaded plugin ipmanager (category:base,tabindex:5)
2025-12-10 20:27:03,236 [INFO] PluginManage:310 - Check plugin lpbam
2025-12-10 20:27:03,245 [INFO] PluginManage:359 - Loaded plugin lpbam (category:base,tabindex:0)
2025-12-10 20:27:03,245 [INFO] PluginManage:310 - Check plugin memorymap
2025-12-10 20:27:03,266 [INFO] PluginManage:359 - Loaded plugin memorymap (category:base,tabindex:4)
2025-12-10 20:27:03,267 [INFO] PluginManage:310 - Check plugin pinoutandconfiguration
2025-12-10 20:27:03,278 [INFO] PluginManage:359 - Loaded plugin pinoutandconfiguration (category:base,tabindex:1)
2025-12-10 20:27:03,278 [INFO] PluginManage:310 - Check plugin pinoutconfig
2025-12-10 20:27:03,374 [WARN] SupportedApi:132 - Cannot load RTOS API schema: s4s-elt-must-match.1: The content of 'definitions' must match (annotation?, (simpleType | complexType)?, (unique | key | keyref)*)). A problem was found starting at: attribute.
2025-12-10 20:27:03,529 [INFO] PluginManage:359 - Loaded plugin pinoutconfig (category:base,tabindex:0)
2025-12-10 20:27:03,529 [INFO] PluginManage:310 - Check plugin power
2025-12-10 20:27:03,541 [INFO] PluginManage:359 - Loaded plugin power (category:power,tabindex:4)
2025-12-10 20:27:03,541 [INFO] PluginManage:310 - Check plugin projectmanager
2025-12-10 20:27:03,558 [INFO] PluginManage:359 - Loaded plugin projectmanager (category:projectmanager,tabindex:4)
2025-12-10 20:27:03,558 [INFO] PluginManage:310 - Check plugin rif
2025-12-10 20:27:03,572 [INFO] PluginManage:359 - Loaded plugin rif (category:base,tabindex:3)
2025-12-10 20:27:03,572 [INFO] PluginManage:310 - Check plugin thirdparty
2025-12-10 20:27:03,726 [WARN] IntegrityCheckThread:84 - waiting for thirdparty lock release [integrity check]
2025-12-10 20:27:03,727 [INFO] IntegrityCheckThread:86 - entering critical section [integrity check]
2025-12-10 20:27:03,727 [INFO] ThirdPartyUpdaterWithRetryManager:70 - Updater plugin not ready yet. [1/15]
2025-12-10 20:27:03,727 [INFO] PluginManage:359 - Loaded plugin thirdparty (category:base,tabindex:-1)
2025-12-10 20:27:03,727 [INFO] PluginManage:310 - Check plugin tools
2025-12-10 20:27:03,730 [INFO] PluginManage:359 - Loaded plugin tools (category:base,tabindex:7)
2025-12-10 20:27:03,731 [INFO] PluginManage:310 - Check plugin tutovideos
2025-12-10 20:27:03,922 [INFO] PluginManage:359 - Loaded plugin tutovideos (category:base,tabindex:-1)
2025-12-10 20:27:03,922 [INFO] PluginManage:310 - Check plugin updater
2025-12-10 20:27:03,942 [INFO] PluginManage:359 - Loaded plugin updater (category:base,tabindex:12)
2025-12-10 20:27:03,942 [INFO] PluginManage:310 - Check plugin userauth
2025-12-10 20:27:03,946 [INFO] UserAuth:118 - Init User Auth plugin
2025-12-10 20:27:03,947 [INFO] PluginManage:359 - Loaded plugin userauth (category:base,tabindex:14)
2025-12-10 20:27:03,947 [INFO] PluginManage:283 - PluginManage : Loaded plugins [18]
2025-12-10 20:27:04,190 [INFO] PinOutPanel:1589 - setPackage(No Configuration,No Configuration)
2025-12-10 20:27:04,268 [INFO] CADModel:165 - CPN selected for project level
2025-12-10 20:27:04,268 [INFO] CADModel:114 - Register for checkConnection events
2025-12-10 20:27:04,285 [INFO] IPUIPlugin:80 - create IPUIPlugin
2025-12-10 20:27:04,285 [INFO] PluginManager:220 - loadIPPluginJar : add adc
2025-12-10 20:27:04,288 [INFO] IPUIPlugin:80 - create IPUIPlugin
2025-12-10 20:27:04,288 [INFO] PluginManager:220 - loadIPPluginJar : add aes
2025-12-10 20:27:04,290 [INFO] IPUIPlugin:80 - create IPUIPlugin
2025-12-10 20:27:04,290 [INFO] PluginManager:220 - loadIPPluginJar : add can
2025-12-10 20:27:04,292 [INFO] IPUIPlugin:80 - create IPUIPlugin
2025-12-10 20:27:04,292 [INFO] PluginManager:220 - loadIPPluginJar : add comp
2025-12-10 20:27:04,294 [INFO] IPUIPlugin:80 - create IPUIPlugin
2025-12-10 20:27:04,294 [INFO] PluginManager:220 - loadIPPluginJar : add cryp
2025-12-10 20:27:04,298 [INFO] IPUIPlugin:80 - create IPUIPlugin
2025-12-10 20:27:04,298 [INFO] PluginManager:220 - loadIPPluginJar : add ddr_ctrl_phy
2025-12-10 20:27:04,300 [INFO] IPUIPlugin:80 - create IPUIPlugin
2025-12-10 20:27:04,300 [INFO] PluginManager:220 - loadIPPluginJar : add dfsdm
2025-12-10 20:27:04,305 [INFO] IPUIPlugin:80 - create IPUIPlugin
2025-12-10 20:27:04,305 [INFO] PluginManager:220 - loadIPPluginJar : add dma
2025-12-10 20:27:04,307 [INFO] IPUIPlugin:80 - create IPUIPlugin
2025-12-10 20:27:04,307 [INFO] PluginManager:220 - loadIPPluginJar : add dma3
2025-12-10 20:27:04,309 [INFO] IPUIPlugin:80 - create IPUIPlugin
2025-12-10 20:27:04,309 [INFO] PluginManager:220 - loadIPPluginJar : add extmemmanager
2025-12-10 20:27:04,311 [INFO] IPUIPlugin:80 - create IPUIPlugin
2025-12-10 20:27:04,311 [INFO] PluginManager:220 - loadIPPluginJar : add fatfs
2025-12-10 20:27:04,314 [INFO] IPUIPlugin:80 - create IPUIPlugin
2025-12-10 20:27:04,314 [INFO] PluginManager:220 - loadIPPluginJar : add fmc
2025-12-10 20:27:04,320 [INFO] IPUIPlugin:80 - create IPUIPlugin
2025-12-10 20:27:04,320 [INFO] PluginManager:220 - loadIPPluginJar : add freertos
2025-12-10 20:27:04,321 [INFO] IPUIPlugin:80 - create IPUIPlugin
2025-12-10 20:27:04,321 [INFO] PluginManager:220 - loadIPPluginJar : add genericplugin
2025-12-10 20:27:04,324 [INFO] IPUIPlugin:80 - create IPUIPlugin
2025-12-10 20:27:04,324 [INFO] PluginManager:220 - loadIPPluginJar : add gfxmmu
2025-12-10 20:27:04,327 [INFO] IPUIPlugin:80 - create IPUIPlugin
2025-12-10 20:27:04,327 [INFO] PluginManager:220 - loadIPPluginJar : add gic
2025-12-10 20:27:04,331 [INFO] IPUIPlugin:80 - create IPUIPlugin
2025-12-10 20:27:04,331 [INFO] PluginManager:220 - loadIPPluginJar : add gpio
2025-12-10 20:27:04,334 [INFO] IPUIPlugin:80 - create IPUIPlugin
2025-12-10 20:27:04,334 [INFO] PluginManager:220 - loadIPPluginJar : add gtzc
2025-12-10 20:27:04,336 [INFO] IPUIPlugin:80 - create IPUIPlugin
2025-12-10 20:27:04,336 [INFO] PluginManager:220 - loadIPPluginJar : add hash
2025-12-10 20:27:04,339 [INFO] IPUIPlugin:80 - create IPUIPlugin
2025-12-10 20:27:04,339 [INFO] PluginManager:220 - loadIPPluginJar : add i2c
2025-12-10 20:27:04,342 [INFO] IPUIPlugin:80 - create IPUIPlugin
2025-12-10 20:27:04,342 [INFO] PluginManager:220 - loadIPPluginJar : add i2s
2025-12-10 20:27:04,345 [INFO] IPUIPlugin:80 - create IPUIPlugin
2025-12-10 20:27:04,345 [INFO] PluginManager:220 - loadIPPluginJar : add i3c
2025-12-10 20:27:04,347 [INFO] IPUIPlugin:80 - create IPUIPlugin
2025-12-10 20:27:04,348 [INFO] PluginManager:220 - loadIPPluginJar : add ipddr
2025-12-10 20:27:04,352 [INFO] IPUIPlugin:80 - create IPUIPlugin
2025-12-10 20:27:04,353 [INFO] PluginManager:220 - loadIPPluginJar : add linkedlist
2025-12-10 20:27:04,356 [INFO] IPUIPlugin:80 - create IPUIPlugin
2025-12-10 20:27:04,356 [INFO] PluginManager:220 - loadIPPluginJar : add lorawan
2025-12-10 20:27:04,358 [INFO] IPUIPlugin:80 - create IPUIPlugin
2025-12-10 20:27:04,358 [INFO] PluginManager:220 - loadIPPluginJar : add ltdc
2025-12-10 20:27:04,363 [INFO] IPUIPlugin:80 - create IPUIPlugin
2025-12-10 20:27:04,363 [INFO] PluginManager:220 - loadIPPluginJar : add mdma
2025-12-10 20:27:04,367 [INFO] IPUIPlugin:80 - create IPUIPlugin
2025-12-10 20:27:04,367 [INFO] PluginManager:220 - loadIPPluginJar : add nvic
2025-12-10 20:27:04,370 [INFO] IPUIPlugin:80 - create IPUIPlugin
2025-12-10 20:27:04,370 [INFO] PluginManager:220 - loadIPPluginJar : add opamp
2025-12-10 20:27:04,373 [INFO] IPUIPlugin:80 - create IPUIPlugin
2025-12-10 20:27:04,373 [INFO] PluginManager:220 - loadIPPluginJar : add openamp
2025-12-10 20:27:04,376 [INFO] IPUIPlugin:80 - create IPUIPlugin
2025-12-10 20:27:04,377 [INFO] PluginManager:220 - loadIPPluginJar : add pdm2pcm
2025-12-10 20:27:04,381 [INFO] IPUIPlugin:80 - create IPUIPlugin
2025-12-10 20:27:04,383 [INFO] PluginManager:220 - loadIPPluginJar : add plateformsettings
2025-12-10 20:27:04,385 [INFO] IPUIPlugin:80 - create IPUIPlugin
2025-12-10 20:27:04,385 [INFO] PluginManager:220 - loadIPPluginJar : add quadspi
2025-12-10 20:27:04,388 [INFO] IPUIPlugin:80 - create IPUIPlugin
2025-12-10 20:27:04,388 [INFO] PluginManager:220 - loadIPPluginJar : add radio
2025-12-10 20:27:04,392 [INFO] IPUIPlugin:80 - create IPUIPlugin
2025-12-10 20:27:04,392 [INFO] PluginManager:220 - loadIPPluginJar : add resmgrutility
2025-12-10 20:27:04,395 [INFO] IPUIPlugin:80 - create IPUIPlugin
2025-12-10 20:27:04,395 [INFO] PluginManager:220 - loadIPPluginJar : add sai
2025-12-10 20:27:04,397 [INFO] IPUIPlugin:80 - create IPUIPlugin
2025-12-10 20:27:04,398 [INFO] PluginManager:220 - loadIPPluginJar : add spi
2025-12-10 20:27:04,404 [INFO] IPUIPlugin:80 - create IPUIPlugin
2025-12-10 20:27:04,404 [INFO] PluginManager:220 - loadIPPluginJar : add stm32_wpan
2025-12-10 20:27:04,406 [INFO] IPUIPlugin:80 - create IPUIPlugin
2025-12-10 20:27:04,406 [INFO] PluginManager:220 - loadIPPluginJar : add tim
2025-12-10 20:27:04,410 [INFO] IPUIPlugin:80 - create IPUIPlugin
2025-12-10 20:27:04,410 [INFO] PluginManager:220 - loadIPPluginJar : add touchsensing
2025-12-10 20:27:04,412 [INFO] IPUIPlugin:80 - create IPUIPlugin
2025-12-10 20:27:04,412 [INFO] PluginManager:220 - loadIPPluginJar : add tracer_emb
2025-12-10 20:27:04,414 [INFO] IPUIPlugin:80 - create IPUIPlugin
2025-12-10 20:27:04,414 [INFO] PluginManager:220 - loadIPPluginJar : add ts
2025-12-10 20:27:04,415 [INFO] IPUIPlugin:80 - create IPUIPlugin
2025-12-10 20:27:04,415 [INFO] PluginManager:220 - loadIPPluginJar : add tsc
2025-12-10 20:27:04,418 [INFO] IPUIPlugin:80 - create IPUIPlugin
2025-12-10 20:27:04,418 [INFO] PluginManager:220 - loadIPPluginJar : add ucpd
2025-12-10 20:27:04,421 [INFO] IPUIPlugin:80 - create IPUIPlugin
2025-12-10 20:27:04,421 [INFO] PluginManager:220 - loadIPPluginJar : add usart
2025-12-10 20:27:04,425 [INFO] IPUIPlugin:80 - create IPUIPlugin
2025-12-10 20:27:04,425 [INFO] PluginManager:220 - loadIPPluginJar : add usbx
2025-12-10 20:27:04,549 [FATAL] Updater:351 - Updater called before beeing initialized
2025-12-10 20:27:04,576 [INFO] RulesReader:64 - Compatibility file has been processed (317 Rules)
2025-12-10 20:27:04,593 [INFO] RulesReader:64 - Compatibility file has been processed (317 Rules)
2025-12-10 20:27:04,606 [INFO] CADModel:165 - CPN selected for project level
2025-12-10 20:27:04,606 [INFO] CADModel:114 - Register for checkConnection events
2025-12-10 20:27:04,607 [FATAL] Updater:351 - Updater called before beeing initialized
2025-12-10 20:27:04,607 [ERROR] CADModel:125 - Updater not yet initialized, retry later 
2025-12-10 20:27:04,777 [FATAL] Updater:351 - Updater called before beeing initialized
2025-12-10 20:27:04,780 [INFO] CADModel:165 - CPN selected for project level
2025-12-10 20:27:04,780 [INFO] CADModel:114 - Register for checkConnection events
2025-12-10 20:27:04,780 [FATAL] Updater:351 - Updater called before beeing initialized
2025-12-10 20:27:04,780 [ERROR] CADModel:125 - Updater not yet initialized, retry later 
2025-12-10 20:27:04,783 [FATAL] Updater:351 - Updater called before beeing initialized
2025-12-10 20:27:04,918 [FATAL] Updater:351 - Updater called before beeing initialized
2025-12-10 20:27:04,924 [INFO] DbMcusAds:53 - JSON generation date=Fri Dec 05 17:13:14 CST 2025 (1764925994673)
2025-12-10 20:27:04,924 [FATAL] Updater:351 - Updater called before beeing initialized
2025-12-10 20:27:04,980 [WARN] DetailPanel:346 - Failed to get advertising image, set to default
2025-12-10 20:27:05,063 [FATAL] Updater:351 - Updater called before beeing initialized
2025-12-10 20:27:05,064 [FATAL] Updater:351 - Updater called before beeing initialized
2025-12-10 20:27:05,064 [FATAL] Updater:351 - Updater called before beeing initialized
2025-12-10 20:27:05,064 [WARN] DetailPanel:346 - Failed to get advertising image, set to default
2025-12-10 20:27:05,065 [FATAL] Updater:351 - Updater called before beeing initialized
2025-12-10 20:27:05,114 [ERROR] Updater:1198 - MainUpdater not yet initialized. External WinMGr cannot be set.
2025-12-10 20:27:05,117 [INFO] Updater:1134 - Updater Version found : 6.15.0
2025-12-10 20:27:05,134 [INFO] ApplicationProperties:184 - Using Application install path: C:\ST\STM32CubeIDE_1.19.0\STM32CubeIDE\plugins\com.st.stm32cube.common.mx_6.15.0.202507011659
2025-12-10 20:27:06,715 [ERROR] LogOutputStream:75 - [STDERR_REDIRECT] Dec 10, 2025 8:27:06 PM java.util.prefs.WindowsPreferences <init>
2025-12-10 20:27:06,716 [ERROR] LogOutputStream:75 - [STDERR_REDIRECT] WARNING: Could not open/create prefs root node Software\JavaSoft\Prefs at root 0xffffffff80000002. Windows RegCreateKeyEx(...) returned error code 5.
2025-12-10 20:27:06,716 [ERROR] LogOutputStream:75 - [STDERR_REDIRECT] 
2025-12-10 20:27:06,729 [INFO] ThirdPartyUpdaterWithRetryManager:70 - Updater plugin not ready yet. [2/15]
2025-12-10 20:27:07,241 [INFO] MainUpdater:2872 - connection check result : 10
2025-12-10 20:27:07,242 [INFO] MainUpdater:289 - Updater Check For Update Now.
2025-12-10 20:27:07,242 [INFO] MicroXplorer:498 - Change Database Version : DB.6.0.150
2025-12-10 20:27:07,248 [INFO] McuFinderGlobals:63 - Set McuFinder mode to 2 (CubeIDE integrated)
2025-12-10 20:27:07,248 [INFO] UserAuth:171 - activating auth plugin
2025-12-10 20:27:07,251 [INFO] UserAuth:487 - Internet connection configuration mode: 1
2025-12-10 20:27:07,312 [INFO] JxBrowserEngine:152 - Initiate JxBrowser Engine with user profile folder
2025-12-10 20:27:07,450 [INFO] CheckServerUpdateThread:120 - End of CheckServer Thread
2025-12-10 20:27:09,007 [INFO] WebApp:169 - Instantiating new browser for Auth
2025-12-10 20:27:10,055 [INFO] WebApp:463 - Apply proxy settings
2025-12-10 20:27:10,055 [INFO] WebApp:548 - Chromium requires no authentication
2025-12-10 20:27:10,109 [INFO] WebApp:491 - Direct internet connection detected
2025-12-10 20:27:10,183 [INFO] WebApp:900 - Register for checkConnection events
2025-12-10 20:27:10,183 [INFO] WebApp:463 - Apply proxy settings
2025-12-10 20:27:10,183 [INFO] WebApp:548 - Chromium requires no authentication
2025-12-10 20:27:10,184 [INFO] WebApp:491 - Direct internet connection detected
2025-12-10 20:27:10,302 [WARN] PackLoader:240 - Cannot read IP mode file for STMicroelectronics.FP-SNS-MOTENVWB1.1.4.0
2025-12-10 20:27:10,314 [WARN] PackLoader:240 - Cannot read IP mode file for STMicroelectronics.FP-ATR-ASTRA1.2.0.2
2025-12-10 20:27:10,335 [WARN] PackLoader:240 - Cannot read IP mode file for STMicroelectronics.X-CUBE-SMBUS.2.1.0
2025-12-10 20:27:10,349 [WARN] PackLoader:240 - Cannot read IP mode file for STMicroelectronics.X-CUBE-ST60.1.0.0
2025-12-10 20:27:10,389 [WARN] PackLoader:240 - Cannot read IP mode file for STMicroelectronics.X-CUBE-AZRTOS-F7.1.1.0
2025-12-10 20:27:10,398 [WARN] PackLoader:240 - Cannot read IP mode file for STMicroelectronics.FP-SNS-MOTENV1.5.1.0
2025-12-10 20:27:10,415 [WARN] PackLoader:240 - Cannot read IP mode file for WES.I-CUBE-Cesium.1.4.0
2025-12-10 20:27:10,447 [WARN] PackLoader:240 - Cannot read IP mode file for Infineon.AIROC-Wi-Fi-Bluetooth-STM32.1.7.1
2025-12-10 20:27:10,498 [WARN] PackLoader:240 - Cannot read IP mode file for STMicroelectronics.X-CUBE-AZRTOS-H7.3.4.0
2025-12-10 20:27:10,512 [WARN] PackLoader:240 - Cannot read IP mode file for STMicroelectronics.X-CUBE-DISPLAY.3.0.0
2025-12-10 20:27:10,531 [WARN] PackLoader:240 - Cannot read IP mode file for STMicroelectronics.X-CUBE-NFC10.1.0.0
2025-12-10 20:27:10,536 [WARN] PackLoader:240 - Cannot read IP mode file for STMicroelectronics.X-CUBE-ST60.1.1.0
2025-12-10 20:27:10,543 [WARN] PackLoader:240 - Cannot read IP mode file for emotas.I-CUBE-CANOPEN.1.3.0
2025-12-10 20:27:10,549 [WARN] PackLoader:240 - Cannot read IP mode file for STMicroelectronics.X-CUBE-GNSS1.7.1.0
2025-12-10 20:27:10,558 [WARN] PackLoader:240 - Cannot read IP mode file for STMicroelectronics.FP-SNS-STBOX1.2.1.0
2025-12-10 20:27:10,564 [WARN] PackLoader:240 - Cannot read IP mode file for STMicroelectronics.FP-SNS-SMARTAG2.1.2.0
2025-12-10 20:27:10,568 [WARN] PackLoader:240 - Cannot read IP mode file for STMicroelectronics.FP-SNS-FLIGHT1.5.1.0
2025-12-10 20:27:10,580 [INFO] LogOutputStream:77 - [STDOUT_REDIRECT] 1 : Invalid condition id : UX_CORESTACK_Condition cause : null
2025-12-10 20:27:10,581 [INFO] LogOutputStream:77 - [STDOUT_REDIRECT] 1 : Invalid condition id : UX_CORESTACK_Condition cause : null
2025-12-10 20:27:10,584 [INFO] LogOutputStream:77 - [STDOUT_REDIRECT] 1 : Invalid condition id : UX_CORESTACK_Condition cause : null
2025-12-10 20:27:10,586 [INFO] LogOutputStream:77 - [STDOUT_REDIRECT] 1 : Invalid condition id : UX_CORESTACK_Condition cause : null
2025-12-10 20:27:10,587 [INFO] LogOutputStream:77 - [STDOUT_REDIRECT] 1 : Invalid condition id : UX_CORESTACK_Condition cause : null
2025-12-10 20:27:10,591 [WARN] PackLoader:240 - Cannot read IP mode file for STMicroelectronics.X-CUBE-AZRTOS-WL.2.0.0
2025-12-10 20:27:10,597 [WARN] PackLoader:240 - Cannot read IP mode file for STMicroelectronics.FP-SNS-MOTENV1.5.0.0
2025-12-10 20:27:10,629 [INFO] WebApp:191 - Connection restablished
2025-12-10 20:27:10,633 [WARN] PackLoader:240 - Cannot read IP mode file for STMicroelectronics.X-CUBE-AZRTOS-H7RS.1.2.0
2025-12-10 20:27:10,645 [WARN] PackLoader:240 - Cannot read IP mode file for STMicroelectronics.X-CUBE-BLE2.3.3.0
2025-12-10 20:27:10,679 [WARN] PackLoader:240 - Cannot read IP mode file for STMicroelectronics.X-CUBE-NFC9.1.0.0
2025-12-10 20:27:10,728 [WARN] PackLoader:240 - Cannot read IP mode file for wolfSSL.I-CUBE-wolfSSL.5.8.2
2025-12-10 20:27:10,736 [WARN] PackLoader:240 - Cannot read IP mode file for STMicroelectronics.X-CUBE-BLE1.7.1.0
2025-12-10 20:27:10,743 [WARN] PackLoader:240 - Cannot read IP mode file for wolfSSL.I-CUBE-wolfMQTT.1.19.2
2025-12-10 20:27:10,752 [WARN] PackLoader:240 - Cannot read IP mode file for STMicroelectronics.X-CUBE-FREERTOS.1.4.0
2025-12-10 20:27:10,765 [WARN] PackLoader:240 - Cannot read IP mode file for STMicroelectronics.X-CUBE-EEPRMA1.5.2.0
2025-12-10 20:27:10,774 [WARN] PackLoader:240 - Cannot read IP mode file for STMicroelectronics.X-CUBE-ST67W61.1.1.0
2025-12-10 20:27:10,830 [WARN] PackLoader:240 - Cannot read IP mode file for STMicroelectronics.X-CUBE-MEMS1.12.0.0
2025-12-10 20:27:10,958 [WARN] PackLoader:240 - Cannot read IP mode file for STMicroelectronics.X-CUBE-AZRTOS-G0.1.1.0
2025-12-10 20:27:10,966 [WARN] PackLoader:240 - Cannot read IP mode file for STMicroelectronics.X-CUBE-SAFEA1.1.2.2
2025-12-10 20:27:10,975 [WARN] PackLoader:240 - Cannot read IP mode file for STMicroelectronics.X-CUBE-NFC4.3.0.0
2025-12-10 20:27:10,986 [WARN] PackLoader:240 - Cannot read IP mode file for EmbeddedOffice.I-CUBE-FS-RTOS.1.0.1
2025-12-10 20:27:10,993 [WARN] PackLoader:240 - Cannot read IP mode file for STMicroelectronics.X-CUBE-WB05N.2.0.0
2025-12-10 20:27:10,998 [WARN] PackLoader:240 - Cannot read IP mode file for wolfSSL.I-CUBE-wolfTPM.3.8.0
2025-12-10 20:27:11,003 [WARN] PackLoader:240 - Cannot read IP mode file for STMicroelectronics.X-CUBE-TCPP.4.2.0
2025-12-10 20:27:11,011 [WARN] PackLoader:240 - Cannot read IP mode file for RealThread.X-CUBE-RT-Thread_Nano.4.1.1
2025-12-10 20:27:11,017 [WARN] PackLoader:240 - Cannot read IP mode file for STMicroelectronics.FP-ATR-SIGFOX1.3.2.0
2025-12-10 20:27:11,025 [WARN] PackLoader:240 - Cannot read IP mode file for ITTIA_DB.I-CUBE-ITTIADB.8.9.0
2025-12-10 20:27:11,039 [WARN] PackLoader:240 - Cannot read IP mode file for STMicroelectronics.X-CUBE-ST67W61.1.0.0
2025-12-10 20:27:11,045 [WARN] PackLoader:240 - Cannot read IP mode file for STMicroelectronics.X-CUBE-AI.10.2.0
2025-12-10 20:27:11,076 [WARN] PackLoader:240 - Cannot read IP mode file for SEGGER.I-CUBE-embOS.1.3.1
2025-12-10 20:27:11,116 [WARN] PackLoader:240 - Cannot read IP mode file for STMicroelectronics.X-CUBE-ALGOBUILD.1.4.0
2025-12-10 20:27:11,164 [WARN] PackLoader:240 - Cannot read IP mode file for STMicroelectronics.X-CUBE-MEMS1.11.3.0
2025-12-10 20:27:11,304 [WARN] PackLoader:240 - Cannot read IP mode file for STMicroelectronics.X-CUBE-PM33A1.1.0.0
2025-12-10 20:27:11,319 [WARN] PackLoader:240 - Cannot read IP mode file for STMicroelectronics.X-CUBE-AZRTOS-F4.1.1.0
2025-12-10 20:27:11,330 [WARN] PackLoader:240 - Cannot read IP mode file for Avnet-IotConnect.X-CUBE-IoTC-DA16k-PMOD.1.0.0
2025-12-10 20:27:11,335 [WARN] PackLoader:240 - Cannot read IP mode file for STMicroelectronics.X-CUBE-ISPU.2.1.0
2025-12-10 20:27:11,352 [WARN] PackLoader:240 - Cannot read IP mode file for STMicroelectronics.X-CUBE-IPS.3.2.0
2025-12-10 20:27:11,367 [WARN] PackLoader:240 - Cannot read IP mode file for STMicroelectronics.X-CUBE-NFC12.1.0.0
2025-12-10 20:27:11,386 [WARN] PackLoader:240 - Cannot read IP mode file for STMicroelectronics.X-CUBE-AZRTOS-L5.2.0.0
2025-12-10 20:27:11,416 [WARN] PackLoader:240 - Cannot read IP mode file for STMicroelectronics.X-CUBE-NFC6.3.1.0
2025-12-10 20:27:11,425 [WARN] PackLoader:240 - Cannot read IP mode file for STMicroelectronics.X-CUBE-FREERTOS.1.3.1
2025-12-10 20:27:11,435 [WARN] PackLoader:240 - Cannot read IP mode file for STMicroelectronics.X-CUBE-TOUCHGFX.4.26.0
2025-12-10 20:27:11,441 [WARN] PackLoader:240 - Cannot read IP mode file for STMicroelectronics.FP-SNS-STAIOTCFT.1.0.0
2025-12-10 20:27:11,447 [WARN] PackLoader:240 - Cannot read IP mode file for STMicroelectronics.X-CUBE-DPower.1.3.0
2025-12-10 20:27:11,463 [WARN] ConditionMgr:438 - getConditionDescription Invalid condition id : LAN8742 Phy interface Condition cause : null
2025-12-10 20:27:11,464 [WARN] PackLoader:240 - Cannot read IP mode file for STMicroelectronics.X-CUBE-AZRTOS-L4.2.0.0
2025-12-10 20:27:11,465 [WARN] ConditionMgr:1044 - genDependencies : Invalid condition id : LAN8742 Phy interface Condition cause : null
2025-12-10 20:27:11,465 [WARN] ConditionMgr:1044 - genDependencies : Invalid condition id : LAN8742 Phy interface Condition cause : null
2025-12-10 20:27:11,466 [WARN] ConditionMgr:1044 - genDependencies : Invalid condition id : LAN8742 Phy interface Condition cause : null
2025-12-10 20:27:11,473 [WARN] PackLoader:240 - Cannot read IP mode file for STMicroelectronics.X-CUBE-SFXS2LP1.4.0.0
2025-12-10 20:27:11,485 [WARN] PackLoader:240 - Cannot read IP mode file for STMicroelectronics.X-CUBE-BLEMGR.4.1.0
2025-12-10 20:27:11,498 [WARN] ConditionMgr:438 - getConditionDescription Invalid condition id : UX DEVICE CLASS RTOS Condition cause : null
2025-12-10 20:27:11,498 [WARN] ConditionMgr:438 - getConditionDescription Invalid condition id : UX DEVICE CLASS RTOS Condition cause : null
2025-12-10 20:27:11,500 [WARN] PackLoader:240 - Cannot read IP mode file for STMicroelectronics.X-CUBE-AZRTOS-WB.2.0.0
2025-12-10 20:27:11,500 [WARN] ConditionMgr:1044 - genDependencies : Invalid condition id : UX DEVICE CLASS RTOS Condition cause : null
2025-12-10 20:27:11,500 [WARN] ConditionMgr:1044 - genDependencies : Invalid condition id : UX DEVICE CLASS RTOS Condition cause : null
2025-12-10 20:27:11,501 [WARN] ConditionMgr:1044 - genDependencies : Invalid condition id : UX DEVICE CLASS RTOS Condition cause : null
2025-12-10 20:27:11,501 [WARN] ConditionMgr:1044 - genDependencies : Invalid condition id : UX DEVICE CLASS RTOS Condition cause : null
2025-12-10 20:27:11,501 [WARN] ConditionMgr:1044 - genDependencies : Invalid condition id : UX DEVICE CLASS RTOS Condition cause : null
2025-12-10 20:27:11,506 [WARN] PackLoader:240 - Cannot read IP mode file for STMicroelectronics.X-CUBE-GNSS1.7.0.1
2025-12-10 20:27:11,510 [WARN] PackLoader:240 - Cannot read IP mode file for STMicroelectronics.X-CUBE-TOUCHGFX.4.25.0
2025-12-10 20:27:11,514 [WARN] ConditionMgr:438 - getConditionDescription Invalid condition id : Cortex-A Device cause : null
2025-12-10 20:27:11,522 [WARN] ConditionMgr:1044 - genDependencies : Invalid condition id : Cortex-A Device cause : null
2025-12-10 20:27:11,522 [WARN] ConditionMgr:1044 - genDependencies : Invalid condition id : Cortex-A Device cause : null
2025-12-10 20:27:11,523 [WARN] ConditionMgr:1044 - genDependencies : Invalid condition id : Cortex-A Device cause : null
2025-12-10 20:27:11,532 [WARN] PackLoader:240 - Cannot read IP mode file for STMicroelectronics.X-CUBE-SUBG2.5.0.0
2025-12-10 20:27:11,552 [WARN] PackLoader:240 - Cannot read IP mode file for STMicroelectronics.X-CUBE-AZRTOS-H7RS.1.1.0
2025-12-10 20:27:11,559 [WARN] PackLoader:240 - Cannot read IP mode file for Cesanta.I-CUBE-Mongoose.7.13.0
2025-12-10 20:27:11,571 [WARN] PackLoader:240 - Cannot read IP mode file for STMicroelectronics.X-CUBE-AZRTOS-G4.2.0.0
2025-12-10 20:27:11,578 [WARN] PackLoader:240 - Cannot read IP mode file for wolfSSL.I-CUBE-wolfSSH.1.4.20
2025-12-10 20:27:11,584 [WARN] PackLoader:240 - Cannot read IP mode file for STMicroelectronics.X-CUBE-NFC7.2.0.0
2025-12-10 20:27:11,595 [WARN] PackLoader:240 - Cannot read IP mode file for STMicroelectronics.X-CUBE-IPS.3.1.0
2025-12-10 20:27:11,620 [WARN] PackLoader:240 - Cannot read IP mode file for STMicroelectronics.X-CUBE-ALS.1.0.2
2025-12-10 20:27:11,628 [WARN] PackLoader:240 - Cannot read IP mode file for STMicroelectronics.X-CUBE-STSE01.1.0.0
2025-12-10 20:27:11,641 [WARN] PackLoader:240 - Cannot read IP mode file for STMicroelectronics.X-CUBE-TOF1.3.4.3
2025-12-10 20:27:11,650 [INFO] ThirdParty:978 - Integrity check success = true
2025-12-10 20:27:11,650 [INFO] IntegrityCheckThread:100 - exiting critical section [integrity check]
2025-12-10 20:27:11,651 [INFO] IntegrityCheckThread:103 - End integrity checks thread
2025-12-10 20:27:11,994 [INFO] WebApp:225 - Starting web application
2025-12-10 20:27:11,994 [INFO] WebApp:593 - Web application path used C:\ST\STM32CubeIDE_1.19.0\STM32CubeIDE\plugins\com.st.stm32cube.common.mx_6.15.0.202507011659\db\plugins\mcufinder\reactClient1\index.html
2025-12-10 21:07:05,633 [ERROR] AdobePublisher:187 - Exception while getting the server answer: java.net.SocketTimeoutException: Read timed out
