2025-12-13 07:31:50,685 [INFO] Activator:176 - 


2025-12-13 07:31:50,689 [INFO] Activator:177 - !SESSION log4j initialized
2025-12-13 07:31:59,937 [INFO] LogOutputStream:77 - [STDOUT_REDIRECT] 
2025-12-13 07:32:16,044 [INFO] ApplicationProperties:184 - Using Application install path: C:\ST\STM32CubeIDE_1.19.0\STM32CubeIDE\plugins\com.st.stm32cube.common.mx_6.15.0.202507011659
2025-12-13 07:32:16,059 [INFO] DbMcusXml:78 - Set database path to: C:\ST\STM32CubeIDE_1.19.0\STM32CubeIDE\plugins\com.st.stm32cube.common.mx_6.15.0.202507011659\\db\/mcu/
2025-12-13 07:32:16,060 [INFO] ApiDb:274 - Set plugin database path to: C:\ST\STM32CubeIDE_1.19.0\STM32CubeIDE\plugins\com.st.stm32cube.common.mx_6.15.0.202507011659\\db\/plugins/boardmanager/
2025-12-13 07:32:16,060 [WARN] ApiDb:259 - Overriding images path with different value:  => C:\ST\STM32CubeIDE_1.19.0\STM32CubeIDE\plugins\com.st.stm32cube.common.mx_6.15.0.202507011659\\db\/plugins/mcufinder/images/
2025-12-13 07:32:16,065 [INFO] ApiDb:250 - Set database path to: C:\Users\user\.stmcufinder\plugins\mcufinder//mcu/
2025-12-13 07:32:16,066 [INFO] DbMcusAds:125 - Set database path to: C:\Users\user\.stmcufinder\plugins\mcufinder//mcu/
2025-12-13 07:32:16,076 [INFO] CrossReferenceDbSqlite:203 - Set database path to: C:\Users\user\.stmcufinder\plugins\mcufinder//mcu/cs/
2025-12-13 07:32:16,182 [INFO] RulesReader:64 - Compatibility file has been processed (317 Rules)
2025-12-13 07:32:16,271 [INFO] DbMcusXml:78 - Set database path to: C:\ST\STM32CubeIDE_1.19.0\STM32CubeIDE\plugins\com.st.stm32cube.common.mx_6.15.0.202507011659\\db\/mcu/
2025-12-13 07:32:16,272 [INFO] ApiDb:274 - Set plugin database path to: C:\ST\STM32CubeIDE_1.19.0\STM32CubeIDE\plugins\com.st.stm32cube.common.mx_6.15.0.202507011659\\db\/plugins/boardmanager/
2025-12-13 07:32:16,272 [INFO] ApiDb:261 - Set plugin images path to: C:\ST\STM32CubeIDE_1.19.0\STM32CubeIDE\plugins\com.st.stm32cube.common.mx_6.15.0.202507011659\\db\/plugins/mcufinder/images/
2025-12-13 07:32:16,272 [WARN] DbFile:41 - Overriding database path with different value: C:\Users\user\.stmcufinder\plugins\mcufinder/ => C:\Users\user\.stmcufinder\plugins\mcufinder
2025-12-13 07:32:16,272 [INFO] ApiDb:250 - Set database path to: C:\Users\user\.stmcufinder\plugins\mcufinder//mcu/
2025-12-13 07:32:16,272 [WARN] DbFile:41 - Overriding database path with different value: C:\Users\user\.stmcufinder\plugins\mcufinder/ => C:\Users\user\.stmcufinder\plugins\mcufinder
2025-12-13 07:32:16,272 [INFO] DbMcusAds:125 - Set database path to: C:\Users\user\.stmcufinder\plugins\mcufinder//mcu/
2025-12-13 07:32:16,272 [WARN] DbFile:41 - Overriding database path with different value: C:\Users\user\.stmcufinder\plugins\mcufinder/ => C:\Users\user\.stmcufinder\plugins\mcufinder
2025-12-13 07:32:16,277 [WARN] DbFile:41 - Overriding database path with different value: C:\Users\user\.stmcufinder\plugins\mcufinder/ => C:\Users\user\.stmcufinder\plugins\mcufinder
2025-12-13 07:32:16,277 [INFO] CrossReferenceDbSqlite:203 - Set database path to: C:\Users\user\.stmcufinder\plugins\mcufinder//mcu/cs/
2025-12-13 07:32:16,350 [INFO] MainPanel:274 - HeapMemory: 272629760
2025-12-13 07:32:16,465 [INFO] DbMcusXml:78 - Set database path to: C:\ST\STM32CubeIDE_1.19.0\STM32CubeIDE\plugins\com.st.stm32cube.common.mx_6.15.0.202507011659\\db\/mcu/
2025-12-13 07:32:16,465 [INFO] ApiDb:274 - Set plugin database path to: C:\ST\STM32CubeIDE_1.19.0\STM32CubeIDE\plugins\com.st.stm32cube.common.mx_6.15.0.202507011659\\db\/plugins/boardmanager/
2025-12-13 07:32:16,465 [INFO] ApiDb:261 - Set plugin images path to: C:\ST\STM32CubeIDE_1.19.0\STM32CubeIDE\plugins\com.st.stm32cube.common.mx_6.15.0.202507011659\\db\/plugins/mcufinder/images/
2025-12-13 07:32:16,465 [WARN] DbFile:41 - Overriding database path with different value: C:\Users\user\.stmcufinder\plugins\mcufinder/ => C:\Users\user\.stmcufinder\plugins\mcufinder
2025-12-13 07:32:16,465 [INFO] ApiDb:250 - Set database path to: C:\Users\user\.stmcufinder\plugins\mcufinder//mcu/
2025-12-13 07:32:16,465 [WARN] DbFile:41 - Overriding database path with different value: C:\Users\user\.stmcufinder\plugins\mcufinder/ => C:\Users\user\.stmcufinder\plugins\mcufinder
2025-12-13 07:32:16,465 [INFO] DbMcusAds:125 - Set database path to: C:\Users\user\.stmcufinder\plugins\mcufinder//mcu/
2025-12-13 07:32:16,466 [WARN] DbFile:41 - Overriding database path with different value: C:\Users\user\.stmcufinder\plugins\mcufinder/ => C:\Users\user\.stmcufinder\plugins\mcufinder
2025-12-13 07:32:16,466 [WARN] DbFile:41 - Overriding database path with different value: C:\Users\user\.stmcufinder\plugins\mcufinder/ => C:\Users\user\.stmcufinder\plugins\mcufinder
2025-12-13 07:32:16,466 [INFO] CrossReferenceDbSqlite:203 - Set database path to: C:\Users\user\.stmcufinder\plugins\mcufinder//mcu/cs/
2025-12-13 07:32:16,481 [INFO] ApplicationProperties:184 - Using Application install path: C:\ST\STM32CubeIDE_1.19.0\STM32CubeIDE\plugins\com.st.stm32cube.common.mx_6.15.0.202507011659
2025-12-13 07:32:16,482 [INFO] PluginManage:196 - Search for loadable plugins [exclusion list=, ]
2025-12-13 07:32:16,483 [INFO] PluginManage:310 - Check plugin analytics
2025-12-13 07:32:16,670 [INFO] AnalyticsPlugin:253 - Accepted Software Licenses: 
2025-12-13 07:32:16,671 [INFO] AnalyticsPlugin:255 - Accepted CMSIS Pack Licenses: 
2025-12-13 07:32:16,671 [INFO] AnalyticsPlugin:257 - Accepted Firmware Licenses: FW.L4.1.18.0
2025-12-13 07:32:16,675 [INFO] PluginManage:359 - Loaded plugin analytics (category:tool,tabindex:-1)
2025-12-13 07:32:16,676 [INFO] PluginManage:310 - Check plugin cadmodel
2025-12-13 07:32:16,683 [INFO] CADModel:105 - Init CAD model plugin
2025-12-13 07:32:16,684 [INFO] PluginManage:359 - Loaded plugin cadmodel (category:power,tabindex:5)
2025-12-13 07:32:16,684 [INFO] PluginManage:310 - Check plugin clock
2025-12-13 07:32:16,695 [INFO] PluginManage:359 - Loaded plugin clock (category:base,tabindex:2)
2025-12-13 07:32:16,695 [INFO] PluginManage:310 - Check plugin ddr
2025-12-13 07:32:16,697 [INFO] PluginManage:359 - Loaded plugin ddr (category:tool,tabindex:6)
2025-12-13 07:32:16,698 [INFO] PluginManage:310 - Check plugin filemanager
2025-12-13 07:32:16,830 [INFO] PluginManage:359 - Loaded plugin filemanager (category:base,tabindex:10)
2025-12-13 07:32:16,830 [INFO] PluginManage:310 - Check plugin ipmanager
2025-12-13 07:32:16,836 [INFO] PluginManage:359 - Loaded plugin ipmanager (category:base,tabindex:5)
2025-12-13 07:32:16,836 [INFO] PluginManage:310 - Check plugin lpbam
2025-12-13 07:32:16,844 [INFO] PluginManage:359 - Loaded plugin lpbam (category:base,tabindex:0)
2025-12-13 07:32:16,845 [INFO] PluginManage:310 - Check plugin memorymap
2025-12-13 07:32:16,860 [INFO] PluginManage:359 - Loaded plugin memorymap (category:base,tabindex:4)
2025-12-13 07:32:16,860 [INFO] PluginManage:310 - Check plugin pinoutandconfiguration
2025-12-13 07:32:16,869 [INFO] PluginManage:359 - Loaded plugin pinoutandconfiguration (category:base,tabindex:1)
2025-12-13 07:32:16,869 [INFO] PluginManage:310 - Check plugin pinoutconfig
2025-12-13 07:32:16,946 [WARN] SupportedApi:132 - Cannot load RTOS API schema: s4s-elt-must-match.1: The content of 'definitions' must match (annotation?, (simpleType | complexType)?, (unique | key | keyref)*)). A problem was found starting at: attribute.
2025-12-13 07:32:17,057 [INFO] PluginManage:359 - Loaded plugin pinoutconfig (category:base,tabindex:0)
2025-12-13 07:32:17,057 [INFO] PluginManage:310 - Check plugin power
2025-12-13 07:32:17,071 [INFO] PluginManage:359 - Loaded plugin power (category:power,tabindex:4)
2025-12-13 07:32:17,072 [INFO] PluginManage:310 - Check plugin projectmanager
2025-12-13 07:32:17,087 [INFO] PluginManage:359 - Loaded plugin projectmanager (category:projectmanager,tabindex:4)
2025-12-13 07:32:17,087 [INFO] PluginManage:310 - Check plugin rif
2025-12-13 07:32:17,109 [INFO] PluginManage:359 - Loaded plugin rif (category:base,tabindex:3)
2025-12-13 07:32:17,110 [INFO] PluginManage:310 - Check plugin thirdparty
2025-12-13 07:32:17,234 [WARN] IntegrityCheckThread:84 - waiting for thirdparty lock release [integrity check]
2025-12-13 07:32:17,234 [INFO] PluginManage:359 - Loaded plugin thirdparty (category:base,tabindex:-1)
2025-12-13 07:32:17,234 [INFO] IntegrityCheckThread:86 - entering critical section [integrity check]
2025-12-13 07:32:17,234 [INFO] PluginManage:310 - Check plugin tools
2025-12-13 07:32:17,234 [INFO] ThirdPartyUpdaterWithRetryManager:70 - Updater plugin not ready yet. [1/15]
2025-12-13 07:32:17,237 [INFO] PluginManage:359 - Loaded plugin tools (category:base,tabindex:7)
2025-12-13 07:32:17,237 [INFO] PluginManage:310 - Check plugin tutovideos
2025-12-13 07:32:17,442 [INFO] PluginManage:359 - Loaded plugin tutovideos (category:base,tabindex:-1)
2025-12-13 07:32:17,442 [INFO] PluginManage:310 - Check plugin updater
2025-12-13 07:32:17,462 [INFO] PluginManage:359 - Loaded plugin updater (category:base,tabindex:12)
2025-12-13 07:32:17,462 [INFO] PluginManage:310 - Check plugin userauth
2025-12-13 07:32:17,466 [INFO] UserAuth:118 - Init User Auth plugin
2025-12-13 07:32:17,466 [INFO] PluginManage:359 - Loaded plugin userauth (category:base,tabindex:14)
2025-12-13 07:32:17,467 [INFO] PluginManage:283 - PluginManage : Loaded plugins [18]
2025-12-13 07:32:17,661 [INFO] PinOutPanel:1589 - setPackage(No Configuration,No Configuration)
2025-12-13 07:32:17,736 [INFO] CADModel:165 - CPN selected for project level
2025-12-13 07:32:17,736 [INFO] CADModel:114 - Register for checkConnection events
2025-12-13 07:32:17,752 [INFO] IPUIPlugin:80 - create IPUIPlugin
2025-12-13 07:32:17,752 [INFO] PluginManager:220 - loadIPPluginJar : add adc
2025-12-13 07:32:17,754 [INFO] IPUIPlugin:80 - create IPUIPlugin
2025-12-13 07:32:17,754 [INFO] PluginManager:220 - loadIPPluginJar : add aes
2025-12-13 07:32:17,757 [INFO] IPUIPlugin:80 - create IPUIPlugin
2025-12-13 07:32:17,757 [INFO] PluginManager:220 - loadIPPluginJar : add can
2025-12-13 07:32:17,758 [INFO] IPUIPlugin:80 - create IPUIPlugin
2025-12-13 07:32:17,758 [INFO] PluginManager:220 - loadIPPluginJar : add comp
2025-12-13 07:32:17,761 [INFO] IPUIPlugin:80 - create IPUIPlugin
2025-12-13 07:32:17,761 [INFO] PluginManager:220 - loadIPPluginJar : add cryp
2025-12-13 07:32:17,764 [INFO] IPUIPlugin:80 - create IPUIPlugin
2025-12-13 07:32:17,764 [INFO] PluginManager:220 - loadIPPluginJar : add ddr_ctrl_phy
2025-12-13 07:32:17,766 [INFO] IPUIPlugin:80 - create IPUIPlugin
2025-12-13 07:32:17,766 [INFO] PluginManager:220 - loadIPPluginJar : add dfsdm
2025-12-13 07:32:17,770 [INFO] IPUIPlugin:80 - create IPUIPlugin
2025-12-13 07:32:17,770 [INFO] PluginManager:220 - loadIPPluginJar : add dma
2025-12-13 07:32:17,772 [INFO] IPUIPlugin:80 - create IPUIPlugin
2025-12-13 07:32:17,772 [INFO] PluginManager:220 - loadIPPluginJar : add dma3
2025-12-13 07:32:17,775 [INFO] IPUIPlugin:80 - create IPUIPlugin
2025-12-13 07:32:17,775 [INFO] PluginManager:220 - loadIPPluginJar : add extmemmanager
2025-12-13 07:32:17,776 [INFO] IPUIPlugin:80 - create IPUIPlugin
2025-12-13 07:32:17,776 [INFO] PluginManager:220 - loadIPPluginJar : add fatfs
2025-12-13 07:32:17,780 [INFO] IPUIPlugin:80 - create IPUIPlugin
2025-12-13 07:32:17,780 [INFO] PluginManager:220 - loadIPPluginJar : add fmc
2025-12-13 07:32:17,788 [INFO] IPUIPlugin:80 - create IPUIPlugin
2025-12-13 07:32:17,788 [INFO] PluginManager:220 - loadIPPluginJar : add freertos
2025-12-13 07:32:17,789 [INFO] IPUIPlugin:80 - create IPUIPlugin
2025-12-13 07:32:17,789 [INFO] PluginManager:220 - loadIPPluginJar : add genericplugin
2025-12-13 07:32:17,792 [INFO] IPUIPlugin:80 - create IPUIPlugin
2025-12-13 07:32:17,792 [INFO] PluginManager:220 - loadIPPluginJar : add gfxmmu
2025-12-13 07:32:17,796 [INFO] IPUIPlugin:80 - create IPUIPlugin
2025-12-13 07:32:17,796 [INFO] PluginManager:220 - loadIPPluginJar : add gic
2025-12-13 07:32:17,799 [INFO] IPUIPlugin:80 - create IPUIPlugin
2025-12-13 07:32:17,799 [INFO] PluginManager:220 - loadIPPluginJar : add gpio
2025-12-13 07:32:17,802 [INFO] IPUIPlugin:80 - create IPUIPlugin
2025-12-13 07:32:17,802 [INFO] PluginManager:220 - loadIPPluginJar : add gtzc
2025-12-13 07:32:17,804 [INFO] IPUIPlugin:80 - create IPUIPlugin
2025-12-13 07:32:17,804 [INFO] PluginManager:220 - loadIPPluginJar : add hash
2025-12-13 07:32:17,807 [INFO] IPUIPlugin:80 - create IPUIPlugin
2025-12-13 07:32:17,807 [INFO] PluginManager:220 - loadIPPluginJar : add i2c
2025-12-13 07:32:17,809 [INFO] IPUIPlugin:80 - create IPUIPlugin
2025-12-13 07:32:17,809 [INFO] PluginManager:220 - loadIPPluginJar : add i2s
2025-12-13 07:32:17,812 [INFO] IPUIPlugin:80 - create IPUIPlugin
2025-12-13 07:32:17,812 [INFO] PluginManager:220 - loadIPPluginJar : add i3c
2025-12-13 07:32:17,815 [INFO] IPUIPlugin:80 - create IPUIPlugin
2025-12-13 07:32:17,815 [INFO] PluginManager:220 - loadIPPluginJar : add ipddr
2025-12-13 07:32:17,821 [INFO] IPUIPlugin:80 - create IPUIPlugin
2025-12-13 07:32:17,821 [INFO] PluginManager:220 - loadIPPluginJar : add linkedlist
2025-12-13 07:32:17,825 [INFO] IPUIPlugin:80 - create IPUIPlugin
2025-12-13 07:32:17,825 [INFO] PluginManager:220 - loadIPPluginJar : add lorawan
2025-12-13 07:32:17,827 [INFO] IPUIPlugin:80 - create IPUIPlugin
2025-12-13 07:32:17,827 [INFO] PluginManager:220 - loadIPPluginJar : add ltdc
2025-12-13 07:32:17,831 [INFO] IPUIPlugin:80 - create IPUIPlugin
2025-12-13 07:32:17,831 [INFO] PluginManager:220 - loadIPPluginJar : add mdma
2025-12-13 07:32:17,834 [INFO] IPUIPlugin:80 - create IPUIPlugin
2025-12-13 07:32:17,834 [INFO] PluginManager:220 - loadIPPluginJar : add nvic
2025-12-13 07:32:17,837 [INFO] IPUIPlugin:80 - create IPUIPlugin
2025-12-13 07:32:17,837 [INFO] PluginManager:220 - loadIPPluginJar : add opamp
2025-12-13 07:32:17,840 [INFO] IPUIPlugin:80 - create IPUIPlugin
2025-12-13 07:32:17,840 [INFO] PluginManager:220 - loadIPPluginJar : add openamp
2025-12-13 07:32:17,842 [INFO] IPUIPlugin:80 - create IPUIPlugin
2025-12-13 07:32:17,842 [INFO] PluginManager:220 - loadIPPluginJar : add pdm2pcm
2025-12-13 07:32:17,847 [INFO] IPUIPlugin:80 - create IPUIPlugin
2025-12-13 07:32:17,848 [INFO] PluginManager:220 - loadIPPluginJar : add plateformsettings
2025-12-13 07:32:17,850 [INFO] IPUIPlugin:80 - create IPUIPlugin
2025-12-13 07:32:17,850 [INFO] PluginManager:220 - loadIPPluginJar : add quadspi
2025-12-13 07:32:17,851 [INFO] IPUIPlugin:80 - create IPUIPlugin
2025-12-13 07:32:17,852 [INFO] PluginManager:220 - loadIPPluginJar : add radio
2025-12-13 07:32:17,856 [INFO] IPUIPlugin:80 - create IPUIPlugin
2025-12-13 07:32:17,856 [INFO] PluginManager:220 - loadIPPluginJar : add resmgrutility
2025-12-13 07:32:17,859 [INFO] IPUIPlugin:80 - create IPUIPlugin
2025-12-13 07:32:17,859 [INFO] PluginManager:220 - loadIPPluginJar : add sai
2025-12-13 07:32:17,863 [INFO] IPUIPlugin:80 - create IPUIPlugin
2025-12-13 07:32:17,863 [INFO] PluginManager:220 - loadIPPluginJar : add spi
2025-12-13 07:32:17,867 [INFO] IPUIPlugin:80 - create IPUIPlugin
2025-12-13 07:32:17,867 [INFO] PluginManager:220 - loadIPPluginJar : add stm32_wpan
2025-12-13 07:32:17,869 [INFO] IPUIPlugin:80 - create IPUIPlugin
2025-12-13 07:32:17,869 [INFO] PluginManager:220 - loadIPPluginJar : add tim
2025-12-13 07:32:17,872 [INFO] IPUIPlugin:80 - create IPUIPlugin
2025-12-13 07:32:17,872 [INFO] PluginManager:220 - loadIPPluginJar : add touchsensing
2025-12-13 07:32:17,875 [INFO] IPUIPlugin:80 - create IPUIPlugin
2025-12-13 07:32:17,875 [INFO] PluginManager:220 - loadIPPluginJar : add tracer_emb
2025-12-13 07:32:17,877 [INFO] IPUIPlugin:80 - create IPUIPlugin
2025-12-13 07:32:17,877 [INFO] PluginManager:220 - loadIPPluginJar : add ts
2025-12-13 07:32:17,879 [INFO] IPUIPlugin:80 - create IPUIPlugin
2025-12-13 07:32:17,879 [INFO] PluginManager:220 - loadIPPluginJar : add tsc
2025-12-13 07:32:17,881 [INFO] IPUIPlugin:80 - create IPUIPlugin
2025-12-13 07:32:17,881 [INFO] PluginManager:220 - loadIPPluginJar : add ucpd
2025-12-13 07:32:17,883 [INFO] IPUIPlugin:80 - create IPUIPlugin
2025-12-13 07:32:17,883 [INFO] PluginManager:220 - loadIPPluginJar : add usart
2025-12-13 07:32:17,886 [INFO] IPUIPlugin:80 - create IPUIPlugin
2025-12-13 07:32:17,886 [INFO] PluginManager:220 - loadIPPluginJar : add usbx
2025-12-13 07:32:18,011 [FATAL] Updater:351 - Updater called before beeing initialized
2025-12-13 07:32:18,047 [INFO] RulesReader:64 - Compatibility file has been processed (317 Rules)
2025-12-13 07:32:18,055 [INFO] RulesReader:64 - Compatibility file has been processed (317 Rules)
2025-12-13 07:32:18,065 [INFO] CADModel:165 - CPN selected for project level
2025-12-13 07:32:18,065 [INFO] CADModel:114 - Register for checkConnection events
2025-12-13 07:32:18,065 [FATAL] Updater:351 - Updater called before beeing initialized
2025-12-13 07:32:18,065 [ERROR] CADModel:125 - Updater not yet initialized, retry later 
2025-12-13 07:32:18,219 [FATAL] Updater:351 - Updater called before beeing initialized
2025-12-13 07:32:18,221 [INFO] CADModel:165 - CPN selected for project level
2025-12-13 07:32:18,221 [INFO] CADModel:114 - Register for checkConnection events
2025-12-13 07:32:18,221 [FATAL] Updater:351 - Updater called before beeing initialized
2025-12-13 07:32:18,222 [ERROR] CADModel:125 - Updater not yet initialized, retry later 
2025-12-13 07:32:18,224 [FATAL] Updater:351 - Updater called before beeing initialized
2025-12-13 07:32:18,345 [FATAL] Updater:351 - Updater called before beeing initialized
2025-12-13 07:32:18,352 [INFO] DbMcusAds:53 - JSON generation date=Mon Dec 08 22:28:10 CST 2025 (1765204090049)
2025-12-13 07:32:18,352 [FATAL] Updater:351 - Updater called before beeing initialized
2025-12-13 07:32:18,398 [WARN] DetailPanel:346 - Failed to get advertising image, set to default
2025-12-13 07:32:18,470 [FATAL] Updater:351 - Updater called before beeing initialized
2025-12-13 07:32:18,473 [FATAL] Updater:351 - Updater called before beeing initialized
2025-12-13 07:32:18,473 [FATAL] Updater:351 - Updater called before beeing initialized
2025-12-13 07:32:18,473 [WARN] DetailPanel:346 - Failed to get advertising image, set to default
2025-12-13 07:32:18,474 [FATAL] Updater:351 - Updater called before beeing initialized
2025-12-13 07:32:18,516 [ERROR] Updater:1198 - MainUpdater not yet initialized. External WinMGr cannot be set.
2025-12-13 07:32:18,518 [INFO] Updater:1134 - Updater Version found : 6.15.0
2025-12-13 07:32:18,532 [INFO] ApplicationProperties:184 - Using Application install path: C:\ST\STM32CubeIDE_1.19.0\STM32CubeIDE\plugins\com.st.stm32cube.common.mx_6.15.0.202507011659
2025-12-13 07:32:20,112 [ERROR] LogOutputStream:75 - [STDERR_REDIRECT] Dec 13, 2025 7:32:20 AM java.util.prefs.WindowsPreferences <init>
2025-12-13 07:32:20,112 [ERROR] LogOutputStream:75 - [STDERR_REDIRECT] WARNING: Could not open/create prefs root node Software\JavaSoft\Prefs at root 0xffffffff80000002. Windows RegCreateKeyEx(...) returned error code 5.
2025-12-13 07:32:20,112 [ERROR] LogOutputStream:75 - [STDERR_REDIRECT] 
2025-12-13 07:32:20,244 [INFO] ThirdPartyUpdaterWithRetryManager:70 - Updater plugin not ready yet. [2/15]
2025-12-13 07:32:20,524 [INFO] MainUpdater:2872 - connection check result : 10
2025-12-13 07:32:20,524 [INFO] MainUpdater:3604 - Updater definition file requires update
2025-12-13 07:32:20,524 [INFO] MainUpdater:289 - Updater Check For Update Now.
2025-12-13 07:32:20,524 [INFO] MicroXplorer:498 - Change Database Version : DB.6.0.150
2025-12-13 07:32:20,524 [INFO] McuFinderGlobals:63 - Set McuFinder mode to 2 (CubeIDE integrated)
2025-12-13 07:32:20,524 [INFO] UserAuth:171 - activating auth plugin
2025-12-13 07:32:20,524 [INFO] UserAuth:487 - Internet connection configuration mode: 1
2025-12-13 07:32:20,524 [INFO] ServerAccessManage:452 - Complete download http(s) 200
2025-12-13 07:32:20,540 [INFO] ServerAccessManage:509 - Download File updaters.zip
2025-12-13 07:32:20,556 [INFO] JxBrowserEngine:152 - Initiate JxBrowser Engine with user profile folder
2025-12-13 07:32:20,619 [INFO] FileExtend:248 - Unzip File : updaters.zip
2025-12-13 07:32:20,619 [INFO] FileExtend:263 - Standard Zip Deflate
2025-12-13 07:32:21,401 [INFO] ServerAccessManage:452 - Complete download http(s) 200
2025-12-13 07:32:21,401 [INFO] ServerAccessManage:509 - Download File PacksControlFlags.xml
2025-12-13 07:32:22,051 [INFO] ServerAccessManage:452 - Complete download http(s) 200
2025-12-13 07:32:22,051 [INFO] ServerAccessManage:509 - Download File cubemx.pidx
2025-12-13 07:32:22,298 [INFO] LoadServerUpdatesThread:375 - End of LoadServerUpdate Thread
2025-12-13 07:32:22,519 [INFO] CheckServerUpdateThread:120 - End of CheckServer Thread
2025-12-13 07:32:22,789 [INFO] WebApp:169 - Instantiating new browser for Auth
2025-12-13 07:32:23,515 [WARN] PackLoader:240 - Cannot read IP mode file for STMicroelectronics.FP-SNS-MOTENVWB1.1.4.0
2025-12-13 07:32:23,531 [WARN] PackLoader:240 - Cannot read IP mode file for STMicroelectronics.FP-ATR-ASTRA1.2.0.2
2025-12-13 07:32:23,531 [WARN] PackLoader:240 - Cannot read IP mode file for STMicroelectronics.X-CUBE-SMBUS.2.1.0
2025-12-13 07:32:23,531 [WARN] PackLoader:240 - Cannot read IP mode file for STMicroelectronics.X-CUBE-ST60.1.0.0
2025-12-13 07:32:23,579 [WARN] PackLoader:240 - Cannot read IP mode file for STMicroelectronics.X-CUBE-AZRTOS-F7.1.1.0
2025-12-13 07:32:23,579 [WARN] PackLoader:240 - Cannot read IP mode file for STMicroelectronics.FP-SNS-MOTENV1.5.1.0
2025-12-13 07:32:23,595 [WARN] PackLoader:240 - Cannot read IP mode file for WES.I-CUBE-Cesium.1.4.0
2025-12-13 07:32:23,626 [WARN] PackLoader:240 - Cannot read IP mode file for Infineon.AIROC-Wi-Fi-Bluetooth-STM32.1.7.1
2025-12-13 07:32:23,674 [WARN] PackLoader:240 - Cannot read IP mode file for STMicroelectronics.X-CUBE-AZRTOS-H7.3.4.0
2025-12-13 07:32:23,690 [WARN] PackLoader:240 - Cannot read IP mode file for STMicroelectronics.X-CUBE-DISPLAY.3.0.0
2025-12-13 07:32:23,706 [WARN] PackLoader:240 - Cannot read IP mode file for STMicroelectronics.X-CUBE-NFC10.1.0.0
2025-12-13 07:32:23,706 [WARN] PackLoader:240 - Cannot read IP mode file for STMicroelectronics.X-CUBE-ST60.1.1.0
2025-12-13 07:32:23,722 [WARN] PackLoader:240 - Cannot read IP mode file for emotas.I-CUBE-CANOPEN.1.3.0
2025-12-13 07:32:23,722 [WARN] PackLoader:240 - Cannot read IP mode file for STMicroelectronics.X-CUBE-GNSS1.7.1.0
2025-12-13 07:32:23,722 [WARN] PackLoader:240 - Cannot read IP mode file for STMicroelectronics.FP-SNS-STBOX1.2.1.0
2025-12-13 07:32:23,737 [WARN] PackLoader:240 - Cannot read IP mode file for STMicroelectronics.FP-SNS-SMARTAG2.1.2.0
2025-12-13 07:32:23,737 [WARN] PackLoader:240 - Cannot read IP mode file for STMicroelectronics.FP-SNS-FLIGHT1.5.1.0
2025-12-13 07:32:23,753 [INFO] LogOutputStream:77 - [STDOUT_REDIRECT] 1 : Invalid condition id : UX_CORESTACK_Condition cause : null
2025-12-13 07:32:23,753 [INFO] LogOutputStream:77 - [STDOUT_REDIRECT] 1 : Invalid condition id : UX_CORESTACK_Condition cause : null
2025-12-13 07:32:23,753 [INFO] LogOutputStream:77 - [STDOUT_REDIRECT] 1 : Invalid condition id : UX_CORESTACK_Condition cause : null
2025-12-13 07:32:23,753 [INFO] LogOutputStream:77 - [STDOUT_REDIRECT] 1 : Invalid condition id : UX_CORESTACK_Condition cause : null
2025-12-13 07:32:23,753 [INFO] LogOutputStream:77 - [STDOUT_REDIRECT] 1 : Invalid condition id : UX_CORESTACK_Condition cause : null
2025-12-13 07:32:23,753 [WARN] PackLoader:240 - Cannot read IP mode file for STMicroelectronics.X-CUBE-AZRTOS-WL.2.0.0
2025-12-13 07:32:23,769 [WARN] PackLoader:240 - Cannot read IP mode file for STMicroelectronics.FP-SNS-MOTENV1.5.0.0
2025-12-13 07:32:23,785 [WARN] PackLoader:240 - Cannot read IP mode file for STMicroelectronics.X-CUBE-AZRTOS-H7RS.1.2.0
2025-12-13 07:32:23,801 [WARN] PackLoader:240 - Cannot read IP mode file for STMicroelectronics.X-CUBE-BLE2.3.3.0
2025-12-13 07:32:23,817 [WARN] PackLoader:240 - Cannot read IP mode file for STMicroelectronics.X-CUBE-NFC9.1.0.0
2025-12-13 07:32:23,832 [WARN] PackLoader:240 - Cannot read IP mode file for wolfSSL.I-CUBE-wolfSSL.5.8.2
2025-12-13 07:32:23,832 [WARN] PackLoader:240 - Cannot read IP mode file for STMicroelectronics.X-CUBE-BLE1.7.1.0
2025-12-13 07:32:23,832 [WARN] PackLoader:240 - Cannot read IP mode file for wolfSSL.I-CUBE-wolfMQTT.1.19.2
2025-12-13 07:32:23,848 [WARN] PackLoader:240 - Cannot read IP mode file for STMicroelectronics.X-CUBE-FREERTOS.1.4.0
2025-12-13 07:32:23,848 [WARN] PackLoader:240 - Cannot read IP mode file for STMicroelectronics.X-CUBE-EEPRMA1.5.2.0
2025-12-13 07:32:23,864 [WARN] PackLoader:240 - Cannot read IP mode file for STMicroelectronics.X-CUBE-ST67W61.1.1.0
2025-12-13 07:32:23,896 [WARN] PackLoader:240 - Cannot read IP mode file for STMicroelectronics.X-CUBE-MEMS1.12.0.0
2025-12-13 07:32:24,007 [WARN] PackLoader:240 - Cannot read IP mode file for STMicroelectronics.X-CUBE-AZRTOS-G0.1.1.0
2025-12-13 07:32:24,007 [WARN] PackLoader:240 - Cannot read IP mode file for STMicroelectronics.X-CUBE-SAFEA1.1.2.2
2025-12-13 07:32:24,022 [WARN] PackLoader:240 - Cannot read IP mode file for STMicroelectronics.X-CUBE-NFC4.3.0.0
2025-12-13 07:32:24,040 [WARN] PackLoader:240 - Cannot read IP mode file for EmbeddedOffice.I-CUBE-FS-RTOS.1.0.1
2025-12-13 07:32:24,040 [WARN] PackLoader:240 - Cannot read IP mode file for STMicroelectronics.X-CUBE-WB05N.2.0.0
2025-12-13 07:32:24,054 [WARN] PackLoader:240 - Cannot read IP mode file for wolfSSL.I-CUBE-wolfTPM.3.8.0
2025-12-13 07:32:24,054 [WARN] PackLoader:240 - Cannot read IP mode file for STMicroelectronics.X-CUBE-TCPP.4.2.0
2025-12-13 07:32:24,054 [WARN] PackLoader:240 - Cannot read IP mode file for RealThread.X-CUBE-RT-Thread_Nano.4.1.1
2025-12-13 07:32:24,070 [WARN] PackLoader:240 - Cannot read IP mode file for STMicroelectronics.FP-ATR-SIGFOX1.3.2.0
2025-12-13 07:32:24,070 [WARN] PackLoader:240 - Cannot read IP mode file for ITTIA_DB.I-CUBE-ITTIADB.8.9.0
2025-12-13 07:32:24,086 [WARN] PackLoader:240 - Cannot read IP mode file for STMicroelectronics.X-CUBE-ST67W61.1.0.0
2025-12-13 07:32:24,086 [WARN] PackLoader:240 - Cannot read IP mode file for STMicroelectronics.X-CUBE-AI.10.2.0
2025-12-13 07:32:24,117 [WARN] PackLoader:240 - Cannot read IP mode file for SEGGER.I-CUBE-embOS.1.3.1
2025-12-13 07:32:24,149 [WARN] PackLoader:240 - Cannot read IP mode file for STMicroelectronics.X-CUBE-ALGOBUILD.1.4.0
2025-12-13 07:32:24,197 [WARN] PackLoader:240 - Cannot read IP mode file for STMicroelectronics.X-CUBE-MEMS1.11.3.0
2025-12-13 07:32:24,330 [WARN] PackLoader:240 - Cannot read IP mode file for STMicroelectronics.X-CUBE-PM33A1.1.0.0
2025-12-13 07:32:24,339 [WARN] PackLoader:240 - Cannot read IP mode file for STMicroelectronics.X-CUBE-AZRTOS-F4.1.1.0
2025-12-13 07:32:24,402 [WARN] PackLoader:240 - Cannot read IP mode file for Avnet-IotConnect.X-CUBE-IoTC-DA16k-PMOD.1.0.0
2025-12-13 07:32:24,416 [WARN] PackLoader:240 - Cannot read IP mode file for STMicroelectronics.X-CUBE-ISPU.2.1.0
2025-12-13 07:32:24,431 [WARN] PackLoader:240 - Cannot read IP mode file for STMicroelectronics.X-CUBE-IPS.3.2.0
2025-12-13 07:32:24,444 [WARN] PackLoader:240 - Cannot read IP mode file for STMicroelectronics.X-CUBE-NFC12.1.0.0
2025-12-13 07:32:24,460 [WARN] PackLoader:240 - Cannot read IP mode file for STMicroelectronics.X-CUBE-AZRTOS-L5.2.0.0
2025-12-13 07:32:24,467 [WARN] PackLoader:240 - Cannot read IP mode file for STMicroelectronics.X-CUBE-NFC6.3.1.0
2025-12-13 07:32:24,467 [WARN] PackLoader:240 - Cannot read IP mode file for STMicroelectronics.X-CUBE-FREERTOS.1.3.1
2025-12-13 07:32:24,483 [WARN] PackLoader:240 - Cannot read IP mode file for STMicroelectronics.X-CUBE-TOUCHGFX.4.26.0
2025-12-13 07:32:24,483 [WARN] PackLoader:240 - Cannot read IP mode file for STMicroelectronics.FP-SNS-STAIOTCFT.1.0.0
2025-12-13 07:32:24,483 [WARN] PackLoader:240 - Cannot read IP mode file for STMicroelectronics.X-CUBE-DPower.1.3.0
2025-12-13 07:32:24,518 [WARN] ConditionMgr:438 - getConditionDescription Invalid condition id : LAN8742 Phy interface Condition cause : null
2025-12-13 07:32:24,518 [WARN] PackLoader:240 - Cannot read IP mode file for STMicroelectronics.X-CUBE-AZRTOS-L4.2.0.0
2025-12-13 07:32:24,518 [WARN] ConditionMgr:1044 - genDependencies : Invalid condition id : LAN8742 Phy interface Condition cause : null
2025-12-13 07:32:24,518 [WARN] ConditionMgr:1044 - genDependencies : Invalid condition id : LAN8742 Phy interface Condition cause : null
2025-12-13 07:32:24,518 [WARN] ConditionMgr:1044 - genDependencies : Invalid condition id : LAN8742 Phy interface Condition cause : null
2025-12-13 07:32:24,536 [WARN] PackLoader:240 - Cannot read IP mode file for STMicroelectronics.X-CUBE-SFXS2LP1.4.0.0
2025-12-13 07:32:24,546 [WARN] PackLoader:240 - Cannot read IP mode file for STMicroelectronics.X-CUBE-BLEMGR.4.1.0
2025-12-13 07:32:24,571 [WARN] ConditionMgr:438 - getConditionDescription Invalid condition id : UX DEVICE CLASS RTOS Condition cause : null
2025-12-13 07:32:24,571 [WARN] ConditionMgr:438 - getConditionDescription Invalid condition id : UX DEVICE CLASS RTOS Condition cause : null
2025-12-13 07:32:24,571 [WARN] PackLoader:240 - Cannot read IP mode file for STMicroelectronics.X-CUBE-AZRTOS-WB.2.0.0
2025-12-13 07:32:24,571 [WARN] ConditionMgr:1044 - genDependencies : Invalid condition id : UX DEVICE CLASS RTOS Condition cause : null
2025-12-13 07:32:24,571 [WARN] ConditionMgr:1044 - genDependencies : Invalid condition id : UX DEVICE CLASS RTOS Condition cause : null
2025-12-13 07:32:24,571 [WARN] ConditionMgr:1044 - genDependencies : Invalid condition id : UX DEVICE CLASS RTOS Condition cause : null
2025-12-13 07:32:24,571 [WARN] ConditionMgr:1044 - genDependencies : Invalid condition id : UX DEVICE CLASS RTOS Condition cause : null
2025-12-13 07:32:24,571 [WARN] ConditionMgr:1044 - genDependencies : Invalid condition id : UX DEVICE CLASS RTOS Condition cause : null
2025-12-13 07:32:24,580 [WARN] PackLoader:240 - Cannot read IP mode file for STMicroelectronics.X-CUBE-GNSS1.7.0.1
2025-12-13 07:32:24,584 [WARN] PackLoader:240 - Cannot read IP mode file for STMicroelectronics.X-CUBE-TOUCHGFX.4.25.0
2025-12-13 07:32:24,625 [WARN] ConditionMgr:438 - getConditionDescription Invalid condition id : Cortex-A Device cause : null
2025-12-13 07:32:24,636 [WARN] ConditionMgr:1044 - genDependencies : Invalid condition id : Cortex-A Device cause : null
2025-12-13 07:32:24,636 [WARN] ConditionMgr:1044 - genDependencies : Invalid condition id : Cortex-A Device cause : null
2025-12-13 07:32:24,636 [WARN] ConditionMgr:1044 - genDependencies : Invalid condition id : Cortex-A Device cause : null
2025-12-13 07:32:24,643 [WARN] PackLoader:240 - Cannot read IP mode file for STMicroelectronics.X-CUBE-SUBG2.5.0.0
2025-12-13 07:32:24,673 [WARN] PackLoader:240 - Cannot read IP mode file for STMicroelectronics.X-CUBE-AZRTOS-H7RS.1.1.0
2025-12-13 07:32:24,689 [WARN] PackLoader:240 - Cannot read IP mode file for Cesanta.I-CUBE-Mongoose.7.13.0
2025-12-13 07:32:24,736 [WARN] PackLoader:240 - Cannot read IP mode file for STMicroelectronics.X-CUBE-AZRTOS-G4.2.0.0
2025-12-13 07:32:24,752 [WARN] PackLoader:240 - Cannot read IP mode file for wolfSSL.I-CUBE-wolfSSH.1.4.20
2025-12-13 07:32:24,768 [WARN] PackLoader:240 - Cannot read IP mode file for STMicroelectronics.X-CUBE-NFC7.2.0.0
2025-12-13 07:32:24,795 [WARN] PackLoader:240 - Cannot read IP mode file for STMicroelectronics.X-CUBE-IPS.3.1.0
2025-12-13 07:32:24,805 [INFO] WebApp:463 - Apply proxy settings
2025-12-13 07:32:24,805 [INFO] WebApp:548 - Chromium requires no authentication
2025-12-13 07:32:24,805 [WARN] PackLoader:240 - Cannot read IP mode file for STMicroelectronics.X-CUBE-ALS.1.0.2
2025-12-13 07:32:24,816 [WARN] PackLoader:240 - Cannot read IP mode file for STMicroelectronics.X-CUBE-STSE01.1.0.0
2025-12-13 07:32:24,847 [WARN] PackLoader:240 - Cannot read IP mode file for STMicroelectronics.X-CUBE-TOF1.3.4.3
2025-12-13 07:32:24,874 [INFO] ThirdParty:978 - Integrity check success = true
2025-12-13 07:32:24,874 [INFO] IntegrityCheckThread:100 - exiting critical section [integrity check]
2025-12-13 07:32:24,874 [INFO] IntegrityCheckThread:103 - End integrity checks thread
2025-12-13 07:32:24,910 [INFO] WebApp:491 - Direct internet connection detected
2025-12-13 07:32:25,152 [INFO] WebApp:900 - Register for checkConnection events
2025-12-13 07:32:25,152 [INFO] WebApp:463 - Apply proxy settings
2025-12-13 07:32:25,152 [INFO] WebApp:548 - Chromium requires no authentication
2025-12-13 07:32:25,153 [INFO] WebApp:491 - Direct internet connection detected
2025-12-13 07:32:25,234 [INFO] WebApp:191 - Connection restablished
2025-12-13 07:32:25,539 [INFO] WebApp:225 - Starting web application
2025-12-13 07:32:25,539 [INFO] WebApp:593 - Web application path used C:\ST\STM32CubeIDE_1.19.0\STM32CubeIDE\plugins\com.st.stm32cube.common.mx_6.15.0.202507011659\db\plugins\mcufinder\reactClient1\index.html
2025-12-13 10:29:18,581 [ERROR] LogOutputStream:75 - [STDERR_REDIRECT] 
2025-12-13 19:01:39,100 [INFO] Activator:176 - 


2025-12-13 19:01:39,108 [INFO] Activator:177 - !SESSION log4j initialized
2025-12-13 19:01:47,965 [INFO] LogOutputStream:77 - [STDOUT_REDIRECT] 
2025-12-13 19:02:06,323 [INFO] ApplicationProperties:184 - Using Application install path: C:\ST\STM32CubeIDE_1.19.0\STM32CubeIDE\plugins\com.st.stm32cube.common.mx_6.15.0.202507011659
2025-12-13 19:02:06,339 [INFO] DbMcusXml:78 - Set database path to: C:\ST\STM32CubeIDE_1.19.0\STM32CubeIDE\plugins\com.st.stm32cube.common.mx_6.15.0.202507011659\\db\/mcu/
2025-12-13 19:02:06,339 [INFO] ApiDb:274 - Set plugin database path to: C:\ST\STM32CubeIDE_1.19.0\STM32CubeIDE\plugins\com.st.stm32cube.common.mx_6.15.0.202507011659\\db\/plugins/boardmanager/
2025-12-13 19:02:06,339 [WARN] ApiDb:259 - Overriding images path with different value:  => C:\ST\STM32CubeIDE_1.19.0\STM32CubeIDE\plugins\com.st.stm32cube.common.mx_6.15.0.202507011659\\db\/plugins/mcufinder/images/
2025-12-13 19:02:06,361 [INFO] ApiDb:250 - Set database path to: C:\Users\user\.stmcufinder\plugins\mcufinder//mcu/
2025-12-13 19:02:06,361 [INFO] DbMcusAds:125 - Set database path to: C:\Users\user\.stmcufinder\plugins\mcufinder//mcu/
2025-12-13 19:02:06,371 [INFO] CrossReferenceDbSqlite:203 - Set database path to: C:\Users\user\.stmcufinder\plugins\mcufinder//mcu/cs/
2025-12-13 19:02:06,514 [INFO] RulesReader:64 - Compatibility file has been processed (317 Rules)
2025-12-13 19:02:06,661 [INFO] DbMcusXml:78 - Set database path to: C:\ST\STM32CubeIDE_1.19.0\STM32CubeIDE\plugins\com.st.stm32cube.common.mx_6.15.0.202507011659\\db\/mcu/
2025-12-13 19:02:06,661 [INFO] ApiDb:274 - Set plugin database path to: C:\ST\STM32CubeIDE_1.19.0\STM32CubeIDE\plugins\com.st.stm32cube.common.mx_6.15.0.202507011659\\db\/plugins/boardmanager/
2025-12-13 19:02:06,661 [INFO] ApiDb:261 - Set plugin images path to: C:\ST\STM32CubeIDE_1.19.0\STM32CubeIDE\plugins\com.st.stm32cube.common.mx_6.15.0.202507011659\\db\/plugins/mcufinder/images/
2025-12-13 19:02:06,661 [WARN] DbFile:41 - Overriding database path with different value: C:\Users\user\.stmcufinder\plugins\mcufinder/ => C:\Users\user\.stmcufinder\plugins\mcufinder
2025-12-13 19:02:06,661 [INFO] ApiDb:250 - Set database path to: C:\Users\user\.stmcufinder\plugins\mcufinder//mcu/
2025-12-13 19:02:06,661 [WARN] DbFile:41 - Overriding database path with different value: C:\Users\user\.stmcufinder\plugins\mcufinder/ => C:\Users\user\.stmcufinder\plugins\mcufinder
2025-12-13 19:02:06,661 [INFO] DbMcusAds:125 - Set database path to: C:\Users\user\.stmcufinder\plugins\mcufinder//mcu/
2025-12-13 19:02:06,661 [WARN] DbFile:41 - Overriding database path with different value: C:\Users\user\.stmcufinder\plugins\mcufinder/ => C:\Users\user\.stmcufinder\plugins\mcufinder
2025-12-13 19:02:06,661 [WARN] DbFile:41 - Overriding database path with different value: C:\Users\user\.stmcufinder\plugins\mcufinder/ => C:\Users\user\.stmcufinder\plugins\mcufinder
2025-12-13 19:02:06,661 [INFO] CrossReferenceDbSqlite:203 - Set database path to: C:\Users\user\.stmcufinder\plugins\mcufinder//mcu/cs/
2025-12-13 19:02:06,742 [INFO] MainPanel:274 - HeapMemory: 279969792
2025-12-13 19:02:06,876 [INFO] DbMcusXml:78 - Set database path to: C:\ST\STM32CubeIDE_1.19.0\STM32CubeIDE\plugins\com.st.stm32cube.common.mx_6.15.0.202507011659\\db\/mcu/
2025-12-13 19:02:06,876 [INFO] ApiDb:274 - Set plugin database path to: C:\ST\STM32CubeIDE_1.19.0\STM32CubeIDE\plugins\com.st.stm32cube.common.mx_6.15.0.202507011659\\db\/plugins/boardmanager/
2025-12-13 19:02:06,876 [INFO] ApiDb:261 - Set plugin images path to: C:\ST\STM32CubeIDE_1.19.0\STM32CubeIDE\plugins\com.st.stm32cube.common.mx_6.15.0.202507011659\\db\/plugins/mcufinder/images/
2025-12-13 19:02:06,876 [WARN] DbFile:41 - Overriding database path with different value: C:\Users\user\.stmcufinder\plugins\mcufinder/ => C:\Users\user\.stmcufinder\plugins\mcufinder
2025-12-13 19:02:06,876 [INFO] ApiDb:250 - Set database path to: C:\Users\user\.stmcufinder\plugins\mcufinder//mcu/
2025-12-13 19:02:06,876 [WARN] DbFile:41 - Overriding database path with different value: C:\Users\user\.stmcufinder\plugins\mcufinder/ => C:\Users\user\.stmcufinder\plugins\mcufinder
2025-12-13 19:02:06,876 [INFO] DbMcusAds:125 - Set database path to: C:\Users\user\.stmcufinder\plugins\mcufinder//mcu/
2025-12-13 19:02:06,876 [WARN] DbFile:41 - Overriding database path with different value: C:\Users\user\.stmcufinder\plugins\mcufinder/ => C:\Users\user\.stmcufinder\plugins\mcufinder
2025-12-13 19:02:06,876 [WARN] DbFile:41 - Overriding database path with different value: C:\Users\user\.stmcufinder\plugins\mcufinder/ => C:\Users\user\.stmcufinder\plugins\mcufinder
2025-12-13 19:02:06,876 [INFO] CrossReferenceDbSqlite:203 - Set database path to: C:\Users\user\.stmcufinder\plugins\mcufinder//mcu/cs/
2025-12-13 19:02:06,894 [INFO] ApplicationProperties:184 - Using Application install path: C:\ST\STM32CubeIDE_1.19.0\STM32CubeIDE\plugins\com.st.stm32cube.common.mx_6.15.0.202507011659
2025-12-13 19:02:06,894 [INFO] PluginManage:196 - Search for loadable plugins [exclusion list=, ]
2025-12-13 19:02:06,901 [INFO] PluginManage:310 - Check plugin analytics
2025-12-13 19:02:07,161 [INFO] AnalyticsPlugin:253 - Accepted Software Licenses: 
2025-12-13 19:02:07,161 [INFO] AnalyticsPlugin:255 - Accepted CMSIS Pack Licenses: 
2025-12-13 19:02:07,161 [INFO] AnalyticsPlugin:257 - Accepted Firmware Licenses: FW.L4.1.18.0
2025-12-13 19:02:07,161 [INFO] PluginManage:359 - Loaded plugin analytics (category:tool,tabindex:-1)
2025-12-13 19:02:07,161 [INFO] PluginManage:310 - Check plugin cadmodel
2025-12-13 19:02:07,177 [INFO] CADModel:105 - Init CAD model plugin
2025-12-13 19:02:07,177 [INFO] PluginManage:359 - Loaded plugin cadmodel (category:power,tabindex:5)
2025-12-13 19:02:07,177 [INFO] PluginManage:310 - Check plugin clock
2025-12-13 19:02:07,193 [INFO] PluginManage:359 - Loaded plugin clock (category:base,tabindex:2)
2025-12-13 19:02:07,193 [INFO] PluginManage:310 - Check plugin ddr
2025-12-13 19:02:07,193 [INFO] PluginManage:359 - Loaded plugin ddr (category:tool,tabindex:6)
2025-12-13 19:02:07,193 [INFO] PluginManage:310 - Check plugin filemanager
2025-12-13 19:02:07,352 [INFO] PluginManage:359 - Loaded plugin filemanager (category:base,tabindex:10)
2025-12-13 19:02:07,352 [INFO] PluginManage:310 - Check plugin ipmanager
2025-12-13 19:02:07,352 [INFO] PluginManage:359 - Loaded plugin ipmanager (category:base,tabindex:5)
2025-12-13 19:02:07,352 [INFO] PluginManage:310 - Check plugin lpbam
2025-12-13 19:02:07,372 [INFO] PluginManage:359 - Loaded plugin lpbam (category:base,tabindex:0)
2025-12-13 19:02:07,372 [INFO] PluginManage:310 - Check plugin memorymap
2025-12-13 19:02:07,384 [INFO] PluginManage:359 - Loaded plugin memorymap (category:base,tabindex:4)
2025-12-13 19:02:07,384 [INFO] PluginManage:310 - Check plugin pinoutandconfiguration
2025-12-13 19:02:07,401 [INFO] PluginManage:359 - Loaded plugin pinoutandconfiguration (category:base,tabindex:1)
2025-12-13 19:02:07,401 [INFO] PluginManage:310 - Check plugin pinoutconfig
2025-12-13 19:02:07,510 [WARN] SupportedApi:132 - Cannot load RTOS API schema: s4s-elt-must-match.1: The content of 'definitions' must match (annotation?, (simpleType | complexType)?, (unique | key | keyref)*)). A problem was found starting at: attribute.
2025-12-13 19:02:07,702 [INFO] PluginManage:359 - Loaded plugin pinoutconfig (category:base,tabindex:0)
2025-12-13 19:02:07,702 [INFO] PluginManage:310 - Check plugin power
2025-12-13 19:02:07,717 [INFO] PluginManage:359 - Loaded plugin power (category:power,tabindex:4)
2025-12-13 19:02:07,717 [INFO] PluginManage:310 - Check plugin projectmanager
2025-12-13 19:02:07,734 [INFO] PluginManage:359 - Loaded plugin projectmanager (category:projectmanager,tabindex:4)
2025-12-13 19:02:07,734 [INFO] PluginManage:310 - Check plugin rif
2025-12-13 19:02:07,734 [INFO] PluginManage:359 - Loaded plugin rif (category:base,tabindex:3)
2025-12-13 19:02:07,734 [INFO] PluginManage:310 - Check plugin thirdparty
2025-12-13 19:02:07,891 [WARN] IntegrityCheckThread:84 - waiting for thirdparty lock release [integrity check]
2025-12-13 19:02:07,891 [INFO] IntegrityCheckThread:86 - entering critical section [integrity check]
2025-12-13 19:02:07,891 [INFO] ThirdPartyUpdaterWithRetryManager:70 - Updater plugin not ready yet. [1/15]
2025-12-13 19:02:07,891 [INFO] PluginManage:359 - Loaded plugin thirdparty (category:base,tabindex:-1)
2025-12-13 19:02:07,891 [INFO] PluginManage:310 - Check plugin tools
2025-12-13 19:02:07,891 [INFO] PluginManage:359 - Loaded plugin tools (category:base,tabindex:7)
2025-12-13 19:02:07,891 [INFO] PluginManage:310 - Check plugin tutovideos
2025-12-13 19:02:08,146 [INFO] PluginManage:359 - Loaded plugin tutovideos (category:base,tabindex:-1)
2025-12-13 19:02:08,146 [INFO] PluginManage:310 - Check plugin updater
2025-12-13 19:02:08,161 [INFO] PluginManage:359 - Loaded plugin updater (category:base,tabindex:12)
2025-12-13 19:02:08,161 [INFO] PluginManage:310 - Check plugin userauth
2025-12-13 19:02:08,177 [INFO] UserAuth:118 - Init User Auth plugin
2025-12-13 19:02:08,177 [INFO] PluginManage:359 - Loaded plugin userauth (category:base,tabindex:14)
2025-12-13 19:02:08,177 [INFO] PluginManage:283 - PluginManage : Loaded plugins [18]
2025-12-13 19:02:08,415 [INFO] PinOutPanel:1589 - setPackage(No Configuration,No Configuration)
2025-12-13 19:02:08,495 [INFO] CADModel:165 - CPN selected for project level
2025-12-13 19:02:08,495 [INFO] CADModel:114 - Register for checkConnection events
2025-12-13 19:02:08,510 [INFO] IPUIPlugin:80 - create IPUIPlugin
2025-12-13 19:02:08,510 [INFO] PluginManager:220 - loadIPPluginJar : add adc
2025-12-13 19:02:08,510 [INFO] IPUIPlugin:80 - create IPUIPlugin
2025-12-13 19:02:08,510 [INFO] PluginManager:220 - loadIPPluginJar : add aes
2025-12-13 19:02:08,510 [INFO] IPUIPlugin:80 - create IPUIPlugin
2025-12-13 19:02:08,510 [INFO] PluginManager:220 - loadIPPluginJar : add can
2025-12-13 19:02:08,510 [INFO] IPUIPlugin:80 - create IPUIPlugin
2025-12-13 19:02:08,510 [INFO] PluginManager:220 - loadIPPluginJar : add comp
2025-12-13 19:02:08,526 [INFO] IPUIPlugin:80 - create IPUIPlugin
2025-12-13 19:02:08,526 [INFO] PluginManager:220 - loadIPPluginJar : add cryp
2025-12-13 19:02:08,528 [INFO] IPUIPlugin:80 - create IPUIPlugin
2025-12-13 19:02:08,528 [INFO] PluginManager:220 - loadIPPluginJar : add ddr_ctrl_phy
2025-12-13 19:02:08,528 [INFO] IPUIPlugin:80 - create IPUIPlugin
2025-12-13 19:02:08,528 [INFO] PluginManager:220 - loadIPPluginJar : add dfsdm
2025-12-13 19:02:08,528 [INFO] IPUIPlugin:80 - create IPUIPlugin
2025-12-13 19:02:08,528 [INFO] PluginManager:220 - loadIPPluginJar : add dma
2025-12-13 19:02:08,528 [INFO] IPUIPlugin:80 - create IPUIPlugin
2025-12-13 19:02:08,528 [INFO] PluginManager:220 - loadIPPluginJar : add dma3
2025-12-13 19:02:08,542 [INFO] IPUIPlugin:80 - create IPUIPlugin
2025-12-13 19:02:08,542 [INFO] PluginManager:220 - loadIPPluginJar : add extmemmanager
2025-12-13 19:02:08,542 [INFO] IPUIPlugin:80 - create IPUIPlugin
2025-12-13 19:02:08,542 [INFO] PluginManager:220 - loadIPPluginJar : add fatfs
2025-12-13 19:02:08,542 [INFO] IPUIPlugin:80 - create IPUIPlugin
2025-12-13 19:02:08,542 [INFO] PluginManager:220 - loadIPPluginJar : add fmc
2025-12-13 19:02:08,542 [INFO] IPUIPlugin:80 - create IPUIPlugin
2025-12-13 19:02:08,542 [INFO] PluginManager:220 - loadIPPluginJar : add freertos
2025-12-13 19:02:08,542 [INFO] IPUIPlugin:80 - create IPUIPlugin
2025-12-13 19:02:08,542 [INFO] PluginManager:220 - loadIPPluginJar : add genericplugin
2025-12-13 19:02:08,558 [INFO] IPUIPlugin:80 - create IPUIPlugin
2025-12-13 19:02:08,558 [INFO] PluginManager:220 - loadIPPluginJar : add gfxmmu
2025-12-13 19:02:08,558 [INFO] IPUIPlugin:80 - create IPUIPlugin
2025-12-13 19:02:08,558 [INFO] PluginManager:220 - loadIPPluginJar : add gic
2025-12-13 19:02:08,558 [INFO] IPUIPlugin:80 - create IPUIPlugin
2025-12-13 19:02:08,558 [INFO] PluginManager:220 - loadIPPluginJar : add gpio
2025-12-13 19:02:08,558 [INFO] IPUIPlugin:80 - create IPUIPlugin
2025-12-13 19:02:08,558 [INFO] PluginManager:220 - loadIPPluginJar : add gtzc
2025-12-13 19:02:08,574 [INFO] IPUIPlugin:80 - create IPUIPlugin
2025-12-13 19:02:08,574 [INFO] PluginManager:220 - loadIPPluginJar : add hash
2025-12-13 19:02:08,577 [INFO] IPUIPlugin:80 - create IPUIPlugin
2025-12-13 19:02:08,577 [INFO] PluginManager:220 - loadIPPluginJar : add i2c
2025-12-13 19:02:08,577 [INFO] IPUIPlugin:80 - create IPUIPlugin
2025-12-13 19:02:08,577 [INFO] PluginManager:220 - loadIPPluginJar : add i2s
2025-12-13 19:02:08,577 [INFO] IPUIPlugin:80 - create IPUIPlugin
2025-12-13 19:02:08,577 [INFO] PluginManager:220 - loadIPPluginJar : add i3c
2025-12-13 19:02:08,586 [INFO] IPUIPlugin:80 - create IPUIPlugin
2025-12-13 19:02:08,586 [INFO] PluginManager:220 - loadIPPluginJar : add ipddr
2025-12-13 19:02:08,593 [INFO] IPUIPlugin:80 - create IPUIPlugin
2025-12-13 19:02:08,593 [INFO] PluginManager:220 - loadIPPluginJar : add linkedlist
2025-12-13 19:02:08,597 [INFO] IPUIPlugin:80 - create IPUIPlugin
2025-12-13 19:02:08,597 [INFO] PluginManager:220 - loadIPPluginJar : add lorawan
2025-12-13 19:02:08,597 [INFO] IPUIPlugin:80 - create IPUIPlugin
2025-12-13 19:02:08,597 [INFO] PluginManager:220 - loadIPPluginJar : add ltdc
2025-12-13 19:02:08,605 [INFO] IPUIPlugin:80 - create IPUIPlugin
2025-12-13 19:02:08,605 [INFO] PluginManager:220 - loadIPPluginJar : add mdma
2025-12-13 19:02:08,605 [INFO] IPUIPlugin:80 - create IPUIPlugin
2025-12-13 19:02:08,605 [INFO] PluginManager:220 - loadIPPluginJar : add nvic
2025-12-13 19:02:08,605 [INFO] IPUIPlugin:80 - create IPUIPlugin
2025-12-13 19:02:08,605 [INFO] PluginManager:220 - loadIPPluginJar : add opamp
2025-12-13 19:02:08,605 [INFO] IPUIPlugin:80 - create IPUIPlugin
2025-12-13 19:02:08,605 [INFO] PluginManager:220 - loadIPPluginJar : add openamp
2025-12-13 19:02:08,605 [INFO] IPUIPlugin:80 - create IPUIPlugin
2025-12-13 19:02:08,605 [INFO] PluginManager:220 - loadIPPluginJar : add pdm2pcm
2025-12-13 19:02:08,621 [INFO] IPUIPlugin:80 - create IPUIPlugin
2025-12-13 19:02:08,621 [INFO] PluginManager:220 - loadIPPluginJar : add plateformsettings
2025-12-13 19:02:08,621 [INFO] IPUIPlugin:80 - create IPUIPlugin
2025-12-13 19:02:08,621 [INFO] PluginManager:220 - loadIPPluginJar : add quadspi
2025-12-13 19:02:08,621 [INFO] IPUIPlugin:80 - create IPUIPlugin
2025-12-13 19:02:08,621 [INFO] PluginManager:220 - loadIPPluginJar : add radio
2025-12-13 19:02:08,621 [INFO] IPUIPlugin:80 - create IPUIPlugin
2025-12-13 19:02:08,621 [INFO] PluginManager:220 - loadIPPluginJar : add resmgrutility
2025-12-13 19:02:08,637 [INFO] IPUIPlugin:80 - create IPUIPlugin
2025-12-13 19:02:08,637 [INFO] PluginManager:220 - loadIPPluginJar : add sai
2025-12-13 19:02:08,637 [INFO] IPUIPlugin:80 - create IPUIPlugin
2025-12-13 19:02:08,637 [INFO] PluginManager:220 - loadIPPluginJar : add spi
2025-12-13 19:02:08,645 [INFO] IPUIPlugin:80 - create IPUIPlugin
2025-12-13 19:02:08,645 [INFO] PluginManager:220 - loadIPPluginJar : add stm32_wpan
2025-12-13 19:02:08,645 [INFO] IPUIPlugin:80 - create IPUIPlugin
2025-12-13 19:02:08,645 [INFO] PluginManager:220 - loadIPPluginJar : add tim
2025-12-13 19:02:08,645 [INFO] IPUIPlugin:80 - create IPUIPlugin
2025-12-13 19:02:08,645 [INFO] PluginManager:220 - loadIPPluginJar : add touchsensing
2025-12-13 19:02:08,653 [INFO] IPUIPlugin:80 - create IPUIPlugin
2025-12-13 19:02:08,653 [INFO] PluginManager:220 - loadIPPluginJar : add tracer_emb
2025-12-13 19:02:08,654 [INFO] IPUIPlugin:80 - create IPUIPlugin
2025-12-13 19:02:08,654 [INFO] PluginManager:220 - loadIPPluginJar : add ts
2025-12-13 19:02:08,654 [INFO] IPUIPlugin:80 - create IPUIPlugin
2025-12-13 19:02:08,654 [INFO] PluginManager:220 - loadIPPluginJar : add tsc
2025-12-13 19:02:08,654 [INFO] IPUIPlugin:80 - create IPUIPlugin
2025-12-13 19:02:08,654 [INFO] PluginManager:220 - loadIPPluginJar : add ucpd
2025-12-13 19:02:08,654 [INFO] IPUIPlugin:80 - create IPUIPlugin
2025-12-13 19:02:08,654 [INFO] PluginManager:220 - loadIPPluginJar : add usart
2025-12-13 19:02:08,654 [INFO] IPUIPlugin:80 - create IPUIPlugin
2025-12-13 19:02:08,654 [INFO] PluginManager:220 - loadIPPluginJar : add usbx
2025-12-13 19:02:08,780 [FATAL] Updater:351 - Updater called before beeing initialized
2025-12-13 19:02:08,828 [INFO] RulesReader:64 - Compatibility file has been processed (317 Rules)
2025-12-13 19:02:08,843 [INFO] RulesReader:64 - Compatibility file has been processed (317 Rules)
2025-12-13 19:02:08,860 [INFO] CADModel:165 - CPN selected for project level
2025-12-13 19:02:08,860 [INFO] CADModel:114 - Register for checkConnection events
2025-12-13 19:02:08,860 [FATAL] Updater:351 - Updater called before beeing initialized
2025-12-13 19:02:08,860 [ERROR] CADModel:125 - Updater not yet initialized, retry later 
2025-12-13 19:02:09,037 [FATAL] Updater:351 - Updater called before beeing initialized
2025-12-13 19:02:09,037 [INFO] CADModel:165 - CPN selected for project level
2025-12-13 19:02:09,037 [INFO] CADModel:114 - Register for checkConnection events
2025-12-13 19:02:09,037 [FATAL] Updater:351 - Updater called before beeing initialized
2025-12-13 19:02:09,037 [ERROR] CADModel:125 - Updater not yet initialized, retry later 
2025-12-13 19:02:09,037 [FATAL] Updater:351 - Updater called before beeing initialized
2025-12-13 19:02:09,176 [FATAL] Updater:351 - Updater called before beeing initialized
2025-12-13 19:02:09,193 [INFO] DbMcusAds:53 - JSON generation date=Mon Dec 08 22:28:10 CST 2025 (1765204090049)
2025-12-13 19:02:09,193 [FATAL] Updater:351 - Updater called before beeing initialized
2025-12-13 19:02:09,255 [WARN] DetailPanel:346 - Failed to get advertising image, set to default
2025-12-13 19:02:09,334 [FATAL] Updater:351 - Updater called before beeing initialized
2025-12-13 19:02:09,334 [FATAL] Updater:351 - Updater called before beeing initialized
2025-12-13 19:02:09,334 [FATAL] Updater:351 - Updater called before beeing initialized
2025-12-13 19:02:09,334 [WARN] DetailPanel:346 - Failed to get advertising image, set to default
2025-12-13 19:02:09,334 [FATAL] Updater:351 - Updater called before beeing initialized
2025-12-13 19:02:09,382 [ERROR] Updater:1198 - MainUpdater not yet initialized. External WinMGr cannot be set.
2025-12-13 19:02:09,382 [INFO] Updater:1134 - Updater Version found : 6.15.0
2025-12-13 19:02:09,398 [INFO] ApplicationProperties:184 - Using Application install path: C:\ST\STM32CubeIDE_1.19.0\STM32CubeIDE\plugins\com.st.stm32cube.common.mx_6.15.0.202507011659
2025-12-13 19:02:10,899 [INFO] ThirdPartyUpdaterWithRetryManager:70 - Updater plugin not ready yet. [2/15]
2025-12-13 19:02:11,027 [ERROR] LogOutputStream:75 - [STDERR_REDIRECT] Dec 13, 2025 7:02:11 PM java.util.prefs.WindowsPreferences <init>
2025-12-13 19:02:11,027 [ERROR] LogOutputStream:75 - [STDERR_REDIRECT] WARNING: Could not open/create prefs root node Software\JavaSoft\Prefs at root 0xffffffff80000002. Windows RegCreateKeyEx(...) returned error code 5.
2025-12-13 19:02:11,027 [ERROR] LogOutputStream:75 - [STDERR_REDIRECT] 
2025-12-13 19:02:11,455 [INFO] MainUpdater:2872 - connection check result : 10
2025-12-13 19:02:11,455 [INFO] MainUpdater:289 - Updater Check For Update Now.
2025-12-13 19:02:11,455 [INFO] MicroXplorer:498 - Change Database Version : DB.6.0.150
2025-12-13 19:02:11,471 [INFO] McuFinderGlobals:63 - Set McuFinder mode to 2 (CubeIDE integrated)
2025-12-13 19:02:11,471 [INFO] UserAuth:171 - activating auth plugin
2025-12-13 19:02:11,471 [INFO] UserAuth:487 - Internet connection configuration mode: 1
2025-12-13 19:02:11,535 [INFO] JxBrowserEngine:152 - Initiate JxBrowser Engine with user profile folder
2025-12-13 19:02:11,677 [INFO] CheckServerUpdateThread:120 - End of CheckServer Thread
2025-12-13 19:02:13,499 [INFO] WebApp:169 - Instantiating new browser for Auth
2025-12-13 19:02:14,197 [WARN] PackLoader:240 - Cannot read IP mode file for STMicroelectronics.FP-SNS-MOTENVWB1.1.4.0
2025-12-13 19:02:14,216 [WARN] PackLoader:240 - Cannot read IP mode file for STMicroelectronics.FP-ATR-ASTRA1.2.0.2
2025-12-13 19:02:14,228 [WARN] PackLoader:240 - Cannot read IP mode file for STMicroelectronics.X-CUBE-SMBUS.2.1.0
2025-12-13 19:02:14,228 [WARN] PackLoader:240 - Cannot read IP mode file for STMicroelectronics.X-CUBE-ST60.1.0.0
2025-12-13 19:02:14,276 [WARN] PackLoader:240 - Cannot read IP mode file for STMicroelectronics.X-CUBE-AZRTOS-F7.1.1.0
2025-12-13 19:02:14,292 [WARN] PackLoader:240 - Cannot read IP mode file for STMicroelectronics.FP-SNS-MOTENV1.5.1.0
2025-12-13 19:02:14,308 [WARN] PackLoader:240 - Cannot read IP mode file for WES.I-CUBE-Cesium.1.4.0
2025-12-13 19:02:14,339 [WARN] PackLoader:240 - Cannot read IP mode file for Infineon.AIROC-Wi-Fi-Bluetooth-STM32.1.7.1
2025-12-13 19:02:14,371 [WARN] PackLoader:240 - Cannot read IP mode file for STMicroelectronics.X-CUBE-AZRTOS-H7.3.4.0
2025-12-13 19:02:14,387 [WARN] PackLoader:240 - Cannot read IP mode file for STMicroelectronics.X-CUBE-DISPLAY.3.0.0
2025-12-13 19:02:14,403 [WARN] PackLoader:240 - Cannot read IP mode file for STMicroelectronics.X-CUBE-NFC10.1.0.0
2025-12-13 19:02:14,403 [WARN] PackLoader:240 - Cannot read IP mode file for STMicroelectronics.X-CUBE-ST60.1.1.0
2025-12-13 19:02:14,419 [WARN] PackLoader:240 - Cannot read IP mode file for emotas.I-CUBE-CANOPEN.1.3.0
2025-12-13 19:02:14,419 [WARN] PackLoader:240 - Cannot read IP mode file for STMicroelectronics.X-CUBE-GNSS1.7.1.0
2025-12-13 19:02:14,435 [WARN] PackLoader:240 - Cannot read IP mode file for STMicroelectronics.FP-SNS-STBOX1.2.1.0
2025-12-13 19:02:14,435 [WARN] PackLoader:240 - Cannot read IP mode file for STMicroelectronics.FP-SNS-SMARTAG2.1.2.0
2025-12-13 19:02:14,435 [WARN] PackLoader:240 - Cannot read IP mode file for STMicroelectronics.FP-SNS-FLIGHT1.5.1.0
2025-12-13 19:02:14,451 [INFO] LogOutputStream:77 - [STDOUT_REDIRECT] 1 : Invalid condition id : UX_CORESTACK_Condition cause : null
2025-12-13 19:02:14,451 [INFO] LogOutputStream:77 - [STDOUT_REDIRECT] 1 : Invalid condition id : UX_CORESTACK_Condition cause : null
2025-12-13 19:02:14,451 [INFO] LogOutputStream:77 - [STDOUT_REDIRECT] 1 : Invalid condition id : UX_CORESTACK_Condition cause : null
2025-12-13 19:02:14,451 [INFO] LogOutputStream:77 - [STDOUT_REDIRECT] 1 : Invalid condition id : UX_CORESTACK_Condition cause : null
2025-12-13 19:02:14,466 [INFO] LogOutputStream:77 - [STDOUT_REDIRECT] 1 : Invalid condition id : UX_CORESTACK_Condition cause : null
2025-12-13 19:02:14,466 [WARN] PackLoader:240 - Cannot read IP mode file for STMicroelectronics.X-CUBE-AZRTOS-WL.2.0.0
2025-12-13 19:02:14,466 [WARN] PackLoader:240 - Cannot read IP mode file for STMicroelectronics.FP-SNS-MOTENV1.5.0.0
2025-12-13 19:02:14,482 [WARN] PackLoader:240 - Cannot read IP mode file for STMicroelectronics.X-CUBE-AZRTOS-H7RS.1.2.0
2025-12-13 19:02:14,498 [WARN] PackLoader:240 - Cannot read IP mode file for STMicroelectronics.X-CUBE-BLE2.3.3.0
2025-12-13 19:02:14,530 [WARN] PackLoader:240 - Cannot read IP mode file for STMicroelectronics.X-CUBE-NFC9.1.0.0
2025-12-13 19:02:14,530 [WARN] PackLoader:240 - Cannot read IP mode file for wolfSSL.I-CUBE-wolfSSL.5.8.2
2025-12-13 19:02:14,546 [WARN] PackLoader:240 - Cannot read IP mode file for STMicroelectronics.X-CUBE-BLE1.7.1.0
2025-12-13 19:02:14,546 [WARN] PackLoader:240 - Cannot read IP mode file for wolfSSL.I-CUBE-wolfMQTT.1.19.2
2025-12-13 19:02:14,546 [WARN] PackLoader:240 - Cannot read IP mode file for STMicroelectronics.X-CUBE-FREERTOS.1.4.0
2025-12-13 19:02:14,562 [WARN] PackLoader:240 - Cannot read IP mode file for STMicroelectronics.X-CUBE-EEPRMA1.5.2.0
2025-12-13 19:02:14,571 [WARN] PackLoader:240 - Cannot read IP mode file for STMicroelectronics.X-CUBE-ST67W61.1.1.0
2025-12-13 19:02:14,609 [WARN] PackLoader:240 - Cannot read IP mode file for STMicroelectronics.X-CUBE-MEMS1.12.0.0
2025-12-13 19:02:14,719 [WARN] PackLoader:240 - Cannot read IP mode file for STMicroelectronics.X-CUBE-AZRTOS-G0.1.1.0
2025-12-13 19:02:14,735 [WARN] PackLoader:240 - Cannot read IP mode file for STMicroelectronics.X-CUBE-SAFEA1.1.2.2
2025-12-13 19:02:14,735 [WARN] PackLoader:240 - Cannot read IP mode file for STMicroelectronics.X-CUBE-NFC4.3.0.0
2025-12-13 19:02:14,795 [WARN] PackLoader:240 - Cannot read IP mode file for EmbeddedOffice.I-CUBE-FS-RTOS.1.0.1
2025-12-13 19:02:14,798 [WARN] PackLoader:240 - Cannot read IP mode file for STMicroelectronics.X-CUBE-WB05N.2.0.0
2025-12-13 19:02:14,798 [WARN] PackLoader:240 - Cannot read IP mode file for wolfSSL.I-CUBE-wolfTPM.3.8.0
2025-12-13 19:02:14,814 [WARN] PackLoader:240 - Cannot read IP mode file for STMicroelectronics.X-CUBE-TCPP.4.2.0
2025-12-13 19:02:14,814 [WARN] PackLoader:240 - Cannot read IP mode file for RealThread.X-CUBE-RT-Thread_Nano.4.1.1
2025-12-13 19:02:14,814 [WARN] PackLoader:240 - Cannot read IP mode file for STMicroelectronics.FP-ATR-SIGFOX1.3.2.0
2025-12-13 19:02:14,832 [WARN] PackLoader:240 - Cannot read IP mode file for ITTIA_DB.I-CUBE-ITTIADB.8.9.0
2025-12-13 19:02:14,845 [WARN] PackLoader:240 - Cannot read IP mode file for STMicroelectronics.X-CUBE-ST67W61.1.0.0
2025-12-13 19:02:14,845 [WARN] PackLoader:240 - Cannot read IP mode file for STMicroelectronics.X-CUBE-AI.10.2.0
2025-12-13 19:02:14,877 [WARN] PackLoader:240 - Cannot read IP mode file for SEGGER.I-CUBE-embOS.1.3.1
2025-12-13 19:02:14,925 [WARN] PackLoader:240 - Cannot read IP mode file for STMicroelectronics.X-CUBE-ALGOBUILD.1.4.0
2025-12-13 19:02:14,956 [WARN] PackLoader:240 - Cannot read IP mode file for STMicroelectronics.X-CUBE-MEMS1.11.3.0
2025-12-13 19:02:15,082 [WARN] PackLoader:240 - Cannot read IP mode file for STMicroelectronics.X-CUBE-PM33A1.1.0.0
2025-12-13 19:02:15,098 [WARN] PackLoader:240 - Cannot read IP mode file for STMicroelectronics.X-CUBE-AZRTOS-F4.1.1.0
2025-12-13 19:02:15,098 [WARN] PackLoader:240 - Cannot read IP mode file for Avnet-IotConnect.X-CUBE-IoTC-DA16k-PMOD.1.0.0
2025-12-13 19:02:15,098 [WARN] PackLoader:240 - Cannot read IP mode file for STMicroelectronics.X-CUBE-ISPU.2.1.0
2025-12-13 19:02:15,114 [WARN] PackLoader:240 - Cannot read IP mode file for STMicroelectronics.X-CUBE-IPS.3.2.0
2025-12-13 19:02:15,145 [WARN] PackLoader:240 - Cannot read IP mode file for STMicroelectronics.X-CUBE-NFC12.1.0.0
2025-12-13 19:02:15,161 [WARN] PackLoader:240 - Cannot read IP mode file for STMicroelectronics.X-CUBE-AZRTOS-L5.2.0.0
2025-12-13 19:02:15,177 [WARN] PackLoader:240 - Cannot read IP mode file for STMicroelectronics.X-CUBE-NFC6.3.1.0
2025-12-13 19:02:15,177 [WARN] PackLoader:240 - Cannot read IP mode file for STMicroelectronics.X-CUBE-FREERTOS.1.3.1
2025-12-13 19:02:15,177 [WARN] PackLoader:240 - Cannot read IP mode file for STMicroelectronics.X-CUBE-TOUCHGFX.4.26.0
2025-12-13 19:02:15,193 [WARN] PackLoader:240 - Cannot read IP mode file for STMicroelectronics.FP-SNS-STAIOTCFT.1.0.0
2025-12-13 19:02:15,193 [WARN] PackLoader:240 - Cannot read IP mode file for STMicroelectronics.X-CUBE-DPower.1.3.0
2025-12-13 19:02:15,208 [WARN] ConditionMgr:438 - getConditionDescription Invalid condition id : LAN8742 Phy interface Condition cause : null
2025-12-13 19:02:15,208 [WARN] PackLoader:240 - Cannot read IP mode file for STMicroelectronics.X-CUBE-AZRTOS-L4.2.0.0
2025-12-13 19:02:15,208 [WARN] ConditionMgr:1044 - genDependencies : Invalid condition id : LAN8742 Phy interface Condition cause : null
2025-12-13 19:02:15,208 [WARN] ConditionMgr:1044 - genDependencies : Invalid condition id : LAN8742 Phy interface Condition cause : null
2025-12-13 19:02:15,208 [WARN] ConditionMgr:1044 - genDependencies : Invalid condition id : LAN8742 Phy interface Condition cause : null
2025-12-13 19:02:15,224 [WARN] PackLoader:240 - Cannot read IP mode file for STMicroelectronics.X-CUBE-SFXS2LP1.4.0.0
2025-12-13 19:02:15,224 [WARN] PackLoader:240 - Cannot read IP mode file for STMicroelectronics.X-CUBE-BLEMGR.4.1.0
2025-12-13 19:02:15,240 [WARN] ConditionMgr:438 - getConditionDescription Invalid condition id : UX DEVICE CLASS RTOS Condition cause : null
2025-12-13 19:02:15,240 [WARN] ConditionMgr:438 - getConditionDescription Invalid condition id : UX DEVICE CLASS RTOS Condition cause : null
2025-12-13 19:02:15,240 [WARN] PackLoader:240 - Cannot read IP mode file for STMicroelectronics.X-CUBE-AZRTOS-WB.2.0.0
2025-12-13 19:02:15,240 [WARN] ConditionMgr:1044 - genDependencies : Invalid condition id : UX DEVICE CLASS RTOS Condition cause : null
2025-12-13 19:02:15,240 [WARN] ConditionMgr:1044 - genDependencies : Invalid condition id : UX DEVICE CLASS RTOS Condition cause : null
2025-12-13 19:02:15,240 [WARN] ConditionMgr:1044 - genDependencies : Invalid condition id : UX DEVICE CLASS RTOS Condition cause : null
2025-12-13 19:02:15,240 [WARN] ConditionMgr:1044 - genDependencies : Invalid condition id : UX DEVICE CLASS RTOS Condition cause : null
2025-12-13 19:02:15,240 [WARN] ConditionMgr:1044 - genDependencies : Invalid condition id : UX DEVICE CLASS RTOS Condition cause : null
2025-12-13 19:02:15,256 [WARN] PackLoader:240 - Cannot read IP mode file for STMicroelectronics.X-CUBE-GNSS1.7.0.1
2025-12-13 19:02:15,256 [WARN] PackLoader:240 - Cannot read IP mode file for STMicroelectronics.X-CUBE-TOUCHGFX.4.25.0
2025-12-13 19:02:15,256 [WARN] ConditionMgr:438 - getConditionDescription Invalid condition id : Cortex-A Device cause : null
2025-12-13 19:02:15,272 [WARN] ConditionMgr:1044 - genDependencies : Invalid condition id : Cortex-A Device cause : null
2025-12-13 19:02:15,272 [WARN] ConditionMgr:1044 - genDependencies : Invalid condition id : Cortex-A Device cause : null
2025-12-13 19:02:15,272 [WARN] ConditionMgr:1044 - genDependencies : Invalid condition id : Cortex-A Device cause : null
2025-12-13 19:02:15,272 [WARN] PackLoader:240 - Cannot read IP mode file for STMicroelectronics.X-CUBE-SUBG2.5.0.0
2025-12-13 19:02:15,288 [WARN] PackLoader:240 - Cannot read IP mode file for STMicroelectronics.X-CUBE-AZRTOS-H7RS.1.1.0
2025-12-13 19:02:15,304 [WARN] PackLoader:240 - Cannot read IP mode file for Cesanta.I-CUBE-Mongoose.7.13.0
2025-12-13 19:02:15,304 [WARN] PackLoader:240 - Cannot read IP mode file for STMicroelectronics.X-CUBE-AZRTOS-G4.2.0.0
2025-12-13 19:02:15,320 [WARN] PackLoader:240 - Cannot read IP mode file for wolfSSL.I-CUBE-wolfSSH.1.4.20
2025-12-13 19:02:15,320 [WARN] PackLoader:240 - Cannot read IP mode file for STMicroelectronics.X-CUBE-NFC7.2.0.0
2025-12-13 19:02:15,335 [WARN] PackLoader:240 - Cannot read IP mode file for STMicroelectronics.X-CUBE-IPS.3.1.0
2025-12-13 19:02:15,335 [WARN] PackLoader:240 - Cannot read IP mode file for STMicroelectronics.X-CUBE-ALS.1.0.2
2025-12-13 19:02:15,351 [WARN] PackLoader:240 - Cannot read IP mode file for STMicroelectronics.X-CUBE-STSE01.1.0.0
2025-12-13 19:02:15,367 [WARN] PackLoader:240 - Cannot read IP mode file for STMicroelectronics.X-CUBE-TOF1.3.4.3
2025-12-13 19:02:15,367 [INFO] ThirdParty:978 - Integrity check success = true
2025-12-13 19:02:15,367 [INFO] IntegrityCheckThread:100 - exiting critical section [integrity check]
2025-12-13 19:02:15,367 [INFO] IntegrityCheckThread:103 - End integrity checks thread
2025-12-13 19:02:15,587 [INFO] WebApp:463 - Apply proxy settings
2025-12-13 19:02:15,587 [INFO] WebApp:548 - Chromium requires no authentication
2025-12-13 19:02:15,667 [INFO] WebApp:491 - Direct internet connection detected
2025-12-13 19:02:15,815 [INFO] WebApp:900 - Register for checkConnection events
2025-12-13 19:02:15,815 [INFO] WebApp:463 - Apply proxy settings
2025-12-13 19:02:15,815 [INFO] WebApp:548 - Chromium requires no authentication
2025-12-13 19:02:15,815 [INFO] WebApp:491 - Direct internet connection detected
2025-12-13 19:02:15,893 [INFO] WebApp:191 - Connection restablished
2025-12-13 19:02:16,126 [INFO] WebApp:225 - Starting web application
2025-12-13 19:02:16,126 [INFO] WebApp:593 - Web application path used C:\ST\STM32CubeIDE_1.19.0\STM32CubeIDE\plugins\com.st.stm32cube.common.mx_6.15.0.202507011659\db\plugins\mcufinder\reactClient1\index.html
