2025-12-20 16:04:48,437 [INFO] Activator:176 - 


2025-12-20 16:04:48,448 [INFO] Activator:177 - !SESSION log4j initialized
2025-12-20 16:04:55,746 [INFO] LogOutputStream:77 - [STDOUT_REDIRECT] 
2025-12-20 16:05:11,723 [INFO] ApplicationProperties:184 - Using Application install path: C:\ST\STM32CubeIDE_1.19.0\STM32CubeIDE\plugins\com.st.stm32cube.common.mx_6.15.0.202507011659
2025-12-20 16:05:11,741 [INFO] DbMcusXml:78 - Set database path to: C:\ST\STM32CubeIDE_1.19.0\STM32CubeIDE\plugins\com.st.stm32cube.common.mx_6.15.0.202507011659\\db\/mcu/
2025-12-20 16:05:11,742 [INFO] ApiDb:274 - Set plugin database path to: C:\ST\STM32CubeIDE_1.19.0\STM32CubeIDE\plugins\com.st.stm32cube.common.mx_6.15.0.202507011659\\db\/plugins/boardmanager/
2025-12-20 16:05:11,742 [WARN] ApiDb:259 - Overriding images path with different value:  => C:\ST\STM32CubeIDE_1.19.0\STM32CubeIDE\plugins\com.st.stm32cube.common.mx_6.15.0.202507011659\\db\/plugins/mcufinder/images/
2025-12-20 16:05:11,754 [INFO] ApiDb:250 - Set database path to: C:\Users\user\.stmcufinder\plugins\mcufinder//mcu/
2025-12-20 16:05:11,755 [INFO] DbMcusAds:125 - Set database path to: C:\Users\user\.stmcufinder\plugins\mcufinder//mcu/
2025-12-20 16:05:11,765 [INFO] CrossReferenceDbSqlite:203 - Set database path to: C:\Users\user\.stmcufinder\plugins\mcufinder//mcu/cs/
2025-12-20 16:05:11,879 [INFO] RulesReader:64 - Compatibility file has been processed (317 Rules)
2025-12-20 16:05:12,002 [INFO] DbMcusXml:78 - Set database path to: C:\ST\STM32CubeIDE_1.19.0\STM32CubeIDE\plugins\com.st.stm32cube.common.mx_6.15.0.202507011659\\db\/mcu/
2025-12-20 16:05:12,002 [INFO] ApiDb:274 - Set plugin database path to: C:\ST\STM32CubeIDE_1.19.0\STM32CubeIDE\plugins\com.st.stm32cube.common.mx_6.15.0.202507011659\\db\/plugins/boardmanager/
2025-12-20 16:05:12,002 [INFO] ApiDb:261 - Set plugin images path to: C:\ST\STM32CubeIDE_1.19.0\STM32CubeIDE\plugins\com.st.stm32cube.common.mx_6.15.0.202507011659\\db\/plugins/mcufinder/images/
2025-12-20 16:05:12,002 [WARN] DbFile:41 - Overriding database path with different value: C:\Users\user\.stmcufinder\plugins\mcufinder/ => C:\Users\user\.stmcufinder\plugins\mcufinder
2025-12-20 16:05:12,002 [INFO] ApiDb:250 - Set database path to: C:\Users\user\.stmcufinder\plugins\mcufinder//mcu/
2025-12-20 16:05:12,002 [WARN] DbFile:41 - Overriding database path with different value: C:\Users\user\.stmcufinder\plugins\mcufinder/ => C:\Users\user\.stmcufinder\plugins\mcufinder
2025-12-20 16:05:12,002 [INFO] DbMcusAds:125 - Set database path to: C:\Users\user\.stmcufinder\plugins\mcufinder//mcu/
2025-12-20 16:05:12,002 [WARN] DbFile:41 - Overriding database path with different value: C:\Users\user\.stmcufinder\plugins\mcufinder/ => C:\Users\user\.stmcufinder\plugins\mcufinder
2025-12-20 16:05:12,002 [WARN] DbFile:41 - Overriding database path with different value: C:\Users\user\.stmcufinder\plugins\mcufinder/ => C:\Users\user\.stmcufinder\plugins\mcufinder
2025-12-20 16:05:12,002 [INFO] CrossReferenceDbSqlite:203 - Set database path to: C:\Users\user\.stmcufinder\plugins\mcufinder//mcu/cs/
2025-12-20 16:05:12,085 [INFO] MainPanel:274 - HeapMemory: 268435456
2025-12-20 16:05:12,224 [INFO] DbMcusXml:78 - Set database path to: C:\ST\STM32CubeIDE_1.19.0\STM32CubeIDE\plugins\com.st.stm32cube.common.mx_6.15.0.202507011659\\db\/mcu/
2025-12-20 16:05:12,224 [INFO] ApiDb:274 - Set plugin database path to: C:\ST\STM32CubeIDE_1.19.0\STM32CubeIDE\plugins\com.st.stm32cube.common.mx_6.15.0.202507011659\\db\/plugins/boardmanager/
2025-12-20 16:05:12,224 [INFO] ApiDb:261 - Set plugin images path to: C:\ST\STM32CubeIDE_1.19.0\STM32CubeIDE\plugins\com.st.stm32cube.common.mx_6.15.0.202507011659\\db\/plugins/mcufinder/images/
2025-12-20 16:05:12,225 [WARN] DbFile:41 - Overriding database path with different value: C:\Users\user\.stmcufinder\plugins\mcufinder/ => C:\Users\user\.stmcufinder\plugins\mcufinder
2025-12-20 16:05:12,225 [INFO] ApiDb:250 - Set database path to: C:\Users\user\.stmcufinder\plugins\mcufinder//mcu/
2025-12-20 16:05:12,225 [WARN] DbFile:41 - Overriding database path with different value: C:\Users\user\.stmcufinder\plugins\mcufinder/ => C:\Users\user\.stmcufinder\plugins\mcufinder
2025-12-20 16:05:12,225 [INFO] DbMcusAds:125 - Set database path to: C:\Users\user\.stmcufinder\plugins\mcufinder//mcu/
2025-12-20 16:05:12,225 [WARN] DbFile:41 - Overriding database path with different value: C:\Users\user\.stmcufinder\plugins\mcufinder/ => C:\Users\user\.stmcufinder\plugins\mcufinder
2025-12-20 16:05:12,225 [WARN] DbFile:41 - Overriding database path with different value: C:\Users\user\.stmcufinder\plugins\mcufinder/ => C:\Users\user\.stmcufinder\plugins\mcufinder
2025-12-20 16:05:12,225 [INFO] CrossReferenceDbSqlite:203 - Set database path to: C:\Users\user\.stmcufinder\plugins\mcufinder//mcu/cs/
2025-12-20 16:05:12,243 [INFO] ApplicationProperties:184 - Using Application install path: C:\ST\STM32CubeIDE_1.19.0\STM32CubeIDE\plugins\com.st.stm32cube.common.mx_6.15.0.202507011659
2025-12-20 16:05:12,243 [INFO] PluginManage:196 - Search for loadable plugins [exclusion list=, ]
2025-12-20 16:05:12,244 [INFO] PluginManage:310 - Check plugin analytics
2025-12-20 16:05:12,458 [INFO] AnalyticsPlugin:253 - Accepted Software Licenses: 
2025-12-20 16:05:12,458 [INFO] AnalyticsPlugin:255 - Accepted CMSIS Pack Licenses: 
2025-12-20 16:05:12,458 [INFO] AnalyticsPlugin:257 - Accepted Firmware Licenses: FW.L4.1.18.0
2025-12-20 16:05:12,464 [INFO] PluginManage:359 - Loaded plugin analytics (category:tool,tabindex:-1)
2025-12-20 16:05:12,464 [INFO] PluginManage:310 - Check plugin cadmodel
2025-12-20 16:05:12,476 [INFO] CADModel:105 - Init CAD model plugin
2025-12-20 16:05:12,476 [INFO] PluginManage:359 - Loaded plugin cadmodel (category:power,tabindex:5)
2025-12-20 16:05:12,477 [INFO] PluginManage:310 - Check plugin clock
2025-12-20 16:05:12,488 [INFO] PluginManage:359 - Loaded plugin clock (category:base,tabindex:2)
2025-12-20 16:05:12,489 [INFO] PluginManage:310 - Check plugin ddr
2025-12-20 16:05:12,491 [INFO] PluginManage:359 - Loaded plugin ddr (category:tool,tabindex:6)
2025-12-20 16:05:12,491 [INFO] PluginManage:310 - Check plugin filemanager
2025-12-20 16:05:12,682 [INFO] PluginManage:359 - Loaded plugin filemanager (category:base,tabindex:10)
2025-12-20 16:05:12,683 [INFO] PluginManage:310 - Check plugin ipmanager
2025-12-20 16:05:12,688 [INFO] PluginManage:359 - Loaded plugin ipmanager (category:base,tabindex:5)
2025-12-20 16:05:12,688 [INFO] PluginManage:310 - Check plugin lpbam
2025-12-20 16:05:12,696 [INFO] PluginManage:359 - Loaded plugin lpbam (category:base,tabindex:0)
2025-12-20 16:05:12,696 [INFO] PluginManage:310 - Check plugin memorymap
2025-12-20 16:05:12,712 [INFO] PluginManage:359 - Loaded plugin memorymap (category:base,tabindex:4)
2025-12-20 16:05:12,712 [INFO] PluginManage:310 - Check plugin pinoutandconfiguration
2025-12-20 16:05:12,722 [INFO] PluginManage:359 - Loaded plugin pinoutandconfiguration (category:base,tabindex:1)
2025-12-20 16:05:12,722 [INFO] PluginManage:310 - Check plugin pinoutconfig
2025-12-20 16:05:12,812 [WARN] SupportedApi:132 - Cannot load RTOS API schema: s4s-elt-must-match.1: The content of 'definitions' must match (annotation?, (simpleType | complexType)?, (unique | key | keyref)*)). A problem was found starting at: attribute.
2025-12-20 16:05:12,942 [INFO] PluginManage:359 - Loaded plugin pinoutconfig (category:base,tabindex:0)
2025-12-20 16:05:12,942 [INFO] PluginManage:310 - Check plugin power
2025-12-20 16:05:12,955 [INFO] PluginManage:359 - Loaded plugin power (category:power,tabindex:4)
2025-12-20 16:05:12,955 [INFO] PluginManage:310 - Check plugin projectmanager
2025-12-20 16:05:12,970 [INFO] PluginManage:359 - Loaded plugin projectmanager (category:projectmanager,tabindex:4)
2025-12-20 16:05:12,970 [INFO] PluginManage:310 - Check plugin rif
2025-12-20 16:05:12,983 [INFO] PluginManage:359 - Loaded plugin rif (category:base,tabindex:3)
2025-12-20 16:05:12,983 [INFO] PluginManage:310 - Check plugin thirdparty
2025-12-20 16:05:13,126 [INFO] PluginManage:359 - Loaded plugin thirdparty (category:base,tabindex:-1)
2025-12-20 16:05:13,126 [WARN] IntegrityCheckThread:84 - waiting for thirdparty lock release [integrity check]
2025-12-20 16:05:13,126 [INFO] PluginManage:310 - Check plugin tools
2025-12-20 16:05:13,126 [INFO] IntegrityCheckThread:86 - entering critical section [integrity check]
2025-12-20 16:05:13,126 [INFO] ThirdPartyUpdaterWithRetryManager:70 - Updater plugin not ready yet. [1/15]
2025-12-20 16:05:13,131 [INFO] PluginManage:359 - Loaded plugin tools (category:base,tabindex:7)
2025-12-20 16:05:13,131 [INFO] PluginManage:310 - Check plugin tutovideos
2025-12-20 16:05:13,360 [INFO] PluginManage:359 - Loaded plugin tutovideos (category:base,tabindex:-1)
2025-12-20 16:05:13,360 [INFO] PluginManage:310 - Check plugin updater
2025-12-20 16:05:13,385 [INFO] PluginManage:359 - Loaded plugin updater (category:base,tabindex:12)
2025-12-20 16:05:13,385 [INFO] PluginManage:310 - Check plugin userauth
2025-12-20 16:05:13,390 [INFO] UserAuth:118 - Init User Auth plugin
2025-12-20 16:05:13,391 [INFO] PluginManage:359 - Loaded plugin userauth (category:base,tabindex:14)
2025-12-20 16:05:13,391 [INFO] PluginManage:283 - PluginManage : Loaded plugins [18]
2025-12-20 16:05:13,631 [INFO] PinOutPanel:1589 - setPackage(No Configuration,No Configuration)
2025-12-20 16:05:13,713 [INFO] CADModel:165 - CPN selected for project level
2025-12-20 16:05:13,713 [INFO] CADModel:114 - Register for checkConnection events
2025-12-20 16:05:13,729 [INFO] IPUIPlugin:80 - create IPUIPlugin
2025-12-20 16:05:13,730 [INFO] PluginManager:220 - loadIPPluginJar : add adc
2025-12-20 16:05:13,733 [INFO] IPUIPlugin:80 - create IPUIPlugin
2025-12-20 16:05:13,733 [INFO] PluginManager:220 - loadIPPluginJar : add aes
2025-12-20 16:05:13,735 [INFO] IPUIPlugin:80 - create IPUIPlugin
2025-12-20 16:05:13,736 [INFO] PluginManager:220 - loadIPPluginJar : add can
2025-12-20 16:05:13,738 [INFO] IPUIPlugin:80 - create IPUIPlugin
2025-12-20 16:05:13,738 [INFO] PluginManager:220 - loadIPPluginJar : add comp
2025-12-20 16:05:13,741 [INFO] IPUIPlugin:80 - create IPUIPlugin
2025-12-20 16:05:13,741 [INFO] PluginManager:220 - loadIPPluginJar : add cryp
2025-12-20 16:05:13,745 [INFO] IPUIPlugin:80 - create IPUIPlugin
2025-12-20 16:05:13,745 [INFO] PluginManager:220 - loadIPPluginJar : add ddr_ctrl_phy
2025-12-20 16:05:13,748 [INFO] IPUIPlugin:80 - create IPUIPlugin
2025-12-20 16:05:13,748 [INFO] PluginManager:220 - loadIPPluginJar : add dfsdm
2025-12-20 16:05:13,753 [INFO] IPUIPlugin:80 - create IPUIPlugin
2025-12-20 16:05:13,753 [INFO] PluginManager:220 - loadIPPluginJar : add dma
2025-12-20 16:05:13,756 [INFO] IPUIPlugin:80 - create IPUIPlugin
2025-12-20 16:05:13,756 [INFO] PluginManager:220 - loadIPPluginJar : add dma3
2025-12-20 16:05:13,758 [INFO] IPUIPlugin:80 - create IPUIPlugin
2025-12-20 16:05:13,758 [INFO] PluginManager:220 - loadIPPluginJar : add extmemmanager
2025-12-20 16:05:13,760 [INFO] IPUIPlugin:80 - create IPUIPlugin
2025-12-20 16:05:13,760 [INFO] PluginManager:220 - loadIPPluginJar : add fatfs
2025-12-20 16:05:13,764 [INFO] IPUIPlugin:80 - create IPUIPlugin
2025-12-20 16:05:13,765 [INFO] PluginManager:220 - loadIPPluginJar : add fmc
2025-12-20 16:05:13,772 [INFO] IPUIPlugin:80 - create IPUIPlugin
2025-12-20 16:05:13,773 [INFO] PluginManager:220 - loadIPPluginJar : add freertos
2025-12-20 16:05:13,774 [INFO] IPUIPlugin:80 - create IPUIPlugin
2025-12-20 16:05:13,775 [INFO] PluginManager:220 - loadIPPluginJar : add genericplugin
2025-12-20 16:05:13,778 [INFO] IPUIPlugin:80 - create IPUIPlugin
2025-12-20 16:05:13,778 [INFO] PluginManager:220 - loadIPPluginJar : add gfxmmu
2025-12-20 16:05:13,783 [INFO] IPUIPlugin:80 - create IPUIPlugin
2025-12-20 16:05:13,783 [INFO] PluginManager:220 - loadIPPluginJar : add gic
2025-12-20 16:05:13,787 [INFO] IPUIPlugin:80 - create IPUIPlugin
2025-12-20 16:05:13,788 [INFO] PluginManager:220 - loadIPPluginJar : add gpio
2025-12-20 16:05:13,791 [INFO] IPUIPlugin:80 - create IPUIPlugin
2025-12-20 16:05:13,791 [INFO] PluginManager:220 - loadIPPluginJar : add gtzc
2025-12-20 16:05:13,794 [INFO] IPUIPlugin:80 - create IPUIPlugin
2025-12-20 16:05:13,794 [INFO] PluginManager:220 - loadIPPluginJar : add hash
2025-12-20 16:05:13,798 [INFO] IPUIPlugin:80 - create IPUIPlugin
2025-12-20 16:05:13,798 [INFO] PluginManager:220 - loadIPPluginJar : add i2c
2025-12-20 16:05:13,800 [INFO] IPUIPlugin:80 - create IPUIPlugin
2025-12-20 16:05:13,801 [INFO] PluginManager:220 - loadIPPluginJar : add i2s
2025-12-20 16:05:13,804 [INFO] IPUIPlugin:80 - create IPUIPlugin
2025-12-20 16:05:13,804 [INFO] PluginManager:220 - loadIPPluginJar : add i3c
2025-12-20 16:05:13,807 [INFO] IPUIPlugin:80 - create IPUIPlugin
2025-12-20 16:05:13,807 [INFO] PluginManager:220 - loadIPPluginJar : add ipddr
2025-12-20 16:05:13,814 [INFO] IPUIPlugin:80 - create IPUIPlugin
2025-12-20 16:05:13,814 [INFO] PluginManager:220 - loadIPPluginJar : add linkedlist
2025-12-20 16:05:13,818 [INFO] IPUIPlugin:80 - create IPUIPlugin
2025-12-20 16:05:13,818 [INFO] PluginManager:220 - loadIPPluginJar : add lorawan
2025-12-20 16:05:13,821 [INFO] IPUIPlugin:80 - create IPUIPlugin
2025-12-20 16:05:13,821 [INFO] PluginManager:220 - loadIPPluginJar : add ltdc
2025-12-20 16:05:13,826 [INFO] IPUIPlugin:80 - create IPUIPlugin
2025-12-20 16:05:13,826 [INFO] PluginManager:220 - loadIPPluginJar : add mdma
2025-12-20 16:05:13,831 [INFO] IPUIPlugin:80 - create IPUIPlugin
2025-12-20 16:05:13,831 [INFO] PluginManager:220 - loadIPPluginJar : add nvic
2025-12-20 16:05:13,835 [INFO] IPUIPlugin:80 - create IPUIPlugin
2025-12-20 16:05:13,835 [INFO] PluginManager:220 - loadIPPluginJar : add opamp
2025-12-20 16:05:13,838 [INFO] IPUIPlugin:80 - create IPUIPlugin
2025-12-20 16:05:13,838 [INFO] PluginManager:220 - loadIPPluginJar : add openamp
2025-12-20 16:05:13,842 [INFO] IPUIPlugin:80 - create IPUIPlugin
2025-12-20 16:05:13,842 [INFO] PluginManager:220 - loadIPPluginJar : add pdm2pcm
2025-12-20 16:05:13,847 [INFO] IPUIPlugin:80 - create IPUIPlugin
2025-12-20 16:05:13,848 [INFO] PluginManager:220 - loadIPPluginJar : add plateformsettings
2025-12-20 16:05:13,850 [INFO] IPUIPlugin:80 - create IPUIPlugin
2025-12-20 16:05:13,850 [INFO] PluginManager:220 - loadIPPluginJar : add quadspi
2025-12-20 16:05:13,853 [INFO] IPUIPlugin:80 - create IPUIPlugin
2025-12-20 16:05:13,853 [INFO] PluginManager:220 - loadIPPluginJar : add radio
2025-12-20 16:05:13,858 [INFO] IPUIPlugin:80 - create IPUIPlugin
2025-12-20 16:05:13,858 [INFO] PluginManager:220 - loadIPPluginJar : add resmgrutility
2025-12-20 16:05:13,861 [INFO] IPUIPlugin:80 - create IPUIPlugin
2025-12-20 16:05:13,861 [INFO] PluginManager:220 - loadIPPluginJar : add sai
2025-12-20 16:05:13,864 [INFO] IPUIPlugin:80 - create IPUIPlugin
2025-12-20 16:05:13,864 [INFO] PluginManager:220 - loadIPPluginJar : add spi
2025-12-20 16:05:13,869 [INFO] IPUIPlugin:80 - create IPUIPlugin
2025-12-20 16:05:13,869 [INFO] PluginManager:220 - loadIPPluginJar : add stm32_wpan
2025-12-20 16:05:13,871 [INFO] IPUIPlugin:80 - create IPUIPlugin
2025-12-20 16:05:13,871 [INFO] PluginManager:220 - loadIPPluginJar : add tim
2025-12-20 16:05:13,875 [INFO] IPUIPlugin:80 - create IPUIPlugin
2025-12-20 16:05:13,875 [INFO] PluginManager:220 - loadIPPluginJar : add touchsensing
2025-12-20 16:05:13,877 [INFO] IPUIPlugin:80 - create IPUIPlugin
2025-12-20 16:05:13,877 [INFO] PluginManager:220 - loadIPPluginJar : add tracer_emb
2025-12-20 16:05:13,879 [INFO] IPUIPlugin:80 - create IPUIPlugin
2025-12-20 16:05:13,879 [INFO] PluginManager:220 - loadIPPluginJar : add ts
2025-12-20 16:05:13,881 [INFO] IPUIPlugin:80 - create IPUIPlugin
2025-12-20 16:05:13,881 [INFO] PluginManager:220 - loadIPPluginJar : add tsc
2025-12-20 16:05:13,884 [INFO] IPUIPlugin:80 - create IPUIPlugin
2025-12-20 16:05:13,884 [INFO] PluginManager:220 - loadIPPluginJar : add ucpd
2025-12-20 16:05:13,887 [INFO] IPUIPlugin:80 - create IPUIPlugin
2025-12-20 16:05:13,887 [INFO] PluginManager:220 - loadIPPluginJar : add usart
2025-12-20 16:05:13,891 [INFO] IPUIPlugin:80 - create IPUIPlugin
2025-12-20 16:05:13,891 [INFO] PluginManager:220 - loadIPPluginJar : add usbx
2025-12-20 16:05:14,032 [FATAL] Updater:351 - Updater called before beeing initialized
2025-12-20 16:05:14,077 [INFO] RulesReader:64 - Compatibility file has been processed (317 Rules)
2025-12-20 16:05:14,095 [INFO] RulesReader:64 - Compatibility file has been processed (317 Rules)
2025-12-20 16:05:14,107 [INFO] CADModel:165 - CPN selected for project level
2025-12-20 16:05:14,107 [INFO] CADModel:114 - Register for checkConnection events
2025-12-20 16:05:14,108 [FATAL] Updater:351 - Updater called before beeing initialized
2025-12-20 16:05:14,108 [ERROR] CADModel:125 - Updater not yet initialized, retry later 
2025-12-20 16:05:14,283 [FATAL] Updater:351 - Updater called before beeing initialized
2025-12-20 16:05:14,285 [INFO] CADModel:165 - CPN selected for project level
2025-12-20 16:05:14,285 [INFO] CADModel:114 - Register for checkConnection events
2025-12-20 16:05:14,285 [FATAL] Updater:351 - Updater called before beeing initialized
2025-12-20 16:05:14,285 [ERROR] CADModel:125 - Updater not yet initialized, retry later 
2025-12-20 16:05:14,288 [FATAL] Updater:351 - Updater called before beeing initialized
2025-12-20 16:05:14,456 [FATAL] Updater:351 - Updater called before beeing initialized
2025-12-20 16:05:14,473 [INFO] DbMcusAds:53 - JSON generation date=Tue Dec 16 07:11:46 CST 2025 (1765840306612)
2025-12-20 16:05:14,473 [FATAL] Updater:351 - Updater called before beeing initialized
2025-12-20 16:05:14,537 [WARN] DetailPanel:346 - Failed to get advertising image, set to default
2025-12-20 16:05:14,615 [FATAL] Updater:351 - Updater called before beeing initialized
2025-12-20 16:05:14,616 [FATAL] Updater:351 - Updater called before beeing initialized
2025-12-20 16:05:14,616 [FATAL] Updater:351 - Updater called before beeing initialized
2025-12-20 16:05:14,616 [WARN] DetailPanel:346 - Failed to get advertising image, set to default
2025-12-20 16:05:14,617 [FATAL] Updater:351 - Updater called before beeing initialized
2025-12-20 16:05:14,667 [ERROR] Updater:1198 - MainUpdater not yet initialized. External WinMGr cannot be set.
2025-12-20 16:05:14,670 [INFO] Updater:1134 - Updater Version found : 6.15.0
2025-12-20 16:05:14,686 [INFO] ApplicationProperties:184 - Using Application install path: C:\ST\STM32CubeIDE_1.19.0\STM32CubeIDE\plugins\com.st.stm32cube.common.mx_6.15.0.202507011659
2025-12-20 16:05:16,128 [INFO] ThirdPartyUpdaterWithRetryManager:70 - Updater plugin not ready yet. [2/15]
2025-12-20 16:05:16,266 [ERROR] LogOutputStream:75 - [STDERR_REDIRECT] Dec 20, 2025 4:05:16 PM java.util.prefs.WindowsPreferences <init>
2025-12-20 16:05:16,267 [ERROR] LogOutputStream:75 - [STDERR_REDIRECT] WARNING: Could not open/create prefs root node Software\JavaSoft\Prefs at root 0xffffffff80000002. Windows RegCreateKeyEx(...) returned error code 5.
2025-12-20 16:05:16,267 [ERROR] LogOutputStream:75 - [STDERR_REDIRECT] 
2025-12-20 16:05:16,691 [INFO] MainUpdater:2872 - connection check result : 10
2025-12-20 16:05:16,691 [INFO] MainUpdater:3604 - Updater definition file requires update
2025-12-20 16:05:16,692 [INFO] MainUpdater:289 - Updater Check For Update Now.
2025-12-20 16:05:16,692 [INFO] MicroXplorer:498 - Change Database Version : DB.6.0.150
2025-12-20 16:05:16,703 [INFO] ServerAccessManage:452 - Complete download http(s) 200
2025-12-20 16:05:16,704 [INFO] ServerAccessManage:509 - Download File updaters.zip
2025-12-20 16:05:16,705 [INFO] McuFinderGlobals:63 - Set McuFinder mode to 2 (CubeIDE integrated)
2025-12-20 16:05:16,707 [INFO] UserAuth:487 - Internet connection configuration mode: 1
2025-12-20 16:05:16,737 [INFO] JxBrowserEngine:152 - Initiate JxBrowser Engine with user profile folder
2025-12-20 16:05:16,775 [INFO] FileExtend:248 - Unzip File : updaters.zip
2025-12-20 16:05:16,775 [INFO] FileExtend:263 - Standard Zip Deflate
2025-12-20 16:05:17,211 [INFO] ServerAccessManage:452 - Complete download http(s) 200
2025-12-20 16:05:17,211 [INFO] ServerAccessManage:509 - Download File PacksControlFlags.xml
2025-12-20 16:05:17,812 [INFO] ServerAccessManage:452 - Complete download http(s) 200
2025-12-20 16:05:17,812 [INFO] ServerAccessManage:509 - Download File cubemx.pidx
2025-12-20 16:05:17,927 [INFO] LoadServerUpdatesThread:375 - End of LoadServerUpdate Thread
2025-12-20 16:05:18,141 [INFO] CheckServerUpdateThread:120 - End of CheckServer Thread
2025-12-20 16:05:18,852 [INFO] WebApp:169 - Instantiating new browser for Auth
2025-12-20 16:05:19,670 [WARN] PackLoader:240 - Cannot read IP mode file for STMicroelectronics.FP-SNS-MOTENVWB1.1.4.0
2025-12-20 16:05:19,684 [WARN] PackLoader:240 - Cannot read IP mode file for STMicroelectronics.FP-ATR-ASTRA1.2.0.2
2025-12-20 16:05:19,709 [WARN] PackLoader:240 - Cannot read IP mode file for STMicroelectronics.X-CUBE-SMBUS.2.1.0
2025-12-20 16:05:19,718 [WARN] PackLoader:240 - Cannot read IP mode file for STMicroelectronics.X-CUBE-ST60.1.0.0
2025-12-20 16:05:19,756 [WARN] PackLoader:240 - Cannot read IP mode file for STMicroelectronics.X-CUBE-AZRTOS-F7.1.1.0
2025-12-20 16:05:19,765 [WARN] PackLoader:240 - Cannot read IP mode file for STMicroelectronics.FP-SNS-MOTENV1.5.1.0
2025-12-20 16:05:19,779 [WARN] PackLoader:240 - Cannot read IP mode file for WES.I-CUBE-Cesium.1.4.0
2025-12-20 16:05:19,806 [WARN] PackLoader:240 - Cannot read IP mode file for Infineon.AIROC-Wi-Fi-Bluetooth-STM32.1.7.1
2025-12-20 16:05:19,834 [WARN] PackLoader:240 - Cannot read IP mode file for STMicroelectronics.X-CUBE-AZRTOS-H7.3.4.0
2025-12-20 16:05:19,846 [WARN] PackLoader:240 - Cannot read IP mode file for STMicroelectronics.X-CUBE-DISPLAY.3.0.0
2025-12-20 16:05:19,869 [WARN] PackLoader:240 - Cannot read IP mode file for STMicroelectronics.X-CUBE-NFC10.1.0.0
2025-12-20 16:05:19,875 [WARN] PackLoader:240 - Cannot read IP mode file for STMicroelectronics.X-CUBE-ST60.1.1.0
2025-12-20 16:05:19,882 [WARN] PackLoader:240 - Cannot read IP mode file for emotas.I-CUBE-CANOPEN.1.3.0
2025-12-20 16:05:19,887 [WARN] PackLoader:240 - Cannot read IP mode file for STMicroelectronics.X-CUBE-GNSS1.7.1.0
2025-12-20 16:05:19,894 [WARN] PackLoader:240 - Cannot read IP mode file for STMicroelectronics.FP-SNS-STBOX1.2.1.0
2025-12-20 16:05:19,900 [WARN] PackLoader:240 - Cannot read IP mode file for STMicroelectronics.FP-SNS-SMARTAG2.1.2.0
2025-12-20 16:05:19,904 [WARN] PackLoader:240 - Cannot read IP mode file for STMicroelectronics.FP-SNS-FLIGHT1.5.1.0
2025-12-20 16:05:19,923 [INFO] LogOutputStream:77 - [STDOUT_REDIRECT] 1 : Invalid condition id : UX_CORESTACK_Condition cause : null
2025-12-20 16:05:19,925 [INFO] LogOutputStream:77 - [STDOUT_REDIRECT] 1 : Invalid condition id : UX_CORESTACK_Condition cause : null
2025-12-20 16:05:19,927 [INFO] LogOutputStream:77 - [STDOUT_REDIRECT] 1 : Invalid condition id : UX_CORESTACK_Condition cause : null
2025-12-20 16:05:19,928 [INFO] LogOutputStream:77 - [STDOUT_REDIRECT] 1 : Invalid condition id : UX_CORESTACK_Condition cause : null
2025-12-20 16:05:19,930 [INFO] LogOutputStream:77 - [STDOUT_REDIRECT] 1 : Invalid condition id : UX_CORESTACK_Condition cause : null
2025-12-20 16:05:19,932 [WARN] PackLoader:240 - Cannot read IP mode file for STMicroelectronics.X-CUBE-AZRTOS-WL.2.0.0
2025-12-20 16:05:19,936 [WARN] PackLoader:240 - Cannot read IP mode file for STMicroelectronics.FP-SNS-MOTENV1.5.0.0
2025-12-20 16:05:19,955 [WARN] PackLoader:240 - Cannot read IP mode file for STMicroelectronics.X-CUBE-AZRTOS-H7RS.1.2.0
2025-12-20 16:05:19,963 [WARN] PackLoader:240 - Cannot read IP mode file for STMicroelectronics.X-CUBE-BLE2.3.3.0
2025-12-20 16:05:19,987 [WARN] PackLoader:240 - Cannot read IP mode file for STMicroelectronics.X-CUBE-NFC9.1.0.0
2025-12-20 16:05:19,995 [WARN] PackLoader:240 - Cannot read IP mode file for wolfSSL.I-CUBE-wolfSSL.5.8.2
2025-12-20 16:05:20,000 [WARN] PackLoader:240 - Cannot read IP mode file for STMicroelectronics.X-CUBE-BLE1.7.1.0
2025-12-20 16:05:20,005 [WARN] PackLoader:240 - Cannot read IP mode file for wolfSSL.I-CUBE-wolfMQTT.1.19.2
2025-12-20 16:05:20,018 [WARN] PackLoader:240 - Cannot read IP mode file for STMicroelectronics.X-CUBE-FREERTOS.1.4.0
2025-12-20 16:05:20,025 [WARN] PackLoader:240 - Cannot read IP mode file for STMicroelectronics.X-CUBE-EEPRMA1.5.2.0
2025-12-20 16:05:20,033 [WARN] PackLoader:240 - Cannot read IP mode file for STMicroelectronics.X-CUBE-ST67W61.1.1.0
2025-12-20 16:05:20,082 [WARN] PackLoader:240 - Cannot read IP mode file for STMicroelectronics.X-CUBE-MEMS1.12.0.0
2025-12-20 16:05:20,187 [WARN] PackLoader:240 - Cannot read IP mode file for STMicroelectronics.X-CUBE-AZRTOS-G0.1.1.0
2025-12-20 16:05:20,194 [WARN] PackLoader:240 - Cannot read IP mode file for STMicroelectronics.X-CUBE-SAFEA1.1.2.2
2025-12-20 16:05:20,199 [WARN] PackLoader:240 - Cannot read IP mode file for STMicroelectronics.X-CUBE-NFC4.3.0.0
2025-12-20 16:05:20,208 [WARN] PackLoader:240 - Cannot read IP mode file for EmbeddedOffice.I-CUBE-FS-RTOS.1.0.1
2025-12-20 16:05:20,213 [WARN] PackLoader:240 - Cannot read IP mode file for STMicroelectronics.X-CUBE-WB05N.2.0.0
2025-12-20 16:05:20,217 [WARN] PackLoader:240 - Cannot read IP mode file for wolfSSL.I-CUBE-wolfTPM.3.8.0
2025-12-20 16:05:20,222 [WARN] PackLoader:240 - Cannot read IP mode file for STMicroelectronics.X-CUBE-TCPP.4.2.0
2025-12-20 16:05:20,228 [WARN] PackLoader:240 - Cannot read IP mode file for RealThread.X-CUBE-RT-Thread_Nano.4.1.1
2025-12-20 16:05:20,231 [WARN] PackLoader:240 - Cannot read IP mode file for STMicroelectronics.FP-ATR-SIGFOX1.3.2.0
2025-12-20 16:05:20,238 [WARN] PackLoader:240 - Cannot read IP mode file for ITTIA_DB.I-CUBE-ITTIADB.8.9.0
2025-12-20 16:05:20,249 [WARN] PackLoader:240 - Cannot read IP mode file for STMicroelectronics.X-CUBE-ST67W61.1.0.0
2025-12-20 16:05:20,254 [WARN] PackLoader:240 - Cannot read IP mode file for STMicroelectronics.X-CUBE-AI.10.2.0
2025-12-20 16:05:20,277 [WARN] PackLoader:240 - Cannot read IP mode file for SEGGER.I-CUBE-embOS.1.3.1
2025-12-20 16:05:20,313 [WARN] PackLoader:240 - Cannot read IP mode file for STMicroelectronics.X-CUBE-ALGOBUILD.1.4.0
2025-12-20 16:05:20,354 [WARN] PackLoader:240 - Cannot read IP mode file for STMicroelectronics.X-CUBE-MEMS1.11.3.0
2025-12-20 16:05:20,500 [WARN] PackLoader:240 - Cannot read IP mode file for STMicroelectronics.X-CUBE-PM33A1.1.0.0
2025-12-20 16:05:20,515 [WARN] PackLoader:240 - Cannot read IP mode file for STMicroelectronics.X-CUBE-AZRTOS-F4.1.1.0
2025-12-20 16:05:20,521 [WARN] PackLoader:240 - Cannot read IP mode file for Avnet-IotConnect.X-CUBE-IoTC-DA16k-PMOD.1.0.0
2025-12-20 16:05:20,525 [WARN] PackLoader:240 - Cannot read IP mode file for STMicroelectronics.X-CUBE-ISPU.2.1.0
2025-12-20 16:05:20,539 [WARN] PackLoader:240 - Cannot read IP mode file for STMicroelectronics.X-CUBE-IPS.3.2.0
2025-12-20 16:05:20,553 [WARN] PackLoader:240 - Cannot read IP mode file for STMicroelectronics.X-CUBE-NFC12.1.0.0
2025-12-20 16:05:20,567 [WARN] PackLoader:240 - Cannot read IP mode file for STMicroelectronics.X-CUBE-AZRTOS-L5.2.0.0
2025-12-20 16:05:20,576 [WARN] PackLoader:240 - Cannot read IP mode file for STMicroelectronics.X-CUBE-NFC6.3.1.0
2025-12-20 16:05:20,582 [WARN] PackLoader:240 - Cannot read IP mode file for STMicroelectronics.X-CUBE-FREERTOS.1.3.1
2025-12-20 16:05:20,591 [WARN] PackLoader:240 - Cannot read IP mode file for STMicroelectronics.X-CUBE-TOUCHGFX.4.26.0
2025-12-20 16:05:20,595 [WARN] PackLoader:240 - Cannot read IP mode file for STMicroelectronics.FP-SNS-STAIOTCFT.1.0.0
2025-12-20 16:05:20,601 [WARN] PackLoader:240 - Cannot read IP mode file for STMicroelectronics.X-CUBE-DPower.1.3.0
2025-12-20 16:05:20,615 [WARN] ConditionMgr:438 - getConditionDescription Invalid condition id : LAN8742 Phy interface Condition cause : null
2025-12-20 16:05:20,616 [WARN] PackLoader:240 - Cannot read IP mode file for STMicroelectronics.X-CUBE-AZRTOS-L4.2.0.0
2025-12-20 16:05:20,616 [WARN] ConditionMgr:1044 - genDependencies : Invalid condition id : LAN8742 Phy interface Condition cause : null
2025-12-20 16:05:20,617 [WARN] ConditionMgr:1044 - genDependencies : Invalid condition id : LAN8742 Phy interface Condition cause : null
2025-12-20 16:05:20,617 [WARN] ConditionMgr:1044 - genDependencies : Invalid condition id : LAN8742 Phy interface Condition cause : null
2025-12-20 16:05:20,624 [WARN] PackLoader:240 - Cannot read IP mode file for STMicroelectronics.X-CUBE-SFXS2LP1.4.0.0
2025-12-20 16:05:20,634 [WARN] PackLoader:240 - Cannot read IP mode file for STMicroelectronics.X-CUBE-BLEMGR.4.1.0
2025-12-20 16:05:20,648 [WARN] ConditionMgr:438 - getConditionDescription Invalid condition id : UX DEVICE CLASS RTOS Condition cause : null
2025-12-20 16:05:20,648 [WARN] ConditionMgr:438 - getConditionDescription Invalid condition id : UX DEVICE CLASS RTOS Condition cause : null
2025-12-20 16:05:20,650 [WARN] PackLoader:240 - Cannot read IP mode file for STMicroelectronics.X-CUBE-AZRTOS-WB.2.0.0
2025-12-20 16:05:20,650 [WARN] ConditionMgr:1044 - genDependencies : Invalid condition id : UX DEVICE CLASS RTOS Condition cause : null
2025-12-20 16:05:20,651 [WARN] ConditionMgr:1044 - genDependencies : Invalid condition id : UX DEVICE CLASS RTOS Condition cause : null
2025-12-20 16:05:20,651 [WARN] ConditionMgr:1044 - genDependencies : Invalid condition id : UX DEVICE CLASS RTOS Condition cause : null
2025-12-20 16:05:20,651 [WARN] ConditionMgr:1044 - genDependencies : Invalid condition id : UX DEVICE CLASS RTOS Condition cause : null
2025-12-20 16:05:20,651 [WARN] ConditionMgr:1044 - genDependencies : Invalid condition id : UX DEVICE CLASS RTOS Condition cause : null
2025-12-20 16:05:20,656 [WARN] PackLoader:240 - Cannot read IP mode file for STMicroelectronics.X-CUBE-GNSS1.7.0.1
2025-12-20 16:05:20,660 [WARN] PackLoader:240 - Cannot read IP mode file for STMicroelectronics.X-CUBE-TOUCHGFX.4.25.0
2025-12-20 16:05:20,664 [WARN] ConditionMgr:438 - getConditionDescription Invalid condition id : Cortex-A Device cause : null
2025-12-20 16:05:20,671 [WARN] ConditionMgr:1044 - genDependencies : Invalid condition id : Cortex-A Device cause : null
2025-12-20 16:05:20,671 [WARN] ConditionMgr:1044 - genDependencies : Invalid condition id : Cortex-A Device cause : null
2025-12-20 16:05:20,671 [WARN] ConditionMgr:1044 - genDependencies : Invalid condition id : Cortex-A Device cause : null
2025-12-20 16:05:20,680 [WARN] PackLoader:240 - Cannot read IP mode file for STMicroelectronics.X-CUBE-SUBG2.5.0.0
2025-12-20 16:05:20,698 [WARN] PackLoader:240 - Cannot read IP mode file for STMicroelectronics.X-CUBE-AZRTOS-H7RS.1.1.0
2025-12-20 16:05:20,705 [WARN] PackLoader:240 - Cannot read IP mode file for Cesanta.I-CUBE-Mongoose.7.13.0
2025-12-20 16:05:20,719 [WARN] PackLoader:240 - Cannot read IP mode file for STMicroelectronics.X-CUBE-AZRTOS-G4.2.0.0
2025-12-20 16:05:20,728 [WARN] PackLoader:240 - Cannot read IP mode file for wolfSSL.I-CUBE-wolfSSH.1.4.20
2025-12-20 16:05:20,736 [WARN] PackLoader:240 - Cannot read IP mode file for STMicroelectronics.X-CUBE-NFC7.2.0.0
2025-12-20 16:05:20,749 [WARN] PackLoader:240 - Cannot read IP mode file for STMicroelectronics.X-CUBE-IPS.3.1.0
2025-12-20 16:05:20,759 [WARN] PackLoader:240 - Cannot read IP mode file for STMicroelectronics.X-CUBE-ALS.1.0.2
2025-12-20 16:05:20,766 [WARN] PackLoader:240 - Cannot read IP mode file for STMicroelectronics.X-CUBE-STSE01.1.0.0
2025-12-20 16:05:20,776 [WARN] PackLoader:240 - Cannot read IP mode file for STMicroelectronics.X-CUBE-TOF1.3.4.3
2025-12-20 16:05:20,784 [INFO] ThirdParty:978 - Integrity check success = true
2025-12-20 16:05:20,785 [INFO] IntegrityCheckThread:100 - exiting critical section [integrity check]
2025-12-20 16:05:20,785 [INFO] IntegrityCheckThread:103 - End integrity checks thread
2025-12-20 16:05:21,325 [INFO] WebApp:463 - Apply proxy settings
2025-12-20 16:05:21,326 [INFO] WebApp:548 - Chromium requires no authentication
2025-12-20 16:05:21,406 [INFO] WebApp:491 - Direct internet connection detected
2025-12-20 16:05:21,480 [INFO] WebApp:900 - Register for checkConnection events
2025-12-20 16:05:21,481 [INFO] WebApp:463 - Apply proxy settings
2025-12-20 16:05:21,481 [INFO] WebApp:548 - Chromium requires no authentication
2025-12-20 16:05:21,481 [INFO] WebApp:491 - Direct internet connection detected
2025-12-20 16:05:21,651 [INFO] WebApp:191 - Connection restablished
2025-12-20 16:05:21,813 [INFO] WebApp:225 - Starting web application
2025-12-20 16:05:21,814 [INFO] WebApp:593 - Web application path used C:\ST\STM32CubeIDE_1.19.0\STM32CubeIDE\plugins\com.st.stm32cube.common.mx_6.15.0.202507011659\db\plugins\mcufinder\reactClient1\index.html
2025-12-20 16:05:21,920 [INFO] UserAuth:487 - Internet connection configuration mode: 1
2025-12-20 17:18:18,970 [ERROR] LogOutputStream:75 - [STDERR_REDIRECT] 
2025-12-20 20:31:43,149 [INFO] Activator:176 - 


2025-12-20 20:31:43,151 [INFO] Activator:177 - !SESSION log4j initialized
2025-12-20 20:31:50,398 [INFO] LogOutputStream:77 - [STDOUT_REDIRECT] 
2025-12-20 20:32:05,966 [INFO] ApplicationProperties:184 - Using Application install path: C:\ST\STM32CubeIDE_1.19.0\STM32CubeIDE\plugins\com.st.stm32cube.common.mx_6.15.0.202507011659
2025-12-20 20:32:05,986 [INFO] DbMcusXml:78 - Set database path to: C:\ST\STM32CubeIDE_1.19.0\STM32CubeIDE\plugins\com.st.stm32cube.common.mx_6.15.0.202507011659\\db\/mcu/
2025-12-20 20:32:05,986 [INFO] ApiDb:274 - Set plugin database path to: C:\ST\STM32CubeIDE_1.19.0\STM32CubeIDE\plugins\com.st.stm32cube.common.mx_6.15.0.202507011659\\db\/plugins/boardmanager/
2025-12-20 20:32:05,986 [WARN] ApiDb:259 - Overriding images path with different value:  => C:\ST\STM32CubeIDE_1.19.0\STM32CubeIDE\plugins\com.st.stm32cube.common.mx_6.15.0.202507011659\\db\/plugins/mcufinder/images/
2025-12-20 20:32:05,994 [INFO] ApiDb:250 - Set database path to: C:\Users\user\.stmcufinder\plugins\mcufinder//mcu/
2025-12-20 20:32:05,995 [INFO] DbMcusAds:125 - Set database path to: C:\Users\user\.stmcufinder\plugins\mcufinder//mcu/
2025-12-20 20:32:06,004 [INFO] CrossReferenceDbSqlite:203 - Set database path to: C:\Users\user\.stmcufinder\plugins\mcufinder//mcu/cs/
2025-12-20 20:32:06,122 [INFO] RulesReader:64 - Compatibility file has been processed (317 Rules)
2025-12-20 20:32:06,239 [INFO] DbMcusXml:78 - Set database path to: C:\ST\STM32CubeIDE_1.19.0\STM32CubeIDE\plugins\com.st.stm32cube.common.mx_6.15.0.202507011659\\db\/mcu/
2025-12-20 20:32:06,239 [INFO] ApiDb:274 - Set plugin database path to: C:\ST\STM32CubeIDE_1.19.0\STM32CubeIDE\plugins\com.st.stm32cube.common.mx_6.15.0.202507011659\\db\/plugins/boardmanager/
2025-12-20 20:32:06,239 [INFO] ApiDb:261 - Set plugin images path to: C:\ST\STM32CubeIDE_1.19.0\STM32CubeIDE\plugins\com.st.stm32cube.common.mx_6.15.0.202507011659\\db\/plugins/mcufinder/images/
2025-12-20 20:32:06,239 [WARN] DbFile:41 - Overriding database path with different value: C:\Users\user\.stmcufinder\plugins\mcufinder/ => C:\Users\user\.stmcufinder\plugins\mcufinder
2025-12-20 20:32:06,240 [INFO] ApiDb:250 - Set database path to: C:\Users\user\.stmcufinder\plugins\mcufinder//mcu/
2025-12-20 20:32:06,240 [WARN] DbFile:41 - Overriding database path with different value: C:\Users\user\.stmcufinder\plugins\mcufinder/ => C:\Users\user\.stmcufinder\plugins\mcufinder
2025-12-20 20:32:06,240 [INFO] DbMcusAds:125 - Set database path to: C:\Users\user\.stmcufinder\plugins\mcufinder//mcu/
2025-12-20 20:32:06,240 [WARN] DbFile:41 - Overriding database path with different value: C:\Users\user\.stmcufinder\plugins\mcufinder/ => C:\Users\user\.stmcufinder\plugins\mcufinder
2025-12-20 20:32:06,240 [WARN] DbFile:41 - Overriding database path with different value: C:\Users\user\.stmcufinder\plugins\mcufinder/ => C:\Users\user\.stmcufinder\plugins\mcufinder
2025-12-20 20:32:06,240 [INFO] CrossReferenceDbSqlite:203 - Set database path to: C:\Users\user\.stmcufinder\plugins\mcufinder//mcu/cs/
2025-12-20 20:32:06,328 [INFO] MainPanel:274 - HeapMemory: 274726912
2025-12-20 20:32:06,467 [INFO] DbMcusXml:78 - Set database path to: C:\ST\STM32CubeIDE_1.19.0\STM32CubeIDE\plugins\com.st.stm32cube.common.mx_6.15.0.202507011659\\db\/mcu/
2025-12-20 20:32:06,467 [INFO] ApiDb:274 - Set plugin database path to: C:\ST\STM32CubeIDE_1.19.0\STM32CubeIDE\plugins\com.st.stm32cube.common.mx_6.15.0.202507011659\\db\/plugins/boardmanager/
2025-12-20 20:32:06,467 [INFO] ApiDb:261 - Set plugin images path to: C:\ST\STM32CubeIDE_1.19.0\STM32CubeIDE\plugins\com.st.stm32cube.common.mx_6.15.0.202507011659\\db\/plugins/mcufinder/images/
2025-12-20 20:32:06,467 [WARN] DbFile:41 - Overriding database path with different value: C:\Users\user\.stmcufinder\plugins\mcufinder/ => C:\Users\user\.stmcufinder\plugins\mcufinder
2025-12-20 20:32:06,468 [INFO] ApiDb:250 - Set database path to: C:\Users\user\.stmcufinder\plugins\mcufinder//mcu/
2025-12-20 20:32:06,468 [WARN] DbFile:41 - Overriding database path with different value: C:\Users\user\.stmcufinder\plugins\mcufinder/ => C:\Users\user\.stmcufinder\plugins\mcufinder
2025-12-20 20:32:06,468 [INFO] DbMcusAds:125 - Set database path to: C:\Users\user\.stmcufinder\plugins\mcufinder//mcu/
2025-12-20 20:32:06,468 [WARN] DbFile:41 - Overriding database path with different value: C:\Users\user\.stmcufinder\plugins\mcufinder/ => C:\Users\user\.stmcufinder\plugins\mcufinder
2025-12-20 20:32:06,468 [WARN] DbFile:41 - Overriding database path with different value: C:\Users\user\.stmcufinder\plugins\mcufinder/ => C:\Users\user\.stmcufinder\plugins\mcufinder
2025-12-20 20:32:06,468 [INFO] CrossReferenceDbSqlite:203 - Set database path to: C:\Users\user\.stmcufinder\plugins\mcufinder//mcu/cs/
2025-12-20 20:32:06,486 [INFO] ApplicationProperties:184 - Using Application install path: C:\ST\STM32CubeIDE_1.19.0\STM32CubeIDE\plugins\com.st.stm32cube.common.mx_6.15.0.202507011659
2025-12-20 20:32:06,487 [INFO] PluginManage:196 - Search for loadable plugins [exclusion list=, ]
2025-12-20 20:32:06,488 [INFO] PluginManage:310 - Check plugin analytics
2025-12-20 20:32:06,713 [INFO] AnalyticsPlugin:253 - Accepted Software Licenses: 
2025-12-20 20:32:06,713 [INFO] AnalyticsPlugin:255 - Accepted CMSIS Pack Licenses: 
2025-12-20 20:32:06,713 [INFO] AnalyticsPlugin:257 - Accepted Firmware Licenses: FW.L4.1.18.0
2025-12-20 20:32:06,721 [INFO] PluginManage:359 - Loaded plugin analytics (category:tool,tabindex:-1)
2025-12-20 20:32:06,722 [INFO] PluginManage:310 - Check plugin cadmodel
2025-12-20 20:32:06,734 [INFO] CADModel:105 - Init CAD model plugin
2025-12-20 20:32:06,734 [INFO] PluginManage:359 - Loaded plugin cadmodel (category:power,tabindex:5)
2025-12-20 20:32:06,734 [INFO] PluginManage:310 - Check plugin clock
2025-12-20 20:32:06,745 [INFO] PluginManage:359 - Loaded plugin clock (category:base,tabindex:2)
2025-12-20 20:32:06,746 [INFO] PluginManage:310 - Check plugin ddr
2025-12-20 20:32:06,748 [INFO] PluginManage:359 - Loaded plugin ddr (category:tool,tabindex:6)
2025-12-20 20:32:06,748 [INFO] PluginManage:310 - Check plugin filemanager
2025-12-20 20:32:06,917 [INFO] PluginManage:359 - Loaded plugin filemanager (category:base,tabindex:10)
2025-12-20 20:32:06,917 [INFO] PluginManage:310 - Check plugin ipmanager
2025-12-20 20:32:06,925 [INFO] PluginManage:359 - Loaded plugin ipmanager (category:base,tabindex:5)
2025-12-20 20:32:06,925 [INFO] PluginManage:310 - Check plugin lpbam
2025-12-20 20:32:06,933 [INFO] PluginManage:359 - Loaded plugin lpbam (category:base,tabindex:0)
2025-12-20 20:32:06,933 [INFO] PluginManage:310 - Check plugin memorymap
2025-12-20 20:32:06,949 [INFO] PluginManage:359 - Loaded plugin memorymap (category:base,tabindex:4)
2025-12-20 20:32:06,949 [INFO] PluginManage:310 - Check plugin pinoutandconfiguration
2025-12-20 20:32:06,960 [INFO] PluginManage:359 - Loaded plugin pinoutandconfiguration (category:base,tabindex:1)
2025-12-20 20:32:06,960 [INFO] PluginManage:310 - Check plugin pinoutconfig
2025-12-20 20:32:07,036 [WARN] SupportedApi:132 - Cannot load RTOS API schema: s4s-elt-must-match.1: The content of 'definitions' must match (annotation?, (simpleType | complexType)?, (unique | key | keyref)*)). A problem was found starting at: attribute.
2025-12-20 20:32:07,164 [INFO] PluginManage:359 - Loaded plugin pinoutconfig (category:base,tabindex:0)
2025-12-20 20:32:07,164 [INFO] PluginManage:310 - Check plugin power
2025-12-20 20:32:07,175 [INFO] PluginManage:359 - Loaded plugin power (category:power,tabindex:4)
2025-12-20 20:32:07,175 [INFO] PluginManage:310 - Check plugin projectmanager
2025-12-20 20:32:07,193 [INFO] PluginManage:359 - Loaded plugin projectmanager (category:projectmanager,tabindex:4)
2025-12-20 20:32:07,193 [INFO] PluginManage:310 - Check plugin rif
2025-12-20 20:32:07,212 [INFO] PluginManage:359 - Loaded plugin rif (category:base,tabindex:3)
2025-12-20 20:32:07,212 [INFO] PluginManage:310 - Check plugin thirdparty
2025-12-20 20:32:07,382 [INFO] PluginManage:359 - Loaded plugin thirdparty (category:base,tabindex:-1)
2025-12-20 20:32:07,382 [INFO] PluginManage:310 - Check plugin tools
2025-12-20 20:32:07,382 [WARN] IntegrityCheckThread:84 - waiting for thirdparty lock release [integrity check]
2025-12-20 20:32:07,382 [INFO] IntegrityCheckThread:86 - entering critical section [integrity check]
2025-12-20 20:32:07,383 [INFO] ThirdPartyUpdaterWithRetryManager:70 - Updater plugin not ready yet. [1/15]
2025-12-20 20:32:07,385 [INFO] PluginManage:359 - Loaded plugin tools (category:base,tabindex:7)
2025-12-20 20:32:07,385 [INFO] PluginManage:310 - Check plugin tutovideos
2025-12-20 20:32:07,598 [INFO] PluginManage:359 - Loaded plugin tutovideos (category:base,tabindex:-1)
2025-12-20 20:32:07,598 [INFO] PluginManage:310 - Check plugin updater
2025-12-20 20:32:07,621 [INFO] PluginManage:359 - Loaded plugin updater (category:base,tabindex:12)
2025-12-20 20:32:07,621 [INFO] PluginManage:310 - Check plugin userauth
2025-12-20 20:32:07,626 [INFO] UserAuth:118 - Init User Auth plugin
2025-12-20 20:32:07,627 [INFO] PluginManage:359 - Loaded plugin userauth (category:base,tabindex:14)
2025-12-20 20:32:07,627 [INFO] PluginManage:283 - PluginManage : Loaded plugins [18]
2025-12-20 20:32:07,867 [INFO] PinOutPanel:1589 - setPackage(No Configuration,No Configuration)
2025-12-20 20:32:07,955 [INFO] CADModel:165 - CPN selected for project level
2025-12-20 20:32:07,955 [INFO] CADModel:114 - Register for checkConnection events
2025-12-20 20:32:07,971 [INFO] IPUIPlugin:80 - create IPUIPlugin
2025-12-20 20:32:07,971 [INFO] PluginManager:220 - loadIPPluginJar : add adc
2025-12-20 20:32:07,974 [INFO] IPUIPlugin:80 - create IPUIPlugin
2025-12-20 20:32:07,974 [INFO] PluginManager:220 - loadIPPluginJar : add aes
2025-12-20 20:32:07,976 [INFO] IPUIPlugin:80 - create IPUIPlugin
2025-12-20 20:32:07,976 [INFO] PluginManager:220 - loadIPPluginJar : add can
2025-12-20 20:32:07,978 [INFO] IPUIPlugin:80 - create IPUIPlugin
2025-12-20 20:32:07,978 [INFO] PluginManager:220 - loadIPPluginJar : add comp
2025-12-20 20:32:07,980 [INFO] IPUIPlugin:80 - create IPUIPlugin
2025-12-20 20:32:07,980 [INFO] PluginManager:220 - loadIPPluginJar : add cryp
2025-12-20 20:32:07,984 [INFO] IPUIPlugin:80 - create IPUIPlugin
2025-12-20 20:32:07,984 [INFO] PluginManager:220 - loadIPPluginJar : add ddr_ctrl_phy
2025-12-20 20:32:07,985 [INFO] IPUIPlugin:80 - create IPUIPlugin
2025-12-20 20:32:07,985 [INFO] PluginManager:220 - loadIPPluginJar : add dfsdm
2025-12-20 20:32:07,989 [INFO] IPUIPlugin:80 - create IPUIPlugin
2025-12-20 20:32:07,989 [INFO] PluginManager:220 - loadIPPluginJar : add dma
2025-12-20 20:32:07,992 [INFO] IPUIPlugin:80 - create IPUIPlugin
2025-12-20 20:32:07,992 [INFO] PluginManager:220 - loadIPPluginJar : add dma3
2025-12-20 20:32:07,995 [INFO] IPUIPlugin:80 - create IPUIPlugin
2025-12-20 20:32:07,995 [INFO] PluginManager:220 - loadIPPluginJar : add extmemmanager
2025-12-20 20:32:07,995 [INFO] IPUIPlugin:80 - create IPUIPlugin
2025-12-20 20:32:07,995 [INFO] PluginManager:220 - loadIPPluginJar : add fatfs
2025-12-20 20:32:07,999 [INFO] IPUIPlugin:80 - create IPUIPlugin
2025-12-20 20:32:07,999 [INFO] PluginManager:220 - loadIPPluginJar : add fmc
2025-12-20 20:32:08,006 [INFO] IPUIPlugin:80 - create IPUIPlugin
2025-12-20 20:32:08,007 [INFO] PluginManager:220 - loadIPPluginJar : add freertos
2025-12-20 20:32:08,008 [INFO] IPUIPlugin:80 - create IPUIPlugin
2025-12-20 20:32:08,008 [INFO] PluginManager:220 - loadIPPluginJar : add genericplugin
2025-12-20 20:32:08,010 [INFO] IPUIPlugin:80 - create IPUIPlugin
2025-12-20 20:32:08,010 [INFO] PluginManager:220 - loadIPPluginJar : add gfxmmu
2025-12-20 20:32:08,013 [INFO] IPUIPlugin:80 - create IPUIPlugin
2025-12-20 20:32:08,013 [INFO] PluginManager:220 - loadIPPluginJar : add gic
2025-12-20 20:32:08,016 [INFO] IPUIPlugin:80 - create IPUIPlugin
2025-12-20 20:32:08,016 [INFO] PluginManager:220 - loadIPPluginJar : add gpio
2025-12-20 20:32:08,019 [INFO] IPUIPlugin:80 - create IPUIPlugin
2025-12-20 20:32:08,020 [INFO] PluginManager:220 - loadIPPluginJar : add gtzc
2025-12-20 20:32:08,021 [INFO] IPUIPlugin:80 - create IPUIPlugin
2025-12-20 20:32:08,021 [INFO] PluginManager:220 - loadIPPluginJar : add hash
2025-12-20 20:32:08,023 [INFO] IPUIPlugin:80 - create IPUIPlugin
2025-12-20 20:32:08,023 [INFO] PluginManager:220 - loadIPPluginJar : add i2c
2025-12-20 20:32:08,025 [INFO] IPUIPlugin:80 - create IPUIPlugin
2025-12-20 20:32:08,025 [INFO] PluginManager:220 - loadIPPluginJar : add i2s
2025-12-20 20:32:08,027 [INFO] IPUIPlugin:80 - create IPUIPlugin
2025-12-20 20:32:08,028 [INFO] PluginManager:220 - loadIPPluginJar : add i3c
2025-12-20 20:32:08,030 [INFO] IPUIPlugin:80 - create IPUIPlugin
2025-12-20 20:32:08,030 [INFO] PluginManager:220 - loadIPPluginJar : add ipddr
2025-12-20 20:32:08,036 [INFO] IPUIPlugin:80 - create IPUIPlugin
2025-12-20 20:32:08,036 [INFO] PluginManager:220 - loadIPPluginJar : add linkedlist
2025-12-20 20:32:08,041 [INFO] IPUIPlugin:80 - create IPUIPlugin
2025-12-20 20:32:08,041 [INFO] PluginManager:220 - loadIPPluginJar : add lorawan
2025-12-20 20:32:08,043 [INFO] IPUIPlugin:80 - create IPUIPlugin
2025-12-20 20:32:08,043 [INFO] PluginManager:220 - loadIPPluginJar : add ltdc
2025-12-20 20:32:08,049 [INFO] IPUIPlugin:80 - create IPUIPlugin
2025-12-20 20:32:08,049 [INFO] PluginManager:220 - loadIPPluginJar : add mdma
2025-12-20 20:32:08,052 [INFO] IPUIPlugin:80 - create IPUIPlugin
2025-12-20 20:32:08,052 [INFO] PluginManager:220 - loadIPPluginJar : add nvic
2025-12-20 20:32:08,056 [INFO] IPUIPlugin:80 - create IPUIPlugin
2025-12-20 20:32:08,056 [INFO] PluginManager:220 - loadIPPluginJar : add opamp
2025-12-20 20:32:08,059 [INFO] IPUIPlugin:80 - create IPUIPlugin
2025-12-20 20:32:08,059 [INFO] PluginManager:220 - loadIPPluginJar : add openamp
2025-12-20 20:32:08,062 [INFO] IPUIPlugin:80 - create IPUIPlugin
2025-12-20 20:32:08,062 [INFO] PluginManager:220 - loadIPPluginJar : add pdm2pcm
2025-12-20 20:32:08,066 [INFO] IPUIPlugin:80 - create IPUIPlugin
2025-12-20 20:32:08,068 [INFO] PluginManager:220 - loadIPPluginJar : add plateformsettings
2025-12-20 20:32:08,069 [INFO] IPUIPlugin:80 - create IPUIPlugin
2025-12-20 20:32:08,069 [INFO] PluginManager:220 - loadIPPluginJar : add quadspi
2025-12-20 20:32:08,070 [INFO] IPUIPlugin:80 - create IPUIPlugin
2025-12-20 20:32:08,071 [INFO] PluginManager:220 - loadIPPluginJar : add radio
2025-12-20 20:32:08,075 [INFO] IPUIPlugin:80 - create IPUIPlugin
2025-12-20 20:32:08,075 [INFO] PluginManager:220 - loadIPPluginJar : add resmgrutility
2025-12-20 20:32:08,078 [INFO] IPUIPlugin:80 - create IPUIPlugin
2025-12-20 20:32:08,078 [INFO] PluginManager:220 - loadIPPluginJar : add sai
2025-12-20 20:32:08,080 [INFO] IPUIPlugin:80 - create IPUIPlugin
2025-12-20 20:32:08,080 [INFO] PluginManager:220 - loadIPPluginJar : add spi
2025-12-20 20:32:08,084 [INFO] IPUIPlugin:80 - create IPUIPlugin
2025-12-20 20:32:08,084 [INFO] PluginManager:220 - loadIPPluginJar : add stm32_wpan
2025-12-20 20:32:08,085 [INFO] IPUIPlugin:80 - create IPUIPlugin
2025-12-20 20:32:08,085 [INFO] PluginManager:220 - loadIPPluginJar : add tim
2025-12-20 20:32:08,088 [INFO] IPUIPlugin:80 - create IPUIPlugin
2025-12-20 20:32:08,088 [INFO] PluginManager:220 - loadIPPluginJar : add touchsensing
2025-12-20 20:32:08,090 [INFO] IPUIPlugin:80 - create IPUIPlugin
2025-12-20 20:32:08,090 [INFO] PluginManager:220 - loadIPPluginJar : add tracer_emb
2025-12-20 20:32:08,092 [INFO] IPUIPlugin:80 - create IPUIPlugin
2025-12-20 20:32:08,092 [INFO] PluginManager:220 - loadIPPluginJar : add ts
2025-12-20 20:32:08,093 [INFO] IPUIPlugin:80 - create IPUIPlugin
2025-12-20 20:32:08,093 [INFO] PluginManager:220 - loadIPPluginJar : add tsc
2025-12-20 20:32:08,096 [INFO] IPUIPlugin:80 - create IPUIPlugin
2025-12-20 20:32:08,096 [INFO] PluginManager:220 - loadIPPluginJar : add ucpd
2025-12-20 20:32:08,098 [INFO] IPUIPlugin:80 - create IPUIPlugin
2025-12-20 20:32:08,098 [INFO] PluginManager:220 - loadIPPluginJar : add usart
2025-12-20 20:32:08,102 [INFO] IPUIPlugin:80 - create IPUIPlugin
2025-12-20 20:32:08,102 [INFO] PluginManager:220 - loadIPPluginJar : add usbx
2025-12-20 20:32:08,222 [FATAL] Updater:351 - Updater called before beeing initialized
2025-12-20 20:32:08,259 [INFO] RulesReader:64 - Compatibility file has been processed (317 Rules)
2025-12-20 20:32:08,275 [INFO] RulesReader:64 - Compatibility file has been processed (317 Rules)
2025-12-20 20:32:08,291 [INFO] CADModel:165 - CPN selected for project level
2025-12-20 20:32:08,291 [INFO] CADModel:114 - Register for checkConnection events
2025-12-20 20:32:08,291 [FATAL] Updater:351 - Updater called before beeing initialized
2025-12-20 20:32:08,292 [ERROR] CADModel:125 - Updater not yet initialized, retry later 
2025-12-20 20:32:08,479 [FATAL] Updater:351 - Updater called before beeing initialized
2025-12-20 20:32:08,481 [INFO] CADModel:165 - CPN selected for project level
2025-12-20 20:32:08,481 [INFO] CADModel:114 - Register for checkConnection events
2025-12-20 20:32:08,481 [FATAL] Updater:351 - Updater called before beeing initialized
2025-12-20 20:32:08,481 [ERROR] CADModel:125 - Updater not yet initialized, retry later 
2025-12-20 20:32:08,483 [FATAL] Updater:351 - Updater called before beeing initialized
2025-12-20 20:32:08,628 [FATAL] Updater:351 - Updater called before beeing initialized
2025-12-20 20:32:08,643 [INFO] DbMcusAds:53 - JSON generation date=Tue Dec 16 07:11:46 CST 2025 (1765840306612)
2025-12-20 20:32:08,643 [FATAL] Updater:351 - Updater called before beeing initialized
2025-12-20 20:32:08,705 [WARN] DetailPanel:346 - Failed to get advertising image, set to default
2025-12-20 20:32:08,783 [FATAL] Updater:351 - Updater called before beeing initialized
2025-12-20 20:32:08,784 [FATAL] Updater:351 - Updater called before beeing initialized
2025-12-20 20:32:08,784 [FATAL] Updater:351 - Updater called before beeing initialized
2025-12-20 20:32:08,785 [WARN] DetailPanel:346 - Failed to get advertising image, set to default
2025-12-20 20:32:08,785 [FATAL] Updater:351 - Updater called before beeing initialized
2025-12-20 20:32:08,835 [ERROR] Updater:1198 - MainUpdater not yet initialized. External WinMGr cannot be set.
2025-12-20 20:32:08,837 [INFO] Updater:1134 - Updater Version found : 6.15.0
2025-12-20 20:32:08,853 [INFO] ApplicationProperties:184 - Using Application install path: C:\ST\STM32CubeIDE_1.19.0\STM32CubeIDE\plugins\com.st.stm32cube.common.mx_6.15.0.202507011659
2025-12-20 20:32:10,383 [INFO] ThirdPartyUpdaterWithRetryManager:70 - Updater plugin not ready yet. [2/15]
2025-12-20 20:32:10,429 [ERROR] LogOutputStream:75 - [STDERR_REDIRECT] Dec 20, 2025 8:32:10 PM java.util.prefs.WindowsPreferences <init>
2025-12-20 20:32:10,430 [ERROR] LogOutputStream:75 - [STDERR_REDIRECT] WARNING: Could not open/create prefs root node Software\JavaSoft\Prefs at root 0xffffffff80000002. Windows RegCreateKeyEx(...) returned error code 5.
2025-12-20 20:32:10,430 [ERROR] LogOutputStream:75 - [STDERR_REDIRECT] 
2025-12-20 20:32:11,588 [INFO] MainUpdater:2872 - connection check result : 10
2025-12-20 20:32:11,589 [INFO] MainUpdater:289 - Updater Check For Update Now.
2025-12-20 20:32:11,589 [INFO] MicroXplorer:498 - Change Database Version : DB.6.0.150
2025-12-20 20:32:11,604 [INFO] McuFinderGlobals:63 - Set McuFinder mode to 2 (CubeIDE integrated)
2025-12-20 20:32:11,605 [INFO] UserAuth:487 - Internet connection configuration mode: 1
2025-12-20 20:32:11,670 [INFO] JxBrowserEngine:152 - Initiate JxBrowser Engine with user profile folder
2025-12-20 20:32:11,801 [INFO] CheckServerUpdateThread:120 - End of CheckServer Thread
2025-12-20 20:32:13,649 [INFO] WebApp:169 - Instantiating new browser for Auth
2025-12-20 20:32:13,755 [WARN] PackLoader:240 - Cannot read IP mode file for STMicroelectronics.FP-SNS-MOTENVWB1.1.4.0
2025-12-20 20:32:13,776 [WARN] PackLoader:240 - Cannot read IP mode file for STMicroelectronics.FP-ATR-ASTRA1.2.0.2
2025-12-20 20:32:13,810 [WARN] PackLoader:240 - Cannot read IP mode file for STMicroelectronics.X-CUBE-SMBUS.2.1.0
2025-12-20 20:32:13,828 [WARN] PackLoader:240 - Cannot read IP mode file for STMicroelectronics.X-CUBE-ST60.1.0.0
2025-12-20 20:32:13,881 [WARN] PackLoader:240 - Cannot read IP mode file for STMicroelectronics.X-CUBE-AZRTOS-F7.1.1.0
2025-12-20 20:32:13,895 [WARN] PackLoader:240 - Cannot read IP mode file for STMicroelectronics.FP-SNS-MOTENV1.5.1.0
2025-12-20 20:32:13,918 [WARN] PackLoader:240 - Cannot read IP mode file for WES.I-CUBE-Cesium.1.4.0
2025-12-20 20:32:13,949 [WARN] PackLoader:240 - Cannot read IP mode file for Infineon.AIROC-Wi-Fi-Bluetooth-STM32.1.7.1
2025-12-20 20:32:13,982 [WARN] PackLoader:240 - Cannot read IP mode file for STMicroelectronics.X-CUBE-AZRTOS-H7.3.4.0
2025-12-20 20:32:13,999 [WARN] PackLoader:240 - Cannot read IP mode file for STMicroelectronics.X-CUBE-DISPLAY.3.0.0
2025-12-20 20:32:14,017 [WARN] PackLoader:240 - Cannot read IP mode file for STMicroelectronics.X-CUBE-NFC10.1.0.0
2025-12-20 20:32:14,026 [WARN] PackLoader:240 - Cannot read IP mode file for STMicroelectronics.X-CUBE-ST60.1.1.0
2025-12-20 20:32:14,039 [WARN] PackLoader:240 - Cannot read IP mode file for emotas.I-CUBE-CANOPEN.1.3.0
2025-12-20 20:32:14,052 [WARN] PackLoader:240 - Cannot read IP mode file for STMicroelectronics.X-CUBE-GNSS1.7.1.0
2025-12-20 20:32:14,071 [WARN] PackLoader:240 - Cannot read IP mode file for STMicroelectronics.FP-SNS-STBOX1.2.1.0
2025-12-20 20:32:14,092 [WARN] PackLoader:240 - Cannot read IP mode file for STMicroelectronics.FP-SNS-SMARTAG2.1.2.0
2025-12-20 20:32:14,105 [WARN] PackLoader:240 - Cannot read IP mode file for STMicroelectronics.FP-SNS-FLIGHT1.5.1.0
2025-12-20 20:32:14,128 [INFO] LogOutputStream:77 - [STDOUT_REDIRECT] 1 : Invalid condition id : UX_CORESTACK_Condition cause : null
2025-12-20 20:32:14,129 [INFO] LogOutputStream:77 - [STDOUT_REDIRECT] 1 : Invalid condition id : UX_CORESTACK_Condition cause : null
2025-12-20 20:32:14,131 [INFO] LogOutputStream:77 - [STDOUT_REDIRECT] 1 : Invalid condition id : UX_CORESTACK_Condition cause : null
2025-12-20 20:32:14,133 [INFO] LogOutputStream:77 - [STDOUT_REDIRECT] 1 : Invalid condition id : UX_CORESTACK_Condition cause : null
2025-12-20 20:32:14,134 [INFO] LogOutputStream:77 - [STDOUT_REDIRECT] 1 : Invalid condition id : UX_CORESTACK_Condition cause : null
2025-12-20 20:32:14,137 [WARN] PackLoader:240 - Cannot read IP mode file for STMicroelectronics.X-CUBE-AZRTOS-WL.2.0.0
2025-12-20 20:32:14,150 [WARN] PackLoader:240 - Cannot read IP mode file for STMicroelectronics.FP-SNS-MOTENV1.5.0.0
2025-12-20 20:32:14,184 [WARN] PackLoader:240 - Cannot read IP mode file for STMicroelectronics.X-CUBE-AZRTOS-H7RS.1.2.0
2025-12-20 20:32:14,198 [WARN] PackLoader:240 - Cannot read IP mode file for STMicroelectronics.X-CUBE-BLE2.3.3.0
2025-12-20 20:32:14,271 [WARN] PackLoader:240 - Cannot read IP mode file for STMicroelectronics.X-CUBE-NFC9.1.0.0
2025-12-20 20:32:14,280 [WARN] PackLoader:240 - Cannot read IP mode file for wolfSSL.I-CUBE-wolfSSL.5.8.2
2025-12-20 20:32:14,287 [WARN] PackLoader:240 - Cannot read IP mode file for STMicroelectronics.X-CUBE-BLE1.7.1.0
2025-12-20 20:32:14,292 [WARN] PackLoader:240 - Cannot read IP mode file for wolfSSL.I-CUBE-wolfMQTT.1.19.2
2025-12-20 20:32:14,298 [WARN] PackLoader:240 - Cannot read IP mode file for STMicroelectronics.X-CUBE-FREERTOS.1.4.0
2025-12-20 20:32:14,305 [WARN] PackLoader:240 - Cannot read IP mode file for STMicroelectronics.X-CUBE-EEPRMA1.5.2.0
2025-12-20 20:32:14,314 [WARN] PackLoader:240 - Cannot read IP mode file for STMicroelectronics.X-CUBE-ST67W61.1.1.0
2025-12-20 20:32:14,363 [WARN] PackLoader:240 - Cannot read IP mode file for STMicroelectronics.X-CUBE-MEMS1.12.0.0
2025-12-20 20:32:14,480 [WARN] PackLoader:240 - Cannot read IP mode file for STMicroelectronics.X-CUBE-AZRTOS-G0.1.1.0
2025-12-20 20:32:14,489 [WARN] PackLoader:240 - Cannot read IP mode file for STMicroelectronics.X-CUBE-SAFEA1.1.2.2
2025-12-20 20:32:14,496 [WARN] PackLoader:240 - Cannot read IP mode file for STMicroelectronics.X-CUBE-NFC4.3.0.0
2025-12-20 20:32:14,506 [WARN] PackLoader:240 - Cannot read IP mode file for EmbeddedOffice.I-CUBE-FS-RTOS.1.0.1
2025-12-20 20:32:14,512 [WARN] PackLoader:240 - Cannot read IP mode file for STMicroelectronics.X-CUBE-WB05N.2.0.0
2025-12-20 20:32:14,517 [WARN] PackLoader:240 - Cannot read IP mode file for wolfSSL.I-CUBE-wolfTPM.3.8.0
2025-12-20 20:32:14,523 [WARN] PackLoader:240 - Cannot read IP mode file for STMicroelectronics.X-CUBE-TCPP.4.2.0
2025-12-20 20:32:14,530 [WARN] PackLoader:240 - Cannot read IP mode file for RealThread.X-CUBE-RT-Thread_Nano.4.1.1
2025-12-20 20:32:14,534 [WARN] PackLoader:240 - Cannot read IP mode file for STMicroelectronics.FP-ATR-SIGFOX1.3.2.0
2025-12-20 20:32:14,542 [WARN] PackLoader:240 - Cannot read IP mode file for ITTIA_DB.I-CUBE-ITTIADB.8.9.0
2025-12-20 20:32:14,553 [WARN] PackLoader:240 - Cannot read IP mode file for STMicroelectronics.X-CUBE-ST67W61.1.0.0
2025-12-20 20:32:14,558 [WARN] PackLoader:240 - Cannot read IP mode file for STMicroelectronics.X-CUBE-AI.10.2.0
2025-12-20 20:32:14,582 [WARN] PackLoader:240 - Cannot read IP mode file for SEGGER.I-CUBE-embOS.1.3.1
2025-12-20 20:32:14,628 [WARN] PackLoader:240 - Cannot read IP mode file for STMicroelectronics.X-CUBE-ALGOBUILD.1.4.0
2025-12-20 20:32:14,672 [WARN] PackLoader:240 - Cannot read IP mode file for STMicroelectronics.X-CUBE-MEMS1.11.3.0
2025-12-20 20:32:14,785 [WARN] PackLoader:240 - Cannot read IP mode file for STMicroelectronics.X-CUBE-PM33A1.1.0.0
2025-12-20 20:32:14,799 [WARN] PackLoader:240 - Cannot read IP mode file for STMicroelectronics.X-CUBE-AZRTOS-F4.1.1.0
2025-12-20 20:32:14,804 [WARN] PackLoader:240 - Cannot read IP mode file for Avnet-IotConnect.X-CUBE-IoTC-DA16k-PMOD.1.0.0
2025-12-20 20:32:14,807 [WARN] PackLoader:240 - Cannot read IP mode file for STMicroelectronics.X-CUBE-ISPU.2.1.0
2025-12-20 20:32:14,826 [WARN] PackLoader:240 - Cannot read IP mode file for STMicroelectronics.X-CUBE-IPS.3.2.0
2025-12-20 20:32:14,840 [WARN] PackLoader:240 - Cannot read IP mode file for STMicroelectronics.X-CUBE-NFC12.1.0.0
2025-12-20 20:32:14,857 [WARN] PackLoader:240 - Cannot read IP mode file for STMicroelectronics.X-CUBE-AZRTOS-L5.2.0.0
2025-12-20 20:32:14,866 [WARN] PackLoader:240 - Cannot read IP mode file for STMicroelectronics.X-CUBE-NFC6.3.1.0
2025-12-20 20:32:14,873 [WARN] PackLoader:240 - Cannot read IP mode file for STMicroelectronics.X-CUBE-FREERTOS.1.3.1
2025-12-20 20:32:14,882 [WARN] PackLoader:240 - Cannot read IP mode file for STMicroelectronics.X-CUBE-TOUCHGFX.4.26.0
2025-12-20 20:32:14,923 [WARN] PackLoader:240 - Cannot read IP mode file for STMicroelectronics.FP-SNS-STAIOTCFT.1.0.0
2025-12-20 20:32:14,930 [WARN] PackLoader:240 - Cannot read IP mode file for STMicroelectronics.X-CUBE-DPower.1.3.0
2025-12-20 20:32:14,949 [WARN] ConditionMgr:438 - getConditionDescription Invalid condition id : LAN8742 Phy interface Condition cause : null
2025-12-20 20:32:14,950 [WARN] PackLoader:240 - Cannot read IP mode file for STMicroelectronics.X-CUBE-AZRTOS-L4.2.0.0
2025-12-20 20:32:14,951 [WARN] ConditionMgr:1044 - genDependencies : Invalid condition id : LAN8742 Phy interface Condition cause : null
2025-12-20 20:32:14,951 [WARN] ConditionMgr:1044 - genDependencies : Invalid condition id : LAN8742 Phy interface Condition cause : null
2025-12-20 20:32:14,952 [WARN] ConditionMgr:1044 - genDependencies : Invalid condition id : LAN8742 Phy interface Condition cause : null
2025-12-20 20:32:14,961 [WARN] PackLoader:240 - Cannot read IP mode file for STMicroelectronics.X-CUBE-SFXS2LP1.4.0.0
2025-12-20 20:32:14,972 [WARN] PackLoader:240 - Cannot read IP mode file for STMicroelectronics.X-CUBE-BLEMGR.4.1.0
2025-12-20 20:32:14,986 [WARN] ConditionMgr:438 - getConditionDescription Invalid condition id : UX DEVICE CLASS RTOS Condition cause : null
2025-12-20 20:32:14,987 [WARN] ConditionMgr:438 - getConditionDescription Invalid condition id : UX DEVICE CLASS RTOS Condition cause : null
2025-12-20 20:32:14,988 [WARN] PackLoader:240 - Cannot read IP mode file for STMicroelectronics.X-CUBE-AZRTOS-WB.2.0.0
2025-12-20 20:32:14,989 [WARN] ConditionMgr:1044 - genDependencies : Invalid condition id : UX DEVICE CLASS RTOS Condition cause : null
2025-12-20 20:32:14,989 [WARN] ConditionMgr:1044 - genDependencies : Invalid condition id : UX DEVICE CLASS RTOS Condition cause : null
2025-12-20 20:32:14,990 [WARN] ConditionMgr:1044 - genDependencies : Invalid condition id : UX DEVICE CLASS RTOS Condition cause : null
2025-12-20 20:32:14,990 [WARN] ConditionMgr:1044 - genDependencies : Invalid condition id : UX DEVICE CLASS RTOS Condition cause : null
2025-12-20 20:32:14,990 [WARN] ConditionMgr:1044 - genDependencies : Invalid condition id : UX DEVICE CLASS RTOS Condition cause : null
2025-12-20 20:32:14,996 [WARN] PackLoader:240 - Cannot read IP mode file for STMicroelectronics.X-CUBE-GNSS1.7.0.1
2025-12-20 20:32:15,000 [WARN] PackLoader:240 - Cannot read IP mode file for STMicroelectronics.X-CUBE-TOUCHGFX.4.25.0
2025-12-20 20:32:15,004 [WARN] ConditionMgr:438 - getConditionDescription Invalid condition id : Cortex-A Device cause : null
2025-12-20 20:32:15,014 [WARN] ConditionMgr:1044 - genDependencies : Invalid condition id : Cortex-A Device cause : null
2025-12-20 20:32:15,014 [WARN] ConditionMgr:1044 - genDependencies : Invalid condition id : Cortex-A Device cause : null
2025-12-20 20:32:15,014 [WARN] ConditionMgr:1044 - genDependencies : Invalid condition id : Cortex-A Device cause : null
2025-12-20 20:32:15,023 [WARN] PackLoader:240 - Cannot read IP mode file for STMicroelectronics.X-CUBE-SUBG2.5.0.0
2025-12-20 20:32:15,041 [WARN] PackLoader:240 - Cannot read IP mode file for STMicroelectronics.X-CUBE-AZRTOS-H7RS.1.1.0
2025-12-20 20:32:15,049 [WARN] PackLoader:240 - Cannot read IP mode file for Cesanta.I-CUBE-Mongoose.7.13.0
2025-12-20 20:32:15,063 [WARN] PackLoader:240 - Cannot read IP mode file for STMicroelectronics.X-CUBE-AZRTOS-G4.2.0.0
2025-12-20 20:32:15,069 [WARN] PackLoader:240 - Cannot read IP mode file for wolfSSL.I-CUBE-wolfSSH.1.4.20
2025-12-20 20:32:15,074 [WARN] PackLoader:240 - Cannot read IP mode file for STMicroelectronics.X-CUBE-NFC7.2.0.0
2025-12-20 20:32:15,085 [WARN] PackLoader:240 - Cannot read IP mode file for STMicroelectronics.X-CUBE-IPS.3.1.0
2025-12-20 20:32:15,094 [WARN] PackLoader:240 - Cannot read IP mode file for STMicroelectronics.X-CUBE-ALS.1.0.2
2025-12-20 20:32:15,102 [WARN] PackLoader:240 - Cannot read IP mode file for STMicroelectronics.X-CUBE-STSE01.1.0.0
2025-12-20 20:32:15,118 [WARN] PackLoader:240 - Cannot read IP mode file for STMicroelectronics.X-CUBE-TOF1.3.4.3
2025-12-20 20:32:15,127 [INFO] ThirdParty:978 - Integrity check success = true
2025-12-20 20:32:15,127 [INFO] IntegrityCheckThread:100 - exiting critical section [integrity check]
2025-12-20 20:32:15,127 [INFO] IntegrityCheckThread:103 - End integrity checks thread
2025-12-20 20:32:15,763 [INFO] WebApp:463 - Apply proxy settings
2025-12-20 20:32:15,764 [INFO] WebApp:548 - Chromium requires no authentication
2025-12-20 20:32:15,810 [INFO] WebApp:491 - Direct internet connection detected
2025-12-20 20:32:15,884 [INFO] WebApp:900 - Register for checkConnection events
2025-12-20 20:32:15,884 [INFO] WebApp:463 - Apply proxy settings
2025-12-20 20:32:15,884 [INFO] WebApp:548 - Chromium requires no authentication
2025-12-20 20:32:15,885 [INFO] WebApp:491 - Direct internet connection detected
2025-12-20 20:32:16,075 [INFO] WebApp:191 - Connection restablished
2025-12-20 20:32:16,263 [INFO] WebApp:225 - Starting web application
2025-12-20 20:32:16,263 [INFO] WebApp:593 - Web application path used C:\ST\STM32CubeIDE_1.19.0\STM32CubeIDE\plugins\com.st.stm32cube.common.mx_6.15.0.202507011659\db\plugins\mcufinder\reactClient1\index.html
2025-12-20 20:32:16,363 [INFO] UserAuth:487 - Internet connection configuration mode: 1
