2025-12-09 23:54:22,049 [INFO] Activator:176 - 


2025-12-09 23:54:22,053 [INFO] Activator:177 - !SESSION log4j initialized
2025-12-09 23:54:30,697 [INFO] LogOutputStream:77 - [STDOUT_REDIRECT] 
2025-12-09 23:55:04,533 [INFO] ApplicationProperties:184 - Using Application install path: C:\ST\STM32CubeIDE_1.19.0\STM32CubeIDE\plugins\com.st.stm32cube.common.mx_6.15.0.202507011659
2025-12-09 23:55:04,561 [INFO] DbMcusXml:78 - Set database path to: C:\ST\STM32CubeIDE_1.19.0\STM32CubeIDE\plugins\com.st.stm32cube.common.mx_6.15.0.202507011659\\db\/mcu/
2025-12-09 23:55:04,562 [INFO] ApiDb:274 - Set plugin database path to: C:\ST\STM32CubeIDE_1.19.0\STM32CubeIDE\plugins\com.st.stm32cube.common.mx_6.15.0.202507011659\\db\/plugins/boardmanager/
2025-12-09 23:55:04,562 [WARN] ApiDb:259 - Overriding images path with different value:  => C:\ST\STM32CubeIDE_1.19.0\STM32CubeIDE\plugins\com.st.stm32cube.common.mx_6.15.0.202507011659\\db\/plugins/mcufinder/images/
2025-12-09 23:55:04,574 [INFO] ApiDb:250 - Set database path to: C:\Users\user\.stmcufinder\plugins\mcufinder//mcu/
2025-12-09 23:55:04,575 [INFO] DbMcusAds:125 - Set database path to: C:\Users\user\.stmcufinder\plugins\mcufinder//mcu/
2025-12-09 23:55:04,588 [INFO] CrossReferenceDbSqlite:203 - Set database path to: C:\Users\user\.stmcufinder\plugins\mcufinder//mcu/cs/
2025-12-09 23:55:04,722 [INFO] RulesReader:64 - Compatibility file has been processed (317 Rules)
2025-12-09 23:55:04,852 [INFO] DbMcusXml:78 - Set database path to: C:\ST\STM32CubeIDE_1.19.0\STM32CubeIDE\plugins\com.st.stm32cube.common.mx_6.15.0.202507011659\\db\/mcu/
2025-12-09 23:55:04,852 [INFO] ApiDb:274 - Set plugin database path to: C:\ST\STM32CubeIDE_1.19.0\STM32CubeIDE\plugins\com.st.stm32cube.common.mx_6.15.0.202507011659\\db\/plugins/boardmanager/
2025-12-09 23:55:04,852 [INFO] ApiDb:261 - Set plugin images path to: C:\ST\STM32CubeIDE_1.19.0\STM32CubeIDE\plugins\com.st.stm32cube.common.mx_6.15.0.202507011659\\db\/plugins/mcufinder/images/
2025-12-09 23:55:04,853 [WARN] DbFile:41 - Overriding database path with different value: C:\Users\user\.stmcufinder\plugins\mcufinder/ => C:\Users\user\.stmcufinder\plugins\mcufinder
2025-12-09 23:55:04,853 [INFO] ApiDb:250 - Set database path to: C:\Users\user\.stmcufinder\plugins\mcufinder//mcu/
2025-12-09 23:55:04,853 [WARN] DbFile:41 - Overriding database path with different value: C:\Users\user\.stmcufinder\plugins\mcufinder/ => C:\Users\user\.stmcufinder\plugins\mcufinder
2025-12-09 23:55:04,853 [INFO] DbMcusAds:125 - Set database path to: C:\Users\user\.stmcufinder\plugins\mcufinder//mcu/
2025-12-09 23:55:04,853 [WARN] DbFile:41 - Overriding database path with different value: C:\Users\user\.stmcufinder\plugins\mcufinder/ => C:\Users\user\.stmcufinder\plugins\mcufinder
2025-12-09 23:55:04,853 [WARN] DbFile:41 - Overriding database path with different value: C:\Users\user\.stmcufinder\plugins\mcufinder/ => C:\Users\user\.stmcufinder\plugins\mcufinder
2025-12-09 23:55:04,853 [INFO] CrossReferenceDbSqlite:203 - Set database path to: C:\Users\user\.stmcufinder\plugins\mcufinder//mcu/cs/
2025-12-09 23:55:04,935 [INFO] MainPanel:274 - HeapMemory: 314572800
2025-12-09 23:55:05,061 [INFO] DbMcusXml:78 - Set database path to: C:\ST\STM32CubeIDE_1.19.0\STM32CubeIDE\plugins\com.st.stm32cube.common.mx_6.15.0.202507011659\\db\/mcu/
2025-12-09 23:55:05,061 [INFO] ApiDb:274 - Set plugin database path to: C:\ST\STM32CubeIDE_1.19.0\STM32CubeIDE\plugins\com.st.stm32cube.common.mx_6.15.0.202507011659\\db\/plugins/boardmanager/
2025-12-09 23:55:05,061 [INFO] ApiDb:261 - Set plugin images path to: C:\ST\STM32CubeIDE_1.19.0\STM32CubeIDE\plugins\com.st.stm32cube.common.mx_6.15.0.202507011659\\db\/plugins/mcufinder/images/
2025-12-09 23:55:05,062 [WARN] DbFile:41 - Overriding database path with different value: C:\Users\user\.stmcufinder\plugins\mcufinder/ => C:\Users\user\.stmcufinder\plugins\mcufinder
2025-12-09 23:55:05,062 [INFO] ApiDb:250 - Set database path to: C:\Users\user\.stmcufinder\plugins\mcufinder//mcu/
2025-12-09 23:55:05,062 [WARN] DbFile:41 - Overriding database path with different value: C:\Users\user\.stmcufinder\plugins\mcufinder/ => C:\Users\user\.stmcufinder\plugins\mcufinder
2025-12-09 23:55:05,062 [INFO] DbMcusAds:125 - Set database path to: C:\Users\user\.stmcufinder\plugins\mcufinder//mcu/
2025-12-09 23:55:05,062 [WARN] DbFile:41 - Overriding database path with different value: C:\Users\user\.stmcufinder\plugins\mcufinder/ => C:\Users\user\.stmcufinder\plugins\mcufinder
2025-12-09 23:55:05,062 [WARN] DbFile:41 - Overriding database path with different value: C:\Users\user\.stmcufinder\plugins\mcufinder/ => C:\Users\user\.stmcufinder\plugins\mcufinder
2025-12-09 23:55:05,062 [INFO] CrossReferenceDbSqlite:203 - Set database path to: C:\Users\user\.stmcufinder\plugins\mcufinder//mcu/cs/
2025-12-09 23:55:05,082 [INFO] ApplicationProperties:184 - Using Application install path: C:\ST\STM32CubeIDE_1.19.0\STM32CubeIDE\plugins\com.st.stm32cube.common.mx_6.15.0.202507011659
2025-12-09 23:55:05,083 [INFO] PluginManage:196 - Search for loadable plugins [exclusion list=, ]
2025-12-09 23:55:05,084 [INFO] PluginManage:310 - Check plugin analytics
2025-12-09 23:55:05,354 [INFO] AnalyticsPlugin:253 - Accepted Software Licenses: 
2025-12-09 23:55:05,354 [INFO] AnalyticsPlugin:255 - Accepted CMSIS Pack Licenses: 
2025-12-09 23:55:05,354 [INFO] AnalyticsPlugin:257 - Accepted Firmware Licenses: FW.L4.1.18.0
2025-12-09 23:55:05,360 [INFO] PluginManage:359 - Loaded plugin analytics (category:tool,tabindex:-1)
2025-12-09 23:55:05,361 [INFO] PluginManage:310 - Check plugin cadmodel
2025-12-09 23:55:05,372 [INFO] CADModel:105 - Init CAD model plugin
2025-12-09 23:55:05,372 [INFO] PluginManage:359 - Loaded plugin cadmodel (category:power,tabindex:5)
2025-12-09 23:55:05,372 [INFO] PluginManage:310 - Check plugin clock
2025-12-09 23:55:05,389 [INFO] PluginManage:359 - Loaded plugin clock (category:base,tabindex:2)
2025-12-09 23:55:05,389 [INFO] PluginManage:310 - Check plugin ddr
2025-12-09 23:55:05,392 [INFO] PluginManage:359 - Loaded plugin ddr (category:tool,tabindex:6)
2025-12-09 23:55:05,393 [INFO] PluginManage:310 - Check plugin filemanager
2025-12-09 23:55:05,593 [INFO] PluginManage:359 - Loaded plugin filemanager (category:base,tabindex:10)
2025-12-09 23:55:05,594 [INFO] PluginManage:310 - Check plugin ipmanager
2025-12-09 23:55:05,601 [INFO] PluginManage:359 - Loaded plugin ipmanager (category:base,tabindex:5)
2025-12-09 23:55:05,601 [INFO] PluginManage:310 - Check plugin lpbam
2025-12-09 23:55:05,617 [INFO] PluginManage:359 - Loaded plugin lpbam (category:base,tabindex:0)
2025-12-09 23:55:05,617 [INFO] PluginManage:310 - Check plugin memorymap
2025-12-09 23:55:05,639 [INFO] PluginManage:359 - Loaded plugin memorymap (category:base,tabindex:4)
2025-12-09 23:55:05,639 [INFO] PluginManage:310 - Check plugin pinoutandconfiguration
2025-12-09 23:55:05,650 [INFO] PluginManage:359 - Loaded plugin pinoutandconfiguration (category:base,tabindex:1)
2025-12-09 23:55:05,651 [INFO] PluginManage:310 - Check plugin pinoutconfig
2025-12-09 23:55:05,744 [WARN] SupportedApi:132 - Cannot load RTOS API schema: s4s-elt-must-match.1: The content of 'definitions' must match (annotation?, (simpleType | complexType)?, (unique | key | keyref)*)). A problem was found starting at: attribute.
2025-12-09 23:55:05,924 [INFO] PluginManage:359 - Loaded plugin pinoutconfig (category:base,tabindex:0)
2025-12-09 23:55:05,924 [INFO] PluginManage:310 - Check plugin power
2025-12-09 23:55:05,939 [INFO] PluginManage:359 - Loaded plugin power (category:power,tabindex:4)
2025-12-09 23:55:05,939 [INFO] PluginManage:310 - Check plugin projectmanager
2025-12-09 23:55:05,953 [INFO] PluginManage:359 - Loaded plugin projectmanager (category:projectmanager,tabindex:4)
2025-12-09 23:55:05,953 [INFO] PluginManage:310 - Check plugin rif
2025-12-09 23:55:05,964 [INFO] PluginManage:359 - Loaded plugin rif (category:base,tabindex:3)
2025-12-09 23:55:05,964 [INFO] PluginManage:310 - Check plugin thirdparty
2025-12-09 23:55:06,115 [WARN] IntegrityCheckThread:84 - waiting for thirdparty lock release [integrity check]
2025-12-09 23:55:06,115 [INFO] IntegrityCheckThread:86 - entering critical section [integrity check]
2025-12-09 23:55:06,116 [INFO] ThirdPartyUpdaterWithRetryManager:70 - Updater plugin not ready yet. [1/15]
2025-12-09 23:55:06,116 [INFO] PluginManage:359 - Loaded plugin thirdparty (category:base,tabindex:-1)
2025-12-09 23:55:06,116 [INFO] PluginManage:310 - Check plugin tools
2025-12-09 23:55:06,120 [INFO] PluginManage:359 - Loaded plugin tools (category:base,tabindex:7)
2025-12-09 23:55:06,120 [INFO] PluginManage:310 - Check plugin tutovideos
2025-12-09 23:55:06,322 [INFO] PluginManage:359 - Loaded plugin tutovideos (category:base,tabindex:-1)
2025-12-09 23:55:06,322 [INFO] PluginManage:310 - Check plugin updater
2025-12-09 23:55:06,342 [INFO] PluginManage:359 - Loaded plugin updater (category:base,tabindex:12)
2025-12-09 23:55:06,342 [INFO] PluginManage:310 - Check plugin userauth
2025-12-09 23:55:06,347 [INFO] UserAuth:118 - Init User Auth plugin
2025-12-09 23:55:06,348 [INFO] PluginManage:359 - Loaded plugin userauth (category:base,tabindex:14)
2025-12-09 23:55:06,348 [INFO] PluginManage:283 - PluginManage : Loaded plugins [18]
2025-12-09 23:55:06,553 [INFO] PinOutPanel:1589 - setPackage(No Configuration,No Configuration)
2025-12-09 23:55:06,632 [INFO] CADModel:165 - CPN selected for project level
2025-12-09 23:55:06,632 [INFO] CADModel:114 - Register for checkConnection events
2025-12-09 23:55:06,651 [INFO] IPUIPlugin:80 - create IPUIPlugin
2025-12-09 23:55:06,651 [INFO] PluginManager:220 - loadIPPluginJar : add adc
2025-12-09 23:55:06,654 [INFO] IPUIPlugin:80 - create IPUIPlugin
2025-12-09 23:55:06,654 [INFO] PluginManager:220 - loadIPPluginJar : add aes
2025-12-09 23:55:06,657 [INFO] IPUIPlugin:80 - create IPUIPlugin
2025-12-09 23:55:06,657 [INFO] PluginManager:220 - loadIPPluginJar : add can
2025-12-09 23:55:06,659 [INFO] IPUIPlugin:80 - create IPUIPlugin
2025-12-09 23:55:06,659 [INFO] PluginManager:220 - loadIPPluginJar : add comp
2025-12-09 23:55:06,662 [INFO] IPUIPlugin:80 - create IPUIPlugin
2025-12-09 23:55:06,662 [INFO] PluginManager:220 - loadIPPluginJar : add cryp
2025-12-09 23:55:06,666 [INFO] IPUIPlugin:80 - create IPUIPlugin
2025-12-09 23:55:06,666 [INFO] PluginManager:220 - loadIPPluginJar : add ddr_ctrl_phy
2025-12-09 23:55:06,669 [INFO] IPUIPlugin:80 - create IPUIPlugin
2025-12-09 23:55:06,669 [INFO] PluginManager:220 - loadIPPluginJar : add dfsdm
2025-12-09 23:55:06,674 [INFO] IPUIPlugin:80 - create IPUIPlugin
2025-12-09 23:55:06,675 [INFO] PluginManager:220 - loadIPPluginJar : add dma
2025-12-09 23:55:06,678 [INFO] IPUIPlugin:80 - create IPUIPlugin
2025-12-09 23:55:06,678 [INFO] PluginManager:220 - loadIPPluginJar : add dma3
2025-12-09 23:55:06,681 [INFO] IPUIPlugin:80 - create IPUIPlugin
2025-12-09 23:55:06,681 [INFO] PluginManager:220 - loadIPPluginJar : add extmemmanager
2025-12-09 23:55:06,683 [INFO] IPUIPlugin:80 - create IPUIPlugin
2025-12-09 23:55:06,683 [INFO] PluginManager:220 - loadIPPluginJar : add fatfs
2025-12-09 23:55:06,687 [INFO] IPUIPlugin:80 - create IPUIPlugin
2025-12-09 23:55:06,688 [INFO] PluginManager:220 - loadIPPluginJar : add fmc
2025-12-09 23:55:06,695 [INFO] IPUIPlugin:80 - create IPUIPlugin
2025-12-09 23:55:06,695 [INFO] PluginManager:220 - loadIPPluginJar : add freertos
2025-12-09 23:55:06,697 [INFO] IPUIPlugin:80 - create IPUIPlugin
2025-12-09 23:55:06,697 [INFO] PluginManager:220 - loadIPPluginJar : add genericplugin
2025-12-09 23:55:06,700 [INFO] IPUIPlugin:80 - create IPUIPlugin
2025-12-09 23:55:06,700 [INFO] PluginManager:220 - loadIPPluginJar : add gfxmmu
2025-12-09 23:55:06,706 [INFO] IPUIPlugin:80 - create IPUIPlugin
2025-12-09 23:55:06,706 [INFO] PluginManager:220 - loadIPPluginJar : add gic
2025-12-09 23:55:06,710 [INFO] IPUIPlugin:80 - create IPUIPlugin
2025-12-09 23:55:06,710 [INFO] PluginManager:220 - loadIPPluginJar : add gpio
2025-12-09 23:55:06,713 [INFO] IPUIPlugin:80 - create IPUIPlugin
2025-12-09 23:55:06,713 [INFO] PluginManager:220 - loadIPPluginJar : add gtzc
2025-12-09 23:55:06,716 [INFO] IPUIPlugin:80 - create IPUIPlugin
2025-12-09 23:55:06,716 [INFO] PluginManager:220 - loadIPPluginJar : add hash
2025-12-09 23:55:06,719 [INFO] IPUIPlugin:80 - create IPUIPlugin
2025-12-09 23:55:06,719 [INFO] PluginManager:220 - loadIPPluginJar : add i2c
2025-12-09 23:55:06,721 [INFO] IPUIPlugin:80 - create IPUIPlugin
2025-12-09 23:55:06,722 [INFO] PluginManager:220 - loadIPPluginJar : add i2s
2025-12-09 23:55:06,725 [INFO] IPUIPlugin:80 - create IPUIPlugin
2025-12-09 23:55:06,726 [INFO] PluginManager:220 - loadIPPluginJar : add i3c
2025-12-09 23:55:06,731 [INFO] IPUIPlugin:80 - create IPUIPlugin
2025-12-09 23:55:06,731 [INFO] PluginManager:220 - loadIPPluginJar : add ipddr
2025-12-09 23:55:06,737 [INFO] IPUIPlugin:80 - create IPUIPlugin
2025-12-09 23:55:06,737 [INFO] PluginManager:220 - loadIPPluginJar : add linkedlist
2025-12-09 23:55:06,744 [INFO] IPUIPlugin:80 - create IPUIPlugin
2025-12-09 23:55:06,744 [INFO] PluginManager:220 - loadIPPluginJar : add lorawan
2025-12-09 23:55:06,747 [INFO] IPUIPlugin:80 - create IPUIPlugin
2025-12-09 23:55:06,747 [INFO] PluginManager:220 - loadIPPluginJar : add ltdc
2025-12-09 23:55:06,752 [INFO] IPUIPlugin:80 - create IPUIPlugin
2025-12-09 23:55:06,752 [INFO] PluginManager:220 - loadIPPluginJar : add mdma
2025-12-09 23:55:06,756 [INFO] IPUIPlugin:80 - create IPUIPlugin
2025-12-09 23:55:06,756 [INFO] PluginManager:220 - loadIPPluginJar : add nvic
2025-12-09 23:55:06,760 [INFO] IPUIPlugin:80 - create IPUIPlugin
2025-12-09 23:55:06,761 [INFO] PluginManager:220 - loadIPPluginJar : add opamp
2025-12-09 23:55:06,764 [INFO] IPUIPlugin:80 - create IPUIPlugin
2025-12-09 23:55:06,764 [INFO] PluginManager:220 - loadIPPluginJar : add openamp
2025-12-09 23:55:06,767 [INFO] IPUIPlugin:80 - create IPUIPlugin
2025-12-09 23:55:06,767 [INFO] PluginManager:220 - loadIPPluginJar : add pdm2pcm
2025-12-09 23:55:06,772 [INFO] IPUIPlugin:80 - create IPUIPlugin
2025-12-09 23:55:06,775 [INFO] PluginManager:220 - loadIPPluginJar : add plateformsettings
2025-12-09 23:55:06,777 [INFO] IPUIPlugin:80 - create IPUIPlugin
2025-12-09 23:55:06,777 [INFO] PluginManager:220 - loadIPPluginJar : add quadspi
2025-12-09 23:55:06,780 [INFO] IPUIPlugin:80 - create IPUIPlugin
2025-12-09 23:55:06,780 [INFO] PluginManager:220 - loadIPPluginJar : add radio
2025-12-09 23:55:06,785 [INFO] IPUIPlugin:80 - create IPUIPlugin
2025-12-09 23:55:06,786 [INFO] PluginManager:220 - loadIPPluginJar : add resmgrutility
2025-12-09 23:55:06,789 [INFO] IPUIPlugin:80 - create IPUIPlugin
2025-12-09 23:55:06,790 [INFO] PluginManager:220 - loadIPPluginJar : add sai
2025-12-09 23:55:06,792 [INFO] IPUIPlugin:80 - create IPUIPlugin
2025-12-09 23:55:06,792 [INFO] PluginManager:220 - loadIPPluginJar : add spi
2025-12-09 23:55:06,798 [INFO] IPUIPlugin:80 - create IPUIPlugin
2025-12-09 23:55:06,798 [INFO] PluginManager:220 - loadIPPluginJar : add stm32_wpan
2025-12-09 23:55:06,800 [INFO] IPUIPlugin:80 - create IPUIPlugin
2025-12-09 23:55:06,800 [INFO] PluginManager:220 - loadIPPluginJar : add tim
2025-12-09 23:55:06,804 [INFO] IPUIPlugin:80 - create IPUIPlugin
2025-12-09 23:55:06,804 [INFO] PluginManager:220 - loadIPPluginJar : add touchsensing
2025-12-09 23:55:06,806 [INFO] IPUIPlugin:80 - create IPUIPlugin
2025-12-09 23:55:06,806 [INFO] PluginManager:220 - loadIPPluginJar : add tracer_emb
2025-12-09 23:55:06,809 [INFO] IPUIPlugin:80 - create IPUIPlugin
2025-12-09 23:55:06,809 [INFO] PluginManager:220 - loadIPPluginJar : add ts
2025-12-09 23:55:06,811 [INFO] IPUIPlugin:80 - create IPUIPlugin
2025-12-09 23:55:06,811 [INFO] PluginManager:220 - loadIPPluginJar : add tsc
2025-12-09 23:55:06,813 [INFO] IPUIPlugin:80 - create IPUIPlugin
2025-12-09 23:55:06,813 [INFO] PluginManager:220 - loadIPPluginJar : add ucpd
2025-12-09 23:55:06,817 [INFO] IPUIPlugin:80 - create IPUIPlugin
2025-12-09 23:55:06,817 [INFO] PluginManager:220 - loadIPPluginJar : add usart
2025-12-09 23:55:06,821 [INFO] IPUIPlugin:80 - create IPUIPlugin
2025-12-09 23:55:06,821 [INFO] PluginManager:220 - loadIPPluginJar : add usbx
2025-12-09 23:55:06,979 [FATAL] Updater:351 - Updater called before beeing initialized
2025-12-09 23:55:07,005 [INFO] RulesReader:64 - Compatibility file has been processed (317 Rules)
2025-12-09 23:55:07,019 [INFO] RulesReader:64 - Compatibility file has been processed (317 Rules)
2025-12-09 23:55:07,035 [INFO] CADModel:165 - CPN selected for project level
2025-12-09 23:55:07,035 [INFO] CADModel:114 - Register for checkConnection events
2025-12-09 23:55:07,035 [FATAL] Updater:351 - Updater called before beeing initialized
2025-12-09 23:55:07,035 [ERROR] CADModel:125 - Updater not yet initialized, retry later 
2025-12-09 23:55:07,216 [FATAL] Updater:351 - Updater called before beeing initialized
2025-12-09 23:55:07,218 [INFO] CADModel:165 - CPN selected for project level
2025-12-09 23:55:07,218 [INFO] CADModel:114 - Register for checkConnection events
2025-12-09 23:55:07,218 [FATAL] Updater:351 - Updater called before beeing initialized
2025-12-09 23:55:07,218 [ERROR] CADModel:125 - Updater not yet initialized, retry later 
2025-12-09 23:55:07,220 [FATAL] Updater:351 - Updater called before beeing initialized
2025-12-09 23:55:07,381 [FATAL] Updater:351 - Updater called before beeing initialized
2025-12-09 23:55:07,400 [INFO] DbMcusAds:53 - JSON generation date=Fri Dec 05 17:13:14 CST 2025 (1764925994673)
2025-12-09 23:55:07,400 [FATAL] Updater:351 - Updater called before beeing initialized
2025-12-09 23:55:07,463 [WARN] DetailPanel:346 - Failed to get advertising image, set to default
2025-12-09 23:55:07,537 [FATAL] Updater:351 - Updater called before beeing initialized
2025-12-09 23:55:07,540 [FATAL] Updater:351 - Updater called before beeing initialized
2025-12-09 23:55:07,540 [FATAL] Updater:351 - Updater called before beeing initialized
2025-12-09 23:55:07,540 [WARN] DetailPanel:346 - Failed to get advertising image, set to default
2025-12-09 23:55:07,541 [FATAL] Updater:351 - Updater called before beeing initialized
2025-12-09 23:55:07,591 [ERROR] Updater:1198 - MainUpdater not yet initialized. External WinMGr cannot be set.
2025-12-09 23:55:07,593 [INFO] Updater:1134 - Updater Version found : 6.15.0
2025-12-09 23:55:07,611 [INFO] ApplicationProperties:184 - Using Application install path: C:\ST\STM32CubeIDE_1.19.0\STM32CubeIDE\plugins\com.st.stm32cube.common.mx_6.15.0.202507011659
2025-12-09 23:55:09,116 [INFO] ThirdPartyUpdaterWithRetryManager:70 - Updater plugin not ready yet. [2/15]
2025-12-09 23:55:09,188 [ERROR] LogOutputStream:75 - [STDERR_REDIRECT] Dec 09, 2025 11:55:09 PM java.util.prefs.WindowsPreferences <init>
2025-12-09 23:55:09,190 [ERROR] LogOutputStream:75 - [STDERR_REDIRECT] WARNING: Could not open/create prefs root node Software\JavaSoft\Prefs at root 0xffffffff80000002. Windows RegCreateKeyEx(...) returned error code 5.
2025-12-09 23:55:09,190 [ERROR] LogOutputStream:75 - [STDERR_REDIRECT] 
2025-12-09 23:55:09,613 [INFO] MainUpdater:2872 - connection check result : 10
2025-12-09 23:55:09,613 [INFO] MainUpdater:289 - Updater Check For Update Now.
2025-12-09 23:55:09,613 [INFO] MicroXplorer:498 - Change Database Version : DB.6.0.150
2025-12-09 23:55:09,642 [INFO] McuFinderGlobals:63 - Set McuFinder mode to 2 (CubeIDE integrated)
2025-12-09 23:55:09,642 [INFO] UserAuth:171 - activating auth plugin
2025-12-09 23:55:09,646 [INFO] UserAuth:487 - Internet connection configuration mode: 1
2025-12-09 23:55:09,711 [INFO] JxBrowserEngine:152 - Initiate JxBrowser Engine with user profile folder
2025-12-09 23:55:09,860 [INFO] CheckServerUpdateThread:120 - End of CheckServer Thread
2025-12-09 23:55:11,533 [INFO] WebApp:169 - Instantiating new browser for Auth
2025-12-09 23:55:12,437 [WARN] PackLoader:240 - Cannot read IP mode file for STMicroelectronics.FP-SNS-MOTENVWB1.1.4.0
2025-12-09 23:55:12,448 [WARN] PackLoader:240 - Cannot read IP mode file for STMicroelectronics.FP-ATR-ASTRA1.2.0.2
2025-12-09 23:55:12,459 [WARN] PackLoader:240 - Cannot read IP mode file for STMicroelectronics.X-CUBE-SMBUS.2.1.0
2025-12-09 23:55:12,465 [WARN] PackLoader:240 - Cannot read IP mode file for STMicroelectronics.X-CUBE-ST60.1.0.0
2025-12-09 23:55:12,503 [WARN] PackLoader:240 - Cannot read IP mode file for STMicroelectronics.X-CUBE-AZRTOS-F7.1.1.0
2025-12-09 23:55:12,511 [WARN] PackLoader:240 - Cannot read IP mode file for STMicroelectronics.FP-SNS-MOTENV1.5.1.0
2025-12-09 23:55:12,525 [WARN] PackLoader:240 - Cannot read IP mode file for WES.I-CUBE-Cesium.1.4.0
2025-12-09 23:55:12,564 [WARN] PackLoader:240 - Cannot read IP mode file for Infineon.AIROC-Wi-Fi-Bluetooth-STM32.1.7.1
2025-12-09 23:55:12,592 [WARN] PackLoader:240 - Cannot read IP mode file for STMicroelectronics.X-CUBE-AZRTOS-H7.3.4.0
2025-12-09 23:55:12,603 [WARN] PackLoader:240 - Cannot read IP mode file for STMicroelectronics.X-CUBE-DISPLAY.3.0.0
2025-12-09 23:55:12,621 [WARN] PackLoader:240 - Cannot read IP mode file for STMicroelectronics.X-CUBE-NFC10.1.0.0
2025-12-09 23:55:12,626 [WARN] PackLoader:240 - Cannot read IP mode file for STMicroelectronics.X-CUBE-ST60.1.1.0
2025-12-09 23:55:12,633 [WARN] PackLoader:240 - Cannot read IP mode file for emotas.I-CUBE-CANOPEN.1.3.0
2025-12-09 23:55:12,638 [WARN] PackLoader:240 - Cannot read IP mode file for STMicroelectronics.X-CUBE-GNSS1.7.1.0
2025-12-09 23:55:12,646 [WARN] PackLoader:240 - Cannot read IP mode file for STMicroelectronics.FP-SNS-STBOX1.2.1.0
2025-12-09 23:55:12,652 [WARN] PackLoader:240 - Cannot read IP mode file for STMicroelectronics.FP-SNS-SMARTAG2.1.2.0
2025-12-09 23:55:12,656 [WARN] PackLoader:240 - Cannot read IP mode file for STMicroelectronics.FP-SNS-FLIGHT1.5.1.0
2025-12-09 23:55:12,665 [INFO] LogOutputStream:77 - [STDOUT_REDIRECT] 1 : Invalid condition id : UX_CORESTACK_Condition cause : null
2025-12-09 23:55:12,666 [INFO] LogOutputStream:77 - [STDOUT_REDIRECT] 1 : Invalid condition id : UX_CORESTACK_Condition cause : null
2025-12-09 23:55:12,668 [INFO] LogOutputStream:77 - [STDOUT_REDIRECT] 1 : Invalid condition id : UX_CORESTACK_Condition cause : null
2025-12-09 23:55:12,670 [INFO] LogOutputStream:77 - [STDOUT_REDIRECT] 1 : Invalid condition id : UX_CORESTACK_Condition cause : null
2025-12-09 23:55:12,672 [INFO] LogOutputStream:77 - [STDOUT_REDIRECT] 1 : Invalid condition id : UX_CORESTACK_Condition cause : null
2025-12-09 23:55:12,674 [WARN] PackLoader:240 - Cannot read IP mode file for STMicroelectronics.X-CUBE-AZRTOS-WL.2.0.0
2025-12-09 23:55:12,679 [WARN] PackLoader:240 - Cannot read IP mode file for STMicroelectronics.FP-SNS-MOTENV1.5.0.0
2025-12-09 23:55:12,698 [WARN] PackLoader:240 - Cannot read IP mode file for STMicroelectronics.X-CUBE-AZRTOS-H7RS.1.2.0
2025-12-09 23:55:12,705 [WARN] PackLoader:240 - Cannot read IP mode file for STMicroelectronics.X-CUBE-BLE2.3.3.0
2025-12-09 23:55:12,734 [WARN] PackLoader:240 - Cannot read IP mode file for STMicroelectronics.X-CUBE-NFC9.1.0.0
2025-12-09 23:55:12,740 [WARN] PackLoader:240 - Cannot read IP mode file for wolfSSL.I-CUBE-wolfSSL.5.8.2
2025-12-09 23:55:12,746 [WARN] PackLoader:240 - Cannot read IP mode file for STMicroelectronics.X-CUBE-BLE1.7.1.0
2025-12-09 23:55:12,750 [WARN] PackLoader:240 - Cannot read IP mode file for wolfSSL.I-CUBE-wolfMQTT.1.19.2
2025-12-09 23:55:12,757 [WARN] PackLoader:240 - Cannot read IP mode file for STMicroelectronics.X-CUBE-FREERTOS.1.4.0
2025-12-09 23:55:12,764 [WARN] PackLoader:240 - Cannot read IP mode file for STMicroelectronics.X-CUBE-EEPRMA1.5.2.0
2025-12-09 23:55:12,772 [WARN] PackLoader:240 - Cannot read IP mode file for STMicroelectronics.X-CUBE-ST67W61.1.1.0
2025-12-09 23:55:12,836 [WARN] PackLoader:240 - Cannot read IP mode file for STMicroelectronics.X-CUBE-MEMS1.12.0.0
2025-12-09 23:55:12,936 [WARN] PackLoader:240 - Cannot read IP mode file for STMicroelectronics.X-CUBE-AZRTOS-G0.1.1.0
2025-12-09 23:55:12,943 [WARN] PackLoader:240 - Cannot read IP mode file for STMicroelectronics.X-CUBE-SAFEA1.1.2.2
2025-12-09 23:55:12,949 [WARN] PackLoader:240 - Cannot read IP mode file for STMicroelectronics.X-CUBE-NFC4.3.0.0
2025-12-09 23:55:12,957 [WARN] PackLoader:240 - Cannot read IP mode file for EmbeddedOffice.I-CUBE-FS-RTOS.1.0.1
2025-12-09 23:55:12,963 [WARN] PackLoader:240 - Cannot read IP mode file for STMicroelectronics.X-CUBE-WB05N.2.0.0
2025-12-09 23:55:12,967 [WARN] PackLoader:240 - Cannot read IP mode file for wolfSSL.I-CUBE-wolfTPM.3.8.0
2025-12-09 23:55:12,973 [WARN] PackLoader:240 - Cannot read IP mode file for STMicroelectronics.X-CUBE-TCPP.4.2.0
2025-12-09 23:55:12,979 [WARN] PackLoader:240 - Cannot read IP mode file for RealThread.X-CUBE-RT-Thread_Nano.4.1.1
2025-12-09 23:55:12,983 [WARN] PackLoader:240 - Cannot read IP mode file for STMicroelectronics.FP-ATR-SIGFOX1.3.2.0
2025-12-09 23:55:12,989 [WARN] PackLoader:240 - Cannot read IP mode file for ITTIA_DB.I-CUBE-ITTIADB.8.9.0
2025-12-09 23:55:13,000 [WARN] PackLoader:240 - Cannot read IP mode file for STMicroelectronics.X-CUBE-ST67W61.1.0.0
2025-12-09 23:55:13,005 [WARN] PackLoader:240 - Cannot read IP mode file for STMicroelectronics.X-CUBE-AI.10.2.0
2025-12-09 23:55:13,028 [WARN] PackLoader:240 - Cannot read IP mode file for SEGGER.I-CUBE-embOS.1.3.1
2025-12-09 23:55:13,065 [WARN] PackLoader:240 - Cannot read IP mode file for STMicroelectronics.X-CUBE-ALGOBUILD.1.4.0
2025-12-09 23:55:13,121 [WARN] PackLoader:240 - Cannot read IP mode file for STMicroelectronics.X-CUBE-MEMS1.11.3.0
2025-12-09 23:55:13,338 [WARN] PackLoader:240 - Cannot read IP mode file for STMicroelectronics.X-CUBE-PM33A1.1.0.0
2025-12-09 23:55:13,364 [WARN] PackLoader:240 - Cannot read IP mode file for STMicroelectronics.X-CUBE-AZRTOS-F4.1.1.0
2025-12-09 23:55:13,378 [WARN] PackLoader:240 - Cannot read IP mode file for Avnet-IotConnect.X-CUBE-IoTC-DA16k-PMOD.1.0.0
2025-12-09 23:55:13,392 [WARN] PackLoader:240 - Cannot read IP mode file for STMicroelectronics.X-CUBE-ISPU.2.1.0
2025-12-09 23:55:13,398 [INFO] WebApp:463 - Apply proxy settings
2025-12-09 23:55:13,398 [INFO] WebApp:548 - Chromium requires no authentication
2025-12-09 23:55:13,422 [WARN] PackLoader:240 - Cannot read IP mode file for STMicroelectronics.X-CUBE-IPS.3.2.0
2025-12-09 23:55:13,455 [WARN] PackLoader:240 - Cannot read IP mode file for STMicroelectronics.X-CUBE-NFC12.1.0.0
2025-12-09 23:55:13,498 [INFO] WebApp:491 - Direct internet connection detected
2025-12-09 23:55:13,501 [WARN] PackLoader:240 - Cannot read IP mode file for STMicroelectronics.X-CUBE-AZRTOS-L5.2.0.0
2025-12-09 23:55:13,518 [WARN] PackLoader:240 - Cannot read IP mode file for STMicroelectronics.X-CUBE-NFC6.3.1.0
2025-12-09 23:55:13,528 [WARN] PackLoader:240 - Cannot read IP mode file for STMicroelectronics.X-CUBE-FREERTOS.1.3.1
2025-12-09 23:55:13,544 [WARN] PackLoader:240 - Cannot read IP mode file for STMicroelectronics.X-CUBE-TOUCHGFX.4.26.0
2025-12-09 23:55:13,562 [WARN] PackLoader:240 - Cannot read IP mode file for STMicroelectronics.FP-SNS-STAIOTCFT.1.0.0
2025-12-09 23:55:13,572 [WARN] PackLoader:240 - Cannot read IP mode file for STMicroelectronics.X-CUBE-DPower.1.3.0
2025-12-09 23:55:13,597 [WARN] ConditionMgr:438 - getConditionDescription Invalid condition id : LAN8742 Phy interface Condition cause : null
2025-12-09 23:55:13,598 [WARN] PackLoader:240 - Cannot read IP mode file for STMicroelectronics.X-CUBE-AZRTOS-L4.2.0.0
2025-12-09 23:55:13,598 [WARN] ConditionMgr:1044 - genDependencies : Invalid condition id : LAN8742 Phy interface Condition cause : null
2025-12-09 23:55:13,599 [WARN] ConditionMgr:1044 - genDependencies : Invalid condition id : LAN8742 Phy interface Condition cause : null
2025-12-09 23:55:13,599 [WARN] ConditionMgr:1044 - genDependencies : Invalid condition id : LAN8742 Phy interface Condition cause : null
2025-12-09 23:55:13,609 [WARN] PackLoader:240 - Cannot read IP mode file for STMicroelectronics.X-CUBE-SFXS2LP1.4.0.0
2025-12-09 23:55:13,621 [WARN] PackLoader:240 - Cannot read IP mode file for STMicroelectronics.X-CUBE-BLEMGR.4.1.0
2025-12-09 23:55:13,643 [WARN] ConditionMgr:438 - getConditionDescription Invalid condition id : UX DEVICE CLASS RTOS Condition cause : null
2025-12-09 23:55:13,644 [WARN] ConditionMgr:438 - getConditionDescription Invalid condition id : UX DEVICE CLASS RTOS Condition cause : null
2025-12-09 23:55:13,645 [WARN] PackLoader:240 - Cannot read IP mode file for STMicroelectronics.X-CUBE-AZRTOS-WB.2.0.0
2025-12-09 23:55:13,645 [WARN] ConditionMgr:1044 - genDependencies : Invalid condition id : UX DEVICE CLASS RTOS Condition cause : null
2025-12-09 23:55:13,646 [WARN] ConditionMgr:1044 - genDependencies : Invalid condition id : UX DEVICE CLASS RTOS Condition cause : null
2025-12-09 23:55:13,646 [WARN] ConditionMgr:1044 - genDependencies : Invalid condition id : UX DEVICE CLASS RTOS Condition cause : null
2025-12-09 23:55:13,646 [WARN] ConditionMgr:1044 - genDependencies : Invalid condition id : UX DEVICE CLASS RTOS Condition cause : null
2025-12-09 23:55:13,646 [WARN] ConditionMgr:1044 - genDependencies : Invalid condition id : UX DEVICE CLASS RTOS Condition cause : null
2025-12-09 23:55:13,653 [WARN] PackLoader:240 - Cannot read IP mode file for STMicroelectronics.X-CUBE-GNSS1.7.0.1
2025-12-09 23:55:13,659 [WARN] PackLoader:240 - Cannot read IP mode file for STMicroelectronics.X-CUBE-TOUCHGFX.4.25.0
2025-12-09 23:55:13,666 [WARN] ConditionMgr:438 - getConditionDescription Invalid condition id : Cortex-A Device cause : null
2025-12-09 23:55:13,702 [WARN] ConditionMgr:1044 - genDependencies : Invalid condition id : Cortex-A Device cause : null
2025-12-09 23:55:13,703 [WARN] ConditionMgr:1044 - genDependencies : Invalid condition id : Cortex-A Device cause : null
2025-12-09 23:55:13,703 [WARN] ConditionMgr:1044 - genDependencies : Invalid condition id : Cortex-A Device cause : null
2025-12-09 23:55:13,716 [WARN] PackLoader:240 - Cannot read IP mode file for STMicroelectronics.X-CUBE-SUBG2.5.0.0
2025-12-09 23:55:13,746 [WARN] PackLoader:240 - Cannot read IP mode file for STMicroelectronics.X-CUBE-AZRTOS-H7RS.1.1.0
2025-12-09 23:55:13,757 [WARN] PackLoader:240 - Cannot read IP mode file for Cesanta.I-CUBE-Mongoose.7.13.0
2025-12-09 23:55:13,787 [WARN] PackLoader:240 - Cannot read IP mode file for STMicroelectronics.X-CUBE-AZRTOS-G4.2.0.0
2025-12-09 23:55:13,788 [INFO] WebApp:900 - Register for checkConnection events
2025-12-09 23:55:13,788 [INFO] WebApp:463 - Apply proxy settings
2025-12-09 23:55:13,789 [INFO] WebApp:548 - Chromium requires no authentication
2025-12-09 23:55:13,789 [INFO] WebApp:491 - Direct internet connection detected
2025-12-09 23:55:13,791 [INFO] WebApp:191 - Connection restablished
2025-12-09 23:55:13,800 [WARN] PackLoader:240 - Cannot read IP mode file for wolfSSL.I-CUBE-wolfSSH.1.4.20
2025-12-09 23:55:13,810 [WARN] PackLoader:240 - Cannot read IP mode file for STMicroelectronics.X-CUBE-NFC7.2.0.0
2025-12-09 23:55:13,828 [WARN] PackLoader:240 - Cannot read IP mode file for STMicroelectronics.X-CUBE-IPS.3.1.0
2025-12-09 23:55:13,842 [WARN] PackLoader:240 - Cannot read IP mode file for STMicroelectronics.X-CUBE-ALS.1.0.2
2025-12-09 23:55:13,855 [WARN] PackLoader:240 - Cannot read IP mode file for STMicroelectronics.X-CUBE-STSE01.1.0.0
2025-12-09 23:55:13,871 [WARN] PackLoader:240 - Cannot read IP mode file for STMicroelectronics.X-CUBE-TOF1.3.4.3
2025-12-09 23:55:13,883 [INFO] ThirdParty:978 - Integrity check success = true
2025-12-09 23:55:13,883 [INFO] IntegrityCheckThread:100 - exiting critical section [integrity check]
2025-12-09 23:55:13,883 [INFO] IntegrityCheckThread:103 - End integrity checks thread
2025-12-09 23:55:14,467 [INFO] WebApp:225 - Starting web application
2025-12-09 23:55:14,467 [INFO] WebApp:593 - Web application path used C:\ST\STM32CubeIDE_1.19.0\STM32CubeIDE\plugins\com.st.stm32cube.common.mx_6.15.0.202507011659\db\plugins\mcufinder\reactClient1\index.html
