16:33:57 **** Incremental Build of configuration Release for project 00-flash-led ****
make -j20 all 
arm-none-eabi-gcc "../Core/Src/main.c" -mcpu=cortex-m4 -std=gnu11 -DUSE_HAL_DRIVER -DSTM32L476xx -c -I../Core/Inc -I../Drivers/STM32L4xx_HAL_Driver/Inc -I../Drivers/STM32L4xx_HAL_Driver/Inc/Legacy -I../Drivers/CMSIS/Device/ST/STM32L4xx/Include -I../Drivers/CMSIS/Include -Os -ffunction-sections -fdata-sections -Wall -fstack-usage -fcyclomatic-complexity -MMD -MP -MF"Core/Src/main.d" -MT"Core/Src/main.o" --specs=nano.specs -mfpu=fpv4-sp-d16 -mfloat-abi=hard -mthumb -o "Core/Src/main.o"
arm-none-eabi-gcc -o "00-flash-led.elf" @"objects.list"   -mcpu=cortex-m4 -T"D:\STM32\Lab\00-flash-led\STM32L476RGTX_FLASH.ld" --specs=nosys.specs -Wl,-Map="00-flash-led.map" -Wl,--gc-sections -static --specs=nano.specs -mfpu=fpv4-sp-d16 -mfloat-abi=hard -mthumb -Wl,--start-group -lc -lm -Wl,--end-group
Finished building target: 00-flash-led.elf
 
arm-none-eabi-size  00-flash-led.elf 
arm-none-eabi-objdump -h -S 00-flash-led.elf  > "00-flash-led.list"
arm-none-eabi-objcopy  -O binary 00-flash-led.elf  "00-flash-led.bin"
   text	   data	    bss	    dec	    hex	filename
   7824	     12	   1708	   9544	   2548	00-flash-led.elf
Finished building: default.size.stdout
 
Finished building: 00-flash-led.bin
Finished building: 00-flash-led.list
 
 

16:33:58 Build Finished. 0 errors, 0 warnings. (took 498ms)

