20:05:24 **** Incremental Build of configuration Release for project 15-four-digit-7-segment-display ****
make -j20 all 
arm-none-eabi-gcc "../Core/Src/main.c" -mcpu=cortex-m4 -std=gnu11 -DUSE_HAL_DRIVER -DSTM32L476xx -c -I../Core/Inc -I../Drivers/STM32L4xx_HAL_Driver/Inc -I../Drivers/STM32L4xx_HAL_Driver/Inc/Legacy -I../Drivers/CMSIS/Device/ST/STM32L4xx/Include -I../Drivers/CMSIS/Include -Os -ffunction-sections -fdata-sections -Wall -fstack-usage -fcyclomatic-complexity -MMD -MP -MF"Core/Src/main.d" -MT"Core/Src/main.o" --specs=nano.specs -mfpu=fpv4-sp-d16 -mfloat-abi=hard -mthumb -o "Core/Src/main.o"
arm-none-eabi-gcc -o "15-four-digit-7-segment-display.elf" @"objects.list"   -mcpu=cortex-m4 -T"D:\STM32\Lab\15-four-digit-7-segment-display\STM32L476RGTX_FLASH.ld" --specs=nosys.specs -Wl,-Map="15-four-digit-7-segment-display.map" -Wl,--gc-sections -static --specs=nano.specs -mfpu=fpv4-sp-d16 -mfloat-abi=hard -mthumb -Wl,--start-group -lc -lm -Wl,--end-group
Finished building target: 15-four-digit-7-segment-display.elf
 
arm-none-eabi-size  15-four-digit-7-segment-display.elf 
arm-none-eabi-objdump -h -S 15-four-digit-7-segment-display.elf  > "15-four-digit-7-segment-display.list"
arm-none-eabi-objcopy  -O binary 15-four-digit-7-segment-display.elf  "15-four-digit-7-segment-display.bin"
   text	   data	    bss	    dec	    hex	filename
   5688	     56	   1568	   7312	   1c90	15-four-digit-7-segment-display.elf
Finished building: default.size.stdout
 
Finished building: 15-four-digit-7-segment-display.list
Finished building: 15-four-digit-7-segment-display.bin
 
 

20:05:24 Build Finished. 0 errors, 0 warnings. (took 492ms)

