21:50:07 **** Build of configuration Release for project 19-display-lcd-text ****
make -j20 all 
arm-none-eabi-gcc "../Core/Src/main.c" -mcpu=cortex-m4 -std=gnu11 -DUSE_HAL_DRIVER -DSTM32L476xx -c -I../Core/Inc -I../Drivers/STM32L4xx_HAL_Driver/Inc -I../Drivers/STM32L4xx_HAL_Driver/Inc/Legacy -I../Drivers/CMSIS/Device/ST/STM32L4xx/Include -I../Drivers/CMSIS/Include -Os -ffunction-sections -fdata-sections -Wall -fstack-usage -fcyclomatic-complexity -MMD -MP -MF"Core/Src/main.d" -MT"Core/Src/main.o" --specs=nano.specs -mfpu=fpv4-sp-d16 -mfloat-abi=hard -mthumb -o "Core/Src/main.o"
arm-none-eabi-gcc -o "19-display-lcd-text.elf" @"objects.list"   -mcpu=cortex-m4 -T"D:\STM32\Lab\19-display-lcd-text\STM32L476RGTX_FLASH.ld" --specs=nosys.specs -Wl,-Map="19-display-lcd-text.map" -Wl,--gc-sections -static --specs=nano.specs -mfpu=fpv4-sp-d16 -mfloat-abi=hard -mthumb -Wl,--start-group -lc -lm -Wl,--end-group
Finished building target: 19-display-lcd-text.elf
 
arm-none-eabi-size  19-display-lcd-text.elf 
arm-none-eabi-objdump -h -S 19-display-lcd-text.elf  > "19-display-lcd-text.list"
arm-none-eabi-objcopy  -O binary 19-display-lcd-text.elf  "19-display-lcd-text.bin"
   text	   data	    bss	    dec	    hex	filename
   4260	     12	   1572	   5844	   16d4	19-display-lcd-text.elf
Finished building: default.size.stdout
 
Finished building: 19-display-lcd-text.list
Finished building: 19-display-lcd-text.bin
 
 

21:50:07 Build Finished. 0 errors, 0 warnings. (took 648ms)

