13:28:17 **** Incremental Build of configuration Release for project 20-lcd-up-counter ****
make -j20 all 
arm-none-eabi-gcc "../Core/Src/main.c" -mcpu=cortex-m4 -std=gnu11 -DUSE_HAL_DRIVER -DSTM32L476xx -c -I../Core/Inc -I../Drivers/STM32L4xx_HAL_Driver/Inc -I../Drivers/STM32L4xx_HAL_Driver/Inc/Legacy -I../Drivers/CMSIS/Device/ST/STM32L4xx/Include -I../Drivers/CMSIS/Include -Os -ffunction-sections -fdata-sections -Wall -fstack-usage -fcyclomatic-complexity -MMD -MP -MF"Core/Src/main.d" -MT"Core/Src/main.o" --specs=nano.specs -mfpu=fpv4-sp-d16 -mfloat-abi=hard -mthumb -o "Core/Src/main.o"
arm-none-eabi-gcc -o "20-lcd-up-counter.elf" @"objects.list"   -mcpu=cortex-m4 -T"D:\STM32\Lab\20-lcd-up-counter\STM32L476RGTX_FLASH.ld" --specs=nosys.specs -Wl,-Map="20-lcd-up-counter.map" -Wl,--gc-sections -static --specs=nano.specs -mfpu=fpv4-sp-d16 -mfloat-abi=hard -mthumb -Wl,--start-group -lc -lm -Wl,--end-group
Finished building target: 20-lcd-up-counter.elf
 
arm-none-eabi-size  20-lcd-up-counter.elf 
arm-none-eabi-objdump -h -S 20-lcd-up-counter.elf  > "20-lcd-up-counter.list"
arm-none-eabi-objcopy  -O binary 20-lcd-up-counter.elf  "20-lcd-up-counter.bin"
   text	   data	    bss	    dec	    hex	filename
   5964	     12	   1668	   7644	   1ddc	20-lcd-up-counter.elf
Finished building: default.size.stdout
 
Finished building: 20-lcd-up-counter.bin
Finished building: 20-lcd-up-counter.list
 
 

13:28:17 Build Finished. 0 errors, 0 warnings. (took 496ms)

