21:50:08 **** Build of configuration Release for project 21-adc-analog-voltmeter ****
make -j20 all 
arm-none-eabi-gcc "../Core/Src/main.c" -mcpu=cortex-m4 -std=gnu11 -DUSE_HAL_DRIVER -DSTM32L476xx -c -I../Core/Inc -I../Drivers/STM32L4xx_HAL_Driver/Inc -I../Drivers/STM32L4xx_HAL_Driver/Inc/Legacy -I../Drivers/CMSIS/Device/ST/STM32L4xx/Include -I../Drivers/CMSIS/Include -Os -ffunction-sections -fdata-sections -Wall -fstack-usage -fcyclomatic-complexity -MMD -MP -MF"Core/Src/main.d" -MT"Core/Src/main.o" --specs=nano.specs -mfpu=fpv4-sp-d16 -mfloat-abi=hard -mthumb -o "Core/Src/main.o"
arm-none-eabi-gcc -o "21-adc-analog-voltmeter.elf" @"objects.list"   -mcpu=cortex-m4 -T"D:\STM32\Lab\21-adc-analog-voltmeter\STM32L476RGTX_FLASH.ld" --specs=nosys.specs -Wl,-Map="21-adc-analog-voltmeter.map" -Wl,--gc-sections -static -u_printf_float --specs=nano.specs -mfpu=fpv4-sp-d16 -mfloat-abi=hard -mthumb -Wl,--start-group -lc -lm -Wl,--end-group
Finished building target: 21-adc-analog-voltmeter.elf
 
arm-none-eabi-size  21-adc-analog-voltmeter.elf 
arm-none-eabi-objdump -h -S 21-adc-analog-voltmeter.elf  > "21-adc-analog-voltmeter.list"
arm-none-eabi-objcopy  -O binary 21-adc-analog-voltmeter.elf  "21-adc-analog-voltmeter.bin"
   text	   data	    bss	    dec	    hex	filename
  23540	    468	   2012	  26020	   65a4	21-adc-analog-voltmeter.elf
Finished building: default.size.stdout
 
Finished building: 21-adc-analog-voltmeter.bin
 
Finished building: 21-adc-analog-voltmeter.list
 

21:50:09 Build Finished. 0 errors, 0 warnings. (took 802ms)

