23:19:55 **** Incremental Build of configuration Release for project 23-interrupt-input-adc ****
make -j20 all 
arm-none-eabi-gcc "../Core/Src/main.c" -mcpu=cortex-m4 -std=gnu11 -DUSE_HAL_DRIVER -DSTM32L476xx -c -I../Core/Inc -I../Drivers/STM32L4xx_HAL_Driver/Inc -I../Drivers/STM32L4xx_HAL_Driver/Inc/Legacy -I../Drivers/CMSIS/Device/ST/STM32L4xx/Include -I../Drivers/CMSIS/Include -Os -ffunction-sections -fdata-sections -Wall -fstack-usage -fcyclomatic-complexity -MMD -MP -MF"Core/Src/main.d" -MT"Core/Src/main.o" --specs=nano.specs -mfpu=fpv4-sp-d16 -mfloat-abi=hard -mthumb -o "Core/Src/main.o"
arm-none-eabi-gcc -o "23-interrupt-input-adc.elf" @"objects.list"   -mcpu=cortex-m4 -T"D:\STM32\Lab\23-interrupt-input-adc\STM32L476RGTX_FLASH.ld" --specs=nosys.specs -Wl,-Map="23-interrupt-input-adc.map" -Wl,--gc-sections -static -u_printf_float --specs=nano.specs -mfpu=fpv4-sp-d16 -mfloat-abi=hard -mthumb -Wl,--start-group -lc -lm -Wl,--end-group
Finished building target: 23-interrupt-input-adc.elf
 
arm-none-eabi-size  23-interrupt-input-adc.elf 
arm-none-eabi-objdump -h -S 23-interrupt-input-adc.elf  > "23-interrupt-input-adc.list"
arm-none-eabi-objcopy  -O binary 23-interrupt-input-adc.elf  "23-interrupt-input-adc.bin"
   text	   data	    bss	    dec	    hex	filename
  24164	    468	   2028	  26660	   6824	23-interrupt-input-adc.elf
Finished building: default.size.stdout
 
Finished building: 23-interrupt-input-adc.bin
 
Finished building: 23-interrupt-input-adc.list
 

23:19:56 Build Finished. 0 errors, 0 warnings. (took 552ms)

