21:43:42 **** Incremental Build of configuration Release for project 25-dma-multiple-inputs-adc ****
make -j20 all 
arm-none-eabi-gcc "../Core/Src/main.c" -mcpu=cortex-m4 -std=gnu11 -DUSE_HAL_DRIVER -DSTM32L476xx -c -I../Core/Inc -I../Drivers/STM32L4xx_HAL_Driver/Inc -I../Drivers/STM32L4xx_HAL_Driver/Inc/Legacy -I../Drivers/CMSIS/Device/ST/STM32L4xx/Include -I../Drivers/CMSIS/Include -Os -ffunction-sections -fdata-sections -Wall -fstack-usage -fcyclomatic-complexity -MMD -MP -MF"Core/Src/main.d" -MT"Core/Src/main.o" --specs=nano.specs -mfpu=fpv4-sp-d16 -mfloat-abi=hard -mthumb -o "Core/Src/main.o"
arm-none-eabi-gcc -o "25-dma-multiple-inputs-adc.elf" @"objects.list"   -mcpu=cortex-m4 -T"D:\STM32\Lab\25-dma-multiple-inputs-adc\STM32L476RGTX_FLASH.ld" --specs=nosys.specs -Wl,-Map="25-dma-multiple-inputs-adc.map" -Wl,--gc-sections -static -u_printf_float --specs=nano.specs -mfpu=fpv4-sp-d16 -mfloat-abi=hard -mthumb -Wl,--start-group -lc -lm -Wl,--end-group
Finished building target: 25-dma-multiple-inputs-adc.elf
 
arm-none-eabi-size  25-dma-multiple-inputs-adc.elf 
arm-none-eabi-objdump -h -S 25-dma-multiple-inputs-adc.elf  > "25-dma-multiple-inputs-adc.list"
arm-none-eabi-objcopy  -O binary 25-dma-multiple-inputs-adc.elf  "25-dma-multiple-inputs-adc.bin"
   text	   data	    bss	    dec	    hex	filename
  24700	    468	   2108	  27276	   6a8c	25-dma-multiple-inputs-adc.elf
Finished building: default.size.stdout
 
Finished building: 25-dma-multiple-inputs-adc.bin
 
Finished building: 25-dma-multiple-inputs-adc.list
 

21:43:43 Build Finished. 0 errors, 0 warnings. (took 607ms)

