23:16:15 **** Incremental Build of configuration Release for project 27-dma-arbitrary-waveform ****
make -j20 all 
arm-none-eabi-gcc "../Core/Src/main.c" -mcpu=cortex-m4 -std=gnu11 -DUSE_HAL_DRIVER -DSTM32L476xx -c -I../Core/Inc -I../Drivers/STM32L4xx_HAL_Driver/Inc -I../Drivers/STM32L4xx_HAL_Driver/Inc/Legacy -I../Drivers/CMSIS/Device/ST/STM32L4xx/Include -I../Drivers/CMSIS/Include -Os -ffunction-sections -fdata-sections -Wall -fstack-usage -fcyclomatic-complexity -MMD -MP -MF"Core/Src/main.d" -MT"Core/Src/main.o" --specs=nano.specs -mfpu=fpv4-sp-d16 -mfloat-abi=hard -mthumb -o "Core/Src/main.o"
arm-none-eabi-gcc -o "27-dma-arbitrary-waveform.elf" @"objects.list"   -mcpu=cortex-m4 -T"D:\STM32\Lab\27-dma-arbitrary-waveform\STM32L476RGTX_FLASH.ld" --specs=nosys.specs -Wl,-Map="27-dma-arbitrary-waveform.map" -Wl,--gc-sections -static --specs=nano.specs -mfpu=fpv4-sp-d16 -mfloat-abi=hard -mthumb -Wl,--start-group -lc -lm -Wl,--end-group
Finished building target: 27-dma-arbitrary-waveform.elf
 
arm-none-eabi-size  27-dma-arbitrary-waveform.elf 
arm-none-eabi-objdump -h -S 27-dma-arbitrary-waveform.elf  > "27-dma-arbitrary-waveform.list"
arm-none-eabi-objcopy  -O binary 27-dma-arbitrary-waveform.elf  "27-dma-arbitrary-waveform.bin"
   text	   data	    bss	    dec	    hex	filename
   8336	    100	   1740	  10176	   27c0	27-dma-arbitrary-waveform.elf
Finished building: default.size.stdout
 
Finished building: 27-dma-arbitrary-waveform.bin
Finished building: 27-dma-arbitrary-waveform.list
 
 

23:16:16 Build Finished. 0 errors, 0 warnings. (took 550ms)

