18:56:45 **** Incremental Build of configuration Release for project 28-hardware-triangular-waveform ****
make -j20 all 
arm-none-eabi-gcc "../Core/Src/main.c" -mcpu=cortex-m4 -std=gnu11 -DUSE_HAL_DRIVER -DSTM32L476xx -c -I../Core/Inc -I../Drivers/STM32L4xx_HAL_Driver/Inc -I../Drivers/STM32L4xx_HAL_Driver/Inc/Legacy -I../Drivers/CMSIS/Device/ST/STM32L4xx/Include -I../Drivers/CMSIS/Include -Os -ffunction-sections -fdata-sections -Wall -fstack-usage -fcyclomatic-complexity -MMD -MP -MF"Core/Src/main.d" -MT"Core/Src/main.o" --specs=nano.specs -mfpu=fpv4-sp-d16 -mfloat-abi=hard -mthumb -o "Core/Src/main.o"
arm-none-eabi-gcc -o "28-hardware-triangular-waveform.elf" @"objects.list"   -mcpu=cortex-m4 -T"D:\STM32\Lab\28-hardware-triangular-waveform\STM32L476RGTX_FLASH.ld" --specs=nosys.specs -Wl,-Map="28-hardware-triangular-waveform.map" -Wl,--gc-sections -static --specs=nano.specs -mfpu=fpv4-sp-d16 -mfloat-abi=hard -mthumb -Wl,--start-group -lc -lm -Wl,--end-group
Finished building target: 28-hardware-triangular-waveform.elf
 
arm-none-eabi-size  28-hardware-triangular-waveform.elf 
arm-none-eabi-objdump -h -S 28-hardware-triangular-waveform.elf  > "28-hardware-triangular-waveform.list"
arm-none-eabi-objcopy  -O binary 28-hardware-triangular-waveform.elf  "28-hardware-triangular-waveform.bin"
   text	   data	    bss	    dec	    hex	filename
   5492	     12	   1668	   7172	   1c04	28-hardware-triangular-waveform.elf
Finished building: default.size.stdout
 
Finished building: 28-hardware-triangular-waveform.list
Finished building: 28-hardware-triangular-waveform.bin
 
 

18:56:46 Build Finished. 0 errors, 0 warnings. (took 553ms)

