00:38:13 **** Incremental Build of configuration Release for project 32-potentiometer-controlled-duty-cycle ****
make -j20 all 
arm-none-eabi-gcc "../Core/Src/main.c" -mcpu=cortex-m4 -std=gnu11 -DUSE_HAL_DRIVER -DSTM32L476xx -c -I../Core/Inc -I../Drivers/STM32L4xx_HAL_Driver/Inc -I../Drivers/STM32L4xx_HAL_Driver/Inc/Legacy -I../Drivers/CMSIS/Device/ST/STM32L4xx/Include -I../Drivers/CMSIS/Include -Os -ffunction-sections -fdata-sections -Wall -fstack-usage -fcyclomatic-complexity -MMD -MP -MF"Core/Src/main.d" -MT"Core/Src/main.o" --specs=nano.specs -mfpu=fpv4-sp-d16 -mfloat-abi=hard -mthumb -o "Core/Src/main.o"
arm-none-eabi-gcc -o "32-potentiometer-controlled-duty-cycle.elf" @"objects.list"   -mcpu=cortex-m4 -T"D:\STM32\Lab\32-potentiometer-controlled-duty-cycle\STM32L476RGTX_FLASH.ld" --specs=nosys.specs -Wl,-Map="32-potentiometer-controlled-duty-cycle.map" -Wl,--gc-sections -static --specs=nano.specs -mfpu=fpv4-sp-d16 -mfloat-abi=hard -mthumb -Wl,--start-group -lc -lm -Wl,--end-group
Finished building target: 32-potentiometer-controlled-duty-cycle.elf
 
arm-none-eabi-size  32-potentiometer-controlled-duty-cycle.elf 
arm-none-eabi-objdump -h -S 32-potentiometer-controlled-duty-cycle.elf  > "32-potentiometer-controlled-duty-cycle.list"
arm-none-eabi-objcopy  -O binary 32-potentiometer-controlled-duty-cycle.elf  "32-potentiometer-controlled-duty-cycle.bin"
   text	   data	    bss	    dec	    hex	filename
  12604	     12	   1748	  14364	   381c	32-potentiometer-controlled-duty-cycle.elf
Finished building: default.size.stdout
 
Finished building: 32-potentiometer-controlled-duty-cycle.bin
Finished building: 32-potentiometer-controlled-duty-cycle.list
 
 

00:38:14 Build Finished. 0 errors, 0 warnings. (took 553ms)

