23:59:06 **** Incremental Build of configuration Release for project 34-uart-simple-counter ****
make -j20 all 
arm-none-eabi-gcc "../Core/Src/main.c" -mcpu=cortex-m4 -std=gnu11 -DUSE_HAL_DRIVER -DSTM32L476xx -c -I../Core/Inc -I../Drivers/STM32L4xx_HAL_Driver/Inc -I../Drivers/STM32L4xx_HAL_Driver/Inc/Legacy -I../Drivers/CMSIS/Device/ST/STM32L4xx/Include -I../Drivers/CMSIS/Include -Os -ffunction-sections -fdata-sections -Wall -fstack-usage -fcyclomatic-complexity -MMD -MP -MF"Core/Src/main.d" -MT"Core/Src/main.o" --specs=nano.specs -mfpu=fpv4-sp-d16 -mfloat-abi=hard -mthumb -o "Core/Src/main.o"
arm-none-eabi-gcc -o "34-uart-simple-counter.elf" @"objects.list"   -mcpu=cortex-m4 -T"D:\STM32\Lab\34-uart-simple-counter\STM32L476RGTX_FLASH.ld" --specs=nosys.specs -Wl,-Map="34-uart-simple-counter.map" -Wl,--gc-sections -static -u_printf_float --specs=nano.specs -mfpu=fpv4-sp-d16 -mfloat-abi=hard -mthumb -Wl,--start-group -lc -lm -Wl,--end-group
Finished building target: 34-uart-simple-counter.elf
 
arm-none-eabi-size  34-uart-simple-counter.elf 
arm-none-eabi-objdump -h -S 34-uart-simple-counter.elf  > "34-uart-simple-counter.list"
arm-none-eabi-objcopy  -O binary 34-uart-simple-counter.elf  "34-uart-simple-counter.bin"
   text	   data	    bss	    dec	    hex	filename
  22732	    468	   2044	  25244	   629c	34-uart-simple-counter.elf
Finished building: default.size.stdout
 
Finished building: 34-uart-simple-counter.bin
Finished building: 34-uart-simple-counter.list
 
 

23:59:07 Build Finished. 0 errors, 0 warnings. (took 551ms)

