19:56:39 **** Incremental Build of configuration Release for project 35-uart-times-table ****
make -j20 all 
arm-none-eabi-gcc "../Core/Src/main.c" -mcpu=cortex-m4 -std=gnu11 -DUSE_HAL_DRIVER -DSTM32L476xx -c -I../Core/Inc -I../Drivers/STM32L4xx_HAL_Driver/Inc -I../Drivers/STM32L4xx_HAL_Driver/Inc/Legacy -I../Drivers/CMSIS/Device/ST/STM32L4xx/Include -I../Drivers/CMSIS/Include -Os -ffunction-sections -fdata-sections -Wall -fstack-usage -fcyclomatic-complexity -MMD -MP -MF"Core/Src/main.d" -MT"Core/Src/main.o" --specs=nano.specs -mfpu=fpv4-sp-d16 -mfloat-abi=hard -mthumb -o "Core/Src/main.o"
arm-none-eabi-gcc -o "35-uart-times-table.elf" @"objects.list"   -mcpu=cortex-m4 -T"D:\STM32\Lab\35-uart-times-table\STM32L476RGTX_FLASH.ld" --specs=nosys.specs -Wl,-Map="35-uart-times-table.map" -Wl,--gc-sections -static --specs=nano.specs -mfpu=fpv4-sp-d16 -mfloat-abi=hard -mthumb -Wl,--start-group -lc -lm -Wl,--end-group
Finished building target: 35-uart-times-table.elf
 
arm-none-eabi-size  35-uart-times-table.elf 
arm-none-eabi-objdump -h -S 35-uart-times-table.elf  > "35-uart-times-table.list"
arm-none-eabi-objcopy  -O binary 35-uart-times-table.elf  "35-uart-times-table.bin"
   text	   data	    bss	    dec	    hex	filename
  11424	     92	   2036	  13552	   34f0	35-uart-times-table.elf
Finished building: default.size.stdout
 
Finished building: 35-uart-times-table.bin
Finished building: 35-uart-times-table.list
 
 

19:56:39 Build Finished. 0 errors, 0 warnings. (took 606ms)

