22:46:21 **** Incremental Build of configuration Release for project 36-uart-multiplication ****
make -j20 all 
arm-none-eabi-gcc "../Core/Src/main.c" -mcpu=cortex-m4 -std=gnu11 -DUSE_HAL_DRIVER -DSTM32L476xx -c -I../Core/Inc -I../Drivers/STM32L4xx_HAL_Driver/Inc -I../Drivers/STM32L4xx_HAL_Driver/Inc/Legacy -I../Drivers/CMSIS/Device/ST/STM32L4xx/Include -I../Drivers/CMSIS/Include -Os -ffunction-sections -fdata-sections -Wall -fstack-usage -fcyclomatic-complexity -MMD -MP -MF"Core/Src/main.d" -MT"Core/Src/main.o" --specs=nano.specs -mfpu=fpv4-sp-d16 -mfloat-abi=hard -mthumb -o "Core/Src/main.o"
arm-none-eabi-gcc -o "36-uart-multiplication.elf" @"objects.list"   -mcpu=cortex-m4 -T"D:\STM32\Lab\36-uart-multiplication\STM32L476RGTX_FLASH.ld" --specs=nosys.specs -Wl,-Map="36-uart-multiplication.map" -Wl,--gc-sections -static --specs=nano.specs -mfpu=fpv4-sp-d16 -mfloat-abi=hard -mthumb -Wl,--start-group -lc -lm -Wl,--end-group
Finished building target: 36-uart-multiplication.elf
 
arm-none-eabi-size  36-uart-multiplication.elf 
arm-none-eabi-objdump -h -S 36-uart-multiplication.elf  > "36-uart-multiplication.list"
arm-none-eabi-objcopy  -O binary 36-uart-multiplication.elf  "36-uart-multiplication.bin"
   text	   data	    bss	    dec	    hex	filename
  14332	    104	   2040	  16476	   405c	36-uart-multiplication.elf
Finished building: default.size.stdout
 
Finished building: 36-uart-multiplication.bin
Finished building: 36-uart-multiplication.list
 
 

22:46:22 Build Finished. 0 errors, 0 warnings. (took 545ms)

