23:04:26 **** Incremental Build of configuration Release for project 38-arduino-temperature-uart ****
make -j20 all 
arm-none-eabi-gcc "../Core/Src/main.c" -mcpu=cortex-m4 -std=gnu11 -DUSE_HAL_DRIVER -DSTM32L476xx -c -I../Core/Inc -I../Drivers/STM32L4xx_HAL_Driver/Inc -I../Drivers/STM32L4xx_HAL_Driver/Inc/Legacy -I../Drivers/CMSIS/Device/ST/STM32L4xx/Include -I../Drivers/CMSIS/Include -Os -ffunction-sections -fdata-sections -Wall -fstack-usage -fcyclomatic-complexity -MMD -MP -MF"Core/Src/main.d" -MT"Core/Src/main.o" --specs=nano.specs -mfpu=fpv4-sp-d16 -mfloat-abi=hard -mthumb -o "Core/Src/main.o"
arm-none-eabi-gcc -o "38-arduino-temperature-uart.elf" @"objects.list"   -mcpu=cortex-m4 -T"D:\STM32\Lab\38-arduino-temperature-uart\STM32L476RGTX_FLASH.ld" --specs=nosys.specs -Wl,-Map="38-arduino-temperature-uart.map" -Wl,--gc-sections -static --specs=nano.specs -mfpu=fpv4-sp-d16 -mfloat-abi=hard -mthumb -Wl,--start-group -lc -lm -Wl,--end-group
Finished building target: 38-arduino-temperature-uart.elf
 
arm-none-eabi-size  38-arduino-temperature-uart.elf 
arm-none-eabi-objdump -h -S 38-arduino-temperature-uart.elf  > "38-arduino-temperature-uart.list"
arm-none-eabi-objcopy  -O binary 38-arduino-temperature-uart.elf  "38-arduino-temperature-uart.bin"
   text	   data	    bss	    dec	    hex	filename
  10808	     92	   2212	  13112	   3338	38-arduino-temperature-uart.elf
Finished building: default.size.stdout
 
Finished building: 38-arduino-temperature-uart.bin
 
Finished building: 38-arduino-temperature-uart.list
 

23:04:28 Build Finished. 0 errors, 0 warnings. (took 1s.308ms)

