23:07:19 **** Build of configuration Release for project 39-arduino-temperature-uart-interrupt ****
make -j20 all 
arm-none-eabi-gcc "../Core/Src/main.c" -mcpu=cortex-m4 -std=gnu11 -DUSE_HAL_DRIVER -DSTM32L476xx -c -I../Core/Inc -I../Drivers/STM32L4xx_HAL_Driver/Inc -I../Drivers/STM32L4xx_HAL_Driver/Inc/Legacy -I../Drivers/CMSIS/Device/ST/STM32L4xx/Include -I../Drivers/CMSIS/Include -Os -ffunction-sections -fdata-sections -Wall -fstack-usage -fcyclomatic-complexity -MMD -MP -MF"Core/Src/main.d" -MT"Core/Src/main.o" --specs=nano.specs -mfpu=fpv4-sp-d16 -mfloat-abi=hard -mthumb -o "Core/Src/main.o"
arm-none-eabi-gcc -o "39-arduino-temperature-uart-interrupt.elf" @"objects.list"   -mcpu=cortex-m4 -T"D:\STM32\Lab\39-arduino-temperature-uart-interrupt\STM32L476RGTX_FLASH.ld" --specs=nosys.specs -Wl,-Map="39-arduino-temperature-uart-interrupt.map" -Wl,--gc-sections -static --specs=nano.specs -mfpu=fpv4-sp-d16 -mfloat-abi=hard -mthumb -Wl,--start-group -lc -lm -Wl,--end-group
Finished building target: 39-arduino-temperature-uart-interrupt.elf
 
arm-none-eabi-size  39-arduino-temperature-uart-interrupt.elf 
arm-none-eabi-objdump -h -S 39-arduino-temperature-uart-interrupt.elf  > "39-arduino-temperature-uart-interrupt.list"
arm-none-eabi-objcopy  -O binary 39-arduino-temperature-uart-interrupt.elf  "39-arduino-temperature-uart-interrupt.bin"
   text	   data	    bss	    dec	    hex	filename
  12364	     92	   2212	  14668	   394c	39-arduino-temperature-uart-interrupt.elf
Finished building: default.size.stdout
 
Finished building: 39-arduino-temperature-uart-interrupt.bin
Finished building: 39-arduino-temperature-uart-interrupt.list
 
 

23:07:20 Build Finished. 0 errors, 0 warnings. (took 701ms)

