20:18:49 **** Incremental Build of configuration Release for project 41-i2c-eeprom ****
make -j20 all 
arm-none-eabi-gcc "../Core/Src/main.c" -mcpu=cortex-m4 -std=gnu11 -DUSE_HAL_DRIVER -DSTM32L476xx -c -I../Core/Inc -I../Drivers/STM32L4xx_HAL_Driver/Inc -I../Drivers/STM32L4xx_HAL_Driver/Inc/Legacy -I../Drivers/CMSIS/Device/ST/STM32L4xx/Include -I../Drivers/CMSIS/Include -Os -ffunction-sections -fdata-sections -Wall -fstack-usage -fcyclomatic-complexity -MMD -MP -MF"Core/Src/main.d" -MT"Core/Src/main.o" --specs=nano.specs -mfpu=fpv4-sp-d16 -mfloat-abi=hard -mthumb -o "Core/Src/main.o"
arm-none-eabi-gcc -o "41-i2c-eeprom.elf" @"objects.list"   -mcpu=cortex-m4 -T"D:\STM32\Lab\41-i2c-eeprom\STM32L476RGTX_FLASH.ld" --specs=nosys.specs -Wl,-Map="41-i2c-eeprom.map" -Wl,--gc-sections -static --specs=nano.specs -mfpu=fpv4-sp-d16 -mfloat-abi=hard -mthumb -Wl,--start-group -lc -lm -Wl,--end-group
Finished building target: 41-i2c-eeprom.elf
 
arm-none-eabi-size  41-i2c-eeprom.elf 
arm-none-eabi-objdump -h -S 41-i2c-eeprom.elf  > "41-i2c-eeprom.list"
arm-none-eabi-objcopy  -O binary 41-i2c-eeprom.elf  "41-i2c-eeprom.bin"
   text	   data	    bss	    dec	    hex	filename
  16072	    108	   2180	  18360	   47b8	41-i2c-eeprom.elf
Finished building: default.size.stdout
 
Finished building: 41-i2c-eeprom.bin
Finished building: 41-i2c-eeprom.list
 
 

20:18:49 Build Finished. 0 errors, 0 warnings. (took 656ms)

