17:58:16 **** Incremental Build of configuration Release for project 47-power-sleep-mode ****
make -j20 all 
arm-none-eabi-gcc "../Core/Src/main.c" -mcpu=cortex-m4 -std=gnu11 -DUSE_HAL_DRIVER -DSTM32L476xx -c -I../Core/Inc -I../Drivers/STM32L4xx_HAL_Driver/Inc -I../Drivers/STM32L4xx_HAL_Driver/Inc/Legacy -I../Drivers/CMSIS/Device/ST/STM32L4xx/Include -I../Drivers/CMSIS/Include -Os -ffunction-sections -fdata-sections -Wall -fstack-usage -fcyclomatic-complexity -MMD -MP -MF"Core/Src/main.d" -MT"Core/Src/main.o" --specs=nano.specs -mfpu=fpv4-sp-d16 -mfloat-abi=hard -mthumb -o "Core/Src/main.o"
arm-none-eabi-gcc -o "47-power-sleep-mode.elf" @"objects.list"   -mcpu=cortex-m4 -T"D:\STM32\Lab\47-power-sleep-mode\STM32L476RGTX_FLASH.ld" --specs=nosys.specs -Wl,-Map="47-power-sleep-mode.map" -Wl,--gc-sections -static --specs=nano.specs -mfpu=fpv4-sp-d16 -mfloat-abi=hard -mthumb -Wl,--start-group -lc -lm -Wl,--end-group
Finished building target: 47-power-sleep-mode.elf
 
arm-none-eabi-size  47-power-sleep-mode.elf 
arm-none-eabi-objdump -h -S 47-power-sleep-mode.elf  > "47-power-sleep-mode.list"
arm-none-eabi-objcopy  -O binary 47-power-sleep-mode.elf  "47-power-sleep-mode.bin"
   text	   data	    bss	    dec	    hex	filename
   4220	     12	   1572	   5804	   16ac	47-power-sleep-mode.elf
Finished building: default.size.stdout
 
Finished building: 47-power-sleep-mode.bin
Finished building: 47-power-sleep-mode.list
 
 

17:58:17 Build Finished. 0 errors, 0 warnings. (took 606ms)

