21:00:29 **** Incremental Build of configuration Debug for project 45-display-characters-in-debugging ****
make -j20 all 
arm-none-eabi-gcc "../Core/Src/main.c" -mcpu=cortex-m4 -std=gnu11 -g3 -DDEBUG -DUSE_HAL_DRIVER -DSTM32L476xx -c -I../Core/Inc -I../Drivers/STM32L4xx_HAL_Driver/Inc -I../Drivers/STM32L4xx_HAL_Driver/Inc/Legacy -I../Drivers/CMSIS/Device/ST/STM32L4xx/Include -I../Drivers/CMSIS/Include -O0 -ffunction-sections -fdata-sections -Wall -fstack-usage -fcyclomatic-complexity -MMD -MP -MF"Core/Src/main.d" -MT"Core/Src/main.o" --specs=nano.specs -mfpu=fpv4-sp-d16 -mfloat-abi=hard -mthumb -o "Core/Src/main.o"
arm-none-eabi-gcc -o "45-display-characters-in-debugging.elf" @"objects.list"   -mcpu=cortex-m4 -T"D:\STM32\Lab\45-display-characters-in-debugging\STM32L476RGTX_FLASH.ld" --specs=nosys.specs -Wl,-Map="45-display-characters-in-debugging.map" -Wl,--gc-sections -static --specs=nano.specs -mfpu=fpv4-sp-d16 -mfloat-abi=hard -mthumb -Wl,--start-group -lc -lm -Wl,--end-group
Finished building target: 45-display-characters-in-debugging.elf
 
arm-none-eabi-size  45-display-characters-in-debugging.elf 
arm-none-eabi-objdump -h -S 45-display-characters-in-debugging.elf  > "45-display-characters-in-debugging.list"
   text	   data	    bss	    dec	    hex	filename
   5292	     12	   1572	   6876	   1adc	45-display-characters-in-debugging.elf
Finished building: default.size.stdout
 
Finished building: 45-display-characters-in-debugging.list
 
21:29:13 **** Incremental Build of configuration Debug for project 45-display-characters-in-debugging ****
make -j20 all 
arm-none-eabi-size  45-display-characters-in-debugging.elf 
   text	   data	    bss	    dec	    hex	filename
   5292	     12	   1572	   6876	   1adc	45-display-characters-in-debugging.elf
Finished building: default.size.stdout
 
21:32:35 **** Incremental Build of configuration Debug for project 45-display-characters-in-debugging ****
make -j20 all 
arm-none-eabi-size  45-display-characters-in-debugging.elf 
   text	   data	    bss	    dec	    hex	filename
   5292	     12	   1572	   6876	   1adc	45-display-characters-in-debugging.elf
Finished building: default.size.stdout
 
