20:37:25 **** Incremental Build of configuration Release for project 48-power-stop-mode ****
make -j20 all 
arm-none-eabi-gcc "../Core/Src/main.c" -mcpu=cortex-m4 -std=gnu11 -DUSE_HAL_DRIVER -DSTM32L476xx -c -I../Core/Inc -I../Drivers/STM32L4xx_HAL_Driver/Inc -I../Drivers/STM32L4xx_HAL_Driver/Inc/Legacy -I../Drivers/CMSIS/Device/ST/STM32L4xx/Include -I../Drivers/CMSIS/Include -Os -ffunction-sections -fdata-sections -Wall -fstack-usage -fcyclomatic-complexity -MMD -MP -MF"Core/Src/main.d" -MT"Core/Src/main.o" --specs=nano.specs -mfpu=fpv4-sp-d16 -mfloat-abi=hard -mthumb -o "Core/Src/main.o"
arm-none-eabi-gcc -o "48-power-stop-mode.elf" @"objects.list"   -mcpu=cortex-m4 -T"D:\STM32\Lab\48-power-stop-mode\STM32L476RGTX_FLASH.ld" --specs=nosys.specs -Wl,-Map="48-power-stop-mode.map" -Wl,--gc-sections -static --specs=nano.specs -mfpu=fpv4-sp-d16 -mfloat-abi=hard -mthumb -Wl,--start-group -lc -lm -Wl,--end-group
Finished building target: 48-power-stop-mode.elf
 
arm-none-eabi-size  48-power-stop-mode.elf 
arm-none-eabi-objdump -h -S 48-power-stop-mode.elf  > "48-power-stop-mode.list"
arm-none-eabi-objcopy  -O binary 48-power-stop-mode.elf  "48-power-stop-mode.bin"
   text	   data	    bss	    dec	    hex	filename
   4216	     12	   1572	   5800	   16a8	48-power-stop-mode.elf
Finished building: default.size.stdout
 
Finished building: 48-power-stop-mode.bin
Finished building: 48-power-stop-mode.list
 
 
