16:53:49 **** Incremental Build of configuration Debug for project 44-gpio-debugging ****
make -j20 all 
arm-none-eabi-size  44-gpio-debugging.elf 
   text	   data	    bss	    dec	    hex	filename
   6096	     12	   1572	   7680	   1e00	44-gpio-debugging.elf
Finished building: default.size.stdout
 
16:53:53 **** Incremental Build of configuration Debug for project 44-gpio-debugging ****
make -j20 all 
arm-none-eabi-size  44-gpio-debugging.elf 
   text	   data	    bss	    dec	    hex	filename
   6096	     12	   1572	   7680	   1e00	44-gpio-debugging.elf
Finished building: default.size.stdout
 
