16:53:48 **** Incremental Build of configuration Release for project 30-continuous-variable-duty-cycle ****
make -j20 all 
arm-none-eabi-gcc "../Core/Src/main.c" -mcpu=cortex-m4 -std=gnu11 -DUSE_HAL_DRIVER -DSTM32L476xx -c -I../Core/Inc -I../Drivers/STM32L4xx_HAL_Driver/Inc -I../Drivers/STM32L4xx_HAL_Driver/Inc/Legacy -I../Drivers/CMSIS/Device/ST/STM32L4xx/Include -I../Drivers/CMSIS/Include -Os -ffunction-sections -fdata-sections -Wall -fstack-usage -fcyclomatic-complexity -MMD -MP -MF"Core/Src/main.d" -MT"Core/Src/main.o" --specs=nano.specs -mfpu=fpv4-sp-d16 -mfloat-abi=hard -mthumb -o "Core/Src/main.o"
arm-none-eabi-gcc -o "30-continuous-variable-duty-cycle.elf" @"objects.list"   -mcpu=cortex-m4 -T"D:\STM32\Lab\30-continuous-variable-duty-cycle\STM32L476RGTX_FLASH.ld" --specs=nosys.specs -Wl,-Map="30-continuous-variable-duty-cycle.map" -Wl,--gc-sections -static --specs=nano.specs -mfpu=fpv4-sp-d16 -mfloat-abi=hard -mthumb -Wl,--start-group -lc -lm -Wl,--end-group
Finished building target: 30-continuous-variable-duty-cycle.elf
 
arm-none-eabi-size  30-continuous-variable-duty-cycle.elf 
arm-none-eabi-objdump -h -S 30-continuous-variable-duty-cycle.elf  > "30-continuous-variable-duty-cycle.list"
arm-none-eabi-objcopy  -O binary 30-continuous-variable-duty-cycle.elf  "30-continuous-variable-duty-cycle.bin"
   text	   data	    bss	    dec	    hex	filename
   8280	     12	   1644	   9936	   26d0	30-continuous-variable-duty-cycle.elf
Finished building: default.size.stdout
 
Finished building: 30-continuous-variable-duty-cycle.bin
Finished building: 30-continuous-variable-duty-cycle.list
 
 
