00:02:10 **** Incremental Build of configuration Release for project 07-right-left-button-led ****
make -j20 all 
arm-none-eabi-gcc "../Core/Src/main.c" -mcpu=cortex-m4 -std=gnu11 -DUSE_HAL_DRIVER -DSTM32L476xx -c -I../Core/Inc -I../Drivers/STM32L4xx_HAL_Driver/Inc -I../Drivers/STM32L4xx_HAL_Driver/Inc/Legacy -I../Drivers/CMSIS/Device/ST/STM32L4xx/Include -I../Drivers/CMSIS/Include -Os -ffunction-sections -fdata-sections -Wall -fstack-usage -fcyclomatic-complexity -MMD -MP -MF"Core/Src/main.d" -MT"Core/Src/main.o" --specs=nano.specs -mfpu=fpv4-sp-d16 -mfloat-abi=hard -mthumb -o "Core/Src/main.o"
arm-none-eabi-gcc -o "07-right-left-button-led.elf" @"objects.list"   -mcpu=cortex-m4 -T"D:\STM32\Lab\07-right-left-button-led\STM32L476RGTX_FLASH.ld" --specs=nosys.specs -Wl,-Map="07-right-left-button-led.map" -Wl,--gc-sections -static --specs=nano.specs -mfpu=fpv4-sp-d16 -mfloat-abi=hard -mthumb -Wl,--start-group -lc -lm -Wl,--end-group
Finished building target: 07-right-left-button-led.elf
 
arm-none-eabi-size  07-right-left-button-led.elf 
arm-none-eabi-objdump -h -S 07-right-left-button-led.elf  > "07-right-left-button-led.list"
arm-none-eabi-objcopy  -O binary 07-right-left-button-led.elf  "07-right-left-button-led.bin"
   text	   data	    bss	    dec	    hex	filename
   8020	     12	   1708	   9740	   260c	07-right-left-button-led.elf
Finished building: default.size.stdout
 
Finished building: 07-right-left-button-led.bin
Finished building: 07-right-left-button-led.list
 
 
