00:57:29 **** Incremental Build of configuration Release for project Practice2-arbitrary-waveform-generator ****
make -j20 all 
arm-none-eabi-gcc "../Core/Src/main.c" -mcpu=cortex-m4 -std=gnu11 -DUSE_HAL_DRIVER -DSTM32L476xx -c -I../Core/Inc -I../Drivers/STM32L4xx_HAL_Driver/Inc -I../Drivers/STM32L4xx_HAL_Driver/Inc/Legacy -I../Drivers/CMSIS/Device/ST/STM32L4xx/Include -I../Drivers/CMSIS/Include -Os -ffunction-sections -fdata-sections -Wall -fstack-usage -fcyclomatic-complexity -MMD -MP -MF"Core/Src/main.d" -MT"Core/Src/main.o" --specs=nano.specs -mfpu=fpv4-sp-d16 -mfloat-abi=hard -mthumb -o "Core/Src/main.o"
arm-none-eabi-gcc -o "Practice2-arbitrary-waveform-generator.elf" @"objects.list"   -mcpu=cortex-m4 -T"D:\STM32\Lab\Practice2-arbitrary-waveform-generator\STM32L476RGTX_FLASH.ld" --specs=nosys.specs -Wl,-Map="Practice2-arbitrary-waveform-generator.map" -Wl,--gc-sections -static --specs=nano.specs -mfpu=fpv4-sp-d16 -mfloat-abi=hard -mthumb -Wl,--start-group -lc -lm -Wl,--end-group
Finished building target: Practice2-arbitrary-waveform-generator.elf
 
arm-none-eabi-size  Practice2-arbitrary-waveform-generator.elf 
arm-none-eabi-objdump -h -S Practice2-arbitrary-waveform-generator.elf  > "Practice2-arbitrary-waveform-generator.list"
arm-none-eabi-objcopy  -O binary Practice2-arbitrary-waveform-generator.elf  "Practice2-arbitrary-waveform-generator.bin"
   text	   data	    bss	    dec	    hex	filename
  15096	     24	   2744	  17864	   45c8	Practice2-arbitrary-waveform-generator.elf
Finished building: default.size.stdout
 
Finished building: Practice2-arbitrary-waveform-generator.bin
Finished building: Practice2-arbitrary-waveform-generator.list
 
 
