23:07:17 **** Build of configuration Release for project 03-flash-leds-in-sequence ****
make -j20 all 
arm-none-eabi-gcc "../Core/Src/main.c" -mcpu=cortex-m4 -std=gnu11 -DUSE_HAL_DRIVER -DSTM32L476xx -c -I../Core/Inc -I../Drivers/STM32L4xx_HAL_Driver/Inc -I../Drivers/STM32L4xx_HAL_Driver/Inc/Legacy -I../Drivers/CMSIS/Device/ST/STM32L4xx/Include -I../Drivers/CMSIS/Include -Os -ffunction-sections -fdata-sections -Wall -fstack-usage -fcyclomatic-complexity -MMD -MP -MF"Core/Src/main.d" -MT"Core/Src/main.o" --specs=nano.specs -mfpu=fpv4-sp-d16 -mfloat-abi=hard -mthumb -o "Core/Src/main.o"
arm-none-eabi-gcc -o "03-flash-leds-in-sequence.elf" @"objects.list"   -mcpu=cortex-m4 -T"D:\STM32\Lab\03-flash-leds-in-sequence\STM32L476RGTX_FLASH.ld" --specs=nosys.specs -Wl,-Map="03-flash-leds-in-sequence.map" -Wl,--gc-sections -static --specs=nano.specs -mfpu=fpv4-sp-d16 -mfloat-abi=hard -mthumb -Wl,--start-group -lc -lm -Wl,--end-group
Finished building target: 03-flash-leds-in-sequence.elf
 
arm-none-eabi-size  03-flash-leds-in-sequence.elf 
arm-none-eabi-objdump -h -S 03-flash-leds-in-sequence.elf  > "03-flash-leds-in-sequence.list"
arm-none-eabi-objcopy  -O binary 03-flash-leds-in-sequence.elf  "03-flash-leds-in-sequence.bin"
   text	   data	    bss	    dec	    hex	filename
   7864	     12	   1708	   9584	   2570	03-flash-leds-in-sequence.elf
Finished building: default.size.stdout
 
Finished building: 03-flash-leds-in-sequence.bin
Finished building: 03-flash-leds-in-sequence.list
 
 
