14:58:46 **** Incremental Build of configuration Release for project 29-pwm-10khz-half-pulsewidth ****
make -j20 all 
arm-none-eabi-gcc "../Core/Src/main.c" -mcpu=cortex-m4 -std=gnu11 -DUSE_HAL_DRIVER -DSTM32L476xx -c -I../Core/Inc -I../Drivers/STM32L4xx_HAL_Driver/Inc -I../Drivers/STM32L4xx_HAL_Driver/Inc/Legacy -I../Drivers/CMSIS/Device/ST/STM32L4xx/Include -I../Drivers/CMSIS/Include -Os -ffunction-sections -fdata-sections -Wall -fstack-usage -fcyclomatic-complexity -MMD -MP -MF"Core/Src/main.d" -MT"Core/Src/main.o" --specs=nano.specs -mfpu=fpv4-sp-d16 -mfloat-abi=hard -mthumb -o "Core/Src/main.o"
arm-none-eabi-gcc -o "29-pwm-10khz-half-pulsewidth.elf" @"objects.list"   -mcpu=cortex-m4 -T"D:\STM32\Lab\29-pwm-10khz-half-pulsewidth\STM32L476RGTX_FLASH.ld" --specs=nosys.specs -Wl,-Map="29-pwm-10khz-half-pulsewidth.map" -Wl,--gc-sections -static --specs=nano.specs -mfpu=fpv4-sp-d16 -mfloat-abi=hard -mthumb -Wl,--start-group -lc -lm -Wl,--end-group
Finished building target: 29-pwm-10khz-half-pulsewidth.elf
 
arm-none-eabi-size  29-pwm-10khz-half-pulsewidth.elf 
arm-none-eabi-objdump -h -S 29-pwm-10khz-half-pulsewidth.elf  > "29-pwm-10khz-half-pulsewidth.list"
arm-none-eabi-objcopy  -O binary 29-pwm-10khz-half-pulsewidth.elf  "29-pwm-10khz-half-pulsewidth.bin"
   text	   data	    bss	    dec	    hex	filename
   6112	     12	   1644	   7768	   1e58	29-pwm-10khz-half-pulsewidth.elf
Finished building: default.size.stdout
 
Finished building: 29-pwm-10khz-half-pulsewidth.bin
Finished building: 29-pwm-10khz-half-pulsewidth.list
 
 
