23:37:35 **** Incremental Build of configuration Release for project Practice3-i2c-eeprom-random-number ****
make -j20 all 
arm-none-eabi-gcc "../Core/Src/main.c" -mcpu=cortex-m4 -std=gnu11 -DUSE_HAL_DRIVER -DSTM32L476xx -c -I../Core/Inc -I../Drivers/STM32L4xx_HAL_Driver/Inc -I../Drivers/STM32L4xx_HAL_Driver/Inc/Legacy -I../Drivers/CMSIS/Device/ST/STM32L4xx/Include -I../Drivers/CMSIS/Include -I../Middlewares/Third_Party/FreeRTOS/Source/include -I../Middlewares/Third_Party/FreeRTOS/Source/CMSIS_RTOS_V2 -I../Middlewares/Third_Party/FreeRTOS/Source/portable/GCC/ARM_CM4F -Os -ffunction-sections -fdata-sections -Wall -fstack-usage -fcyclomatic-complexity -MMD -MP -MF"Core/Src/main.d" -MT"Core/Src/main.o" --specs=nano.specs -mfpu=fpv4-sp-d16 -mfloat-abi=hard -mthumb -o "Core/Src/main.o"
arm-none-eabi-gcc -o "Practice3-i2c-eeprom-random-number.elf" @"objects.list"   -mcpu=cortex-m4 -T"D:\STM32\Lab\Practice3-i2c-eeprom-random-number\STM32L476RGTX_FLASH.ld" --specs=nosys.specs -Wl,-Map="Practice3-i2c-eeprom-random-number.map" -Wl,--gc-sections -static -u_printf_float --specs=nano.specs -mfpu=fpv4-sp-d16 -mfloat-abi=hard -mthumb -Wl,--start-group -lc -lm -Wl,--end-group
Finished building target: Practice3-i2c-eeprom-random-number.elf
 
arm-none-eabi-size  Practice3-i2c-eeprom-random-number.elf 
arm-none-eabi-objdump -h -S Practice3-i2c-eeprom-random-number.elf  > "Practice3-i2c-eeprom-random-number.list"
arm-none-eabi-objcopy  -O binary Practice3-i2c-eeprom-random-number.elf  "Practice3-i2c-eeprom-random-number.bin"
   text	   data	    bss	    dec	    hex	filename
  32524	    552	   8496	  41572	   a264	Practice3-i2c-eeprom-random-number.elf
Finished building: default.size.stdout
 
Finished building: Practice3-i2c-eeprom-random-number.bin
 
Finished building: Practice3-i2c-eeprom-random-number.list
 

23:37:36 Build Finished. 0 errors, 0 warnings. (took 729ms)

