03:00:03 **** Incremental Build of configuration Release for project TEST_Prj ****
make -j20 all 
arm-none-eabi-gcc "../Core/Src/main.c" -mcpu=cortex-m4 -std=gnu11 -DUSE_HAL_DRIVER -DSTM32L476xx -c -I../Core/Inc -I../Drivers/STM32L4xx_HAL_Driver/Inc -I../Drivers/STM32L4xx_HAL_Driver/Inc/Legacy -I../Drivers/CMSIS/Device/ST/STM32L4xx/Include -I../Drivers/CMSIS/Include -Os -ffunction-sections -fdata-sections -Wall -fstack-usage -fcyclomatic-complexity -MMD -MP -MF"Core/Src/main.d" -MT"Core/Src/main.o" --specs=nano.specs -mfpu=fpv4-sp-d16 -mfloat-abi=hard -mthumb -o "Core/Src/main.o"
arm-none-eabi-gcc -o "TEST_Prj.elf" @"objects.list"   -mcpu=cortex-m4 -T"D:\STM32\Lab\TEST_Prj\STM32L476RGTX_FLASH.ld" --specs=nosys.specs -Wl,-Map="TEST_Prj.map" -Wl,--gc-sections -static --specs=nano.specs -mfpu=fpv4-sp-d16 -mfloat-abi=hard -mthumb -Wl,--start-group -lc -lm -Wl,--end-group
Finished building target: TEST_Prj.elf
 
arm-none-eabi-size  TEST_Prj.elf 
arm-none-eabi-objdump -h -S TEST_Prj.elf  > "TEST_Prj.list"
arm-none-eabi-objcopy  -O binary TEST_Prj.elf  "TEST_Prj.bin"
   text	   data	    bss	    dec	    hex	filename
   3920	     12	   1572	   5504	   1580	TEST_Prj.elf
Finished building: default.size.stdout
 
Finished building: TEST_Prj.list
Finished building: TEST_Prj.bin
 
 

03:00:03 Build Finished. 0 errors, 0 warnings. (took 558ms)

